
> archview@0.1.0 pretest
> npm run compile


> archview@0.1.0 compile
> tsc -p ./


> archview@0.1.0 test
> jest

  console.log
    Worker threads are supported

      at AnalysisOptimizer.checkWorkerThreadSupport (src/performance/AnalysisOptimizer.ts:67:15)

  console.log
    Cache miss for tier 1, querying LLM

      at KiroAIService.interpretArchitecture (src/analysis/KiroAIService.ts:106:13)

  console.log
    Cache miss for tier 1, querying LLM

      at KiroAIService.interpretArchitecture (src/analysis/KiroAIService.ts:106:13)

  console.log
    Cache miss for tier 2, querying LLM

      at KiroAIService.interpretArchitecture (src/analysis/KiroAIService.ts:106:13)

  console.log
    Cache miss for tier 3, querying LLM

      at KiroAIService.interpretArchitecture (src/analysis/KiroAIService.ts:106:13)

  console.log
    Worker threads are supported

      at AnalysisOptimizer.checkWorkerThreadSupport (src/performance/AnalysisOptimizer.ts:67:15)

  console.log
    Worker threads are supported

      at AnalysisOptimizer.checkWorkerThreadSupport (src/performance/AnalysisOptimizer.ts:67:15)

  console.log
    Worker threads are supported

      at AnalysisOptimizer.checkWorkerThreadSupport (src/performance/AnalysisOptimizer.ts:67:15)

  console.log
    Creating 1000 test files...

      at Object.<anonymous> (src/__tests__/performance.test.ts:52:15)

  console.log
    Worker threads are supported

      at AnalysisOptimizer.checkWorkerThreadSupport (src/performance/AnalysisOptimizer.ts:67:15)

  console.log
    Worker threads are supported

      at AnalysisOptimizer.checkWorkerThreadSupport (src/performance/AnalysisOptimizer.ts:67:15)

  console.warn
    Failed to enrich file /test/project/index.ts to Tier 2: Error: ENOENT: no such file or directory, open '/test/project/index.ts'
        at open (node:internal/fs/promises:638:25)
        at Object.readFile (node:internal/fs/promises:1242:14)
        at KiroAIService.enrichToTier2 (/home/jap/projects/Archview/src/analysis/KiroAIService.ts:256:28)
        at KiroAIService.enrichGrounding (/home/jap/projects/Archview/src/analysis/KiroAIService.ts:190:7)
        at KiroAIService.interpretArchitecture (/home/jap/projects/Archview/src/analysis/KiroAIService.ts:139:28)
        at Object.<anonymous> (/home/jap/projects/Archview/src/analysis/__tests__/KiroAIService.test.ts:166:22) {
      errno: -2,
      code: 'ENOENT',
      syscall: 'open',
      path: '/test/project/index.ts'
    }

      277 |         }
      278 |       } catch (error) {
    > 279 |         console.warn(`Failed to enrich file ${file.path} to Tier 2:`, error);
          |                 ^
      280 |         // Continue with other files
      281 |       }
      282 |     }

      at KiroAIService.enrichToTier2 (src/analysis/KiroAIService.ts:279:17)
      at KiroAIService.enrichGrounding (src/analysis/KiroAIService.ts:190:7)
      at KiroAIService.interpretArchitecture (src/analysis/KiroAIService.ts:139:28)
      at Object.<anonymous> (src/analysis/__tests__/KiroAIService.test.ts:166:22)

  console.warn
    Failed to enrich file /test/project/index.ts to Tier 3: Error: ENOENT: no such file or directory, open '/test/project/index.ts'
        at open (node:internal/fs/promises:638:25)
        at Object.readFile (node:internal/fs/promises:1242:14)
        at KiroAIService.enrichToTier3 (/home/jap/projects/Archview/src/analysis/KiroAIService.ts:308:28)
        at KiroAIService.enrichGrounding (/home/jap/projects/Archview/src/analysis/KiroAIService.ts:193:7)
        at KiroAIService.interpretArchitecture (/home/jap/projects/Archview/src/analysis/KiroAIService.ts:139:28)
        at Object.<anonymous> (/home/jap/projects/Archview/src/analysis/__tests__/KiroAIService.test.ts:266:22) {
      errno: -2,
      code: 'ENOENT',
      syscall: 'open',
      path: '/test/project/index.ts'
    }

      315 |         (file as any).contentExcerpt = excerpt;
      316 |       } catch (error) {
    > 317 |         console.warn(`Failed to enrich file ${file.path} to Tier 3:`, error);
          |                 ^
      318 |         // Continue with other files
      319 |       }
      320 |     }

      at KiroAIService.enrichToTier3 (src/analysis/KiroAIService.ts:317:17)
      at KiroAIService.enrichGrounding (src/analysis/KiroAIService.ts:193:7)
      at KiroAIService.interpretArchitecture (src/analysis/KiroAIService.ts:139:28)
      at Object.<anonymous> (src/analysis/__tests__/KiroAIService.test.ts:266:22)

  console.log
    Cache miss for tier 1, querying LLM

      at KiroAIService.interpretArchitecture (src/analysis/KiroAIService.ts:106:13)

  console.log
    Worker threads are supported

      at AnalysisOptimizer.checkWorkerThreadSupport (src/performance/AnalysisOptimizer.ts:67:15)

  console.log
    Registered command: archview.generateDiagram

      at ExtensionController.registerCommands (src/ExtensionController.ts:198:15)

  console.log
    Registered command: archview.refreshDiagram

      at ExtensionController.registerCommands (src/ExtensionController.ts:198:15)

  console.log
    Registered command: archview.exportDiagram

      at ExtensionController.registerCommands (src/ExtensionController.ts:198:15)

  console.log
    Configuration listener registered

      at ExtensionController.registerConfigurationListener (src/ExtensionController.ts:214:13)

  console.log
    
    ╔════════════════════════════════════════════════════════════╗
    ║  Welcome to ArchView - AI Architecture Diagrams           ║
    ╠════════════════════════════════════════════════════════════╣
    ║                                                            ║
    ║  Get started:                                              ║
    ║  1. Open a project folder                                  ║
    ║  2. Run command: "ArchView: Generate Diagram"              ║
    ║  3. Explore your architecture visually!                    ║
    ║                                                            ║
    ║  Features:                                                 ║
    ║  • AI-powered architecture analysis                        ║
    ║  • Interactive diagram navigation                          ║
    ║  • Multi-language support                                  ║
    ║  • Export to PNG/SVG                                       ║
    ║                                                            ║
    ╚════════════════════════════════════════════════════════════╝

      at ExtensionController.showWelcomeMessage (src/ExtensionController.ts:709:13)

  console.log
    State saved

      at ExtensionController.saveState (src/ExtensionController.ts:759:15)

  console.log
    ArchView extension activated

      at ExtensionController.activate (src/ExtensionController.ts:145:13)

  console.log
    Clearing all file highlights

      at FileHighlighter.applyDecorations (src/ui/FileHighlighter.ts:121:17)

  console.log
    Highlighting files: [
      'src/S4V(9[RDwn%!KHpFRJ}(.ts',
      'src/Ug8kn:JnByM)jP.ts',
      'src/S/&<Uc0E7KZ:=B?ih+@@.ts',
      'src/VFmk!5$|/[g#I)@n"U.ts',
      "src/ufHT&>~7Qb'Z(l..ts"
    ]

      at FileHighlighter.applyDecorations (src/ui/FileHighlighter.ts:119:17)

  console.log
    State saved

      at ExtensionController.saveState (src/ExtensionController.ts:759:15)

  console.log
    Clearing all file highlights

      at FileHighlighter.applyDecorations (src/ui/FileHighlighter.ts:121:17)

  console.log
    Created 1000 files in 133ms

      at Object.<anonymous> (src/__tests__/performance.test.ts:79:15)

  console.log
    Cache miss for tier 1, querying LLM

      at KiroAIService.interpretArchitecture (src/analysis/KiroAIService.ts:106:13)

  console.log
    Cache miss for tier 2, querying LLM

      at KiroAIService.interpretArchitecture (src/analysis/KiroAIService.ts:106:13)

  console.log
    Cache miss for tier 1, querying LLM

      at KiroAIService.interpretArchitecture (src/analysis/KiroAIService.ts:106:13)

  console.log
    Cache hit for tier 1

      at KiroAIService.interpretArchitecture (src/analysis/KiroAIService.ts:102:15)

  console.log
    Cache hit for tier 1

      at KiroAIService.interpretArchitecture (src/analysis/KiroAIService.ts:102:15)

  console.log
    Cache miss for tier 1, querying LLM

      at KiroAIService.interpretArchitecture (src/analysis/KiroAIService.ts:106:13)

  console.log
    Cache miss for tier 1, querying LLM

      at KiroAIService.interpretArchitecture (src/analysis/KiroAIService.ts:106:13)

  console.log
    Cache miss for tier 1, querying LLM

      at KiroAIService.interpretArchitecture (src/analysis/KiroAIService.ts:106:13)

  console.log
    Worker threads are supported

      at AnalysisOptimizer.checkWorkerThreadSupport (src/performance/AnalysisOptimizer.ts:67:15)

  console.log
    Cache miss for tier 1, querying LLM

      at KiroAIService.interpretArchitecture (src/analysis/KiroAIService.ts:106:13)

  console.log
    Worker threads are supported

      at AnalysisOptimizer.checkWorkerThreadSupport (src/performance/AnalysisOptimizer.ts:67:15)

  console.log
    Worker threads are supported

      at AnalysisOptimizer.checkWorkerThreadSupport (src/performance/AnalysisOptimizer.ts:67:15)

  console.log
    Using incremental cache for test.py

      at AnalysisOptimizer.parseIncremental (src/performance/AnalysisOptimizer.ts:174:15)
          at Array.map (<anonymous>)

  console.log
    Clearing all file highlights

      at FileHighlighter.applyDecorations (src/ui/FileHighlighter.ts:121:17)

  console.log
    Worker threads requested but using async batching (worker script not implemented)

      at AnalysisOptimizer.parseWithWorkerThreads (src/performance/AnalysisOptimizer.ts:113:13)

  console.log
    Worker threads are supported

      at AnalysisOptimizer.checkWorkerThreadSupport (src/performance/AnalysisOptimizer.ts:67:15)

  console.log
    Mock postMessage: {
      type: 'initialize',
      data: {
        nodes: [ [Object], [Object] ],
        edges: [ [Object] ],
        layout: { algorithm: 'dagre', spacing: 50, direction: 'TB' },
        abstractionLevel: 2
      }
    }

      at Object.postMessage (src/ui/WebviewManager.ts:142:17)

  console.log
    Clearing all file highlights

      at FileHighlighter.applyDecorations (src/ui/FileHighlighter.ts:121:17)

  console.log
    Clearing all file highlights

      at FileHighlighter.applyDecorations (src/ui/FileHighlighter.ts:121:17)

  console.log
    Mock postMessage: { type: 'abstractionLevelChanged', level: 3 }

      at Object.postMessage (src/ui/WebviewManager.ts:142:17)

  console.log
    Clearing all file highlights

      at FileHighlighter.applyDecorations (src/ui/FileHighlighter.ts:121:17)

  console.log
    Clearing all file highlights

      at FileHighlighter.applyDecorations (src/ui/FileHighlighter.ts:121:17)

  console.log
    Mock postMessage: { type: 'error', message: 'Test error message' }

      at Object.postMessage (src/ui/WebviewManager.ts:142:17)

  console.log
    Clearing all file highlights

      at FileHighlighter.applyDecorations (src/ui/FileHighlighter.ts:121:17)

  console.log
    Clearing all file highlights

      at FileHighlighter.applyDecorations (src/ui/FileHighlighter.ts:121:17)

  console.log
    Mock postMessage: {
      type: 'initialize',
      data: {
        nodes: [ [Object], [Object] ],
        edges: [ [Object] ],
        layout: { algorithm: 'dagre', spacing: 50, direction: 'TB' },
        abstractionLevel: 2
      }
    }

      at Object.postMessage (src/ui/WebviewManager.ts:142:17)

  console.log
    Mock postMessage: { type: 'abstractionLevelChanged', level: 1 }

      at Object.postMessage (src/ui/WebviewManager.ts:142:17)

  console.log
    Mock postMessage: { type: 'error', message: 'Error occurred' }

      at Object.postMessage (src/ui/WebviewManager.ts:142:17)

  console.log
    Clearing all file highlights

      at FileHighlighter.applyDecorations (src/ui/FileHighlighter.ts:121:17)

  console.log
    Clearing all file highlights

      at FileHighlighter.applyDecorations (src/ui/FileHighlighter.ts:121:17)

  console.log
    Handling message: { type: 'elementSelected', elementId: 'node1' }

      at WebviewMessageHandler.handleMessage (src/ui/WebviewMessageHandler.ts:71:13)

  console.log
    Element selected: node1

      at WebviewMessageHandler.handleElementSelected (src/ui/WebviewMessageHandler.ts:116:13)

  console.log
    Clearing all file highlights

      at FileHighlighter.applyDecorations (src/ui/FileHighlighter.ts:121:17)

  console.log
    Highlighting files: [ 'src/componentA.ts', 'src/componentA.test.ts' ]

      at FileHighlighter.applyDecorations (src/ui/FileHighlighter.ts:119:17)

  console.log
    Highlighted files: [ 'src/componentA.ts', 'src/componentA.test.ts' ]

      at WebviewMessageHandler.handleElementSelected (src/ui/WebviewMessageHandler.ts:133:15)

  console.log
    Clearing all file highlights

      at FileHighlighter.applyDecorations (src/ui/FileHighlighter.ts:121:17)

  console.log
    Clearing all file highlights

      at FileHighlighter.applyDecorations (src/ui/FileHighlighter.ts:121:17)

  console.log
    Handling message: { type: 'elementSelected', elementId: '' }

      at WebviewMessageHandler.handleMessage (src/ui/WebviewMessageHandler.ts:71:13)

  console.log
    Element selected:

      at WebviewMessageHandler.handleElementSelected (src/ui/WebviewMessageHandler.ts:116:13)

  console.log
    Clearing all file highlights

      at FileHighlighter.applyDecorations (src/ui/FileHighlighter.ts:121:17)

  console.log
    Clearing all file highlights

      at FileHighlighter.applyDecorations (src/ui/FileHighlighter.ts:121:17)

  console.log
    Clearing all file highlights

      at FileHighlighter.applyDecorations (src/ui/FileHighlighter.ts:121:17)

  console.log
    Handling message: { type: 'abstractionLevelChanged', level: 3 }

      at WebviewMessageHandler.handleMessage (src/ui/WebviewMessageHandler.ts:71:13)

  console.log
    Abstraction level changed: 3

      at WebviewMessageHandler.handleAbstractionLevelChanged (src/ui/WebviewMessageHandler.ts:166:13)

  console.log
    Mock postMessage: {
      type: 'initialize',
      data: {
        nodes: [ [Object], [Object] ],
        edges: [ [Object] ],
        layout: { algorithm: 'dagre', spacing: 50, direction: 'TB' },
        abstractionLevel: 3
      }
    }

      at Object.postMessage (src/ui/WebviewManager.ts:142:17)

  console.log
    Clearing all file highlights

      at FileHighlighter.applyDecorations (src/ui/FileHighlighter.ts:121:17)

  console.log
    Clearing all file highlights

      at FileHighlighter.applyDecorations (src/ui/FileHighlighter.ts:121:17)

  console.log
    Handling message: { type: 'exportRequested', format: 'png' }

      at WebviewMessageHandler.handleMessage (src/ui/WebviewMessageHandler.ts:71:13)

  console.log
    Export requested: png

      at WebviewMessageHandler.handleExportRequested (src/ui/WebviewMessageHandler.ts:188:13)

  console.log
    Clearing all file highlights

      at FileHighlighter.applyDecorations (src/ui/FileHighlighter.ts:121:17)

  console.log
    Clearing all file highlights

      at FileHighlighter.applyDecorations (src/ui/FileHighlighter.ts:121:17)

  console.log
    Handling message: { type: 'refreshRequested' }

      at WebviewMessageHandler.handleMessage (src/ui/WebviewMessageHandler.ts:71:13)

  console.log
    Refresh requested

      at WebviewMessageHandler.handleRefreshRequested (src/ui/WebviewMessageHandler.ts:203:13)

  console.log
    Clearing all file highlights

      at FileHighlighter.applyDecorations (src/ui/FileHighlighter.ts:121:17)

  console.log
    Clearing all file highlights

      at FileHighlighter.applyDecorations (src/ui/FileHighlighter.ts:121:17)

  console.log
    Handling message: { type: 'elementHovered', elementId: 'node1' }

      at WebviewMessageHandler.handleMessage (src/ui/WebviewMessageHandler.ts:71:13)

  console.log
    Element hovered: node1

      at WebviewMessageHandler.handleElementHovered (src/ui/WebviewMessageHandler.ts:150:13)

  console.log
    Clearing all file highlights

      at FileHighlighter.applyDecorations (src/ui/FileHighlighter.ts:121:17)

  console.log
    Clearing all file highlights

      at FileHighlighter.applyDecorations (src/ui/FileHighlighter.ts:121:17)

  console.log
    Mock postMessage: {
      type: 'initialize',
      data: {
        nodes: [ [Object], [Object] ],
        edges: [ [Object] ],
        layout: { algorithm: 'dagre', spacing: 50, direction: 'TB' },
        abstractionLevel: 2
      }
    }

      at Object.postMessage (src/ui/WebviewManager.ts:142:17)

  console.log
    Clearing all file highlights

      at FileHighlighter.applyDecorations (src/ui/FileHighlighter.ts:121:17)

  console.log
    Clearing all file highlights

      at FileHighlighter.applyDecorations (src/ui/FileHighlighter.ts:121:17)

  console.log
    Handling message: { type: 'abstractionLevelChanged', level: 1 }

      at WebviewMessageHandler.handleMessage (src/ui/WebviewMessageHandler.ts:71:13)

  console.log
    Abstraction level changed: 1

      at WebviewMessageHandler.handleAbstractionLevelChanged (src/ui/WebviewMessageHandler.ts:166:13)

  console.log
    Mock postMessage: {
      type: 'initialize',
      data: {
        nodes: [ [Object], [Object], [Object] ],
        edges: [ [Object] ],
        layout: { algorithm: 'dagre', spacing: 50, direction: 'TB' },
        abstractionLevel: 1
      }
    }

      at Object.postMessage (src/ui/WebviewManager.ts:142:17)

  console.log
    Clearing all file highlights

      at FileHighlighter.applyDecorations (src/ui/FileHighlighter.ts:121:17)

  console.log
    Clearing all file highlights

      at FileHighlighter.applyDecorations (src/ui/FileHighlighter.ts:121:17)

  console.log
    Handling message: { type: 'abstractionLevelChanged', level: 2 }

      at WebviewMessageHandler.handleMessage (src/ui/WebviewMessageHandler.ts:71:13)

  console.log
    Abstraction level changed: 2

      at WebviewMessageHandler.handleAbstractionLevelChanged (src/ui/WebviewMessageHandler.ts:166:13)

  console.log
    Mock postMessage: {
      type: 'initialize',
      data: {
        nodes: [ [Object], [Object] ],
        edges: [ [Object] ],
        layout: { algorithm: 'dagre', spacing: 50, direction: 'TB' },
        abstractionLevel: 2
      }
    }

      at Object.postMessage (src/ui/WebviewManager.ts:142:17)

  console.log
    Clearing all file highlights

      at FileHighlighter.applyDecorations (src/ui/FileHighlighter.ts:121:17)

  console.log
    Clearing all file highlights

      at FileHighlighter.applyDecorations (src/ui/FileHighlighter.ts:121:17)

  console.log
    Mock postMessage: { type: 'error', message: 'Failed to generate diagram' }

      at Object.postMessage (src/ui/WebviewManager.ts:142:17)

  console.log
    Clearing all file highlights

      at FileHighlighter.applyDecorations (src/ui/FileHighlighter.ts:121:17)

  console.log
    Clearing all file highlights

      at FileHighlighter.applyDecorations (src/ui/FileHighlighter.ts:121:17)

  console.log
    Handling message: { type: 'error', message: 'Webview rendering error' }

      at WebviewMessageHandler.handleMessage (src/ui/WebviewMessageHandler.ts:71:13)

  console.log
    Clearing all file highlights

      at FileHighlighter.applyDecorations (src/ui/FileHighlighter.ts:121:17)

  console.log
    Clearing all file highlights

      at FileHighlighter.applyDecorations (src/ui/FileHighlighter.ts:121:17)

  console.log
    Mock postMessage: { type: 'error', message: 'Error 1' }

      at Object.postMessage (src/ui/WebviewManager.ts:142:17)

  console.log
    Mock postMessage: { type: 'error', message: 'Error 2' }

      at Object.postMessage (src/ui/WebviewManager.ts:142:17)

  console.log
    Mock postMessage: { type: 'error', message: 'Error 3' }

      at Object.postMessage (src/ui/WebviewManager.ts:142:17)

  console.log
    Clearing all file highlights

      at FileHighlighter.applyDecorations (src/ui/FileHighlighter.ts:121:17)

  console.log
    Clearing all file highlights

      at FileHighlighter.applyDecorations (src/ui/FileHighlighter.ts:121:17)

  console.log
    Mock reveal webview

      at Object.reveal (src/ui/WebviewManager.ts:159:17)

  console.log
    Clearing all file highlights

      at FileHighlighter.applyDecorations (src/ui/FileHighlighter.ts:121:17)

  console.log
    Clearing all file highlights

      at FileHighlighter.applyDecorations (src/ui/FileHighlighter.ts:121:17)

  console.log
    Clearing all file highlights

      at FileHighlighter.applyDecorations (src/ui/FileHighlighter.ts:121:17)

  console.log
    Clearing all file highlights

      at FileHighlighter.applyDecorations (src/ui/FileHighlighter.ts:121:17)

  console.log
    Clearing all file highlights

      at FileHighlighter.applyDecorations (src/ui/FileHighlighter.ts:121:17)

  console.log
    Highlighting files: [ 'src/test.ts' ]

      at FileHighlighter.applyDecorations (src/ui/FileHighlighter.ts:119:17)

  console.log
    Clearing all file highlights

      at FileHighlighter.applyDecorations (src/ui/FileHighlighter.ts:121:17)

  console.log
    Clearing all file highlights

      at FileHighlighter.applyDecorations (src/ui/FileHighlighter.ts:121:17)

  console.log
    Clearing all file highlights

      at FileHighlighter.applyDecorations (src/ui/FileHighlighter.ts:121:17)

  console.log
    Clearing all file highlights

      at FileHighlighter.applyDecorations (src/ui/FileHighlighter.ts:121:17)

  console.log
    Clearing all file highlights

      at FileHighlighter.applyDecorations (src/ui/FileHighlighter.ts:121:17)

  console.log
    Clearing all file highlights

      at FileHighlighter.applyDecorations (src/ui/FileHighlighter.ts:121:17)

  console.log
    Clearing all file highlights

      at FileHighlighter.applyDecorations (src/ui/FileHighlighter.ts:121:17)

  console.log
    Clearing all file highlights

      at FileHighlighter.applyDecorations (src/ui/FileHighlighter.ts:121:17)

  console.log
    Clearing all file highlights

      at FileHighlighter.applyDecorations (src/ui/FileHighlighter.ts:121:17)

  console.log
    Clearing all file highlights

      at FileHighlighter.applyDecorations (src/ui/FileHighlighter.ts:121:17)

  console.log
    Highlighting files: [ 'lib/helpers.js', 'app/index.py', 'lib/main.js' ]

      at FileHighlighter.applyDecorations (src/ui/FileHighlighter.ts:119:17)

  console.log
    Clearing all file highlights

      at FileHighlighter.applyDecorations (src/ui/FileHighlighter.ts:121:17)

  console.log
    Clearing all file highlights

      at FileHighlighter.applyDecorations (src/ui/FileHighlighter.ts:121:17)

  console.log
    Highlighting files: [ 'app/config.js', 'test/config.py' ]

      at FileHighlighter.applyDecorations (src/ui/FileHighlighter.ts:119:17)

  console.log
    Clearing all file highlights

      at FileHighlighter.applyDecorations (src/ui/FileHighlighter.ts:121:17)

  console.log
    Clearing all file highlights

      at FileHighlighter.applyDecorations (src/ui/FileHighlighter.ts:121:17)

  console.log
    Clearing all file highlights

      at FileHighlighter.applyDecorations (src/ui/FileHighlighter.ts:121:17)

  console.log
    Highlighting files: [ 'app/utils.java', 'test/helpers.ts' ]

      at FileHighlighter.applyDecorations (src/ui/FileHighlighter.ts:119:17)

  console.log
    Clearing all file highlights

      at FileHighlighter.applyDecorations (src/ui/FileHighlighter.ts:121:17)

  console.log
    Clearing all file highlights

      at FileHighlighter.applyDecorations (src/ui/FileHighlighter.ts:121:17)

  console.log
    Highlighting files: [ 'components/index.java', 'test/utils.java' ]

      at FileHighlighter.applyDecorations (src/ui/FileHighlighter.ts:119:17)

  console.log
    Clearing all file highlights

      at FileHighlighter.applyDecorations (src/ui/FileHighlighter.ts:121:17)

  console.log
    Clearing all file highlights

      at FileHighlighter.applyDecorations (src/ui/FileHighlighter.ts:121:17)

  console.log
    Clearing all file highlights

      at FileHighlighter.applyDecorations (src/ui/FileHighlighter.ts:121:17)

  console.log
    Clearing all file highlights

      at FileHighlighter.applyDecorations (src/ui/FileHighlighter.ts:121:17)

  console.log
    Clearing all file highlights

      at FileHighlighter.applyDecorations (src/ui/FileHighlighter.ts:121:17)

  console.log
    Highlighting files: [
      'lib/main.py',
      'test/config.ts',
      'lib/config.go',
      'components/utils.ts',
      'components/main.py'
    ]

      at FileHighlighter.applyDecorations (src/ui/FileHighlighter.ts:119:17)

  console.log
    Clearing all file highlights

      at FileHighlighter.applyDecorations (src/ui/FileHighlighter.ts:121:17)

  console.log
    Highlighting files: [ 'test/config.go', 'components/helpers.java', 'lib/index.js' ]

      at FileHighlighter.applyDecorations (src/ui/FileHighlighter.ts:119:17)

  console.log
    Clearing all file highlights

      at FileHighlighter.applyDecorations (src/ui/FileHighlighter.ts:121:17)

  console.log
    Highlighting files: [
      'components/main.go',
      'lib/helpers.go',
      'test/main.go',
      'app/index.py'
    ]

      at FileHighlighter.applyDecorations (src/ui/FileHighlighter.ts:119:17)

  console.log
    Clearing all file highlights

      at FileHighlighter.applyDecorations (src/ui/FileHighlighter.ts:121:17)

  console.log
    Clearing all file highlights

      at FileHighlighter.applyDecorations (src/ui/FileHighlighter.ts:121:17)

  console.log
    Clearing all file highlights

      at FileHighlighter.applyDecorations (src/ui/FileHighlighter.ts:121:17)

  console.log
    Clearing all file highlights

      at FileHighlighter.applyDecorations (src/ui/FileHighlighter.ts:121:17)

  console.log
    Highlighting files: [ 'lib/config.js', 'lib/index.go', 'test/helpers.py', 'app/main.ts' ]

      at FileHighlighter.applyDecorations (src/ui/FileHighlighter.ts:119:17)

  console.log
    Clearing all file highlights

      at FileHighlighter.applyDecorations (src/ui/FileHighlighter.ts:121:17)

  console.log
    Highlighting files: [
      'src/main.js',
      'src/helpers.java',
      'src/index.java',
      'lib/helpers.ts'
    ]

      at FileHighlighter.applyDecorations (src/ui/FileHighlighter.ts:119:17)

  console.log
    Clearing all file highlights

      at FileHighlighter.applyDecorations (src/ui/FileHighlighter.ts:121:17)

  console.log
    Clearing all file highlights

      at FileHighlighter.applyDecorations (src/ui/FileHighlighter.ts:121:17)

  console.log
    Highlighting files: [ 'test/index.java', 'app/config.py', 'components/utils.py' ]

      at FileHighlighter.applyDecorations (src/ui/FileHighlighter.ts:119:17)

  console.log
    Clearing all file highlights

      at FileHighlighter.applyDecorations (src/ui/FileHighlighter.ts:121:17)

  console.log
    Clearing all file highlights

      at FileHighlighter.applyDecorations (src/ui/FileHighlighter.ts:121:17)

  console.log
    Clearing all file highlights

      at FileHighlighter.applyDecorations (src/ui/FileHighlighter.ts:121:17)

  console.log
    Clearing all file highlights

      at FileHighlighter.applyDecorations (src/ui/FileHighlighter.ts:121:17)

  console.log
    Clearing all file highlights

      at FileHighlighter.applyDecorations (src/ui/FileHighlighter.ts:121:17)

  console.log
    Clearing all file highlights

      at FileHighlighter.applyDecorations (src/ui/FileHighlighter.ts:121:17)

  console.log
    Clearing all file highlights

      at FileHighlighter.applyDecorations (src/ui/FileHighlighter.ts:121:17)

  console.log
    Clearing all file highlights

      at FileHighlighter.applyDecorations (src/ui/FileHighlighter.ts:121:17)

  console.log
    Clearing all file highlights

      at FileHighlighter.applyDecorations (src/ui/FileHighlighter.ts:121:17)

  console.log
    Clearing all file highlights

      at FileHighlighter.applyDecorations (src/ui/FileHighlighter.ts:121:17)

  console.log
    Highlighting files: [ 'components/utils.java' ]

      at FileHighlighter.applyDecorations (src/ui/FileHighlighter.ts:119:17)

  console.log
    Clearing all file highlights

      at FileHighlighter.applyDecorations (src/ui/FileHighlighter.ts:121:17)

  console.log
    Highlighting files: [ 'app/index.py', 'app/config.py' ]

      at FileHighlighter.applyDecorations (src/ui/FileHighlighter.ts:119:17)

  console.log
    Clearing all file highlights

      at FileHighlighter.applyDecorations (src/ui/FileHighlighter.ts:121:17)

  console.log
    Clearing all file highlights

      at FileHighlighter.applyDecorations (src/ui/FileHighlighter.ts:121:17)

  console.log
    Highlighting files: [
      'components/utils.py',
      'app/main.ts',
      'test/helpers.java',
      'test/helpers.ts'
    ]

      at FileHighlighter.applyDecorations (src/ui/FileHighlighter.ts:119:17)

  console.log
    Clearing all file highlights

      at FileHighlighter.applyDecorations (src/ui/FileHighlighter.ts:121:17)

  console.log
    Clearing all file highlights

      at FileHighlighter.applyDecorations (src/ui/FileHighlighter.ts:121:17)

  console.log
    Highlighting files: [ 'components/utils.java' ]

      at FileHighlighter.applyDecorations (src/ui/FileHighlighter.ts:119:17)

  console.log
    Clearing all file highlights

      at FileHighlighter.applyDecorations (src/ui/FileHighlighter.ts:121:17)

  console.log
    Clearing all file highlights

      at FileHighlighter.applyDecorations (src/ui/FileHighlighter.ts:121:17)

  console.log
    Highlighting files: [
      'lib/main.ts',
      'test/helpers.java',
      'lib/utils.java',
      'lib/utils.js'
    ]

      at FileHighlighter.applyDecorations (src/ui/FileHighlighter.ts:119:17)

  console.log
    Clearing all file highlights

      at FileHighlighter.applyDecorations (src/ui/FileHighlighter.ts:121:17)

  console.log
    Highlighting files: [ 'test/utils.ts', 'src/helpers.js', 'components/utils.go' ]

      at FileHighlighter.applyDecorations (src/ui/FileHighlighter.ts:119:17)

  console.log
    Clearing all file highlights

      at FileHighlighter.applyDecorations (src/ui/FileHighlighter.ts:121:17)

  console.log
    Clearing all file highlights

      at FileHighlighter.applyDecorations (src/ui/FileHighlighter.ts:121:17)

  console.log
    Highlighting files: [ 'app/main.js' ]

      at FileHighlighter.applyDecorations (src/ui/FileHighlighter.ts:119:17)

  console.log
    Clearing all file highlights

      at FileHighlighter.applyDecorations (src/ui/FileHighlighter.ts:121:17)

  console.log
    Highlighting files: [
      'components/index.go',
      'src/main.py',
      'lib/utils.ts',
      'components/config.js'
    ]

      at FileHighlighter.applyDecorations (src/ui/FileHighlighter.ts:119:17)

  console.log
    Clearing all file highlights

      at FileHighlighter.applyDecorations (src/ui/FileHighlighter.ts:121:17)

  console.log
    Highlighting files: [
      'lib/main.java',
      'test/helpers.js',
      'components/config.py',
      'components/main.ts',
      'src/config.java'
    ]

      at FileHighlighter.applyDecorations (src/ui/FileHighlighter.ts:119:17)

  console.log
    Clearing all file highlights

      at FileHighlighter.applyDecorations (src/ui/FileHighlighter.ts:121:17)

  console.log
    Highlighting files: [
      'lib/main.java',
      'test/helpers.js',
      'components/config.py',
      'components/main.ts',
      'src/config.java'
    ]

      at FileHighlighter.applyDecorations (src/ui/FileHighlighter.ts:119:17)

  console.log
    Clearing all file highlights

      at FileHighlighter.applyDecorations (src/ui/FileHighlighter.ts:121:17)

  console.log
    Clearing all file highlights

      at FileHighlighter.applyDecorations (src/ui/FileHighlighter.ts:121:17)

  console.log
    Highlighting files: [
      'components/index.go',
      'src/helpers.py',
      'test/main.go',
      'test/helpers.js'
    ]

      at FileHighlighter.applyDecorations (src/ui/FileHighlighter.ts:119:17)

  console.log
    Clearing all file highlights

      at FileHighlighter.applyDecorations (src/ui/FileHighlighter.ts:121:17)

  console.log
    Highlighting files: [
      'components/index.go',
      'src/helpers.py',
      'test/main.go',
      'test/helpers.js'
    ]

      at FileHighlighter.applyDecorations (src/ui/FileHighlighter.ts:119:17)

  console.log
    Clearing all file highlights

      at FileHighlighter.applyDecorations (src/ui/FileHighlighter.ts:121:17)

  console.log
    Clearing all file highlights

      at FileHighlighter.applyDecorations (src/ui/FileHighlighter.ts:121:17)

  console.log
    Highlighting files: [
      'components/index.go',
      'src/helpers.py',
      'test/main.go',
      'test/helpers.js'
    ]

      at FileHighlighter.applyDecorations (src/ui/FileHighlighter.ts:119:17)

  console.log
    Clearing all file highlights

      at FileHighlighter.applyDecorations (src/ui/FileHighlighter.ts:121:17)

  console.log
    Highlighting files: [
      'components/index.go',
      'src/helpers.py',
      'test/main.go',
      'test/helpers.js'
    ]

      at FileHighlighter.applyDecorations (src/ui/FileHighlighter.ts:119:17)

  console.log
    Clearing all file highlights

      at FileHighlighter.applyDecorations (src/ui/FileHighlighter.ts:121:17)

  console.log
    Clearing all file highlights

      at FileHighlighter.applyDecorations (src/ui/FileHighlighter.ts:121:17)

  console.log
    Clearing all file highlights

      at FileHighlighter.applyDecorations (src/ui/FileHighlighter.ts:121:17)

  console.log
    Highlighting files: [ 'src/main.ts', 'app/config.ts' ]

      at FileHighlighter.applyDecorations (src/ui/FileHighlighter.ts:119:17)

  console.log
    Clearing all file highlights

      at FileHighlighter.applyDecorations (src/ui/FileHighlighter.ts:121:17)

  console.log
    Clearing all file highlights

      at FileHighlighter.applyDecorations (src/ui/FileHighlighter.ts:121:17)

  console.log
    Highlighting files: [ 'app/helpers.java', 'app/utils.go' ]

      at FileHighlighter.applyDecorations (src/ui/FileHighlighter.ts:119:17)

  console.log
    Clearing all file highlights

      at FileHighlighter.applyDecorations (src/ui/FileHighlighter.ts:121:17)

  console.log
    Highlighting files: [ 'src/main.java' ]

      at FileHighlighter.applyDecorations (src/ui/FileHighlighter.ts:119:17)

  console.log
    Clearing all file highlights

      at FileHighlighter.applyDecorations (src/ui/FileHighlighter.ts:121:17)

  console.log
    Clearing all file highlights

      at FileHighlighter.applyDecorations (src/ui/FileHighlighter.ts:121:17)

  console.log
    Clearing all file highlights

      at FileHighlighter.applyDecorations (src/ui/FileHighlighter.ts:121:17)

  console.log
    Highlighting files: [
      'src/main.py',
      'test/index.go',
      'src/main.go',
      'src/main.java',
      'app/index.ts'
    ]

      at FileHighlighter.applyDecorations (src/ui/FileHighlighter.ts:119:17)

  console.log
    Clearing all file highlights

      at FileHighlighter.applyDecorations (src/ui/FileHighlighter.ts:121:17)

  console.log
    Highlighting files: [ 'app/helpers.java', 'app/utils.go' ]

      at FileHighlighter.applyDecorations (src/ui/FileHighlighter.ts:119:17)

  console.log
    Clearing all file highlights

      at FileHighlighter.applyDecorations (src/ui/FileHighlighter.ts:121:17)

  console.log
    Clearing all file highlights

      at FileHighlighter.applyDecorations (src/ui/FileHighlighter.ts:121:17)

  console.log
    Highlighting files: [ 'components/main.go', 'test/config.js', 'lib/config.java' ]

      at FileHighlighter.applyDecorations (src/ui/FileHighlighter.ts:119:17)

  console.log
    Clearing all file highlights

      at FileHighlighter.applyDecorations (src/ui/FileHighlighter.ts:121:17)

  console.log
    Clearing all file highlights

      at FileHighlighter.applyDecorations (src/ui/FileHighlighter.ts:121:17)

  console.log
    Clearing all file highlights

      at FileHighlighter.applyDecorations (src/ui/FileHighlighter.ts:121:17)

  console.log
    Clearing all file highlights

      at FileHighlighter.applyDecorations (src/ui/FileHighlighter.ts:121:17)

  console.log
    Clearing all file highlights

      at FileHighlighter.applyDecorations (src/ui/FileHighlighter.ts:121:17)

  console.log
    Clearing all file highlights

      at FileHighlighter.applyDecorations (src/ui/FileHighlighter.ts:121:17)

  console.log
    Clearing all file highlights

      at FileHighlighter.applyDecorations (src/ui/FileHighlighter.ts:121:17)

  console.log
    Highlighting files: [ 'lib/utils.js', 'lib/config.py' ]

      at FileHighlighter.applyDecorations (src/ui/FileHighlighter.ts:119:17)

  console.log
    Clearing all file highlights

      at FileHighlighter.applyDecorations (src/ui/FileHighlighter.ts:121:17)

  console.log
    Clearing all file highlights

      at FileHighlighter.applyDecorations (src/ui/FileHighlighter.ts:121:17)

  console.log
    Clearing all file highlights

      at FileHighlighter.applyDecorations (src/ui/FileHighlighter.ts:121:17)

  console.log
    Clearing all file highlights

      at FileHighlighter.applyDecorations (src/ui/FileHighlighter.ts:121:17)

  console.log
    Highlighting files: [
      'components/index.js',
      'src/helpers.py',
      'src/helpers.ts',
      'components/main.py'
    ]

      at FileHighlighter.applyDecorations (src/ui/FileHighlighter.ts:119:17)

  console.log
    Clearing all file highlights

      at FileHighlighter.applyDecorations (src/ui/FileHighlighter.ts:121:17)

  console.log
    Clearing all file highlights

      at FileHighlighter.applyDecorations (src/ui/FileHighlighter.ts:121:17)

  console.log
    Clearing all file highlights

      at FileHighlighter.applyDecorations (src/ui/FileHighlighter.ts:121:17)

  console.log
    Clearing all file highlights

      at FileHighlighter.applyDecorations (src/ui/FileHighlighter.ts:121:17)

  console.log
    Highlighting files: [ 'app/main.go', 'components/config.java' ]

      at FileHighlighter.applyDecorations (src/ui/FileHighlighter.ts:119:17)

  console.log
    Clearing all file highlights

      at FileHighlighter.applyDecorations (src/ui/FileHighlighter.ts:121:17)

  console.log
    Clearing all file highlights

      at FileHighlighter.applyDecorations (src/ui/FileHighlighter.ts:121:17)

  console.log
    Highlighting files: [ 'lib/index.go', 'components/helpers.ts', 'src/helpers.py' ]

      at FileHighlighter.applyDecorations (src/ui/FileHighlighter.ts:119:17)

  console.log
    Clearing all file highlights

      at FileHighlighter.applyDecorations (src/ui/FileHighlighter.ts:121:17)

  console.log
    Clearing all file highlights

      at FileHighlighter.applyDecorations (src/ui/FileHighlighter.ts:121:17)

  console.log
    Clearing all file highlights

      at FileHighlighter.applyDecorations (src/ui/FileHighlighter.ts:121:17)

  console.log
    Highlighting files: [ 'lib/index.go', 'components/helpers.ts', 'src/helpers.py' ]

      at FileHighlighter.applyDecorations (src/ui/FileHighlighter.ts:119:17)

  console.log
    Clearing all file highlights

      at FileHighlighter.applyDecorations (src/ui/FileHighlighter.ts:121:17)

  console.log
    Highlighting files: [ 'lib/index.js' ]

      at FileHighlighter.applyDecorations (src/ui/FileHighlighter.ts:119:17)

  console.log
    Clearing all file highlights

      at FileHighlighter.applyDecorations (src/ui/FileHighlighter.ts:121:17)

  console.log
    Highlighting files: [
      'components/main.py',
      'test/config.py',
      'components/config.py',
      'components/main.go'
    ]

      at FileHighlighter.applyDecorations (src/ui/FileHighlighter.ts:119:17)

  console.log
    Clearing all file highlights

      at FileHighlighter.applyDecorations (src/ui/FileHighlighter.ts:121:17)

  console.log
    Clearing all file highlights

      at FileHighlighter.applyDecorations (src/ui/FileHighlighter.ts:121:17)

  console.log
    Highlighting files: [ 'lib/utils.java', 'app/helpers.go' ]

      at FileHighlighter.applyDecorations (src/ui/FileHighlighter.ts:119:17)

  console.log
    Clearing all file highlights

      at FileHighlighter.applyDecorations (src/ui/FileHighlighter.ts:121:17)

  console.log
    Clearing all file highlights

      at FileHighlighter.applyDecorations (src/ui/FileHighlighter.ts:121:17)

  console.log
    Highlighting files: [
      'app/index.ts',
      'src/utils.ts',
      'src/helpers.java',
      'lib/index.go',
      'src/index.js'
    ]

      at FileHighlighter.applyDecorations (src/ui/FileHighlighter.ts:119:17)

  console.log
    Clearing all file highlights

      at FileHighlighter.applyDecorations (src/ui/FileHighlighter.ts:121:17)

  console.log
    Clearing all file highlights

      at FileHighlighter.applyDecorations (src/ui/FileHighlighter.ts:121:17)

  console.log
    Highlighting files: [ 'lib/utils.py', 'lib/config.py', 'app/index.go', 'test/helpers.js' ]

      at FileHighlighter.applyDecorations (src/ui/FileHighlighter.ts:119:17)

  console.log
    Clearing all file highlights

      at FileHighlighter.applyDecorations (src/ui/FileHighlighter.ts:121:17)

  console.log
    Clearing all file highlights

      at FileHighlighter.applyDecorations (src/ui/FileHighlighter.ts:121:17)

  console.log
    Clearing all file highlights

      at FileHighlighter.applyDecorations (src/ui/FileHighlighter.ts:121:17)

  console.log
    Clearing all file highlights

      at FileHighlighter.applyDecorations (src/ui/FileHighlighter.ts:121:17)

  console.log
    Clearing all file highlights

      at FileHighlighter.applyDecorations (src/ui/FileHighlighter.ts:121:17)

  console.log
    Clearing all file highlights

      at FileHighlighter.applyDecorations (src/ui/FileHighlighter.ts:121:17)

  console.log
    Clearing all file highlights

      at FileHighlighter.applyDecorations (src/ui/FileHighlighter.ts:121:17)

  console.log
    Highlighting files: [
      'lib/main.js',
      'components/helpers.py',
      'components/main.js',
      'lib/main.java',
      'test/utils.js'
    ]

      at FileHighlighter.applyDecorations (src/ui/FileHighlighter.ts:119:17)

  console.log
    Clearing all file highlights

      at FileHighlighter.applyDecorations (src/ui/FileHighlighter.ts:121:17)

  console.log
    Clearing all file highlights

      at FileHighlighter.applyDecorations (src/ui/FileHighlighter.ts:121:17)

  console.log
    Highlighting files: [ 'test/main.ts' ]

      at FileHighlighter.applyDecorations (src/ui/FileHighlighter.ts:119:17)

  console.log
    Clearing all file highlights

      at FileHighlighter.applyDecorations (src/ui/FileHighlighter.ts:121:17)

  console.log
    Highlighting files: [ 'lib/index.py', 'app/config.java' ]

      at FileHighlighter.applyDecorations (src/ui/FileHighlighter.ts:119:17)

  console.log
    Clearing all file highlights

      at FileHighlighter.applyDecorations (src/ui/FileHighlighter.ts:121:17)

  console.log
    Highlighting files: [ 'test/main.ts' ]

      at FileHighlighter.applyDecorations (src/ui/FileHighlighter.ts:119:17)

  console.log
    Clearing all file highlights

      at FileHighlighter.applyDecorations (src/ui/FileHighlighter.ts:121:17)

  console.log
    Clearing all file highlights

      at FileHighlighter.applyDecorations (src/ui/FileHighlighter.ts:121:17)

  console.log
    Clearing all file highlights

      at FileHighlighter.applyDecorations (src/ui/FileHighlighter.ts:121:17)

  console.log
    Clearing all file highlights

      at FileHighlighter.applyDecorations (src/ui/FileHighlighter.ts:121:17)

  console.log
    Clearing all file highlights

      at FileHighlighter.applyDecorations (src/ui/FileHighlighter.ts:121:17)

  console.log
    Clearing all file highlights

      at FileHighlighter.applyDecorations (src/ui/FileHighlighter.ts:121:17)

  console.log
    Clearing all file highlights

      at FileHighlighter.applyDecorations (src/ui/FileHighlighter.ts:121:17)

  console.log
    Clearing all file highlights

      at FileHighlighter.applyDecorations (src/ui/FileHighlighter.ts:121:17)

  console.log
    Clearing all file highlights

      at FileHighlighter.applyDecorations (src/ui/FileHighlighter.ts:121:17)

  console.log
    Clearing all file highlights

      at FileHighlighter.applyDecorations (src/ui/FileHighlighter.ts:121:17)

  console.log
    Clearing all file highlights

      at FileHighlighter.applyDecorations (src/ui/FileHighlighter.ts:121:17)

  console.log
    Clearing all file highlights

      at FileHighlighter.applyDecorations (src/ui/FileHighlighter.ts:121:17)

  console.log
    Highlighting files: [
      'lib/config.java',
      'lib/helpers.py',
      'app/utils.java',
      'src/helpers.py'
    ]

      at FileHighlighter.applyDecorations (src/ui/FileHighlighter.ts:119:17)

  console.log
    Clearing all file highlights

      at FileHighlighter.applyDecorations (src/ui/FileHighlighter.ts:121:17)

  console.log
    Clearing all file highlights

      at FileHighlighter.applyDecorations (src/ui/FileHighlighter.ts:121:17)

  console.log
    Highlighting files: [ 'src/config.go' ]

      at FileHighlighter.applyDecorations (src/ui/FileHighlighter.ts:119:17)

  console.log
    Clearing all file highlights

      at FileHighlighter.applyDecorations (src/ui/FileHighlighter.ts:121:17)

  console.log
    Highlighting files: [
      'lib/config.java',
      'lib/helpers.py',
      'app/utils.java',
      'src/helpers.py'
    ]

      at FileHighlighter.applyDecorations (src/ui/FileHighlighter.ts:119:17)

  console.log
    Clearing all file highlights

      at FileHighlighter.applyDecorations (src/ui/FileHighlighter.ts:121:17)

  console.log
    Clearing all file highlights

      at FileHighlighter.applyDecorations (src/ui/FileHighlighter.ts:121:17)

  console.log
    Clearing all file highlights

      at FileHighlighter.applyDecorations (src/ui/FileHighlighter.ts:121:17)

  console.log
    Clearing all file highlights

      at FileHighlighter.applyDecorations (src/ui/FileHighlighter.ts:121:17)

  console.log
    Highlighting files: [
      'app/index.java',
      'lib/helpers.go',
      'app/helpers.js',
      'components/config.go'
    ]

      at FileHighlighter.applyDecorations (src/ui/FileHighlighter.ts:119:17)

  console.log
    Clearing all file highlights

      at FileHighlighter.applyDecorations (src/ui/FileHighlighter.ts:121:17)

  console.log
    Highlighting files: [
      'src/helpers.go',
      'src/helpers.java',
      'components/utils.ts',
      'app/helpers.py'
    ]

      at FileHighlighter.applyDecorations (src/ui/FileHighlighter.ts:119:17)

  console.log
    Clearing all file highlights

      at FileHighlighter.applyDecorations (src/ui/FileHighlighter.ts:121:17)

  console.log
    Clearing all file highlights

      at FileHighlighter.applyDecorations (src/ui/FileHighlighter.ts:121:17)

  console.log
    Clearing all file highlights

      at FileHighlighter.applyDecorations (src/ui/FileHighlighter.ts:121:17)

  console.log
    Clearing all file highlights

      at FileHighlighter.applyDecorations (src/ui/FileHighlighter.ts:121:17)

  console.log
    Highlighting files: [
      'components/utils.ts',
      'test/main.java',
      'components/main.java',
      'app/main.ts'
    ]

      at FileHighlighter.applyDecorations (src/ui/FileHighlighter.ts:119:17)

  console.log
    Clearing all file highlights

      at FileHighlighter.applyDecorations (src/ui/FileHighlighter.ts:121:17)

  console.log
    Clearing all file highlights

      at FileHighlighter.applyDecorations (src/ui/FileHighlighter.ts:121:17)

  console.log
    Clearing all file highlights

      at FileHighlighter.applyDecorations (src/ui/FileHighlighter.ts:121:17)

  console.log
    Highlighting files: [
      'src/helpers.go',
      'src/helpers.java',
      'components/utils.ts',
      'app/helpers.py'
    ]

      at FileHighlighter.applyDecorations (src/ui/FileHighlighter.ts:119:17)

  console.log
    Clearing all file highlights

      at FileHighlighter.applyDecorations (src/ui/FileHighlighter.ts:121:17)

  console.log
    Highlighting files: [
      'lib/config.go',
      'lib/config.ts',
      'components/helpers.js',
      'lib/main.go',
      'test/main.java'
    ]

      at FileHighlighter.applyDecorations (src/ui/FileHighlighter.ts:119:17)

  console.log
    Clearing all file highlights

      at FileHighlighter.applyDecorations (src/ui/FileHighlighter.ts:121:17)

  console.log
    Clearing all file highlights

      at FileHighlighter.applyDecorations (src/ui/FileHighlighter.ts:121:17)

  console.log
    Highlighting files: [
      'test/utils.go',
      'src/helpers.java',
      'test/main.js',
      'src/helpers.js',
      'src/utils.py'
    ]

      at FileHighlighter.applyDecorations (src/ui/FileHighlighter.ts:119:17)

  console.log
    Clearing all file highlights

      at FileHighlighter.applyDecorations (src/ui/FileHighlighter.ts:121:17)

  console.log
    Highlighting files: [ 'components/index.ts', 'app/config.go', 'lib/config.go' ]

      at FileHighlighter.applyDecorations (src/ui/FileHighlighter.ts:119:17)

  console.log
    Clearing all file highlights

      at FileHighlighter.applyDecorations (src/ui/FileHighlighter.ts:121:17)

  console.log
    Highlighting files: [
      'components/helpers.go',
      'lib/main.ts',
      'lib/index.js',
      'src/main.js',
      'app/helpers.py'
    ]

      at FileHighlighter.applyDecorations (src/ui/FileHighlighter.ts:119:17)

  console.log
    Clearing all file highlights

      at FileHighlighter.applyDecorations (src/ui/FileHighlighter.ts:121:17)

  console.log
    Highlighting files: [
      'src/config.py',
      'src/main.py',
      'lib/utils.java',
      'app/utils.js',
      'components/config.java'
    ]

      at FileHighlighter.applyDecorations (src/ui/FileHighlighter.ts:119:17)

  console.log
    Clearing all file highlights

      at FileHighlighter.applyDecorations (src/ui/FileHighlighter.ts:121:17)

  console.log
    Highlighting files: [
      'src/index.go',
      'app/helpers.py',
      'test/main.py',
      'components/index.java'
    ]

      at FileHighlighter.applyDecorations (src/ui/FileHighlighter.ts:119:17)

  console.log
    Clearing all file highlights

      at FileHighlighter.applyDecorations (src/ui/FileHighlighter.ts:121:17)

  console.log
    Clearing all file highlights

      at FileHighlighter.applyDecorations (src/ui/FileHighlighter.ts:121:17)

  console.log
    Highlighting files: [ 'lib/main.js', 'src/main.py', 'lib/index.js' ]

      at FileHighlighter.applyDecorations (src/ui/FileHighlighter.ts:119:17)

  console.log
    Clearing all file highlights

      at FileHighlighter.applyDecorations (src/ui/FileHighlighter.ts:121:17)

  console.log
    Highlighting files: [ 'components/helpers.py' ]

      at FileHighlighter.applyDecorations (src/ui/FileHighlighter.ts:119:17)

  console.log
    Clearing all file highlights

      at FileHighlighter.applyDecorations (src/ui/FileHighlighter.ts:121:17)

  console.log
    Highlighting files: [ 'app/main.py', 'lib/utils.py', 'src/main.go', 'components/utils.py' ]

      at FileHighlighter.applyDecorations (src/ui/FileHighlighter.ts:119:17)

  console.log
    Clearing all file highlights

      at FileHighlighter.applyDecorations (src/ui/FileHighlighter.ts:121:17)

  console.log
    Clearing all file highlights

      at FileHighlighter.applyDecorations (src/ui/FileHighlighter.ts:121:17)

  console.log
    Clearing all file highlights

      at FileHighlighter.applyDecorations (src/ui/FileHighlighter.ts:121:17)

  console.log
    Highlighting files: [ 'app/main.go', 'app/config.py', 'components/index.go' ]

      at FileHighlighter.applyDecorations (src/ui/FileHighlighter.ts:119:17)

  console.log
    Clearing all file highlights

      at FileHighlighter.applyDecorations (src/ui/FileHighlighter.ts:121:17)

  console.log
    Highlighting files: [ 'src/index.go', 'test/config.js', 'src/config.go', 'app/utils.js' ]

      at FileHighlighter.applyDecorations (src/ui/FileHighlighter.ts:119:17)

  console.log
    Clearing all file highlights

      at FileHighlighter.applyDecorations (src/ui/FileHighlighter.ts:121:17)

  console.log
    Clearing all file highlights

      at FileHighlighter.applyDecorations (src/ui/FileHighlighter.ts:121:17)

  console.log
    Highlighting files: [ 'test/utils.java', 'components/utils.js', 'src/utils.ts' ]

      at FileHighlighter.applyDecorations (src/ui/FileHighlighter.ts:119:17)

  console.log
    Clearing all file highlights

      at FileHighlighter.applyDecorations (src/ui/FileHighlighter.ts:121:17)

  console.log
    Clearing all file highlights

      at FileHighlighter.applyDecorations (src/ui/FileHighlighter.ts:121:17)

  console.log
    Clearing all file highlights

      at FileHighlighter.applyDecorations (src/ui/FileHighlighter.ts:121:17)

  console.log
    Clearing all file highlights

      at FileHighlighter.applyDecorations (src/ui/FileHighlighter.ts:121:17)

  console.log
    Highlighting files: [ 'src/index.java', 'lib/main.py' ]

      at FileHighlighter.applyDecorations (src/ui/FileHighlighter.ts:119:17)

  console.log
    Clearing all file highlights

      at FileHighlighter.applyDecorations (src/ui/FileHighlighter.ts:121:17)

  console.log
    Clearing all file highlights

      at FileHighlighter.applyDecorations (src/ui/FileHighlighter.ts:121:17)

  console.log
    Clearing all file highlights

      at FileHighlighter.applyDecorations (src/ui/FileHighlighter.ts:121:17)

  console.log
    Clearing all file highlights

      at FileHighlighter.applyDecorations (src/ui/FileHighlighter.ts:121:17)

  console.log
    Clearing all file highlights

      at FileHighlighter.applyDecorations (src/ui/FileHighlighter.ts:121:17)

  console.log
    Highlighting files: [ 'lib/main.js', 'test/helpers.js' ]

      at FileHighlighter.applyDecorations (src/ui/FileHighlighter.ts:119:17)

  console.log
    Clearing all file highlights

      at FileHighlighter.applyDecorations (src/ui/FileHighlighter.ts:121:17)

  console.log
    Clearing all file highlights

      at FileHighlighter.applyDecorations (src/ui/FileHighlighter.ts:121:17)

  console.log
    Clearing all file highlights

      at FileHighlighter.applyDecorations (src/ui/FileHighlighter.ts:121:17)

  console.log
    Clearing all file highlights

      at FileHighlighter.applyDecorations (src/ui/FileHighlighter.ts:121:17)

  console.log
    Clearing all file highlights

      at FileHighlighter.applyDecorations (src/ui/FileHighlighter.ts:121:17)

  console.log
    Highlighting files: [
      'lib/index.js',
      'app/main.js',
      'components/helpers.ts',
      'app/utils.js',
      'lib/config.go'
    ]

      at FileHighlighter.applyDecorations (src/ui/FileHighlighter.ts:119:17)

  console.log
    Clearing all file highlights

      at FileHighlighter.applyDecorations (src/ui/FileHighlighter.ts:121:17)

  console.log
    Clearing all file highlights

      at FileHighlighter.applyDecorations (src/ui/FileHighlighter.ts:121:17)

  console.log
    Clearing all file highlights

      at FileHighlighter.applyDecorations (src/ui/FileHighlighter.ts:121:17)

  console.log
    Highlighting files: [ 'test/config.ts', 'src/main.go' ]

      at FileHighlighter.applyDecorations (src/ui/FileHighlighter.ts:119:17)

  console.log
    Clearing all file highlights

      at FileHighlighter.applyDecorations (src/ui/FileHighlighter.ts:121:17)

  console.log
    Highlighting files: [ 'src/helpers.js', 'lib/config.ts' ]

      at FileHighlighter.applyDecorations (src/ui/FileHighlighter.ts:119:17)

  console.log
    Clearing all file highlights

      at FileHighlighter.applyDecorations (src/ui/FileHighlighter.ts:121:17)

  console.log
    Clearing all file highlights

      at FileHighlighter.applyDecorations (src/ui/FileHighlighter.ts:121:17)

  console.log
    Clearing all file highlights

      at FileHighlighter.applyDecorations (src/ui/FileHighlighter.ts:121:17)

  console.log
    Clearing all file highlights

      at FileHighlighter.applyDecorations (src/ui/FileHighlighter.ts:121:17)

  console.log
    Clearing all file highlights

      at FileHighlighter.applyDecorations (src/ui/FileHighlighter.ts:121:17)

  console.log
    Clearing all file highlights

      at FileHighlighter.applyDecorations (src/ui/FileHighlighter.ts:121:17)

  console.log
    Highlighting files: [ 'lib/helpers.ts', 'components/main.go', 'lib/utils.go' ]

      at FileHighlighter.applyDecorations (src/ui/FileHighlighter.ts:119:17)

  console.log
    Clearing all file highlights

      at FileHighlighter.applyDecorations (src/ui/FileHighlighter.ts:121:17)

  console.log
    Clearing all file highlights

      at FileHighlighter.applyDecorations (src/ui/FileHighlighter.ts:121:17)

  console.log
    Clearing all file highlights

      at FileHighlighter.applyDecorations (src/ui/FileHighlighter.ts:121:17)

  console.log
    Clearing all file highlights

      at FileHighlighter.applyDecorations (src/ui/FileHighlighter.ts:121:17)

  console.log
    Highlighting files: [
      'test/index.js',
      'app/config.js',
      'test/helpers.go',
      'app/index.java'
    ]

      at FileHighlighter.applyDecorations (src/ui/FileHighlighter.ts:119:17)

  console.log
    Clearing all file highlights

      at FileHighlighter.applyDecorations (src/ui/FileHighlighter.ts:121:17)

  console.log
    Clearing all file highlights

      at FileHighlighter.applyDecorations (src/ui/FileHighlighter.ts:121:17)

  console.log
    Highlighting files: [
      'app/utils.go',
      'components/index.py',
      'app/config.js',
      'src/helpers.js'
    ]

      at FileHighlighter.applyDecorations (src/ui/FileHighlighter.ts:119:17)

  console.log
    Clearing all file highlights

      at FileHighlighter.applyDecorations (src/ui/FileHighlighter.ts:121:17)

  console.log
    Highlighting files: [ 'components/main.go' ]

      at FileHighlighter.applyDecorations (src/ui/FileHighlighter.ts:119:17)

  console.log
    Clearing all file highlights

      at FileHighlighter.applyDecorations (src/ui/FileHighlighter.ts:121:17)

  console.log
    Clearing all file highlights

      at FileHighlighter.applyDecorations (src/ui/FileHighlighter.ts:121:17)

  console.log
    Highlighting files: [ 'app/index.py', 'components/utils.py', 'app/config.ts' ]

      at FileHighlighter.applyDecorations (src/ui/FileHighlighter.ts:119:17)

  console.log
    Clearing all file highlights

      at FileHighlighter.applyDecorations (src/ui/FileHighlighter.ts:121:17)

  console.log
    Highlighting files: [ 'app/config.java', 'test/helpers.py', 'src/helpers.py' ]

      at FileHighlighter.applyDecorations (src/ui/FileHighlighter.ts:119:17)

  console.log
    Clearing all file highlights

      at FileHighlighter.applyDecorations (src/ui/FileHighlighter.ts:121:17)

  console.log
    Clearing all file highlights

      at FileHighlighter.applyDecorations (src/ui/FileHighlighter.ts:121:17)

  console.log
    Clearing all file highlights

      at FileHighlighter.applyDecorations (src/ui/FileHighlighter.ts:121:17)

  console.log
    Highlighting files: [ 'src/config.ts', 'lib/helpers.go', 'lib/utils.java', 'src/index.go' ]

      at FileHighlighter.applyDecorations (src/ui/FileHighlighter.ts:119:17)

  console.log
    Clearing all file highlights

      at FileHighlighter.applyDecorations (src/ui/FileHighlighter.ts:121:17)

  console.log
    Clearing all file highlights

      at FileHighlighter.applyDecorations (src/ui/FileHighlighter.ts:121:17)

  console.log
    Clearing all file highlights

      at FileHighlighter.applyDecorations (src/ui/FileHighlighter.ts:121:17)

  console.log
    Clearing all file highlights

      at FileHighlighter.applyDecorations (src/ui/FileHighlighter.ts:121:17)

  console.log
    Highlighting files: [ 'components/utils.ts' ]

      at FileHighlighter.applyDecorations (src/ui/FileHighlighter.ts:119:17)

  console.log
    Clearing all file highlights

      at FileHighlighter.applyDecorations (src/ui/FileHighlighter.ts:121:17)

  console.log
    Clearing all file highlights

      at FileHighlighter.applyDecorations (src/ui/FileHighlighter.ts:121:17)

  console.log
    Clearing all file highlights

      at FileHighlighter.applyDecorations (src/ui/FileHighlighter.ts:121:17)

  console.log
    Highlighting files: [
      'lib/helpers.java',
      'app/helpers.go',
      'components/index.py',
      'lib/utils.js',
      'lib/main.js'
    ]

      at FileHighlighter.applyDecorations (src/ui/FileHighlighter.ts:119:17)

  console.log
    Clearing all file highlights

      at FileHighlighter.applyDecorations (src/ui/FileHighlighter.ts:121:17)

  console.log
    Highlighting files: [ 'app/utils.js' ]

      at FileHighlighter.applyDecorations (src/ui/FileHighlighter.ts:119:17)

  console.log
    Clearing all file highlights

      at FileHighlighter.applyDecorations (src/ui/FileHighlighter.ts:121:17)

  console.log
    Highlighting files: [ 'app/utils.js' ]

      at FileHighlighter.applyDecorations (src/ui/FileHighlighter.ts:119:17)

  console.log
    Clearing all file highlights

      at FileHighlighter.applyDecorations (src/ui/FileHighlighter.ts:121:17)

  console.log
    Clearing all file highlights

      at FileHighlighter.applyDecorations (src/ui/FileHighlighter.ts:121:17)

  console.log
    Clearing all file highlights

      at FileHighlighter.applyDecorations (src/ui/FileHighlighter.ts:121:17)

  console.log
    Clearing all file highlights

      at FileHighlighter.applyDecorations (src/ui/FileHighlighter.ts:121:17)

  console.log
    Highlighting files: [
      'src/helpers.ts',
      'test/utils.go',
      'lib/utils.py',
      'lib/utils.js',
      'src/helpers.java'
    ]

      at FileHighlighter.applyDecorations (src/ui/FileHighlighter.ts:119:17)

  console.log
    Clearing all file highlights

      at FileHighlighter.applyDecorations (src/ui/FileHighlighter.ts:121:17)

  console.log
    Clearing all file highlights

      at FileHighlighter.applyDecorations (src/ui/FileHighlighter.ts:121:17)

  console.log
    Clearing all file highlights

      at FileHighlighter.applyDecorations (src/ui/FileHighlighter.ts:121:17)

  console.log
    Clearing all file highlights

      at FileHighlighter.applyDecorations (src/ui/FileHighlighter.ts:121:17)

  console.log
    Highlighting files: [
      'test/utils.go',
      'test/helpers.ts',
      'components/index.go',
      'app/config.ts',
      'test/helpers.py'
    ]

      at FileHighlighter.applyDecorations (src/ui/FileHighlighter.ts:119:17)

  console.log
    Clearing all file highlights

      at FileHighlighter.applyDecorations (src/ui/FileHighlighter.ts:121:17)

  console.log
    Clearing all file highlights

      at FileHighlighter.applyDecorations (src/ui/FileHighlighter.ts:121:17)

  console.log
    Clearing all file highlights

      at FileHighlighter.applyDecorations (src/ui/FileHighlighter.ts:121:17)

  console.log
    Highlighting files: [ 'app/index.py' ]

      at FileHighlighter.applyDecorations (src/ui/FileHighlighter.ts:119:17)

  console.log
    Clearing all file highlights

      at FileHighlighter.applyDecorations (src/ui/FileHighlighter.ts:121:17)

  console.log
    Highlighting files: [
      'test/helpers.go',
      'src/helpers.py',
      'src/utils.js',
      'app/main.js',
      'app/utils.js'
    ]

      at FileHighlighter.applyDecorations (src/ui/FileHighlighter.ts:119:17)

  console.log
    Clearing all file highlights

      at FileHighlighter.applyDecorations (src/ui/FileHighlighter.ts:121:17)

  console.log
    Highlighting files: [ 'lib/main.js' ]

      at FileHighlighter.applyDecorations (src/ui/FileHighlighter.ts:119:17)

  console.log
    Clearing all file highlights

      at FileHighlighter.applyDecorations (src/ui/FileHighlighter.ts:121:17)

  console.log
    Clearing all file highlights

      at FileHighlighter.applyDecorations (src/ui/FileHighlighter.ts:121:17)

  console.log
    Highlighting files: [ 'app/index.py' ]

      at FileHighlighter.applyDecorations (src/ui/FileHighlighter.ts:119:17)

  console.log
    Clearing all file highlights

      at FileHighlighter.applyDecorations (src/ui/FileHighlighter.ts:121:17)

  console.log
    Highlighting files: [ 'test/helpers.ts', 'src/utils.go' ]

      at FileHighlighter.applyDecorations (src/ui/FileHighlighter.ts:119:17)

  console.log
    Clearing all file highlights

      at FileHighlighter.applyDecorations (src/ui/FileHighlighter.ts:121:17)

  console.log
    Highlighting files: [ 'app/index.java' ]

      at FileHighlighter.applyDecorations (src/ui/FileHighlighter.ts:119:17)

  console.log
    Clearing all file highlights

      at FileHighlighter.applyDecorations (src/ui/FileHighlighter.ts:121:17)

  console.log
    Clearing all file highlights

      at FileHighlighter.applyDecorations (src/ui/FileHighlighter.ts:121:17)

  console.log
    Clearing all file highlights

      at FileHighlighter.applyDecorations (src/ui/FileHighlighter.ts:121:17)

  console.log
    Highlighting files: [ 'app/main.js', 'src/utils.py', 'lib/main.java' ]

      at FileHighlighter.applyDecorations (src/ui/FileHighlighter.ts:119:17)

  console.log
    Clearing all file highlights

      at FileHighlighter.applyDecorations (src/ui/FileHighlighter.ts:121:17)

  console.log
    Clearing all file highlights

      at FileHighlighter.applyDecorations (src/ui/FileHighlighter.ts:121:17)

  console.log
    Highlighting files: [ 'lib/utils.js' ]

      at FileHighlighter.applyDecorations (src/ui/FileHighlighter.ts:119:17)

  console.log
    Clearing all file highlights

      at FileHighlighter.applyDecorations (src/ui/FileHighlighter.ts:121:17)

  console.log
    Clearing all file highlights

      at FileHighlighter.applyDecorations (src/ui/FileHighlighter.ts:121:17)

  console.log
    Clearing all file highlights

      at FileHighlighter.applyDecorations (src/ui/FileHighlighter.ts:121:17)

  console.log
    Clearing all file highlights

      at FileHighlighter.applyDecorations (src/ui/FileHighlighter.ts:121:17)

  console.log
    Clearing all file highlights

      at FileHighlighter.applyDecorations (src/ui/FileHighlighter.ts:121:17)

  console.log
    Clearing all file highlights

      at FileHighlighter.applyDecorations (src/ui/FileHighlighter.ts:121:17)

  console.log
    Clearing all file highlights

      at FileHighlighter.applyDecorations (src/ui/FileHighlighter.ts:121:17)

  console.log
    Highlighting files: [ 'lib/utils.js' ]

      at FileHighlighter.applyDecorations (src/ui/FileHighlighter.ts:119:17)

  console.log
    Clearing all file highlights

      at FileHighlighter.applyDecorations (src/ui/FileHighlighter.ts:121:17)

  console.log
    Clearing all file highlights

      at FileHighlighter.applyDecorations (src/ui/FileHighlighter.ts:121:17)

  console.log
    Highlighting files: [ 'app/helpers.ts', 'test/main.go' ]

      at FileHighlighter.applyDecorations (src/ui/FileHighlighter.ts:119:17)

  console.log
    Clearing all file highlights

      at FileHighlighter.applyDecorations (src/ui/FileHighlighter.ts:121:17)

  console.log
    Highlighting files: [ 'test/main.go', 'src/index.java' ]

      at FileHighlighter.applyDecorations (src/ui/FileHighlighter.ts:119:17)

  console.log
    Clearing all file highlights

      at FileHighlighter.applyDecorations (src/ui/FileHighlighter.ts:121:17)

  console.log
    Clearing all file highlights

      at FileHighlighter.applyDecorations (src/ui/FileHighlighter.ts:121:17)

  console.log
    Clearing all file highlights

      at FileHighlighter.applyDecorations (src/ui/FileHighlighter.ts:121:17)

  console.log
    Clearing all file highlights

      at FileHighlighter.applyDecorations (src/ui/FileHighlighter.ts:121:17)

  console.log
    Highlighting files: [ 'app/main.py', 'lib/utils.go' ]

      at FileHighlighter.applyDecorations (src/ui/FileHighlighter.ts:119:17)

  console.log
    Clearing all file highlights

      at FileHighlighter.applyDecorations (src/ui/FileHighlighter.ts:121:17)

  console.log
    Highlighting files: [ 'app/config.ts', 'lib/utils.js', 'app/index.go', 'lib/helpers.js' ]

      at FileHighlighter.applyDecorations (src/ui/FileHighlighter.ts:119:17)

  console.log
    Clearing all file highlights

      at FileHighlighter.applyDecorations (src/ui/FileHighlighter.ts:121:17)

  console.log
    Highlighting files: [ 'src/helpers.go', 'src/index.java' ]

      at FileHighlighter.applyDecorations (src/ui/FileHighlighter.ts:119:17)

  console.log
    Clearing all file highlights

      at FileHighlighter.applyDecorations (src/ui/FileHighlighter.ts:121:17)

  console.log
    Clearing all file highlights

      at FileHighlighter.applyDecorations (src/ui/FileHighlighter.ts:121:17)

  console.log
    Highlighting files: [
      'app/utils.ts',
      'app/main.py',
      'components/config.ts',
      'components/utils.java'
    ]

      at FileHighlighter.applyDecorations (src/ui/FileHighlighter.ts:119:17)

  console.log
    Clearing all file highlights

      at FileHighlighter.applyDecorations (src/ui/FileHighlighter.ts:121:17)

  console.log
    Highlighting files: [
      'app/utils.ts',
      'app/main.py',
      'components/config.ts',
      'components/utils.java'
    ]

      at FileHighlighter.applyDecorations (src/ui/FileHighlighter.ts:119:17)

  console.log
    Clearing all file highlights

      at FileHighlighter.applyDecorations (src/ui/FileHighlighter.ts:121:17)

  console.log
    Highlighting files: [ 'src/helpers.go', 'src/index.java' ]

      at FileHighlighter.applyDecorations (src/ui/FileHighlighter.ts:119:17)

  console.log
    Clearing all file highlights

      at FileHighlighter.applyDecorations (src/ui/FileHighlighter.ts:121:17)

  console.log
    Highlighting files: [ 'src/config.js', 'app/main.ts', 'src/index.java', 'src/utils.ts' ]

      at FileHighlighter.applyDecorations (src/ui/FileHighlighter.ts:119:17)

  console.log
    Clearing all file highlights

      at FileHighlighter.applyDecorations (src/ui/FileHighlighter.ts:121:17)

  console.log
    Highlighting files: [
      'lib/helpers.ts',
      'test/utils.go',
      'src/utils.js',
      'components/config.js',
      'components/index.ts'
    ]

      at FileHighlighter.applyDecorations (src/ui/FileHighlighter.ts:119:17)

  console.log
    Clearing all file highlights

      at FileHighlighter.applyDecorations (src/ui/FileHighlighter.ts:121:17)

  console.log
    Clearing all file highlights

      at FileHighlighter.applyDecorations (src/ui/FileHighlighter.ts:121:17)

  console.log
    Clearing all file highlights

      at FileHighlighter.applyDecorations (src/ui/FileHighlighter.ts:121:17)

  console.log
    Highlighting files: [ 'test/config.java', 'lib/helpers.py', 'lib/main.java' ]

      at FileHighlighter.applyDecorations (src/ui/FileHighlighter.ts:119:17)

  console.log
    Clearing all file highlights

      at FileHighlighter.applyDecorations (src/ui/FileHighlighter.ts:121:17)

  console.log
    Clearing all file highlights

      at FileHighlighter.applyDecorations (src/ui/FileHighlighter.ts:121:17)

  console.log
    Highlighting files: [ 'test/helpers.py', 'app/main.ts', 'src/index.go' ]

      at FileHighlighter.applyDecorations (src/ui/FileHighlighter.ts:119:17)

  console.log
    Clearing all file highlights

      at FileHighlighter.applyDecorations (src/ui/FileHighlighter.ts:121:17)

  console.log
    Clearing all file highlights

      at FileHighlighter.applyDecorations (src/ui/FileHighlighter.ts:121:17)

  console.log
    Highlighting files: [ 'test/helpers.py', 'app/main.ts', 'src/index.go' ]

      at FileHighlighter.applyDecorations (src/ui/FileHighlighter.ts:119:17)

  console.log
    Clearing all file highlights

      at FileHighlighter.applyDecorations (src/ui/FileHighlighter.ts:121:17)

  console.log
    Highlighting files: [
      'src/config.py',
      'components/helpers.go',
      'components/main.ts',
      'test/index.go'
    ]

      at FileHighlighter.applyDecorations (src/ui/FileHighlighter.ts:119:17)

  console.log
    Clearing all file highlights

      at FileHighlighter.applyDecorations (src/ui/FileHighlighter.ts:121:17)

  console.log
    Clearing all file highlights

      at FileHighlighter.applyDecorations (src/ui/FileHighlighter.ts:121:17)

  console.log
    Clearing all file highlights

      at FileHighlighter.applyDecorations (src/ui/FileHighlighter.ts:121:17)

  console.log
    Clearing all file highlights

      at FileHighlighter.applyDecorations (src/ui/FileHighlighter.ts:121:17)

  console.log
    Clearing all file highlights

      at FileHighlighter.applyDecorations (src/ui/FileHighlighter.ts:121:17)

  console.log
    Highlighting files: [ 'components/index.go', 'app/index.go' ]

      at FileHighlighter.applyDecorations (src/ui/FileHighlighter.ts:119:17)

  console.log
    Clearing all file highlights

      at FileHighlighter.applyDecorations (src/ui/FileHighlighter.ts:121:17)

  console.log
    Clearing all file highlights

      at FileHighlighter.applyDecorations (src/ui/FileHighlighter.ts:121:17)

  console.log
    Highlighting files: [ 'src/utils.java' ]

      at FileHighlighter.applyDecorations (src/ui/FileHighlighter.ts:119:17)

  console.log
    Clearing all file highlights

      at FileHighlighter.applyDecorations (src/ui/FileHighlighter.ts:121:17)

  console.log
    Clearing all file highlights

      at FileHighlighter.applyDecorations (src/ui/FileHighlighter.ts:121:17)

  console.log
    Clearing all file highlights

      at FileHighlighter.applyDecorations (src/ui/FileHighlighter.ts:121:17)

  console.log
    Highlighting files: [ 'src/main.go', 'app/main.js' ]

      at FileHighlighter.applyDecorations (src/ui/FileHighlighter.ts:119:17)

  console.log
    Clearing all file highlights

      at FileHighlighter.applyDecorations (src/ui/FileHighlighter.ts:121:17)

  console.log
    Clearing all file highlights

      at FileHighlighter.applyDecorations (src/ui/FileHighlighter.ts:121:17)

  console.log
    Highlighting files: [ 'app/utils.ts', 'app/utils.py' ]

      at FileHighlighter.applyDecorations (src/ui/FileHighlighter.ts:119:17)

  console.log
    Clearing all file highlights

      at FileHighlighter.applyDecorations (src/ui/FileHighlighter.ts:121:17)

  console.log
    Highlighting files: [ 'app/helpers.py', 'lib/helpers.py' ]

      at FileHighlighter.applyDecorations (src/ui/FileHighlighter.ts:119:17)

  console.log
    Clearing all file highlights

      at FileHighlighter.applyDecorations (src/ui/FileHighlighter.ts:121:17)

  console.log
    Clearing all file highlights

      at FileHighlighter.applyDecorations (src/ui/FileHighlighter.ts:121:17)

  console.log
    Clearing all file highlights

      at FileHighlighter.applyDecorations (src/ui/FileHighlighter.ts:121:17)

  console.log
    Clearing all file highlights

      at FileHighlighter.applyDecorations (src/ui/FileHighlighter.ts:121:17)

  console.log
    Clearing all file highlights

      at FileHighlighter.applyDecorations (src/ui/FileHighlighter.ts:121:17)

  console.log
    Clearing all file highlights

      at FileHighlighter.applyDecorations (src/ui/FileHighlighter.ts:121:17)

  console.log
    Clearing all file highlights

      at FileHighlighter.applyDecorations (src/ui/FileHighlighter.ts:121:17)

  console.log
    Highlighting files: [ 'src/index.ts', 'test/index.java', 'components/index.js' ]

      at FileHighlighter.applyDecorations (src/ui/FileHighlighter.ts:119:17)

  console.log
    Clearing all file highlights

      at FileHighlighter.applyDecorations (src/ui/FileHighlighter.ts:121:17)

  console.log
    Clearing all file highlights

      at FileHighlighter.applyDecorations (src/ui/FileHighlighter.ts:121:17)

  console.log
    Highlighting files: [
      'components/utils.go',
      'lib/helpers.java',
      'test/main.go',
      'app/main.py'
    ]

      at FileHighlighter.applyDecorations (src/ui/FileHighlighter.ts:119:17)

  console.log
    Clearing all file highlights

      at FileHighlighter.applyDecorations (src/ui/FileHighlighter.ts:121:17)

  console.log
    Highlighting files: [ 'src/config.java', 'test/config.py', 'test/main.go' ]

      at FileHighlighter.applyDecorations (src/ui/FileHighlighter.ts:119:17)

  console.log
    Clearing all file highlights

      at FileHighlighter.applyDecorations (src/ui/FileHighlighter.ts:121:17)

  console.log
    Clearing all file highlights

      at FileHighlighter.applyDecorations (src/ui/FileHighlighter.ts:121:17)

  console.log
    Highlighting files: [ 'src/main.py', 'lib/utils.js', 'lib/index.ts' ]

      at FileHighlighter.applyDecorations (src/ui/FileHighlighter.ts:119:17)

  console.log
    Clearing all file highlights

      at FileHighlighter.applyDecorations (src/ui/FileHighlighter.ts:121:17)

  console.log
    Clearing all file highlights

      at FileHighlighter.applyDecorations (src/ui/FileHighlighter.ts:121:17)

  console.log
    Clearing all file highlights

      at FileHighlighter.applyDecorations (src/ui/FileHighlighter.ts:121:17)

  console.log
    Clearing all file highlights

      at FileHighlighter.applyDecorations (src/ui/FileHighlighter.ts:121:17)

  console.log
    Clearing all file highlights

      at FileHighlighter.applyDecorations (src/ui/FileHighlighter.ts:121:17)

  console.log
    Clearing all file highlights

      at FileHighlighter.applyDecorations (src/ui/FileHighlighter.ts:121:17)

  console.log
    Highlighting files: [ 'lib/main.py', 'src/utils.java', 'src/config.java', 'lib/main.js' ]

      at FileHighlighter.applyDecorations (src/ui/FileHighlighter.ts:119:17)

  console.log
    Clearing all file highlights

      at FileHighlighter.applyDecorations (src/ui/FileHighlighter.ts:121:17)

  console.log
    Clearing all file highlights

      at FileHighlighter.applyDecorations (src/ui/FileHighlighter.ts:121:17)

  console.log
    Highlighting files: [ 'lib/main.py', 'src/utils.java', 'src/config.java', 'lib/main.js' ]

      at FileHighlighter.applyDecorations (src/ui/FileHighlighter.ts:119:17)

  console.log
    Clearing all file highlights

      at FileHighlighter.applyDecorations (src/ui/FileHighlighter.ts:121:17)

  console.log
    Clearing all file highlights

      at FileHighlighter.applyDecorations (src/ui/FileHighlighter.ts:121:17)

  console.log
    Clearing all file highlights

      at FileHighlighter.applyDecorations (src/ui/FileHighlighter.ts:121:17)

  console.log
    Clearing all file highlights

      at FileHighlighter.applyDecorations (src/ui/FileHighlighter.ts:121:17)

  console.log
    Highlighting files: [ 'src/main.go', 'src/helpers.ts' ]

      at FileHighlighter.applyDecorations (src/ui/FileHighlighter.ts:119:17)

  console.log
    Clearing all file highlights

      at FileHighlighter.applyDecorations (src/ui/FileHighlighter.ts:121:17)

  console.log
    Clearing all file highlights

      at FileHighlighter.applyDecorations (src/ui/FileHighlighter.ts:121:17)

  console.log
    Highlighting files: [
      'components/main.py',
      'lib/index.java',
      'components/utils.py',
      'test/config.java'
    ]

      at FileHighlighter.applyDecorations (src/ui/FileHighlighter.ts:119:17)

  console.log
    Clearing all file highlights

      at FileHighlighter.applyDecorations (src/ui/FileHighlighter.ts:121:17)

  console.log
    Clearing all file highlights

      at FileHighlighter.applyDecorations (src/ui/FileHighlighter.ts:121:17)

  console.log
    Clearing all file highlights

      at FileHighlighter.applyDecorations (src/ui/FileHighlighter.ts:121:17)

  console.log
    Highlighting files: [ 'lib/config.py', 'components/config.go' ]

      at FileHighlighter.applyDecorations (src/ui/FileHighlighter.ts:119:17)

  console.log
    Clearing all file highlights

      at FileHighlighter.applyDecorations (src/ui/FileHighlighter.ts:121:17)

  console.log
    Clearing all file highlights

      at FileHighlighter.applyDecorations (src/ui/FileHighlighter.ts:121:17)

  console.log
    Clearing all file highlights

      at FileHighlighter.applyDecorations (src/ui/FileHighlighter.ts:121:17)

  console.log
    Clearing all file highlights

      at FileHighlighter.applyDecorations (src/ui/FileHighlighter.ts:121:17)

  console.log
    Highlighting files: [
      'components/index.go',
      'test/main.py',
      'test/utils.py',
      'lib/index.js'
    ]

      at FileHighlighter.applyDecorations (src/ui/FileHighlighter.ts:119:17)

  console.log
    Clearing all file highlights

      at FileHighlighter.applyDecorations (src/ui/FileHighlighter.ts:121:17)

  console.log
    Clearing all file highlights

      at FileHighlighter.applyDecorations (src/ui/FileHighlighter.ts:121:17)

  console.log
    Clearing all file highlights

      at FileHighlighter.applyDecorations (src/ui/FileHighlighter.ts:121:17)

  console.log
    Highlighting files: [ 'lib/main.js', 'test/index.java', 'src/helpers.py' ]

      at FileHighlighter.applyDecorations (src/ui/FileHighlighter.ts:119:17)

  console.log
    Clearing all file highlights

      at FileHighlighter.applyDecorations (src/ui/FileHighlighter.ts:121:17)

  console.log
    Highlighting files: [ 'lib/main.js', 'test/index.java', 'src/helpers.py' ]

      at FileHighlighter.applyDecorations (src/ui/FileHighlighter.ts:119:17)

  console.log
    Clearing all file highlights

      at FileHighlighter.applyDecorations (src/ui/FileHighlighter.ts:121:17)

  console.log
    Highlighting files: [ 'lib/main.js', 'test/index.java', 'src/helpers.py' ]

      at FileHighlighter.applyDecorations (src/ui/FileHighlighter.ts:119:17)

  console.log
    Clearing all file highlights

      at FileHighlighter.applyDecorations (src/ui/FileHighlighter.ts:121:17)

  console.log
    Clearing all file highlights

      at FileHighlighter.applyDecorations (src/ui/FileHighlighter.ts:121:17)

  console.log
    Clearing all file highlights

      at FileHighlighter.applyDecorations (src/ui/FileHighlighter.ts:121:17)

  console.log
    Clearing all file highlights

      at FileHighlighter.applyDecorations (src/ui/FileHighlighter.ts:121:17)

  console.log
    Clearing all file highlights

      at FileHighlighter.applyDecorations (src/ui/FileHighlighter.ts:121:17)

  console.log
    Clearing all file highlights

      at FileHighlighter.applyDecorations (src/ui/FileHighlighter.ts:121:17)

  console.log
    Highlighting files: [ 'app/index.py', 'app/utils.ts' ]

      at FileHighlighter.applyDecorations (src/ui/FileHighlighter.ts:119:17)

  console.log
    Clearing all file highlights

      at FileHighlighter.applyDecorations (src/ui/FileHighlighter.ts:121:17)

  console.log
    Highlighting files: [ 'app/index.py', 'app/utils.ts' ]

      at FileHighlighter.applyDecorations (src/ui/FileHighlighter.ts:119:17)

  console.log
    Clearing all file highlights

      at FileHighlighter.applyDecorations (src/ui/FileHighlighter.ts:121:17)

  console.log
    Highlighting files: [ 'app/main.java', 'components/main.go', 'app/main.js' ]

      at FileHighlighter.applyDecorations (src/ui/FileHighlighter.ts:119:17)

  console.log
    Clearing all file highlights

      at FileHighlighter.applyDecorations (src/ui/FileHighlighter.ts:121:17)

  console.log
    Clearing all file highlights

      at FileHighlighter.applyDecorations (src/ui/FileHighlighter.ts:121:17)

  console.log
    Highlighting files: [ 'app/main.java', 'components/main.go', 'app/main.js' ]

      at FileHighlighter.applyDecorations (src/ui/FileHighlighter.ts:119:17)

  console.log
    Clearing all file highlights

      at FileHighlighter.applyDecorations (src/ui/FileHighlighter.ts:121:17)

  console.log
    Highlighting files: [ 'app/index.py', 'app/utils.ts' ]

      at FileHighlighter.applyDecorations (src/ui/FileHighlighter.ts:119:17)

  console.log
    Clearing all file highlights

      at FileHighlighter.applyDecorations (src/ui/FileHighlighter.ts:121:17)

  console.log
    Highlighting files: [ 'test/index.java', 'components/main.ts' ]

      at FileHighlighter.applyDecorations (src/ui/FileHighlighter.ts:119:17)

  console.log
    Clearing all file highlights

      at FileHighlighter.applyDecorations (src/ui/FileHighlighter.ts:121:17)

  console.log
    Highlighting files: [ 'src/main.ts', 'src/helpers.py', 'lib/main.ts', 'lib/config.java' ]

      at FileHighlighter.applyDecorations (src/ui/FileHighlighter.ts:119:17)

  console.log
    Clearing all file highlights

      at FileHighlighter.applyDecorations (src/ui/FileHighlighter.ts:121:17)

  console.log
    Highlighting files: [ 'test/index.java', 'components/main.ts' ]

      at FileHighlighter.applyDecorations (src/ui/FileHighlighter.ts:119:17)

  console.log
    Clearing all file highlights

      at FileHighlighter.applyDecorations (src/ui/FileHighlighter.ts:121:17)

  console.log
    Clearing all file highlights

      at FileHighlighter.applyDecorations (src/ui/FileHighlighter.ts:121:17)

  console.log
    Highlighting files: [ 'app/helpers.java' ]

      at FileHighlighter.applyDecorations (src/ui/FileHighlighter.ts:119:17)

  console.log
    Clearing all file highlights

      at FileHighlighter.applyDecorations (src/ui/FileHighlighter.ts:121:17)

  console.log
    Clearing all file highlights

      at FileHighlighter.applyDecorations (src/ui/FileHighlighter.ts:121:17)

  console.log
    Clearing all file highlights

      at FileHighlighter.applyDecorations (src/ui/FileHighlighter.ts:121:17)

  console.log
    Clearing all file highlights

      at FileHighlighter.applyDecorations (src/ui/FileHighlighter.ts:121:17)

  console.log
    Highlighting files: [
      'components/main.ts',
      'components/utils.js',
      'test/utils.go',
      'app/helpers.go',
      'app/config.ts'
    ]

      at FileHighlighter.applyDecorations (src/ui/FileHighlighter.ts:119:17)

  console.log
    Clearing all file highlights

      at FileHighlighter.applyDecorations (src/ui/FileHighlighter.ts:121:17)

  console.log
    Highlighting files: [ 'components/main.go', 'lib/main.js', 'lib/config.js' ]

      at FileHighlighter.applyDecorations (src/ui/FileHighlighter.ts:119:17)

  console.log
    Clearing all file highlights

      at FileHighlighter.applyDecorations (src/ui/FileHighlighter.ts:121:17)

  console.log
    Clearing all file highlights

      at FileHighlighter.applyDecorations (src/ui/FileHighlighter.ts:121:17)

  console.log
    Clearing all file highlights

      at FileHighlighter.applyDecorations (src/ui/FileHighlighter.ts:121:17)

  console.log
    Clearing all file highlights

      at FileHighlighter.applyDecorations (src/ui/FileHighlighter.ts:121:17)

  console.log
    Highlighting files: [ 'components/utils.py', 'app/helpers.py' ]

      at FileHighlighter.applyDecorations (src/ui/FileHighlighter.ts:119:17)

  console.log
    Clearing all file highlights

      at FileHighlighter.applyDecorations (src/ui/FileHighlighter.ts:121:17)

  console.log
    Highlighting files: [ 'lib/config.ts', 'src/helpers.ts', 'test/utils.ts', 'app/main.js' ]

      at FileHighlighter.applyDecorations (src/ui/FileHighlighter.ts:119:17)

  console.log
    Clearing all file highlights

      at FileHighlighter.applyDecorations (src/ui/FileHighlighter.ts:121:17)

  console.log
    Clearing all file highlights

      at FileHighlighter.applyDecorations (src/ui/FileHighlighter.ts:121:17)

  console.log
    Clearing all file highlights

      at FileHighlighter.applyDecorations (src/ui/FileHighlighter.ts:121:17)

  console.log
    Highlighting files: [ 'components/utils.py', 'app/helpers.py' ]

      at FileHighlighter.applyDecorations (src/ui/FileHighlighter.ts:119:17)

  console.log
    Clearing all file highlights

      at FileHighlighter.applyDecorations (src/ui/FileHighlighter.ts:121:17)

  console.log
    Highlighting files: [ 'lib/main.go' ]

      at FileHighlighter.applyDecorations (src/ui/FileHighlighter.ts:119:17)

  console.log
    Clearing all file highlights

      at FileHighlighter.applyDecorations (src/ui/FileHighlighter.ts:121:17)

  console.log
    Clearing all file highlights

      at FileHighlighter.applyDecorations (src/ui/FileHighlighter.ts:121:17)

  console.log
    Clearing all file highlights

      at FileHighlighter.applyDecorations (src/ui/FileHighlighter.ts:121:17)

  console.log
    Clearing all file highlights

      at FileHighlighter.applyDecorations (src/ui/FileHighlighter.ts:121:17)

  console.log
    Clearing all file highlights

      at FileHighlighter.applyDecorations (src/ui/FileHighlighter.ts:121:17)

  console.log
    Highlighting files: [
      'test/index.ts',
      'lib/utils.java',
      'lib/index.go',
      'test/helpers.go',
      'test/main.ts'
    ]

      at FileHighlighter.applyDecorations (src/ui/FileHighlighter.ts:119:17)

  console.log
    Clearing all file highlights

      at FileHighlighter.applyDecorations (src/ui/FileHighlighter.ts:121:17)

  console.log
    Clearing all file highlights

      at FileHighlighter.applyDecorations (src/ui/FileHighlighter.ts:121:17)

  console.log
    Highlighting files: [
      'components/utils.java',
      'src/utils.go',
      'src/utils.js',
      'app/main.go'
    ]

      at FileHighlighter.applyDecorations (src/ui/FileHighlighter.ts:119:17)

  console.log
    Clearing all file highlights

      at FileHighlighter.applyDecorations (src/ui/FileHighlighter.ts:121:17)

  console.log
    Clearing all file highlights

      at FileHighlighter.applyDecorations (src/ui/FileHighlighter.ts:121:17)

  console.log
    Clearing all file highlights

      at FileHighlighter.applyDecorations (src/ui/FileHighlighter.ts:121:17)

  console.log
    Clearing all file highlights

      at FileHighlighter.applyDecorations (src/ui/FileHighlighter.ts:121:17)

  console.log
    Clearing all file highlights

      at FileHighlighter.applyDecorations (src/ui/FileHighlighter.ts:121:17)

  console.log
    Highlighting files: [ 'src/main.js', 'app/config.java' ]

      at FileHighlighter.applyDecorations (src/ui/FileHighlighter.ts:119:17)

  console.log
    Clearing all file highlights

      at FileHighlighter.applyDecorations (src/ui/FileHighlighter.ts:121:17)

  console.log
    Clearing all file highlights

      at FileHighlighter.applyDecorations (src/ui/FileHighlighter.ts:121:17)

  console.log
    Clearing all file highlights

      at FileHighlighter.applyDecorations (src/ui/FileHighlighter.ts:121:17)

  console.log
    Highlighting files: [ 'lib/index.ts', 'app/helpers.py', 'app/utils.py', 'app/index.py' ]

      at FileHighlighter.applyDecorations (src/ui/FileHighlighter.ts:119:17)

  console.log
    Clearing all file highlights

      at FileHighlighter.applyDecorations (src/ui/FileHighlighter.ts:121:17)

  console.log
    Clearing all file highlights

      at FileHighlighter.applyDecorations (src/ui/FileHighlighter.ts:121:17)

  console.log
    Highlighting files: [ 'test/utils.java', 'components/config.py', 'src/utils.js' ]

      at FileHighlighter.applyDecorations (src/ui/FileHighlighter.ts:119:17)

  console.log
    Clearing all file highlights

      at FileHighlighter.applyDecorations (src/ui/FileHighlighter.ts:121:17)

  console.log
    Highlighting files: [ 'test/utils.java', 'components/config.py', 'src/utils.js' ]

      at FileHighlighter.applyDecorations (src/ui/FileHighlighter.ts:119:17)

  console.log
    Clearing all file highlights

      at FileHighlighter.applyDecorations (src/ui/FileHighlighter.ts:121:17)

  console.log
    Clearing all file highlights

      at FileHighlighter.applyDecorations (src/ui/FileHighlighter.ts:121:17)

  console.log
    Clearing all file highlights

      at FileHighlighter.applyDecorations (src/ui/FileHighlighter.ts:121:17)

  console.log
    Highlighting files: [ 'test/utils.java', 'components/config.py', 'src/utils.js' ]

      at FileHighlighter.applyDecorations (src/ui/FileHighlighter.ts:119:17)

  console.log
    Clearing all file highlights

      at FileHighlighter.applyDecorations (src/ui/FileHighlighter.ts:121:17)

  console.log
    Highlighting files: [ 'test/utils.java', 'components/config.py', 'src/utils.js' ]

      at FileHighlighter.applyDecorations (src/ui/FileHighlighter.ts:119:17)

  console.log
    Clearing all file highlights

      at FileHighlighter.applyDecorations (src/ui/FileHighlighter.ts:121:17)

  console.log
    Clearing all file highlights

      at FileHighlighter.applyDecorations (src/ui/FileHighlighter.ts:121:17)

  console.log
    Highlighting files: [ 'lib/index.ts', 'app/helpers.py', 'app/utils.py', 'app/index.py' ]

      at FileHighlighter.applyDecorations (src/ui/FileHighlighter.ts:119:17)

  console.log
    Clearing all file highlights

      at FileHighlighter.applyDecorations (src/ui/FileHighlighter.ts:121:17)

  console.log
    Highlighting files: [ 'components/utils.java', 'app/utils.py', 'app/helpers.go' ]

      at FileHighlighter.applyDecorations (src/ui/FileHighlighter.ts:119:17)

  console.log
    Clearing all file highlights

      at FileHighlighter.applyDecorations (src/ui/FileHighlighter.ts:121:17)

  console.log
    Highlighting files: [ 'src/config.py' ]

      at FileHighlighter.applyDecorations (src/ui/FileHighlighter.ts:119:17)

  console.log
    Clearing all file highlights

      at FileHighlighter.applyDecorations (src/ui/FileHighlighter.ts:121:17)

  console.log
    Highlighting files: [ 'src/config.py' ]

      at FileHighlighter.applyDecorations (src/ui/FileHighlighter.ts:119:17)

  console.log
    Clearing all file highlights

      at FileHighlighter.applyDecorations (src/ui/FileHighlighter.ts:121:17)

  console.log
    Highlighting files: [
      'lib/utils.java',
      'lib/main.ts',
      'app/index.ts',
      'src/utils.java',
      'components/utils.py'
    ]

      at FileHighlighter.applyDecorations (src/ui/FileHighlighter.ts:119:17)

  console.log
    Clearing all file highlights

      at FileHighlighter.applyDecorations (src/ui/FileHighlighter.ts:121:17)

  console.log
    Clearing all file highlights

      at FileHighlighter.applyDecorations (src/ui/FileHighlighter.ts:121:17)

  console.log
    Clearing all file highlights

      at FileHighlighter.applyDecorations (src/ui/FileHighlighter.ts:121:17)

  console.log
    Highlighting files: [ 'app/utils.go', 'src/helpers.py', 'app/helpers.java' ]

      at FileHighlighter.applyDecorations (src/ui/FileHighlighter.ts:119:17)

  console.log
    Clearing all file highlights

      at FileHighlighter.applyDecorations (src/ui/FileHighlighter.ts:121:17)

  console.log
    Clearing all file highlights

      at FileHighlighter.applyDecorations (src/ui/FileHighlighter.ts:121:17)

  console.log
    Clearing all file highlights

      at FileHighlighter.applyDecorations (src/ui/FileHighlighter.ts:121:17)

  console.log
    Highlighting files: [
      'components/helpers.java',
      'lib/main.java',
      'test/main.ts',
      'app/utils.java',
      'lib/index.go'
    ]

      at FileHighlighter.applyDecorations (src/ui/FileHighlighter.ts:119:17)

  console.log
    Clearing all file highlights

      at FileHighlighter.applyDecorations (src/ui/FileHighlighter.ts:121:17)

  console.log
    Clearing all file highlights

      at FileHighlighter.applyDecorations (src/ui/FileHighlighter.ts:121:17)

  console.log
    Clearing all file highlights

      at FileHighlighter.applyDecorations (src/ui/FileHighlighter.ts:121:17)

  console.log
    Clearing all file highlights

      at FileHighlighter.applyDecorations (src/ui/FileHighlighter.ts:121:17)

  console.log
    Clearing all file highlights

      at FileHighlighter.applyDecorations (src/ui/FileHighlighter.ts:121:17)

  console.log
    Clearing all file highlights

      at FileHighlighter.applyDecorations (src/ui/FileHighlighter.ts:121:17)

  console.log
    Clearing all file highlights

      at FileHighlighter.applyDecorations (src/ui/FileHighlighter.ts:121:17)

  console.log
    Clearing all file highlights

      at FileHighlighter.applyDecorations (src/ui/FileHighlighter.ts:121:17)

  console.log
    Highlighting files: [
      'app/config.js',
      'test/helpers.py',
      'src/main.py',
      'test/helpers.java'
    ]

      at FileHighlighter.applyDecorations (src/ui/FileHighlighter.ts:119:17)

  console.log
    Clearing all file highlights

      at FileHighlighter.applyDecorations (src/ui/FileHighlighter.ts:121:17)

  console.log
    Highlighting files: [ 'app/config.ts', 'test/index.py', 'src/config.java' ]

      at FileHighlighter.applyDecorations (src/ui/FileHighlighter.ts:119:17)

  console.log
    Clearing all file highlights

      at FileHighlighter.applyDecorations (src/ui/FileHighlighter.ts:121:17)

  console.log
    Clearing all file highlights

      at FileHighlighter.applyDecorations (src/ui/FileHighlighter.ts:121:17)

  console.log
    Clearing all file highlights

      at FileHighlighter.applyDecorations (src/ui/FileHighlighter.ts:121:17)

  console.log
    Clearing all file highlights

      at FileHighlighter.applyDecorations (src/ui/FileHighlighter.ts:121:17)

  console.log
    Highlighting files: [ 'app/config.ts', 'test/index.py', 'src/config.java' ]

      at FileHighlighter.applyDecorations (src/ui/FileHighlighter.ts:119:17)

  console.log
    Clearing all file highlights

      at FileHighlighter.applyDecorations (src/ui/FileHighlighter.ts:121:17)

  console.log
    Highlighting files: [
      'app/config.js',
      'test/helpers.py',
      'src/main.py',
      'test/helpers.java'
    ]

      at FileHighlighter.applyDecorations (src/ui/FileHighlighter.ts:119:17)

  console.log
    Clearing all file highlights

      at FileHighlighter.applyDecorations (src/ui/FileHighlighter.ts:121:17)

  console.log
    Highlighting files: [ 'app/config.ts', 'test/index.py', 'src/config.java' ]

      at FileHighlighter.applyDecorations (src/ui/FileHighlighter.ts:119:17)

  console.log
    Clearing all file highlights

      at FileHighlighter.applyDecorations (src/ui/FileHighlighter.ts:121:17)

  console.log
    Clearing all file highlights

      at FileHighlighter.applyDecorations (src/ui/FileHighlighter.ts:121:17)

  console.log
    Clearing all file highlights

      at FileHighlighter.applyDecorations (src/ui/FileHighlighter.ts:121:17)

  console.log
    Highlighting files: [
      'test/utils.js',
      'test/utils.py',
      'components/config.ts',
      'test/main.java'
    ]

      at FileHighlighter.applyDecorations (src/ui/FileHighlighter.ts:119:17)

  console.log
    Clearing all file highlights

      at FileHighlighter.applyDecorations (src/ui/FileHighlighter.ts:121:17)

  console.log
    Clearing all file highlights

      at FileHighlighter.applyDecorations (src/ui/FileHighlighter.ts:121:17)

  console.log
    Highlighting files: [
      'test/utils.js',
      'test/utils.py',
      'components/config.ts',
      'test/main.java'
    ]

      at FileHighlighter.applyDecorations (src/ui/FileHighlighter.ts:119:17)

  console.log
    Clearing all file highlights

      at FileHighlighter.applyDecorations (src/ui/FileHighlighter.ts:121:17)

  console.log
    Highlighting files: [
      'test/index.ts',
      'src/utils.ts',
      'test/main.java',
      'components/helpers.py'
    ]

      at FileHighlighter.applyDecorations (src/ui/FileHighlighter.ts:119:17)

  console.log
    Clearing all file highlights

      at FileHighlighter.applyDecorations (src/ui/FileHighlighter.ts:121:17)

  console.log
    Highlighting files: [ 'src/utils.go' ]

      at FileHighlighter.applyDecorations (src/ui/FileHighlighter.ts:119:17)

  console.log
    Clearing all file highlights

      at FileHighlighter.applyDecorations (src/ui/FileHighlighter.ts:121:17)

  console.log
    Clearing all file highlights

      at FileHighlighter.applyDecorations (src/ui/FileHighlighter.ts:121:17)

  console.log
    Highlighting files: [ 'test/index.go' ]

      at FileHighlighter.applyDecorations (src/ui/FileHighlighter.ts:119:17)

  console.log
    Clearing all file highlights

      at FileHighlighter.applyDecorations (src/ui/FileHighlighter.ts:121:17)

  console.log
    Highlighting files: [ 'components/utils.java', 'src/index.go', 'lib/helpers.java' ]

      at FileHighlighter.applyDecorations (src/ui/FileHighlighter.ts:119:17)

  console.log
    Clearing all file highlights

      at FileHighlighter.applyDecorations (src/ui/FileHighlighter.ts:121:17)

  console.log
    Clearing all file highlights

      at FileHighlighter.applyDecorations (src/ui/FileHighlighter.ts:121:17)

  console.log
    Clearing all file highlights

      at FileHighlighter.applyDecorations (src/ui/FileHighlighter.ts:121:17)

  console.log
    Clearing all file highlights

      at FileHighlighter.applyDecorations (src/ui/FileHighlighter.ts:121:17)

  console.log
    Clearing all file highlights

      at FileHighlighter.applyDecorations (src/ui/FileHighlighter.ts:121:17)

  console.log
    Clearing all file highlights

      at FileHighlighter.applyDecorations (src/ui/FileHighlighter.ts:121:17)

  console.log
    Highlighting files: [ 'components/main.go' ]

      at FileHighlighter.applyDecorations (src/ui/FileHighlighter.ts:119:17)

  console.log
    Clearing all file highlights

      at FileHighlighter.applyDecorations (src/ui/FileHighlighter.ts:121:17)

  console.log
    Highlighting files: [ 'test/main.js', 'components/utils.js' ]

      at FileHighlighter.applyDecorations (src/ui/FileHighlighter.ts:119:17)

  console.log
    Clearing all file highlights

      at FileHighlighter.applyDecorations (src/ui/FileHighlighter.ts:121:17)

  console.log
    Clearing all file highlights

      at FileHighlighter.applyDecorations (src/ui/FileHighlighter.ts:121:17)

  console.log
    Clearing all file highlights

      at FileHighlighter.applyDecorations (src/ui/FileHighlighter.ts:121:17)

  console.log
    Highlighting files: [ 'src/utils.ts', 'app/config.py', 'lib/utils.ts', 'lib/helpers.go' ]

      at FileHighlighter.applyDecorations (src/ui/FileHighlighter.ts:119:17)

  console.log
    Clearing all file highlights

      at FileHighlighter.applyDecorations (src/ui/FileHighlighter.ts:121:17)

  console.log
    Highlighting files: [ 'lib/main.go', 'test/config.go' ]

      at FileHighlighter.applyDecorations (src/ui/FileHighlighter.ts:119:17)

  console.log
    Clearing all file highlights

      at FileHighlighter.applyDecorations (src/ui/FileHighlighter.ts:121:17)

  console.log
    Highlighting files: [ 'lib/index.go', 'components/index.go' ]

      at FileHighlighter.applyDecorations (src/ui/FileHighlighter.ts:119:17)

  console.log
    Clearing all file highlights

      at FileHighlighter.applyDecorations (src/ui/FileHighlighter.ts:121:17)

  console.log
    Highlighting files: [ 'lib/index.go', 'components/index.go' ]

      at FileHighlighter.applyDecorations (src/ui/FileHighlighter.ts:119:17)

  console.log
    Clearing all file highlights

      at FileHighlighter.applyDecorations (src/ui/FileHighlighter.ts:121:17)

  console.log
    Highlighting files: [ 'components/helpers.py', 'lib/index.py' ]

      at FileHighlighter.applyDecorations (src/ui/FileHighlighter.ts:119:17)

  console.log
    Clearing all file highlights

      at FileHighlighter.applyDecorations (src/ui/FileHighlighter.ts:121:17)

  console.log
    Clearing all file highlights

      at FileHighlighter.applyDecorations (src/ui/FileHighlighter.ts:121:17)

  console.log
    Clearing all file highlights

      at FileHighlighter.applyDecorations (src/ui/FileHighlighter.ts:121:17)

  console.log
    Highlighting files: [ 'app/index.ts', 'app/utils.js' ]

      at FileHighlighter.applyDecorations (src/ui/FileHighlighter.ts:119:17)

  console.log
    Clearing all file highlights

      at FileHighlighter.applyDecorations (src/ui/FileHighlighter.ts:121:17)

  console.log
    Highlighting files: [ 'app/utils.js', 'test/main.go' ]

      at FileHighlighter.applyDecorations (src/ui/FileHighlighter.ts:119:17)

  console.log
    Clearing all file highlights

      at FileHighlighter.applyDecorations (src/ui/FileHighlighter.ts:121:17)

  console.log
    Highlighting files: [ 'app/utils.js', 'test/main.go' ]

      at FileHighlighter.applyDecorations (src/ui/FileHighlighter.ts:119:17)

  console.log
    Clearing all file highlights

      at FileHighlighter.applyDecorations (src/ui/FileHighlighter.ts:121:17)

  console.log
    Clearing all file highlights

      at FileHighlighter.applyDecorations (src/ui/FileHighlighter.ts:121:17)

  console.log
    Clearing all file highlights

      at FileHighlighter.applyDecorations (src/ui/FileHighlighter.ts:121:17)

  console.log
    Highlighting files: [ 'app/utils.js', 'components/main.js' ]

      at FileHighlighter.applyDecorations (src/ui/FileHighlighter.ts:119:17)

  console.log
    Clearing all file highlights

      at FileHighlighter.applyDecorations (src/ui/FileHighlighter.ts:121:17)

  console.log
    Clearing all file highlights

      at FileHighlighter.applyDecorations (src/ui/FileHighlighter.ts:121:17)

  console.log
    Highlighting files: [ 'lib/config.java', 'app/config.go' ]

      at FileHighlighter.applyDecorations (src/ui/FileHighlighter.ts:119:17)

  console.log
    Clearing all file highlights

      at FileHighlighter.applyDecorations (src/ui/FileHighlighter.ts:121:17)

  console.log
    Highlighting files: [ 'app/helpers.java' ]

      at FileHighlighter.applyDecorations (src/ui/FileHighlighter.ts:119:17)

  console.log
    Clearing all file highlights

      at FileHighlighter.applyDecorations (src/ui/FileHighlighter.ts:121:17)

  console.log
    Highlighting files: [ 'lib/config.java', 'app/config.go' ]

      at FileHighlighter.applyDecorations (src/ui/FileHighlighter.ts:119:17)

  console.log
    Clearing all file highlights

      at FileHighlighter.applyDecorations (src/ui/FileHighlighter.ts:121:17)

  console.log
    Highlighting files: [ 'app/utils.js', 'components/main.js' ]

      at FileHighlighter.applyDecorations (src/ui/FileHighlighter.ts:119:17)

  console.log
    Clearing all file highlights

      at FileHighlighter.applyDecorations (src/ui/FileHighlighter.ts:121:17)

  console.log
    Highlighting files: [ 'app/utils.js', 'components/main.js' ]

      at FileHighlighter.applyDecorations (src/ui/FileHighlighter.ts:119:17)

  console.log
    Clearing all file highlights

      at FileHighlighter.applyDecorations (src/ui/FileHighlighter.ts:121:17)

  console.log
    Highlighting files: [ 'components/utils.py', 'lib/main.js' ]

      at FileHighlighter.applyDecorations (src/ui/FileHighlighter.ts:119:17)

  console.log
    Clearing all file highlights

      at FileHighlighter.applyDecorations (src/ui/FileHighlighter.ts:121:17)

  console.log
    Clearing all file highlights

      at FileHighlighter.applyDecorations (src/ui/FileHighlighter.ts:121:17)

  console.log
    Clearing all file highlights

      at FileHighlighter.applyDecorations (src/ui/FileHighlighter.ts:121:17)

  console.log
    Highlighting files: [ 'components/helpers.js', 'app/main.go' ]

      at FileHighlighter.applyDecorations (src/ui/FileHighlighter.ts:119:17)

  console.log
    Clearing all file highlights

      at FileHighlighter.applyDecorations (src/ui/FileHighlighter.ts:121:17)

  console.log
    Highlighting files: [
      'components/config.py',
      'components/config.java',
      'app/helpers.js',
      'lib/config.ts',
      'lib/main.go'
    ]

      at FileHighlighter.applyDecorations (src/ui/FileHighlighter.ts:119:17)

  console.log
    Clearing all file highlights

      at FileHighlighter.applyDecorations (src/ui/FileHighlighter.ts:121:17)

  console.log
    Highlighting files: [ 'app/utils.java', 'src/helpers.py', 'app/main.py', 'src/main.go' ]

      at FileHighlighter.applyDecorations (src/ui/FileHighlighter.ts:119:17)

  console.log
    Clearing all file highlights

      at FileHighlighter.applyDecorations (src/ui/FileHighlighter.ts:121:17)

  console.log
    Clearing all file highlights

      at FileHighlighter.applyDecorations (src/ui/FileHighlighter.ts:121:17)

  console.log
    Highlighting files: [ 'test/helpers.py', 'test/helpers.js' ]

      at FileHighlighter.applyDecorations (src/ui/FileHighlighter.ts:119:17)

  console.log
    Clearing all file highlights

      at FileHighlighter.applyDecorations (src/ui/FileHighlighter.ts:121:17)

  console.log
    Highlighting files: [ 'app/utils.java', 'src/helpers.py', 'app/main.py', 'src/main.go' ]

      at FileHighlighter.applyDecorations (src/ui/FileHighlighter.ts:119:17)

  console.log
    Clearing all file highlights

      at FileHighlighter.applyDecorations (src/ui/FileHighlighter.ts:121:17)

  console.log
    Highlighting files: [ 'app/utils.java', 'src/helpers.py', 'app/main.py', 'src/main.go' ]

      at FileHighlighter.applyDecorations (src/ui/FileHighlighter.ts:119:17)

  console.log
    Clearing all file highlights

      at FileHighlighter.applyDecorations (src/ui/FileHighlighter.ts:121:17)

  console.log
    Clearing all file highlights

      at FileHighlighter.applyDecorations (src/ui/FileHighlighter.ts:121:17)

  console.log
    Highlighting files: [ 'test/utils.js' ]

      at FileHighlighter.applyDecorations (src/ui/FileHighlighter.ts:119:17)

  console.log
    Clearing all file highlights

      at FileHighlighter.applyDecorations (src/ui/FileHighlighter.ts:121:17)

  console.log
    Clearing all file highlights

      at FileHighlighter.applyDecorations (src/ui/FileHighlighter.ts:121:17)

  console.log
    Highlighting files: [ 'test/config.js' ]

      at FileHighlighter.applyDecorations (src/ui/FileHighlighter.ts:119:17)

  console.log
    Clearing all file highlights

      at FileHighlighter.applyDecorations (src/ui/FileHighlighter.ts:121:17)

  console.log
    Highlighting files: [ 'src/main.js' ]

      at FileHighlighter.applyDecorations (src/ui/FileHighlighter.ts:119:17)

  console.log
    Clearing all file highlights

      at FileHighlighter.applyDecorations (src/ui/FileHighlighter.ts:121:17)

  console.log
    Highlighting files: [ 'test/config.py', 'test/helpers.py' ]

      at FileHighlighter.applyDecorations (src/ui/FileHighlighter.ts:119:17)

  console.log
    Clearing all file highlights

      at FileHighlighter.applyDecorations (src/ui/FileHighlighter.ts:121:17)

  console.log
    Clearing all file highlights

      at FileHighlighter.applyDecorations (src/ui/FileHighlighter.ts:121:17)

  console.log
    Highlighting files: [ 'components/index.go' ]

      at FileHighlighter.applyDecorations (src/ui/FileHighlighter.ts:119:17)

  console.log
    Clearing all file highlights

      at FileHighlighter.applyDecorations (src/ui/FileHighlighter.ts:121:17)

  console.log
    Highlighting files: [
      'lib/helpers.js',
      'test/helpers.js',
      'test/helpers.py',
      'app/config.py'
    ]

      at FileHighlighter.applyDecorations (src/ui/FileHighlighter.ts:119:17)

  console.log
    Clearing all file highlights

      at FileHighlighter.applyDecorations (src/ui/FileHighlighter.ts:121:17)

  console.log
    Clearing all file highlights

      at FileHighlighter.applyDecorations (src/ui/FileHighlighter.ts:121:17)

  console.log
    Clearing all file highlights

      at FileHighlighter.applyDecorations (src/ui/FileHighlighter.ts:121:17)

  console.log
    Clearing all file highlights

      at FileHighlighter.applyDecorations (src/ui/FileHighlighter.ts:121:17)

  console.log
    Clearing all file highlights

      at FileHighlighter.applyDecorations (src/ui/FileHighlighter.ts:121:17)

  console.log
    Highlighting files: [ 'src/index.java', 'src/utils.java', 'src/config.js' ]

      at FileHighlighter.applyDecorations (src/ui/FileHighlighter.ts:119:17)

  console.log
    Clearing all file highlights

      at FileHighlighter.applyDecorations (src/ui/FileHighlighter.ts:121:17)

  console.log
    Clearing all file highlights

      at FileHighlighter.applyDecorations (src/ui/FileHighlighter.ts:121:17)

  console.log
    Clearing all file highlights

      at FileHighlighter.applyDecorations (src/ui/FileHighlighter.ts:121:17)

  console.log
    Highlighting files: [ 'src/index.java', 'src/utils.java', 'src/config.js' ]

      at FileHighlighter.applyDecorations (src/ui/FileHighlighter.ts:119:17)

  console.log
    Clearing all file highlights

      at FileHighlighter.applyDecorations (src/ui/FileHighlighter.ts:121:17)

  console.log
    Highlighting files: [ 'components/main.ts', 'lib/main.py', 'app/main.js' ]

      at FileHighlighter.applyDecorations (src/ui/FileHighlighter.ts:119:17)

  console.log
    Clearing all file highlights

      at FileHighlighter.applyDecorations (src/ui/FileHighlighter.ts:121:17)

  console.log
    Clearing all file highlights

      at FileHighlighter.applyDecorations (src/ui/FileHighlighter.ts:121:17)

  console.log
    Clearing all file highlights

      at FileHighlighter.applyDecorations (src/ui/FileHighlighter.ts:121:17)

  console.log
    Highlighting files: [
      'components/helpers.py',
      'src/utils.ts',
      'test/index.py',
      'app/main.js',
      'lib/index.py'
    ]

      at FileHighlighter.applyDecorations (src/ui/FileHighlighter.ts:119:17)

  console.log
    Clearing all file highlights

      at FileHighlighter.applyDecorations (src/ui/FileHighlighter.ts:121:17)

  console.log
    Clearing all file highlights

      at FileHighlighter.applyDecorations (src/ui/FileHighlighter.ts:121:17)

  console.log
    Highlighting files: [ 'app/index.java', 'app/utils.py', 'app/main.ts' ]

      at FileHighlighter.applyDecorations (src/ui/FileHighlighter.ts:119:17)

  console.log
    Clearing all file highlights

      at FileHighlighter.applyDecorations (src/ui/FileHighlighter.ts:121:17)

  console.log
    Highlighting files: [ 'app/index.java', 'app/utils.py', 'app/main.ts' ]

      at FileHighlighter.applyDecorations (src/ui/FileHighlighter.ts:119:17)

  console.log
    Clearing all file highlights

      at FileHighlighter.applyDecorations (src/ui/FileHighlighter.ts:121:17)

  console.log
    Clearing all file highlights

      at FileHighlighter.applyDecorations (src/ui/FileHighlighter.ts:121:17)

  console.log
    Clearing all file highlights

      at FileHighlighter.applyDecorations (src/ui/FileHighlighter.ts:121:17)

  console.log
    Highlighting files: [ 'components/index.ts', 'test/helpers.go' ]

      at FileHighlighter.applyDecorations (src/ui/FileHighlighter.ts:119:17)

  console.log
    Clearing all file highlights

      at FileHighlighter.applyDecorations (src/ui/FileHighlighter.ts:121:17)

  console.log
    Clearing all file highlights

      at FileHighlighter.applyDecorations (src/ui/FileHighlighter.ts:121:17)

  console.log
    Clearing all file highlights

      at FileHighlighter.applyDecorations (src/ui/FileHighlighter.ts:121:17)

  console.log
    Highlighting files: [ 'app/config.js' ]

      at FileHighlighter.applyDecorations (src/ui/FileHighlighter.ts:119:17)

  console.log
    Clearing all file highlights

      at FileHighlighter.applyDecorations (src/ui/FileHighlighter.ts:121:17)

  console.log
    Clearing all file highlights

      at FileHighlighter.applyDecorations (src/ui/FileHighlighter.ts:121:17)

  console.log
    Highlighting files: [
      'lib/config.go',
      'src/config.java',
      'components/index.js',
      'src/helpers.ts'
    ]

      at FileHighlighter.applyDecorations (src/ui/FileHighlighter.ts:119:17)

  console.log
    Clearing all file highlights

      at FileHighlighter.applyDecorations (src/ui/FileHighlighter.ts:121:17)

  console.log
    Clearing all file highlights

      at FileHighlighter.applyDecorations (src/ui/FileHighlighter.ts:121:17)

  console.log
    Highlighting files: [ 'test/index.ts' ]

      at FileHighlighter.applyDecorations (src/ui/FileHighlighter.ts:119:17)

  console.log
    Clearing all file highlights

      at FileHighlighter.applyDecorations (src/ui/FileHighlighter.ts:121:17)

  console.log
    Highlighting files: [ 'lib/main.go', 'app/index.py', 'test/utils.java', 'app/utils.java' ]

      at FileHighlighter.applyDecorations (src/ui/FileHighlighter.ts:119:17)

  console.log
    Clearing all file highlights

      at FileHighlighter.applyDecorations (src/ui/FileHighlighter.ts:121:17)

  console.log
    Clearing all file highlights

      at FileHighlighter.applyDecorations (src/ui/FileHighlighter.ts:121:17)

  console.log
    Highlighting files: [
      'lib/config.go',
      'src/config.java',
      'components/index.js',
      'src/helpers.ts'
    ]

      at FileHighlighter.applyDecorations (src/ui/FileHighlighter.ts:119:17)

  console.log
    Clearing all file highlights

      at FileHighlighter.applyDecorations (src/ui/FileHighlighter.ts:121:17)

  console.log
    Clearing all file highlights

      at FileHighlighter.applyDecorations (src/ui/FileHighlighter.ts:121:17)

  console.log
    Highlighting files: [ 'test/index.ts' ]

      at FileHighlighter.applyDecorations (src/ui/FileHighlighter.ts:119:17)

  console.log
    Clearing all file highlights

      at FileHighlighter.applyDecorations (src/ui/FileHighlighter.ts:121:17)

  console.log
    Clearing all file highlights

      at FileHighlighter.applyDecorations (src/ui/FileHighlighter.ts:121:17)

  console.log
    Highlighting files: [
      'components/helpers.ts',
      'lib/utils.ts',
      'lib/config.js',
      'src/main.ts'
    ]

      at FileHighlighter.applyDecorations (src/ui/FileHighlighter.ts:119:17)

  console.log
    Clearing all file highlights

      at FileHighlighter.applyDecorations (src/ui/FileHighlighter.ts:121:17)

  console.log
    Highlighting files: [ 'lib/main.go', 'app/utils.go' ]

      at FileHighlighter.applyDecorations (src/ui/FileHighlighter.ts:119:17)

  console.log
    Clearing all file highlights

      at FileHighlighter.applyDecorations (src/ui/FileHighlighter.ts:121:17)

  console.log
    Highlighting files: [
      'components/index.ts',
      'components/config.ts',
      'lib/config.ts',
      'test/config.go',
      'app/index.py'
    ]

      at FileHighlighter.applyDecorations (src/ui/FileHighlighter.ts:119:17)

  console.log
    Clearing all file highlights

      at FileHighlighter.applyDecorations (src/ui/FileHighlighter.ts:121:17)

  console.log
    Clearing all file highlights

      at FileHighlighter.applyDecorations (src/ui/FileHighlighter.ts:121:17)

  console.log
    Clearing all file highlights

      at FileHighlighter.applyDecorations (src/ui/FileHighlighter.ts:121:17)

  console.log
    Clearing all file highlights

      at FileHighlighter.applyDecorations (src/ui/FileHighlighter.ts:121:17)

  console.log
    Highlighting files: [
      'lib/index.py',
      'src/helpers.java',
      'lib/index.go',
      'components/helpers.py',
      'components/main.java'
    ]

      at FileHighlighter.applyDecorations (src/ui/FileHighlighter.ts:119:17)

  console.log
    Clearing all file highlights

      at FileHighlighter.applyDecorations (src/ui/FileHighlighter.ts:121:17)

  console.log
    Highlighting files: [
      'src/config.py',
      'app/main.java',
      'components/helpers.py',
      'test/index.py',
      'test/utils.java'
    ]

      at FileHighlighter.applyDecorations (src/ui/FileHighlighter.ts:119:17)

  console.log
    Clearing all file highlights

      at FileHighlighter.applyDecorations (src/ui/FileHighlighter.ts:121:17)

  console.log
    Highlighting files: [ 'app/config.js', 'src/config.java', 'test/helpers.go' ]

      at FileHighlighter.applyDecorations (src/ui/FileHighlighter.ts:119:17)

  console.log
    Clearing all file highlights

      at FileHighlighter.applyDecorations (src/ui/FileHighlighter.ts:121:17)

  console.log
    Clearing all file highlights

      at FileHighlighter.applyDecorations (src/ui/FileHighlighter.ts:121:17)

  console.log
    Clearing all file highlights

      at FileHighlighter.applyDecorations (src/ui/FileHighlighter.ts:121:17)

  console.log
    Clearing all file highlights

      at FileHighlighter.applyDecorations (src/ui/FileHighlighter.ts:121:17)

  console.log
    Highlighting files: [ 'app/config.js', 'src/config.java', 'test/helpers.go' ]

      at FileHighlighter.applyDecorations (src/ui/FileHighlighter.ts:119:17)

  console.log
    Clearing all file highlights

      at FileHighlighter.applyDecorations (src/ui/FileHighlighter.ts:121:17)

  console.log
    Highlighting files: [ 'src/utils.js', 'app/helpers.ts' ]

      at FileHighlighter.applyDecorations (src/ui/FileHighlighter.ts:119:17)

  console.log
    Clearing all file highlights

      at FileHighlighter.applyDecorations (src/ui/FileHighlighter.ts:121:17)

  console.log
    Highlighting files: [ 'app/helpers.go', 'src/index.js', 'src/config.js' ]

      at FileHighlighter.applyDecorations (src/ui/FileHighlighter.ts:119:17)

  console.log
    Clearing all file highlights

      at FileHighlighter.applyDecorations (src/ui/FileHighlighter.ts:121:17)

  console.log
    Highlighting files: [
      'app/helpers.go',
      'test/utils.py',
      'test/utils.go',
      'test/main.java',
      'src/main.java'
    ]

      at FileHighlighter.applyDecorations (src/ui/FileHighlighter.ts:119:17)

  console.log
    Clearing all file highlights

      at FileHighlighter.applyDecorations (src/ui/FileHighlighter.ts:121:17)

  console.log
    Clearing all file highlights

      at FileHighlighter.applyDecorations (src/ui/FileHighlighter.ts:121:17)

  console.log
    Highlighting files: [ 'test/helpers.py', 'lib/index.py' ]

      at FileHighlighter.applyDecorations (src/ui/FileHighlighter.ts:119:17)

  console.log
    Clearing all file highlights

      at FileHighlighter.applyDecorations (src/ui/FileHighlighter.ts:121:17)

  console.log
    Highlighting files: [ 'lib/utils.java', 'app/config.py', 'test/index.py' ]

      at FileHighlighter.applyDecorations (src/ui/FileHighlighter.ts:119:17)

  console.log
    Clearing all file highlights

      at FileHighlighter.applyDecorations (src/ui/FileHighlighter.ts:121:17)

  console.log
    Clearing all file highlights

      at FileHighlighter.applyDecorations (src/ui/FileHighlighter.ts:121:17)

  console.log
    Clearing all file highlights

      at FileHighlighter.applyDecorations (src/ui/FileHighlighter.ts:121:17)

  console.log
    Clearing all file highlights

      at FileHighlighter.applyDecorations (src/ui/FileHighlighter.ts:121:17)

  console.log
    Clearing all file highlights

      at FileHighlighter.applyDecorations (src/ui/FileHighlighter.ts:121:17)

  console.log
    Clearing all file highlights

      at FileHighlighter.applyDecorations (src/ui/FileHighlighter.ts:121:17)

  console.log
    Clearing all file highlights

      at FileHighlighter.applyDecorations (src/ui/FileHighlighter.ts:121:17)

  console.log
    Highlighting files: [
      'src/utils.py',
      'lib/utils.ts',
      'test/utils.py',
      'src/index.js',
      'test/helpers.ts'
    ]

      at FileHighlighter.applyDecorations (src/ui/FileHighlighter.ts:119:17)

  console.log
    Clearing all file highlights

      at FileHighlighter.applyDecorations (src/ui/FileHighlighter.ts:121:17)

  console.log
    Highlighting files: [
      'src/utils.py',
      'lib/utils.ts',
      'test/utils.py',
      'src/index.js',
      'test/helpers.ts'
    ]

      at FileHighlighter.applyDecorations (src/ui/FileHighlighter.ts:119:17)

  console.log
    Clearing all file highlights

      at FileHighlighter.applyDecorations (src/ui/FileHighlighter.ts:121:17)

  console.log
    Highlighting files: [
      'src/utils.py',
      'lib/utils.ts',
      'test/utils.py',
      'src/index.js',
      'test/helpers.ts'
    ]

      at FileHighlighter.applyDecorations (src/ui/FileHighlighter.ts:119:17)

  console.log
    Clearing all file highlights

      at FileHighlighter.applyDecorations (src/ui/FileHighlighter.ts:121:17)

  console.log
    Clearing all file highlights

      at FileHighlighter.applyDecorations (src/ui/FileHighlighter.ts:121:17)

  console.log
    Highlighting files: [
      'src/utils.py',
      'lib/utils.ts',
      'test/utils.py',
      'src/index.js',
      'test/helpers.ts'
    ]

      at FileHighlighter.applyDecorations (src/ui/FileHighlighter.ts:119:17)

  console.log
    Clearing all file highlights

      at FileHighlighter.applyDecorations (src/ui/FileHighlighter.ts:121:17)

  console.log
    Clearing all file highlights

      at FileHighlighter.applyDecorations (src/ui/FileHighlighter.ts:121:17)

  console.log
    Highlighting files: [ 'components/helpers.py', 'components/index.ts' ]

      at FileHighlighter.applyDecorations (src/ui/FileHighlighter.ts:119:17)

  console.log
    Clearing all file highlights

      at FileHighlighter.applyDecorations (src/ui/FileHighlighter.ts:121:17)

  console.log
    Clearing all file highlights

      at FileHighlighter.applyDecorations (src/ui/FileHighlighter.ts:121:17)

  console.log
    Highlighting files: [
      'test/utils.go',
      'components/main.java',
      'test/main.ts',
      'app/index.js'
    ]

      at FileHighlighter.applyDecorations (src/ui/FileHighlighter.ts:119:17)

  console.log
    Clearing all file highlights

      at FileHighlighter.applyDecorations (src/ui/FileHighlighter.ts:121:17)

  console.log
    Highlighting files: [ 'src/index.py', 'test/main.js', 'app/utils.ts' ]

      at FileHighlighter.applyDecorations (src/ui/FileHighlighter.ts:119:17)

  console.log
    Clearing all file highlights

      at FileHighlighter.applyDecorations (src/ui/FileHighlighter.ts:121:17)

  console.log
    Highlighting files: [ 'src/index.py', 'test/main.js', 'app/utils.ts' ]

      at FileHighlighter.applyDecorations (src/ui/FileHighlighter.ts:119:17)

  console.log
    Clearing all file highlights

      at FileHighlighter.applyDecorations (src/ui/FileHighlighter.ts:121:17)

  console.log
    Highlighting files: [
      'test/utils.go',
      'components/main.java',
      'test/main.ts',
      'app/index.js'
    ]

      at FileHighlighter.applyDecorations (src/ui/FileHighlighter.ts:119:17)

  console.log
    Clearing all file highlights

      at FileHighlighter.applyDecorations (src/ui/FileHighlighter.ts:121:17)

  console.log
    Highlighting files: [ 'src/index.py', 'test/main.js', 'app/utils.ts' ]

      at FileHighlighter.applyDecorations (src/ui/FileHighlighter.ts:119:17)

  console.log
    Clearing all file highlights

      at FileHighlighter.applyDecorations (src/ui/FileHighlighter.ts:121:17)

  console.log
    Highlighting files: [ 'src/utils.java', 'src/helpers.go', 'src/index.js' ]

      at FileHighlighter.applyDecorations (src/ui/FileHighlighter.ts:119:17)

  console.log
    Clearing all file highlights

      at FileHighlighter.applyDecorations (src/ui/FileHighlighter.ts:121:17)

  console.log
    Highlighting files: [ 'src/utils.java', 'src/helpers.go', 'src/index.js' ]

      at FileHighlighter.applyDecorations (src/ui/FileHighlighter.ts:119:17)

  console.log
    Clearing all file highlights

      at FileHighlighter.applyDecorations (src/ui/FileHighlighter.ts:121:17)

  console.log
    Highlighting files: [ 'src/utils.java', 'src/helpers.go', 'src/index.js' ]

      at FileHighlighter.applyDecorations (src/ui/FileHighlighter.ts:119:17)

  console.log
    Clearing all file highlights

      at FileHighlighter.applyDecorations (src/ui/FileHighlighter.ts:121:17)

  console.log
    Highlighting files: [ 'test/main.py', 'src/main.ts', 'components/utils.go' ]

      at FileHighlighter.applyDecorations (src/ui/FileHighlighter.ts:119:17)

  console.log
    Clearing all file highlights

      at FileHighlighter.applyDecorations (src/ui/FileHighlighter.ts:121:17)

  console.log
    Highlighting files: [ 'lib/index.java', 'src/config.ts', 'lib/index.go' ]

      at FileHighlighter.applyDecorations (src/ui/FileHighlighter.ts:119:17)

  console.log
    Clearing all file highlights

      at FileHighlighter.applyDecorations (src/ui/FileHighlighter.ts:121:17)

  console.log
    Highlighting files: [ 'app/config.py', 'test/helpers.ts', 'lib/config.java' ]

      at FileHighlighter.applyDecorations (src/ui/FileHighlighter.ts:119:17)

  console.log
    Clearing all file highlights

      at FileHighlighter.applyDecorations (src/ui/FileHighlighter.ts:121:17)

  console.log
    Highlighting files: [ 'test/helpers.go', 'test/index.js' ]

      at FileHighlighter.applyDecorations (src/ui/FileHighlighter.ts:119:17)

  console.log
    Clearing all file highlights

      at FileHighlighter.applyDecorations (src/ui/FileHighlighter.ts:121:17)

  console.log
    Highlighting files: [ 'src/index.js' ]

      at FileHighlighter.applyDecorations (src/ui/FileHighlighter.ts:119:17)

  console.log
    Clearing all file highlights

      at FileHighlighter.applyDecorations (src/ui/FileHighlighter.ts:121:17)

  console.log
    Highlighting files: [
      'lib/config.java',
      'app/utils.java',
      'src/main.py',
      'app/main.ts',
      'lib/utils.py'
    ]

      at FileHighlighter.applyDecorations (src/ui/FileHighlighter.ts:119:17)

  console.log
    Clearing all file highlights

      at FileHighlighter.applyDecorations (src/ui/FileHighlighter.ts:121:17)

  console.log
    Highlighting files: [ 'src/index.ts', 'lib/index.py', 'app/helpers.py' ]

      at FileHighlighter.applyDecorations (src/ui/FileHighlighter.ts:119:17)

  console.log
    Clearing all file highlights

      at FileHighlighter.applyDecorations (src/ui/FileHighlighter.ts:121:17)

  console.log
    Highlighting files: [ 'app/helpers.py' ]

      at FileHighlighter.applyDecorations (src/ui/FileHighlighter.ts:119:17)

  console.log
    Clearing all file highlights

      at FileHighlighter.applyDecorations (src/ui/FileHighlighter.ts:121:17)

  console.log
    Highlighting files: [
      'app/helpers.ts',
      'lib/config.ts',
      'components/config.go',
      'app/main.go',
      'lib/utils.py'
    ]

      at FileHighlighter.applyDecorations (src/ui/FileHighlighter.ts:119:17)

  console.log
    Clearing all file highlights

      at FileHighlighter.applyDecorations (src/ui/FileHighlighter.ts:121:17)

  console.log
    Highlighting files: [ 'test/helpers.py', 'app/helpers.js' ]

      at FileHighlighter.applyDecorations (src/ui/FileHighlighter.ts:119:17)

  console.log
    Clearing all file highlights

      at FileHighlighter.applyDecorations (src/ui/FileHighlighter.ts:121:17)

  console.log
    Highlighting files: [ 'app/config.go', 'src/utils.ts' ]

      at FileHighlighter.applyDecorations (src/ui/FileHighlighter.ts:119:17)

  console.log
    Clearing all file highlights

      at FileHighlighter.applyDecorations (src/ui/FileHighlighter.ts:121:17)

  console.log
    Highlighting files: [ 'components/helpers.go' ]

      at FileHighlighter.applyDecorations (src/ui/FileHighlighter.ts:119:17)

  console.log
    Clearing all file highlights

      at FileHighlighter.applyDecorations (src/ui/FileHighlighter.ts:121:17)

  console.log
    Highlighting files: [ 'components/main.ts' ]

      at FileHighlighter.applyDecorations (src/ui/FileHighlighter.ts:119:17)

  console.log
    Clearing all file highlights

      at FileHighlighter.applyDecorations (src/ui/FileHighlighter.ts:121:17)

  console.log
    Highlighting files: [ 'components/index.py', 'components/utils.java', 'test/config.py' ]

      at FileHighlighter.applyDecorations (src/ui/FileHighlighter.ts:119:17)

  console.log
    Clearing all file highlights

      at FileHighlighter.applyDecorations (src/ui/FileHighlighter.ts:121:17)

  console.log
    Highlighting files: [ 'test/helpers.py', 'app/main.go', 'components/helpers.js' ]

      at FileHighlighter.applyDecorations (src/ui/FileHighlighter.ts:119:17)

  console.log
    Clearing all file highlights

      at FileHighlighter.applyDecorations (src/ui/FileHighlighter.ts:121:17)

  console.log
    Highlighting files: [ 'test/helpers.py', 'app/main.go', 'components/helpers.js' ]

      at FileHighlighter.applyDecorations (src/ui/FileHighlighter.ts:119:17)

  console.log
    Clearing all file highlights

      at FileHighlighter.applyDecorations (src/ui/FileHighlighter.ts:121:17)

  console.log
    Highlighting files: [ 'test/helpers.py', 'app/main.go', 'components/helpers.js' ]

      at FileHighlighter.applyDecorations (src/ui/FileHighlighter.ts:119:17)

  console.log
    Clearing all file highlights

      at FileHighlighter.applyDecorations (src/ui/FileHighlighter.ts:121:17)

  console.log
    Highlighting files: [ 'components/index.py', 'components/utils.java', 'test/config.py' ]

      at FileHighlighter.applyDecorations (src/ui/FileHighlighter.ts:119:17)

  console.log
    Clearing all file highlights

      at FileHighlighter.applyDecorations (src/ui/FileHighlighter.ts:121:17)

  console.log
    Highlighting files: [ 'test/index.py', 'components/main.py', 'src/config.js' ]

      at FileHighlighter.applyDecorations (src/ui/FileHighlighter.ts:119:17)

  console.log
    Clearing all file highlights

      at FileHighlighter.applyDecorations (src/ui/FileHighlighter.ts:121:17)

  console.log
    Highlighting files: [ 'lib/index.js' ]

      at FileHighlighter.applyDecorations (src/ui/FileHighlighter.ts:119:17)

  console.log
    Clearing all file highlights

      at FileHighlighter.applyDecorations (src/ui/FileHighlighter.ts:121:17)

  console.log
    Highlighting files: [
      'components/main.js',
      'src/index.js',
      'test/utils.py',
      'test/helpers.ts'
    ]

      at FileHighlighter.applyDecorations (src/ui/FileHighlighter.ts:119:17)

  console.log
    Clearing all file highlights

      at FileHighlighter.applyDecorations (src/ui/FileHighlighter.ts:121:17)

  console.log
    Highlighting files: [
      'src/utils.go',
      'src/index.ts',
      'src/utils.py',
      'src/utils.js',
      'src/helpers.go'
    ]

      at FileHighlighter.applyDecorations (src/ui/FileHighlighter.ts:119:17)

  console.log
    Clearing all file highlights

      at FileHighlighter.applyDecorations (src/ui/FileHighlighter.ts:121:17)

  console.log
    Highlighting files: [ 'lib/index.js' ]

      at FileHighlighter.applyDecorations (src/ui/FileHighlighter.ts:119:17)

  console.log
    Clearing all file highlights

      at FileHighlighter.applyDecorations (src/ui/FileHighlighter.ts:121:17)

  console.log
    Highlighting files: [ 'src/utils.ts' ]

      at FileHighlighter.applyDecorations (src/ui/FileHighlighter.ts:119:17)

  console.log
    Clearing all file highlights

      at FileHighlighter.applyDecorations (src/ui/FileHighlighter.ts:121:17)

  console.log
    Highlighting files: [ 'src/main.js', 'lib/helpers.go' ]

      at FileHighlighter.applyDecorations (src/ui/FileHighlighter.ts:119:17)

  console.log
    Clearing all file highlights

      at FileHighlighter.applyDecorations (src/ui/FileHighlighter.ts:121:17)

  console.log
    Highlighting files: [ 'lib/helpers.py' ]

      at FileHighlighter.applyDecorations (src/ui/FileHighlighter.ts:119:17)

  console.log
    Clearing all file highlights

      at FileHighlighter.applyDecorations (src/ui/FileHighlighter.ts:121:17)

  console.log
    Highlighting files: [
      'src/helpers.ts',
      'test/config.js',
      'test/utils.java',
      'lib/utils.go'
    ]

      at FileHighlighter.applyDecorations (src/ui/FileHighlighter.ts:119:17)

  console.log
    Clearing all file highlights

      at FileHighlighter.applyDecorations (src/ui/FileHighlighter.ts:121:17)

  console.log
    Highlighting files: [
      'src/config.java',
      'test/index.py',
      'test/main.js',
      'lib/config.java'
    ]

      at FileHighlighter.applyDecorations (src/ui/FileHighlighter.ts:119:17)

  console.log
    Clearing all file highlights

      at FileHighlighter.applyDecorations (src/ui/FileHighlighter.ts:121:17)

  console.log
    Highlighting files: [
      'src/config.java',
      'test/index.py',
      'test/main.js',
      'lib/config.java'
    ]

      at FileHighlighter.applyDecorations (src/ui/FileHighlighter.ts:119:17)

  console.log
    Clearing all file highlights

      at FileHighlighter.applyDecorations (src/ui/FileHighlighter.ts:121:17)

  console.log
    Highlighting files: [ 'app/config.ts' ]

      at FileHighlighter.applyDecorations (src/ui/FileHighlighter.ts:119:17)

  console.log
    Clearing all file highlights

      at FileHighlighter.applyDecorations (src/ui/FileHighlighter.ts:121:17)

  console.log
    Highlighting files: [
      'src/utils.java',
      'app/index.py',
      'components/main.go',
      'components/helpers.py',
      'test/index.js'
    ]

      at FileHighlighter.applyDecorations (src/ui/FileHighlighter.ts:119:17)

  console.log
    Clearing all file highlights

      at FileHighlighter.applyDecorations (src/ui/FileHighlighter.ts:121:17)

  console.log
    Highlighting files: [
      'test/main.go',
      'src/config.java',
      'app/utils.js',
      'components/helpers.java'
    ]

      at FileHighlighter.applyDecorations (src/ui/FileHighlighter.ts:119:17)

  console.log
    Clearing all file highlights

      at FileHighlighter.applyDecorations (src/ui/FileHighlighter.ts:121:17)

  console.log
    Highlighting files: [
      'test/main.go',
      'src/config.java',
      'app/utils.js',
      'components/helpers.java'
    ]

      at FileHighlighter.applyDecorations (src/ui/FileHighlighter.ts:119:17)

  console.log
    Clearing all file highlights

      at FileHighlighter.applyDecorations (src/ui/FileHighlighter.ts:121:17)

  console.log
    Highlighting files: [
      'test/main.go',
      'src/config.java',
      'app/utils.js',
      'components/helpers.java'
    ]

      at FileHighlighter.applyDecorations (src/ui/FileHighlighter.ts:119:17)

  console.log
    Clearing all file highlights

      at FileHighlighter.applyDecorations (src/ui/FileHighlighter.ts:121:17)

  console.log
    Highlighting files: [
      'src/utils.java',
      'app/index.py',
      'components/main.go',
      'components/helpers.py',
      'test/index.js'
    ]

      at FileHighlighter.applyDecorations (src/ui/FileHighlighter.ts:119:17)

  console.log
    Clearing all file highlights

      at FileHighlighter.applyDecorations (src/ui/FileHighlighter.ts:121:17)

  console.log
    Highlighting files: [ 'src/main.py' ]

      at FileHighlighter.applyDecorations (src/ui/FileHighlighter.ts:119:17)

  console.log
    Clearing all file highlights

      at FileHighlighter.applyDecorations (src/ui/FileHighlighter.ts:121:17)

  console.log
    Highlighting files: [ 'test/main.js' ]

      at FileHighlighter.applyDecorations (src/ui/FileHighlighter.ts:119:17)

  console.log
    Clearing all file highlights

      at FileHighlighter.applyDecorations (src/ui/FileHighlighter.ts:121:17)

  console.log
    Highlighting files: [ 'test/main.js' ]

      at FileHighlighter.applyDecorations (src/ui/FileHighlighter.ts:119:17)

  console.log
    Clearing all file highlights

      at FileHighlighter.applyDecorations (src/ui/FileHighlighter.ts:121:17)

  console.log
    Highlighting files: [ 'test/main.js' ]

      at FileHighlighter.applyDecorations (src/ui/FileHighlighter.ts:119:17)

  console.log
    Clearing all file highlights

      at FileHighlighter.applyDecorations (src/ui/FileHighlighter.ts:121:17)

  console.log
    Highlighting files: [ 'test/main.js' ]

      at FileHighlighter.applyDecorations (src/ui/FileHighlighter.ts:119:17)

  console.log
    Clearing all file highlights

      at FileHighlighter.applyDecorations (src/ui/FileHighlighter.ts:121:17)

  console.log
    Highlighting files: [ 'test/index.py', 'app/config.js', 'app/index.go' ]

      at FileHighlighter.applyDecorations (src/ui/FileHighlighter.ts:119:17)

  console.log
    Clearing all file highlights

      at FileHighlighter.applyDecorations (src/ui/FileHighlighter.ts:121:17)

  console.log
    Highlighting files: [
      'src/config.py',
      'components/main.py',
      'src/helpers.js',
      'components/utils.js'
    ]

      at FileHighlighter.applyDecorations (src/ui/FileHighlighter.ts:119:17)

  console.log
    Clearing all file highlights

      at FileHighlighter.applyDecorations (src/ui/FileHighlighter.ts:121:17)

  console.log
    Highlighting files: [
      'src/config.py',
      'components/main.py',
      'src/helpers.js',
      'components/utils.js'
    ]

      at FileHighlighter.applyDecorations (src/ui/FileHighlighter.ts:119:17)

  console.log
    Clearing all file highlights

      at FileHighlighter.applyDecorations (src/ui/FileHighlighter.ts:121:17)

  console.log
    Highlighting files: [
      'components/config.ts',
      'src/utils.go',
      'lib/index.py',
      'lib/helpers.java',
      'test/main.java'
    ]

      at FileHighlighter.applyDecorations (src/ui/FileHighlighter.ts:119:17)

  console.log
    Clearing all file highlights

      at FileHighlighter.applyDecorations (src/ui/FileHighlighter.ts:121:17)

  console.log
    Highlighting files: [
      'components/config.ts',
      'src/utils.go',
      'lib/index.py',
      'lib/helpers.java',
      'test/main.java'
    ]

      at FileHighlighter.applyDecorations (src/ui/FileHighlighter.ts:119:17)

  console.log
    Clearing all file highlights

      at FileHighlighter.applyDecorations (src/ui/FileHighlighter.ts:121:17)

  console.log
    Highlighting files: [
      'src/index.py',
      'app/config.go',
      'src/helpers.py',
      'app/config.py',
      'components/config.ts'
    ]

      at FileHighlighter.applyDecorations (src/ui/FileHighlighter.ts:119:17)

  console.log
    Clearing all file highlights

      at FileHighlighter.applyDecorations (src/ui/FileHighlighter.ts:121:17)

  console.log
    Highlighting files: [
      'src/main.go',
      'app/config.go',
      'components/main.py',
      'test/helpers.js'
    ]

      at FileHighlighter.applyDecorations (src/ui/FileHighlighter.ts:119:17)

  console.log
    Clearing all file highlights

      at FileHighlighter.applyDecorations (src/ui/FileHighlighter.ts:121:17)

  console.log
    Highlighting files: [ 'app/main.py', 'app/main.go', 'lib/helpers.java' ]

      at FileHighlighter.applyDecorations (src/ui/FileHighlighter.ts:119:17)

  console.log
    Clearing all file highlights

      at FileHighlighter.applyDecorations (src/ui/FileHighlighter.ts:121:17)

  console.log
    Highlighting files: [
      'src/main.go',
      'app/config.go',
      'components/main.py',
      'test/helpers.js'
    ]

      at FileHighlighter.applyDecorations (src/ui/FileHighlighter.ts:119:17)

  console.log
    Clearing all file highlights

      at FileHighlighter.applyDecorations (src/ui/FileHighlighter.ts:121:17)

  console.log
    Highlighting files: [
      'lib/index.go',
      'app/index.java',
      'app/utils.js',
      'components/helpers.java',
      'src/main.py'
    ]

      at FileHighlighter.applyDecorations (src/ui/FileHighlighter.ts:119:17)

  console.log
    Clearing all file highlights

      at FileHighlighter.applyDecorations (src/ui/FileHighlighter.ts:121:17)

  console.log
    Highlighting files: [ 'components/helpers.java', 'app/main.go' ]

      at FileHighlighter.applyDecorations (src/ui/FileHighlighter.ts:119:17)

  console.log
    Clearing all file highlights

      at FileHighlighter.applyDecorations (src/ui/FileHighlighter.ts:121:17)

  console.log
    Highlighting files: [
      'app/config.py',
      'test/main.ts',
      'src/helpers.java',
      'app/utils.ts',
      'app/helpers.ts'
    ]

      at FileHighlighter.applyDecorations (src/ui/FileHighlighter.ts:119:17)

  console.log
    Clearing all file highlights

      at FileHighlighter.applyDecorations (src/ui/FileHighlighter.ts:121:17)

  console.log
    Highlighting files: [
      'lib/utils.go',
      'src/config.js',
      'test/helpers.py',
      'src/main.py',
      'test/config.py'
    ]

      at FileHighlighter.applyDecorations (src/ui/FileHighlighter.ts:119:17)

  console.log
    Clearing all file highlights

      at FileHighlighter.applyDecorations (src/ui/FileHighlighter.ts:121:17)

  console.log
    Highlighting files: [
      'test/utils.ts',
      'app/helpers.py',
      'app/helpers.ts',
      'components/utils.js',
      'lib/helpers.java'
    ]

      at FileHighlighter.applyDecorations (src/ui/FileHighlighter.ts:119:17)

  console.log
    Clearing all file highlights

      at FileHighlighter.applyDecorations (src/ui/FileHighlighter.ts:121:17)

  console.log
    Highlighting files: [ 'lib/utils.py', 'components/helpers.ts', 'lib/helpers.js' ]

      at FileHighlighter.applyDecorations (src/ui/FileHighlighter.ts:119:17)

  console.log
    Clearing all file highlights

      at FileHighlighter.applyDecorations (src/ui/FileHighlighter.ts:121:17)

  console.log
    Highlighting files: [ 'lib/index.py' ]

      at FileHighlighter.applyDecorations (src/ui/FileHighlighter.ts:119:17)

  console.log
    Clearing all file highlights

      at FileHighlighter.applyDecorations (src/ui/FileHighlighter.ts:121:17)

  console.log
    Highlighting files: [ 'lib/index.py', 'app/main.py', 'lib/config.py', 'src/helpers.ts' ]

      at FileHighlighter.applyDecorations (src/ui/FileHighlighter.ts:119:17)

  console.log
    Clearing all file highlights

      at FileHighlighter.applyDecorations (src/ui/FileHighlighter.ts:121:17)

  console.log
    Highlighting files: [ 'components/helpers.java', 'app/helpers.go' ]

      at FileHighlighter.applyDecorations (src/ui/FileHighlighter.ts:119:17)

  console.log
    Clearing all file highlights

      at FileHighlighter.applyDecorations (src/ui/FileHighlighter.ts:121:17)

  console.log
    Highlighting files: [
      'lib/config.ts',
      'test/config.ts',
      'components/helpers.py',
      'app/index.go',
      'app/utils.py'
    ]

      at FileHighlighter.applyDecorations (src/ui/FileHighlighter.ts:119:17)

  console.log
    Clearing all file highlights

      at FileHighlighter.applyDecorations (src/ui/FileHighlighter.ts:121:17)

  console.log
    Highlighting files: [ 'components/config.java', 'lib/utils.go' ]

      at FileHighlighter.applyDecorations (src/ui/FileHighlighter.ts:119:17)

  console.log
    Clearing all file highlights

      at FileHighlighter.applyDecorations (src/ui/FileHighlighter.ts:121:17)

  console.log
    Highlighting files: [ 'components/helpers.java', 'app/helpers.go' ]

      at FileHighlighter.applyDecorations (src/ui/FileHighlighter.ts:119:17)

  console.log
    Clearing all file highlights

      at FileHighlighter.applyDecorations (src/ui/FileHighlighter.ts:121:17)

  console.log
    Highlighting files: [ 'components/helpers.py', 'lib/main.go' ]

      at FileHighlighter.applyDecorations (src/ui/FileHighlighter.ts:119:17)

  console.log
    Clearing all file highlights

      at FileHighlighter.applyDecorations (src/ui/FileHighlighter.ts:121:17)

  console.log
    Highlighting files: [ 'src/index.go', 'src/helpers.java', 'app/config.py' ]

      at FileHighlighter.applyDecorations (src/ui/FileHighlighter.ts:119:17)

  console.log
    Clearing all file highlights

      at FileHighlighter.applyDecorations (src/ui/FileHighlighter.ts:121:17)

  console.log
    Highlighting files: [ 'test/main.py' ]

      at FileHighlighter.applyDecorations (src/ui/FileHighlighter.ts:119:17)

  console.log
    Clearing all file highlights

      at FileHighlighter.applyDecorations (src/ui/FileHighlighter.ts:121:17)

  console.log
    Highlighting files: [ 'components/config.py', 'src/index.go' ]

      at FileHighlighter.applyDecorations (src/ui/FileHighlighter.ts:119:17)

  console.log
    Clearing all file highlights

      at FileHighlighter.applyDecorations (src/ui/FileHighlighter.ts:121:17)

  console.log
    Highlighting files: [ 'app/config.go' ]

      at FileHighlighter.applyDecorations (src/ui/FileHighlighter.ts:119:17)

  console.log
    Clearing all file highlights

      at FileHighlighter.applyDecorations (src/ui/FileHighlighter.ts:121:17)

  console.log
    Highlighting files: [
      'src/main.java',
      'src/helpers.go',
      'app/config.ts',
      'components/config.ts',
      'test/utils.ts'
    ]

      at FileHighlighter.applyDecorations (src/ui/FileHighlighter.ts:119:17)

  console.log
    Clearing all file highlights

      at FileHighlighter.applyDecorations (src/ui/FileHighlighter.ts:121:17)

  console.log
    Highlighting files: [ 'components/main.java', 'components/main.go' ]

      at FileHighlighter.applyDecorations (src/ui/FileHighlighter.ts:119:17)

  console.log
    Clearing all file highlights

      at FileHighlighter.applyDecorations (src/ui/FileHighlighter.ts:121:17)

  console.log
    Highlighting files: [
      'components/utils.js',
      'src/config.js',
      'components/main.java',
      'test/config.java'
    ]

      at FileHighlighter.applyDecorations (src/ui/FileHighlighter.ts:119:17)

  console.log
    Clearing all file highlights

      at FileHighlighter.applyDecorations (src/ui/FileHighlighter.ts:121:17)

  console.log
    Highlighting files: [ 'app/index.py', 'lib/helpers.ts', 'test/main.java' ]

      at FileHighlighter.applyDecorations (src/ui/FileHighlighter.ts:119:17)

  console.log
    Clearing all file highlights

      at FileHighlighter.applyDecorations (src/ui/FileHighlighter.ts:121:17)

  console.log
    Highlighting files: [ 'components/config.go', 'src/helpers.py', 'lib/index.java' ]

      at FileHighlighter.applyDecorations (src/ui/FileHighlighter.ts:119:17)

  console.log
    Clearing all file highlights

      at FileHighlighter.applyDecorations (src/ui/FileHighlighter.ts:121:17)

  console.log
    Highlighting files: [ 'components/config.go', 'src/helpers.py', 'lib/index.java' ]

      at FileHighlighter.applyDecorations (src/ui/FileHighlighter.ts:119:17)

  console.log
    Clearing all file highlights

      at FileHighlighter.applyDecorations (src/ui/FileHighlighter.ts:121:17)

  console.log
    Highlighting files: [ 'test/utils.go', 'src/config.py' ]

      at FileHighlighter.applyDecorations (src/ui/FileHighlighter.ts:119:17)

  console.log
    Clearing all file highlights

      at FileHighlighter.applyDecorations (src/ui/FileHighlighter.ts:121:17)

  console.log
    Highlighting files: [ 'lib/index.py', 'components/helpers.py', 'src/utils.go' ]

      at FileHighlighter.applyDecorations (src/ui/FileHighlighter.ts:119:17)

  console.log
    Clearing all file highlights

      at FileHighlighter.applyDecorations (src/ui/FileHighlighter.ts:121:17)

  console.log
    Highlighting files: [
      'src/utils.go',
      'app/main.java',
      'src/main.py',
      'components/main.java',
      'lib/main.py'
    ]

      at FileHighlighter.applyDecorations (src/ui/FileHighlighter.ts:119:17)

  console.log
    Clearing all file highlights

      at FileHighlighter.applyDecorations (src/ui/FileHighlighter.ts:121:17)

  console.log
    Highlighting files: [ 'lib/main.py' ]

      at FileHighlighter.applyDecorations (src/ui/FileHighlighter.ts:119:17)

  console.log
    Clearing all file highlights

      at FileHighlighter.applyDecorations (src/ui/FileHighlighter.ts:121:17)

  console.log
    Highlighting files: [ 'lib/main.py' ]

      at FileHighlighter.applyDecorations (src/ui/FileHighlighter.ts:119:17)

  console.log
    Clearing all file highlights

      at FileHighlighter.applyDecorations (src/ui/FileHighlighter.ts:121:17)

  console.log
    Highlighting files: [
      'app/index.ts',
      'components/main.js',
      'test/utils.ts',
      'app/utils.ts',
      'test/helpers.java'
    ]

      at FileHighlighter.applyDecorations (src/ui/FileHighlighter.ts:119:17)

  console.log
    Clearing all file highlights

      at FileHighlighter.applyDecorations (src/ui/FileHighlighter.ts:121:17)

  console.log
    Highlighting files: [ 'app/main.go', 'lib/index.py', 'app/helpers.js', 'app/helpers.go' ]

      at FileHighlighter.applyDecorations (src/ui/FileHighlighter.ts:119:17)

  console.log
    Clearing all file highlights

      at FileHighlighter.applyDecorations (src/ui/FileHighlighter.ts:121:17)

  console.log
    Highlighting files: [
      'app/index.ts',
      'components/main.js',
      'test/utils.ts',
      'app/utils.ts',
      'test/helpers.java'
    ]

      at FileHighlighter.applyDecorations (src/ui/FileHighlighter.ts:119:17)

  console.log
    Clearing all file highlights

      at FileHighlighter.applyDecorations (src/ui/FileHighlighter.ts:121:17)

  console.log
    Highlighting files: [ 'lib/helpers.js' ]

      at FileHighlighter.applyDecorations (src/ui/FileHighlighter.ts:119:17)

  console.log
    Clearing all file highlights

      at FileHighlighter.applyDecorations (src/ui/FileHighlighter.ts:121:17)

  console.log
    Highlighting files: [ 'app/main.go', 'lib/index.py', 'app/helpers.js', 'app/helpers.go' ]

      at FileHighlighter.applyDecorations (src/ui/FileHighlighter.ts:119:17)

  console.log
    Clearing all file highlights

      at FileHighlighter.applyDecorations (src/ui/FileHighlighter.ts:121:17)

  console.log
    Highlighting files: [
      'test/helpers.java',
      'lib/config.py',
      'components/config.ts',
      'app/config.js',
      'lib/main.go'
    ]

      at FileHighlighter.applyDecorations (src/ui/FileHighlighter.ts:119:17)

  console.log
    Clearing all file highlights

      at FileHighlighter.applyDecorations (src/ui/FileHighlighter.ts:121:17)

  console.log
    Highlighting files: [ 'lib/index.go' ]

      at FileHighlighter.applyDecorations (src/ui/FileHighlighter.ts:119:17)

  console.log
    Clearing all file highlights

      at FileHighlighter.applyDecorations (src/ui/FileHighlighter.ts:121:17)

  console.log
    Highlighting files: [ 'lib/config.java', 'test/main.java', 'test/index.py' ]

      at FileHighlighter.applyDecorations (src/ui/FileHighlighter.ts:119:17)

  console.log
    Clearing all file highlights

      at FileHighlighter.applyDecorations (src/ui/FileHighlighter.ts:121:17)

  console.log
    Highlighting files: [ 'lib/config.java', 'test/main.java', 'test/index.py' ]

      at FileHighlighter.applyDecorations (src/ui/FileHighlighter.ts:119:17)

  console.log
    Clearing all file highlights

      at FileHighlighter.applyDecorations (src/ui/FileHighlighter.ts:121:17)

  console.log
    Highlighting files: [ 'lib/main.ts' ]

      at FileHighlighter.applyDecorations (src/ui/FileHighlighter.ts:119:17)

  console.log
    Clearing all file highlights

      at FileHighlighter.applyDecorations (src/ui/FileHighlighter.ts:121:17)

  console.log
    Highlighting files: [ 'lib/utils.py', 'app/utils.ts' ]

      at FileHighlighter.applyDecorations (src/ui/FileHighlighter.ts:119:17)

  console.log
    Clearing all file highlights

      at FileHighlighter.applyDecorations (src/ui/FileHighlighter.ts:121:17)

  console.log
    Highlighting files: [
      'components/index.go',
      'app/main.go',
      'src/utils.py',
      'components/helpers.go'
    ]

      at FileHighlighter.applyDecorations (src/ui/FileHighlighter.ts:119:17)

  console.log
    Clearing all file highlights

      at FileHighlighter.applyDecorations (src/ui/FileHighlighter.ts:121:17)

  console.log
    Highlighting files: [ 'lib/main.ts' ]

      at FileHighlighter.applyDecorations (src/ui/FileHighlighter.ts:119:17)

  console.log
    Clearing all file highlights

      at FileHighlighter.applyDecorations (src/ui/FileHighlighter.ts:121:17)

  console.log
    Highlighting files: [ 'lib/main.ts', 'lib/helpers.go', 'lib/index.js', 'test/index.go' ]

      at FileHighlighter.applyDecorations (src/ui/FileHighlighter.ts:119:17)

  console.log
    Clearing all file highlights

      at FileHighlighter.applyDecorations (src/ui/FileHighlighter.ts:121:17)

  console.log
    Highlighting files: [ 'app/utils.js', 'lib/utils.py', 'src/config.java' ]

      at FileHighlighter.applyDecorations (src/ui/FileHighlighter.ts:119:17)

  console.log
    Clearing all file highlights

      at FileHighlighter.applyDecorations (src/ui/FileHighlighter.ts:121:17)

  console.log
    Highlighting files: [
      'lib/main.java',
      'test/index.js',
      'src/main.js',
      'app/helpers.ts',
      'app/main.py'
    ]

      at FileHighlighter.applyDecorations (src/ui/FileHighlighter.ts:119:17)

  console.log
    Clearing all file highlights

      at FileHighlighter.applyDecorations (src/ui/FileHighlighter.ts:121:17)

  console.log
    Highlighting files: [ 'lib/config.ts', 'components/index.js', 'test/utils.js' ]

      at FileHighlighter.applyDecorations (src/ui/FileHighlighter.ts:119:17)

  console.log
    Clearing all file highlights

      at FileHighlighter.applyDecorations (src/ui/FileHighlighter.ts:121:17)

  console.log
    Highlighting files: [ 'lib/helpers.py' ]

      at FileHighlighter.applyDecorations (src/ui/FileHighlighter.ts:119:17)

  console.log
    Clearing all file highlights

      at FileHighlighter.applyDecorations (src/ui/FileHighlighter.ts:121:17)

  console.log
    Highlighting files: [ 'components/utils.go', 'src/helpers.java' ]

      at FileHighlighter.applyDecorations (src/ui/FileHighlighter.ts:119:17)

  console.log
    Clearing all file highlights

      at FileHighlighter.applyDecorations (src/ui/FileHighlighter.ts:121:17)

  console.log
    Highlighting files: [
      'test/utils.ts',
      'test/index.java',
      'src/helpers.ts',
      'src/main.java',
      'src/index.ts'
    ]

      at FileHighlighter.applyDecorations (src/ui/FileHighlighter.ts:119:17)

  console.log
    Clearing all file highlights

      at FileHighlighter.applyDecorations (src/ui/FileHighlighter.ts:121:17)

  console.log
    Highlighting files: [
      'test/utils.ts',
      'test/index.java',
      'src/helpers.ts',
      'src/main.java',
      'src/index.ts'
    ]

      at FileHighlighter.applyDecorations (src/ui/FileHighlighter.ts:119:17)

  console.log
    Clearing all file highlights

      at FileHighlighter.applyDecorations (src/ui/FileHighlighter.ts:121:17)

  console.log
    Highlighting files: [ 'test/config.ts', 'test/utils.js', 'app/index.ts' ]

      at FileHighlighter.applyDecorations (src/ui/FileHighlighter.ts:119:17)

  console.log
    Clearing all file highlights

      at FileHighlighter.applyDecorations (src/ui/FileHighlighter.ts:121:17)

  console.log
    Highlighting files: [ 'components/main.ts', 'src/config.ts', 'src/index.go' ]

      at FileHighlighter.applyDecorations (src/ui/FileHighlighter.ts:119:17)

  console.log
    Clearing all file highlights

      at FileHighlighter.applyDecorations (src/ui/FileHighlighter.ts:121:17)

  console.log
    Highlighting files: [
      'src/helpers.ts',
      'components/main.ts',
      'src/helpers.py',
      'app/config.java'
    ]

      at FileHighlighter.applyDecorations (src/ui/FileHighlighter.ts:119:17)

  console.log
    Clearing all file highlights

      at FileHighlighter.applyDecorations (src/ui/FileHighlighter.ts:121:17)

  console.log
    Highlighting files: [ 'lib/index.java' ]

      at FileHighlighter.applyDecorations (src/ui/FileHighlighter.ts:119:17)

  console.log
    Clearing all file highlights

      at FileHighlighter.applyDecorations (src/ui/FileHighlighter.ts:121:17)

  console.log
    Highlighting files: [ 'test/config.go', 'lib/config.py', 'app/main.js' ]

      at FileHighlighter.applyDecorations (src/ui/FileHighlighter.ts:119:17)

  console.log
    Clearing all file highlights

      at FileHighlighter.applyDecorations (src/ui/FileHighlighter.ts:121:17)

  console.log
    Highlighting files: [ 'lib/main.js', 'src/index.ts', 'lib/utils.ts' ]

      at FileHighlighter.applyDecorations (src/ui/FileHighlighter.ts:119:17)

  console.log
    Clearing all file highlights

      at FileHighlighter.applyDecorations (src/ui/FileHighlighter.ts:121:17)

  console.log
    Highlighting files: [ 'lib/main.js', 'src/index.ts', 'lib/utils.ts' ]

      at FileHighlighter.applyDecorations (src/ui/FileHighlighter.ts:119:17)

  console.log
    Clearing all file highlights

      at FileHighlighter.applyDecorations (src/ui/FileHighlighter.ts:121:17)

  console.log
    Highlighting files: [
      'test/config.ts',
      'test/config.py',
      'src/index.ts',
      'lib/helpers.js'
    ]

      at FileHighlighter.applyDecorations (src/ui/FileHighlighter.ts:119:17)

  console.log
    Clearing all file highlights

      at FileHighlighter.applyDecorations (src/ui/FileHighlighter.ts:121:17)

  console.log
    Highlighting files: [
      'components/index.java',
      'app/main.java',
      'lib/utils.py',
      'src/utils.js'
    ]

      at FileHighlighter.applyDecorations (src/ui/FileHighlighter.ts:119:17)

  console.log
    Clearing all file highlights

      at FileHighlighter.applyDecorations (src/ui/FileHighlighter.ts:121:17)

  console.log
    Highlighting files: [ 'src/index.ts' ]

      at FileHighlighter.applyDecorations (src/ui/FileHighlighter.ts:119:17)

  console.log
    Clearing all file highlights

      at FileHighlighter.applyDecorations (src/ui/FileHighlighter.ts:121:17)

  console.log
    Highlighting files: [ 'test/utils.go', 'app/utils.ts' ]

      at FileHighlighter.applyDecorations (src/ui/FileHighlighter.ts:119:17)

  console.log
    Clearing all file highlights

      at FileHighlighter.applyDecorations (src/ui/FileHighlighter.ts:121:17)

  console.log
    Highlighting files: [ 'app/utils.js', 'lib/config.java', 'src/index.ts' ]

      at FileHighlighter.applyDecorations (src/ui/FileHighlighter.ts:119:17)

  console.log
    Clearing all file highlights

      at FileHighlighter.applyDecorations (src/ui/FileHighlighter.ts:121:17)

  console.log
    Highlighting files: [ 'app/helpers.java', 'test/config.ts', 'app/config.js' ]

      at FileHighlighter.applyDecorations (src/ui/FileHighlighter.ts:119:17)

  console.log
    Clearing all file highlights

      at FileHighlighter.applyDecorations (src/ui/FileHighlighter.ts:121:17)

  console.log
    Highlighting files: [
      'lib/helpers.java',
      'app/config.java',
      'lib/helpers.js',
      'src/main.ts',
      'components/index.py'
    ]

      at FileHighlighter.applyDecorations (src/ui/FileHighlighter.ts:119:17)

  console.log
    Clearing all file highlights

      at FileHighlighter.applyDecorations (src/ui/FileHighlighter.ts:121:17)

  console.log
    Highlighting files: [
      'lib/helpers.java',
      'app/config.java',
      'lib/helpers.js',
      'src/main.ts',
      'components/index.py'
    ]

      at FileHighlighter.applyDecorations (src/ui/FileHighlighter.ts:119:17)

  console.log
    Clearing all file highlights

      at FileHighlighter.applyDecorations (src/ui/FileHighlighter.ts:121:17)

  console.log
    Highlighting files: [
      'test/utils.ts',
      'app/main.go',
      'test/config.java',
      'components/main.java',
      'app/helpers.ts'
    ]

      at FileHighlighter.applyDecorations (src/ui/FileHighlighter.ts:119:17)

  console.log
    Clearing all file highlights

      at FileHighlighter.applyDecorations (src/ui/FileHighlighter.ts:121:17)

  console.log
    Highlighting files: [ 'lib/index.py', 'test/helpers.js', 'src/main.go' ]

      at FileHighlighter.applyDecorations (src/ui/FileHighlighter.ts:119:17)

  console.log
    Clearing all file highlights

      at FileHighlighter.applyDecorations (src/ui/FileHighlighter.ts:121:17)

  console.log
    Highlighting files: [ 'app/config.py', 'test/main.java', 'components/helpers.js' ]

      at FileHighlighter.applyDecorations (src/ui/FileHighlighter.ts:119:17)

  console.log
    Clearing all file highlights

      at FileHighlighter.applyDecorations (src/ui/FileHighlighter.ts:121:17)

  console.log
    Highlighting files: [
      'test/index.go',
      'app/index.java',
      'src/main.py',
      'components/config.java'
    ]

      at FileHighlighter.applyDecorations (src/ui/FileHighlighter.ts:119:17)

  console.log
    Clearing all file highlights

      at FileHighlighter.applyDecorations (src/ui/FileHighlighter.ts:121:17)

  console.log
    Highlighting files: [
      'test/index.go',
      'app/index.java',
      'src/main.py',
      'components/config.java'
    ]

      at FileHighlighter.applyDecorations (src/ui/FileHighlighter.ts:119:17)

  console.log
    Clearing all file highlights

      at FileHighlighter.applyDecorations (src/ui/FileHighlighter.ts:121:17)

  console.log
    Highlighting files: [
      'app/utils.py',
      'lib/index.py',
      'src/main.java',
      'components/index.java'
    ]

      at FileHighlighter.applyDecorations (src/ui/FileHighlighter.ts:119:17)

  console.log
    Clearing all file highlights

      at FileHighlighter.applyDecorations (src/ui/FileHighlighter.ts:121:17)

  console.log
    Highlighting files: [ 'src/helpers.js', 'test/config.java', 'app/index.go' ]

      at FileHighlighter.applyDecorations (src/ui/FileHighlighter.ts:119:17)

  console.log
    Clearing all file highlights

      at FileHighlighter.applyDecorations (src/ui/FileHighlighter.ts:121:17)

  console.log
    Highlighting files: [ 'components/index.py', 'src/helpers.go', 'test/helpers.py' ]

      at FileHighlighter.applyDecorations (src/ui/FileHighlighter.ts:119:17)

  console.log
    Clearing all file highlights

      at FileHighlighter.applyDecorations (src/ui/FileHighlighter.ts:121:17)

  console.log
    Highlighting files: [ 'components/config.go' ]

      at FileHighlighter.applyDecorations (src/ui/FileHighlighter.ts:119:17)

  console.log
    Clearing all file highlights

      at FileHighlighter.applyDecorations (src/ui/FileHighlighter.ts:121:17)

  console.log
    Highlighting files: [ 'components/helpers.java', 'app/helpers.go' ]

      at FileHighlighter.applyDecorations (src/ui/FileHighlighter.ts:119:17)

  console.log
    Clearing all file highlights

      at FileHighlighter.applyDecorations (src/ui/FileHighlighter.ts:121:17)

  console.log
    Highlighting files: [
      'components/utils.ts',
      'test/config.go',
      'components/main.go',
      'lib/utils.ts',
      'components/utils.go'
    ]

      at FileHighlighter.applyDecorations (src/ui/FileHighlighter.ts:119:17)

  console.log
    Clearing all file highlights

      at FileHighlighter.applyDecorations (src/ui/FileHighlighter.ts:121:17)

  console.log
    Highlighting files: [ 'src/helpers.py', 'components/index.go', 'lib/config.ts' ]

      at FileHighlighter.applyDecorations (src/ui/FileHighlighter.ts:119:17)

  console.log
    Clearing all file highlights

      at FileHighlighter.applyDecorations (src/ui/FileHighlighter.ts:121:17)

  console.log
    Highlighting files: [ 'components/helpers.java', 'app/helpers.go' ]

      at FileHighlighter.applyDecorations (src/ui/FileHighlighter.ts:119:17)

  console.log
    Clearing all file highlights

      at FileHighlighter.applyDecorations (src/ui/FileHighlighter.ts:121:17)

  console.log
    Highlighting files: [
      'src/index.js',
      'components/config.go',
      'lib/index.java',
      'test/index.java'
    ]

      at FileHighlighter.applyDecorations (src/ui/FileHighlighter.ts:119:17)

  console.log
    Clearing all file highlights

      at FileHighlighter.applyDecorations (src/ui/FileHighlighter.ts:121:17)

  console.log
    Highlighting files: [ 'components/index.py' ]

      at FileHighlighter.applyDecorations (src/ui/FileHighlighter.ts:119:17)

  console.log
    Clearing all file highlights

      at FileHighlighter.applyDecorations (src/ui/FileHighlighter.ts:121:17)

  console.log
    Highlighting files: [ 'app/utils.js' ]

      at FileHighlighter.applyDecorations (src/ui/FileHighlighter.ts:119:17)

  console.log
    Clearing all file highlights

      at FileHighlighter.applyDecorations (src/ui/FileHighlighter.ts:121:17)

  console.log
    Highlighting files: [ 'src/index.go', 'components/config.go' ]

      at FileHighlighter.applyDecorations (src/ui/FileHighlighter.ts:119:17)

  console.log
    Clearing all file highlights

      at FileHighlighter.applyDecorations (src/ui/FileHighlighter.ts:121:17)

  console.log
    Highlighting files: [ 'test/main.go' ]

      at FileHighlighter.applyDecorations (src/ui/FileHighlighter.ts:119:17)

  console.log
    Clearing all file highlights

      at FileHighlighter.applyDecorations (src/ui/FileHighlighter.ts:121:17)

  console.log
    Highlighting files: [ 'test/helpers.go', 'components/config.java' ]

      at FileHighlighter.applyDecorations (src/ui/FileHighlighter.ts:119:17)

  console.log
    Clearing all file highlights

      at FileHighlighter.applyDecorations (src/ui/FileHighlighter.ts:121:17)

  console.log
    Highlighting files: [ 'src/helpers.py', 'test/index.js' ]

      at FileHighlighter.applyDecorations (src/ui/FileHighlighter.ts:119:17)

  console.log
    Clearing all file highlights

      at FileHighlighter.applyDecorations (src/ui/FileHighlighter.ts:121:17)

  console.log
    Highlighting files: [
      'components/config.go',
      'components/main.py',
      'app/main.ts',
      'lib/helpers.java'
    ]

      at FileHighlighter.applyDecorations (src/ui/FileHighlighter.ts:119:17)

  console.log
    Clearing all file highlights

      at FileHighlighter.applyDecorations (src/ui/FileHighlighter.ts:121:17)

  console.log
    Highlighting files: [
      'src/helpers.java',
      'src/config.ts',
      'lib/helpers.java',
      'components/helpers.py'
    ]

      at FileHighlighter.applyDecorations (src/ui/FileHighlighter.ts:119:17)

  console.log
    Clearing all file highlights

      at FileHighlighter.applyDecorations (src/ui/FileHighlighter.ts:121:17)

  console.log
    Highlighting files: [ 'test/helpers.go', 'src/config.java', 'src/main.ts' ]

      at FileHighlighter.applyDecorations (src/ui/FileHighlighter.ts:119:17)

  console.log
    Clearing all file highlights

      at FileHighlighter.applyDecorations (src/ui/FileHighlighter.ts:121:17)

  console.log
    Highlighting files: [
      'components/helpers.go',
      'lib/helpers.go',
      'app/index.ts',
      'app/config.go'
    ]

      at FileHighlighter.applyDecorations (src/ui/FileHighlighter.ts:119:17)

  console.log
    Clearing all file highlights

      at FileHighlighter.applyDecorations (src/ui/FileHighlighter.ts:121:17)

  console.log
    Highlighting files: [ 'test/helpers.go', 'src/config.java', 'src/main.ts' ]

      at FileHighlighter.applyDecorations (src/ui/FileHighlighter.ts:119:17)

  console.log
    Clearing all file highlights

      at FileHighlighter.applyDecorations (src/ui/FileHighlighter.ts:121:17)

  console.log
    Highlighting files: [ 'lib/config.py', 'src/index.java' ]

      at FileHighlighter.applyDecorations (src/ui/FileHighlighter.ts:119:17)

  console.log
    Clearing all file highlights

      at FileHighlighter.applyDecorations (src/ui/FileHighlighter.ts:121:17)

  console.log
    Highlighting files: [
      'components/helpers.go',
      'lib/helpers.go',
      'app/index.ts',
      'app/config.go'
    ]

      at FileHighlighter.applyDecorations (src/ui/FileHighlighter.ts:119:17)

  console.log
    Clearing all file highlights

      at FileHighlighter.applyDecorations (src/ui/FileHighlighter.ts:121:17)

  console.log
    Highlighting files: [ 'test/utils.ts' ]

      at FileHighlighter.applyDecorations (src/ui/FileHighlighter.ts:119:17)

  console.log
    Clearing all file highlights

      at FileHighlighter.applyDecorations (src/ui/FileHighlighter.ts:121:17)

  console.log
    Highlighting files: [ 'test/utils.ts' ]

      at FileHighlighter.applyDecorations (src/ui/FileHighlighter.ts:119:17)

  console.log
    Clearing all file highlights

      at FileHighlighter.applyDecorations (src/ui/FileHighlighter.ts:121:17)

  console.log
    Highlighting files: [ 'app/index.py', 'lib/main.py', 'lib/index.ts' ]

      at FileHighlighter.applyDecorations (src/ui/FileHighlighter.ts:119:17)

  console.log
    Clearing all file highlights

      at FileHighlighter.applyDecorations (src/ui/FileHighlighter.ts:121:17)

  console.log
    Highlighting files: [ 'app/index.py', 'lib/main.py', 'lib/index.ts' ]

      at FileHighlighter.applyDecorations (src/ui/FileHighlighter.ts:119:17)

  console.log
    Clearing all file highlights

      at FileHighlighter.applyDecorations (src/ui/FileHighlighter.ts:121:17)

  console.log
    Highlighting files: [ 'app/index.java', 'app/index.js' ]

      at FileHighlighter.applyDecorations (src/ui/FileHighlighter.ts:119:17)

  console.log
    Clearing all file highlights

      at FileHighlighter.applyDecorations (src/ui/FileHighlighter.ts:121:17)

  console.log
    Highlighting files: [ 'components/config.java', 'src/helpers.ts' ]

      at FileHighlighter.applyDecorations (src/ui/FileHighlighter.ts:119:17)

  console.log
    Clearing all file highlights

      at FileHighlighter.applyDecorations (src/ui/FileHighlighter.ts:121:17)

  console.log
    Highlighting files: [ 'app/index.java', 'app/index.js' ]

      at FileHighlighter.applyDecorations (src/ui/FileHighlighter.ts:119:17)

  console.log
    Clearing all file highlights

      at FileHighlighter.applyDecorations (src/ui/FileHighlighter.ts:121:17)

  console.log
    Highlighting files: [
      'lib/main.ts',
      'lib/utils.java',
      'components/main.ts',
      'test/config.py',
      'app/config.go'
    ]

      at FileHighlighter.applyDecorations (src/ui/FileHighlighter.ts:119:17)

  console.log
    Clearing all file highlights

      at FileHighlighter.applyDecorations (src/ui/FileHighlighter.ts:121:17)

  console.log
    Highlighting files: [ 'lib/helpers.java', 'src/helpers.go', 'src/index.ts' ]

      at FileHighlighter.applyDecorations (src/ui/FileHighlighter.ts:119:17)

  console.log
    Clearing all file highlights

      at FileHighlighter.applyDecorations (src/ui/FileHighlighter.ts:121:17)

  console.log
    Highlighting files: [
      'components/utils.go',
      'components/index.java',
      'test/config.py',
      'test/utils.ts',
      'components/utils.js'
    ]

      at FileHighlighter.applyDecorations (src/ui/FileHighlighter.ts:119:17)

  console.log
    Clearing all file highlights

      at FileHighlighter.applyDecorations (src/ui/FileHighlighter.ts:121:17)

  console.log
    Highlighting files: [ 'test/main.js', 'src/config.java' ]

      at FileHighlighter.applyDecorations (src/ui/FileHighlighter.ts:119:17)

  console.log
    Clearing all file highlights

      at FileHighlighter.applyDecorations (src/ui/FileHighlighter.ts:121:17)

  console.log
    Highlighting files: [
      'components/utils.go',
      'components/index.java',
      'test/config.py',
      'test/utils.ts',
      'components/utils.js'
    ]

      at FileHighlighter.applyDecorations (src/ui/FileHighlighter.ts:119:17)

  console.log
    Clearing all file highlights

      at FileHighlighter.applyDecorations (src/ui/FileHighlighter.ts:121:17)

  console.log
    Highlighting files: [
      'test/index.js',
      'lib/utils.go',
      'lib/main.go',
      'src/main.js',
      'components/config.java'
    ]

      at FileHighlighter.applyDecorations (src/ui/FileHighlighter.ts:119:17)

  console.log
    Clearing all file highlights

      at FileHighlighter.applyDecorations (src/ui/FileHighlighter.ts:121:17)

  console.log
    Highlighting files: [
      'test/config.java',
      'app/utils.ts',
      'test/index.go',
      'test/utils.js',
      'app/index.py'
    ]

      at FileHighlighter.applyDecorations (src/ui/FileHighlighter.ts:119:17)

  console.log
    Clearing all file highlights

      at FileHighlighter.applyDecorations (src/ui/FileHighlighter.ts:121:17)

  console.log
    Highlighting files: [
      'lib/index.go',
      'lib/helpers.ts',
      'components/utils.js',
      'components/config.java',
      'src/utils.go'
    ]

      at FileHighlighter.applyDecorations (src/ui/FileHighlighter.ts:119:17)

  console.log
    Clearing all file highlights

      at FileHighlighter.applyDecorations (src/ui/FileHighlighter.ts:121:17)

  console.log
    Highlighting files: [ 'test/config.go', 'lib/helpers.go', 'lib/utils.java' ]

      at FileHighlighter.applyDecorations (src/ui/FileHighlighter.ts:119:17)

  console.log
    Clearing all file highlights

      at FileHighlighter.applyDecorations (src/ui/FileHighlighter.ts:121:17)

  console.log
    Highlighting files: [ 'test/index.java', 'src/main.ts', 'test/utils.go', 'src/index.go' ]

      at FileHighlighter.applyDecorations (src/ui/FileHighlighter.ts:119:17)

  console.log
    Clearing all file highlights

      at FileHighlighter.applyDecorations (src/ui/FileHighlighter.ts:121:17)

  console.log
    Highlighting files: [ 'test/index.java', 'src/main.ts', 'test/utils.go', 'src/index.go' ]

      at FileHighlighter.applyDecorations (src/ui/FileHighlighter.ts:119:17)

  console.log
    Clearing all file highlights

      at FileHighlighter.applyDecorations (src/ui/FileHighlighter.ts:121:17)

  console.log
    Highlighting files: [
      'app/helpers.py',
      'src/main.js',
      'components/index.py',
      'src/index.java'
    ]

      at FileHighlighter.applyDecorations (src/ui/FileHighlighter.ts:119:17)

  console.log
    Clearing all file highlights

      at FileHighlighter.applyDecorations (src/ui/FileHighlighter.ts:121:17)

  console.log
    Highlighting files: [
      'app/helpers.py',
      'src/main.js',
      'components/index.py',
      'src/index.java'
    ]

      at FileHighlighter.applyDecorations (src/ui/FileHighlighter.ts:119:17)

  console.log
    Clearing all file highlights

      at FileHighlighter.applyDecorations (src/ui/FileHighlighter.ts:121:17)

  console.log
    Highlighting files: [
      'test/config.java',
      'app/helpers.js',
      'lib/main.ts',
      'components/main.js',
      'app/main.go'
    ]

      at FileHighlighter.applyDecorations (src/ui/FileHighlighter.ts:119:17)

  console.log
    Clearing all file highlights

      at FileHighlighter.applyDecorations (src/ui/FileHighlighter.ts:121:17)

  console.log
    Highlighting files: [ 'lib/main.js', 'src/utils.go', 'src/config.js' ]

      at FileHighlighter.applyDecorations (src/ui/FileHighlighter.ts:119:17)

  console.log
    Clearing all file highlights

      at FileHighlighter.applyDecorations (src/ui/FileHighlighter.ts:121:17)

  console.log
    Highlighting files: [ 'components/main.go' ]

      at FileHighlighter.applyDecorations (src/ui/FileHighlighter.ts:119:17)

  console.log
    Clearing all file highlights

      at FileHighlighter.applyDecorations (src/ui/FileHighlighter.ts:121:17)

  console.log
    Highlighting files: [ 'src/utils.py', 'lib/helpers.go', 'components/helpers.go' ]

      at FileHighlighter.applyDecorations (src/ui/FileHighlighter.ts:119:17)

  console.log
    Clearing all file highlights

      at FileHighlighter.applyDecorations (src/ui/FileHighlighter.ts:121:17)

  console.log
    Highlighting files: [
      'lib/main.java',
      'components/index.ts',
      'app/utils.go',
      'lib/utils.go'
    ]

      at FileHighlighter.applyDecorations (src/ui/FileHighlighter.ts:119:17)

  console.log
    Clearing all file highlights

      at FileHighlighter.applyDecorations (src/ui/FileHighlighter.ts:121:17)

  console.log
    Highlighting files: [ 'test/index.js' ]

      at FileHighlighter.applyDecorations (src/ui/FileHighlighter.ts:119:17)

  console.log
    Clearing all file highlights

      at FileHighlighter.applyDecorations (src/ui/FileHighlighter.ts:121:17)

  console.log
    Highlighting files: [ 'test/config.go' ]

      at FileHighlighter.applyDecorations (src/ui/FileHighlighter.ts:119:17)

  console.log
    Clearing all file highlights

      at FileHighlighter.applyDecorations (src/ui/FileHighlighter.ts:121:17)

  console.log
    Highlighting files: [ 'test/helpers.py', 'app/helpers.ts', 'src/utils.py' ]

      at FileHighlighter.applyDecorations (src/ui/FileHighlighter.ts:119:17)

  console.log
    Clearing all file highlights

      at FileHighlighter.applyDecorations (src/ui/FileHighlighter.ts:121:17)

  console.log
    Highlighting files: [
      'app/utils.java',
      'app/utils.go',
      'src/index.ts',
      'src/utils.ts',
      'src/index.py'
    ]

      at FileHighlighter.applyDecorations (src/ui/FileHighlighter.ts:119:17)

  console.log
    Clearing all file highlights

      at FileHighlighter.applyDecorations (src/ui/FileHighlighter.ts:121:17)

  console.log
    Highlighting files: [
      'components/utils.js',
      'components/config.js',
      'lib/index.js',
      'app/main.py'
    ]

      at FileHighlighter.applyDecorations (src/ui/FileHighlighter.ts:119:17)

  console.log
    Clearing all file highlights

      at FileHighlighter.applyDecorations (src/ui/FileHighlighter.ts:121:17)

  console.log
    Highlighting files: [ 'test/main.py' ]

      at FileHighlighter.applyDecorations (src/ui/FileHighlighter.ts:119:17)

  console.log
    Clearing all file highlights

      at FileHighlighter.applyDecorations (src/ui/FileHighlighter.ts:121:17)

  console.log
    Highlighting files: [ 'lib/utils.py', 'components/utils.js', 'app/index.ts' ]

      at FileHighlighter.applyDecorations (src/ui/FileHighlighter.ts:119:17)

  console.log
    Clearing all file highlights

      at FileHighlighter.applyDecorations (src/ui/FileHighlighter.ts:121:17)

  console.log
    Highlighting files: [ 'app/index.ts', 'components/config.go' ]

      at FileHighlighter.applyDecorations (src/ui/FileHighlighter.ts:119:17)

  console.log
    Clearing all file highlights

      at FileHighlighter.applyDecorations (src/ui/FileHighlighter.ts:121:17)

  console.log
    Highlighting files: [ 'app/index.ts', 'components/config.go' ]

      at FileHighlighter.applyDecorations (src/ui/FileHighlighter.ts:119:17)

  console.log
    Clearing all file highlights

      at FileHighlighter.applyDecorations (src/ui/FileHighlighter.ts:121:17)

  console.log
    Highlighting files: [ 'components/config.js', 'app/main.ts' ]

      at FileHighlighter.applyDecorations (src/ui/FileHighlighter.ts:119:17)

  console.log
    Clearing all file highlights

      at FileHighlighter.applyDecorations (src/ui/FileHighlighter.ts:121:17)

  console.log
    Highlighting files: [
      'src/main.java',
      'lib/utils.java',
      'components/index.ts',
      'app/helpers.java'
    ]

      at FileHighlighter.applyDecorations (src/ui/FileHighlighter.ts:119:17)

  console.log
    Clearing all file highlights

      at FileHighlighter.applyDecorations (src/ui/FileHighlighter.ts:121:17)

  console.log
    Highlighting files: [ 'components/config.js', 'app/main.ts' ]

      at FileHighlighter.applyDecorations (src/ui/FileHighlighter.ts:119:17)

  console.log
    Clearing all file highlights

      at FileHighlighter.applyDecorations (src/ui/FileHighlighter.ts:121:17)

  console.log
    Highlighting files: [
      'src/main.java',
      'lib/utils.java',
      'components/index.ts',
      'app/helpers.java'
    ]

      at FileHighlighter.applyDecorations (src/ui/FileHighlighter.ts:119:17)

  console.log
    Clearing all file highlights

      at FileHighlighter.applyDecorations (src/ui/FileHighlighter.ts:121:17)

  console.log
    Highlighting files: [ 'components/config.js', 'app/main.ts' ]

      at FileHighlighter.applyDecorations (src/ui/FileHighlighter.ts:119:17)

  console.log
    Clearing all file highlights

      at FileHighlighter.applyDecorations (src/ui/FileHighlighter.ts:121:17)

  console.log
    Highlighting files: [ 'components/utils.ts', 'app/helpers.ts', 'app/helpers.go' ]

      at FileHighlighter.applyDecorations (src/ui/FileHighlighter.ts:119:17)

  console.log
    Clearing all file highlights

      at FileHighlighter.applyDecorations (src/ui/FileHighlighter.ts:121:17)

  console.log
    Highlighting files: [ 'components/utils.ts', 'app/helpers.ts', 'app/helpers.go' ]

      at FileHighlighter.applyDecorations (src/ui/FileHighlighter.ts:119:17)

  console.log
    Clearing all file highlights

      at FileHighlighter.applyDecorations (src/ui/FileHighlighter.ts:121:17)

  console.log
    Highlighting files: [ 'lib/helpers.js', 'lib/main.java' ]

      at FileHighlighter.applyDecorations (src/ui/FileHighlighter.ts:119:17)

  console.log
    Clearing all file highlights

      at FileHighlighter.applyDecorations (src/ui/FileHighlighter.ts:121:17)

  console.log
    Highlighting files: [ 'lib/config.go', 'app/helpers.ts' ]

      at FileHighlighter.applyDecorations (src/ui/FileHighlighter.ts:119:17)

  console.log
    Clearing all file highlights

      at FileHighlighter.applyDecorations (src/ui/FileHighlighter.ts:121:17)

  console.log
    Highlighting files: [ 'lib/config.go', 'app/helpers.ts' ]

      at FileHighlighter.applyDecorations (src/ui/FileHighlighter.ts:119:17)

  console.log
    Clearing all file highlights

      at FileHighlighter.applyDecorations (src/ui/FileHighlighter.ts:121:17)

  console.log
    Highlighting files: [
      'lib/helpers.go',
      'components/helpers.go',
      'app/utils.java',
      'components/utils.go',
      'src/index.js'
    ]

      at FileHighlighter.applyDecorations (src/ui/FileHighlighter.ts:119:17)

  console.log
    Clearing all file highlights

      at FileHighlighter.applyDecorations (src/ui/FileHighlighter.ts:121:17)

  console.log
    Highlighting files: [
      'lib/config.py',
      'src/helpers.go',
      'test/main.java',
      'app/config.py'
    ]

      at FileHighlighter.applyDecorations (src/ui/FileHighlighter.ts:119:17)

  console.log
    Clearing all file highlights

      at FileHighlighter.applyDecorations (src/ui/FileHighlighter.ts:121:17)

  console.log
    Highlighting files: [
      'test/helpers.go',
      'src/utils.ts',
      'test/main.py',
      'components/config.py'
    ]

      at FileHighlighter.applyDecorations (src/ui/FileHighlighter.ts:119:17)

  console.log
    Clearing all file highlights

      at FileHighlighter.applyDecorations (src/ui/FileHighlighter.ts:121:17)

  console.log
    Highlighting files: [
      'components/helpers.js',
      'src/helpers.java',
      'lib/config.go',
      'components/helpers.ts',
      'src/main.js'
    ]

      at FileHighlighter.applyDecorations (src/ui/FileHighlighter.ts:119:17)

  console.log
    Clearing all file highlights

      at FileHighlighter.applyDecorations (src/ui/FileHighlighter.ts:121:17)

  console.log
    Highlighting files: [
      'components/helpers.js',
      'src/helpers.java',
      'lib/config.go',
      'components/helpers.ts',
      'src/main.js'
    ]

      at FileHighlighter.applyDecorations (src/ui/FileHighlighter.ts:119:17)

  console.log
    Clearing all file highlights

      at FileHighlighter.applyDecorations (src/ui/FileHighlighter.ts:121:17)

  console.log
    Highlighting files: [ 'components/index.go', 'app/main.py' ]

      at FileHighlighter.applyDecorations (src/ui/FileHighlighter.ts:119:17)

  console.log
    Clearing all file highlights

      at FileHighlighter.applyDecorations (src/ui/FileHighlighter.ts:121:17)

  console.log
    Highlighting files: [
      'lib/helpers.ts',
      'components/config.go',
      'app/index.py',
      'app/main.ts'
    ]

      at FileHighlighter.applyDecorations (src/ui/FileHighlighter.ts:119:17)

  console.log
    Clearing all file highlights

      at FileHighlighter.applyDecorations (src/ui/FileHighlighter.ts:121:17)

  console.log
    Highlighting files: [ 'components/index.go', 'app/main.py' ]

      at FileHighlighter.applyDecorations (src/ui/FileHighlighter.ts:119:17)

  console.log
    Clearing all file highlights

      at FileHighlighter.applyDecorations (src/ui/FileHighlighter.ts:121:17)

  console.log
    Highlighting files: [ 'components/index.java', 'src/main.py' ]

      at FileHighlighter.applyDecorations (src/ui/FileHighlighter.ts:119:17)

  console.log
    Clearing all file highlights

      at FileHighlighter.applyDecorations (src/ui/FileHighlighter.ts:121:17)

  console.log
    Highlighting files: [ 'lib/utils.js', 'test/main.ts' ]

      at FileHighlighter.applyDecorations (src/ui/FileHighlighter.ts:119:17)

  console.log
    Clearing all file highlights

      at FileHighlighter.applyDecorations (src/ui/FileHighlighter.ts:121:17)

  console.log
    Highlighting files: [ 'lib/index.go', 'test/helpers.ts' ]

      at FileHighlighter.applyDecorations (src/ui/FileHighlighter.ts:119:17)

  console.log
    Clearing all file highlights

      at FileHighlighter.applyDecorations (src/ui/FileHighlighter.ts:121:17)

  console.log
    Highlighting files: [ 'lib/index.go', 'test/helpers.ts' ]

      at FileHighlighter.applyDecorations (src/ui/FileHighlighter.ts:119:17)

  console.log
    Clearing all file highlights

      at FileHighlighter.applyDecorations (src/ui/FileHighlighter.ts:121:17)

  console.log
    Highlighting files: [ 'lib/index.go', 'test/helpers.ts' ]

      at FileHighlighter.applyDecorations (src/ui/FileHighlighter.ts:119:17)

  console.log
    Clearing all file highlights

      at FileHighlighter.applyDecorations (src/ui/FileHighlighter.ts:121:17)

  console.log
    Highlighting files: [ 'lib/config.java' ]

      at FileHighlighter.applyDecorations (src/ui/FileHighlighter.ts:119:17)

  console.log
    Clearing all file highlights

      at FileHighlighter.applyDecorations (src/ui/FileHighlighter.ts:121:17)

  console.log
    Highlighting files: [ 'src/main.ts' ]

      at FileHighlighter.applyDecorations (src/ui/FileHighlighter.ts:119:17)

  console.log
    Clearing all file highlights

      at FileHighlighter.applyDecorations (src/ui/FileHighlighter.ts:121:17)

  console.log
    Highlighting files: [
      'src/index.go',
      'test/utils.ts',
      'src/utils.py',
      'test/config.ts',
      'components/main.js'
    ]

      at FileHighlighter.applyDecorations (src/ui/FileHighlighter.ts:119:17)

  console.log
    Clearing all file highlights

      at FileHighlighter.applyDecorations (src/ui/FileHighlighter.ts:121:17)

  console.log
    Highlighting files: [
      'test/main.js',
      'test/helpers.java',
      'test/config.ts',
      'lib/config.py',
      'lib/main.ts'
    ]

      at FileHighlighter.applyDecorations (src/ui/FileHighlighter.ts:119:17)

  console.log
    Clearing all file highlights

      at FileHighlighter.applyDecorations (src/ui/FileHighlighter.ts:121:17)

  console.log
    Highlighting files: [
      'src/index.go',
      'test/utils.ts',
      'src/utils.py',
      'test/config.ts',
      'components/main.js'
    ]

      at FileHighlighter.applyDecorations (src/ui/FileHighlighter.ts:119:17)

  console.log
    Clearing all file highlights

      at FileHighlighter.applyDecorations (src/ui/FileHighlighter.ts:121:17)

  console.log
    Highlighting files: [
      'test/main.js',
      'test/helpers.java',
      'test/config.ts',
      'lib/config.py',
      'lib/main.ts'
    ]

      at FileHighlighter.applyDecorations (src/ui/FileHighlighter.ts:119:17)

  console.log
    Clearing all file highlights

      at FileHighlighter.applyDecorations (src/ui/FileHighlighter.ts:121:17)

  console.log
    Highlighting files: [ 'components/main.ts', 'app/config.py' ]

      at FileHighlighter.applyDecorations (src/ui/FileHighlighter.ts:119:17)

  console.log
    Clearing all file highlights

      at FileHighlighter.applyDecorations (src/ui/FileHighlighter.ts:121:17)

  console.log
    Highlighting files: [ 'test/main.go' ]

      at FileHighlighter.applyDecorations (src/ui/FileHighlighter.ts:119:17)

  console.log
    Clearing all file highlights

      at FileHighlighter.applyDecorations (src/ui/FileHighlighter.ts:121:17)

  console.log
    Highlighting files: [ 'src/helpers.py', 'src/config.js' ]

      at FileHighlighter.applyDecorations (src/ui/FileHighlighter.ts:119:17)

  console.log
    Clearing all file highlights

      at FileHighlighter.applyDecorations (src/ui/FileHighlighter.ts:121:17)

  console.log
    Highlighting files: [ 'components/config.go' ]

      at FileHighlighter.applyDecorations (src/ui/FileHighlighter.ts:119:17)

  console.log
    Clearing all file highlights

      at FileHighlighter.applyDecorations (src/ui/FileHighlighter.ts:121:17)

  console.log
    Highlighting files: [ 'src/helpers.py', 'src/config.js' ]

      at FileHighlighter.applyDecorations (src/ui/FileHighlighter.ts:119:17)

  console.log
    Clearing all file highlights

      at FileHighlighter.applyDecorations (src/ui/FileHighlighter.ts:121:17)

  console.log
    Highlighting files: [ 'src/index.ts', 'src/helpers.java' ]

      at FileHighlighter.applyDecorations (src/ui/FileHighlighter.ts:119:17)

  console.log
    Clearing all file highlights

      at FileHighlighter.applyDecorations (src/ui/FileHighlighter.ts:121:17)

  console.log
    Highlighting files: [
      'src/main.go',
      'components/main.js',
      'src/helpers.java',
      'components/main.py'
    ]

      at FileHighlighter.applyDecorations (src/ui/FileHighlighter.ts:119:17)

  console.log
    Clearing all file highlights

      at FileHighlighter.applyDecorations (src/ui/FileHighlighter.ts:121:17)

  console.log
    Highlighting files: [ 'src/index.go' ]

      at FileHighlighter.applyDecorations (src/ui/FileHighlighter.ts:119:17)

  console.log
    Clearing all file highlights

      at FileHighlighter.applyDecorations (src/ui/FileHighlighter.ts:121:17)

  console.log
    Highlighting files: [ 'src/index.go' ]

      at FileHighlighter.applyDecorations (src/ui/FileHighlighter.ts:119:17)

  console.log
    Clearing all file highlights

      at FileHighlighter.applyDecorations (src/ui/FileHighlighter.ts:121:17)

  console.log
    Highlighting files: [ 'test/config.java', 'src/main.go', 'test/main.ts' ]

      at FileHighlighter.applyDecorations (src/ui/FileHighlighter.ts:119:17)

  console.log
    Clearing all file highlights

      at FileHighlighter.applyDecorations (src/ui/FileHighlighter.ts:121:17)

  console.log
    Highlighting files: [ 'test/config.java', 'src/main.go', 'test/main.ts' ]

      at FileHighlighter.applyDecorations (src/ui/FileHighlighter.ts:119:17)

  console.log
    Clearing all file highlights

      at FileHighlighter.applyDecorations (src/ui/FileHighlighter.ts:121:17)

  console.log
    Highlighting files: [ 'lib/config.js', 'lib/config.java', 'app/helpers.ts', 'lib/main.go' ]

      at FileHighlighter.applyDecorations (src/ui/FileHighlighter.ts:119:17)

  console.log
    Clearing all file highlights

      at FileHighlighter.applyDecorations (src/ui/FileHighlighter.ts:121:17)

  console.log
    Highlighting files: [ 'lib/config.js', 'lib/config.java', 'app/helpers.ts', 'lib/main.go' ]

      at FileHighlighter.applyDecorations (src/ui/FileHighlighter.ts:119:17)

  console.log
    Clearing all file highlights

      at FileHighlighter.applyDecorations (src/ui/FileHighlighter.ts:121:17)

  console.log
    Highlighting files: [
      'app/main.go',
      'lib/utils.go',
      'src/config.py',
      'components/helpers.java'
    ]

      at FileHighlighter.applyDecorations (src/ui/FileHighlighter.ts:119:17)

  console.log
    Clearing all file highlights

      at FileHighlighter.applyDecorations (src/ui/FileHighlighter.ts:121:17)

  console.log
    Highlighting files: [ 'src/index.go', 'test/main.ts' ]

      at FileHighlighter.applyDecorations (src/ui/FileHighlighter.ts:119:17)

  console.log
    Clearing all file highlights

      at FileHighlighter.applyDecorations (src/ui/FileHighlighter.ts:121:17)

  console.log
    Highlighting files: [
      'app/main.go',
      'lib/utils.go',
      'src/config.py',
      'components/helpers.java'
    ]

      at FileHighlighter.applyDecorations (src/ui/FileHighlighter.ts:119:17)

  console.log
    Clearing all file highlights

      at FileHighlighter.applyDecorations (src/ui/FileHighlighter.ts:121:17)

  console.log
    Highlighting files: [
      'components/index.go',
      'src/utils.go',
      'test/index.go',
      'app/config.java'
    ]

      at FileHighlighter.applyDecorations (src/ui/FileHighlighter.ts:119:17)

  console.log
    Clearing all file highlights

      at FileHighlighter.applyDecorations (src/ui/FileHighlighter.ts:121:17)

  console.log
    Highlighting files: [
      'components/index.go',
      'src/utils.go',
      'test/index.go',
      'app/config.java'
    ]

      at FileHighlighter.applyDecorations (src/ui/FileHighlighter.ts:119:17)

  console.log
    Clearing all file highlights

      at FileHighlighter.applyDecorations (src/ui/FileHighlighter.ts:121:17)

  console.log
    Highlighting files: [ 'test/utils.js' ]

      at FileHighlighter.applyDecorations (src/ui/FileHighlighter.ts:119:17)

  console.log
    Clearing all file highlights

      at FileHighlighter.applyDecorations (src/ui/FileHighlighter.ts:121:17)

  console.log
    Highlighting files: [
      'app/config.ts',
      'app/utils.go',
      'components/config.go',
      'components/utils.java',
      'src/main.js'
    ]

      at FileHighlighter.applyDecorations (src/ui/FileHighlighter.ts:119:17)

  console.log
    Clearing all file highlights

      at FileHighlighter.applyDecorations (src/ui/FileHighlighter.ts:121:17)

  console.log
    Highlighting files: [ 'components/utils.go', 'src/index.go', 'components/utils.ts' ]

      at FileHighlighter.applyDecorations (src/ui/FileHighlighter.ts:119:17)

  console.log
    Clearing all file highlights

      at FileHighlighter.applyDecorations (src/ui/FileHighlighter.ts:121:17)

  console.log
    Highlighting files: [ 'src/utils.js', 'lib/utils.go', 'app/index.ts' ]

      at FileHighlighter.applyDecorations (src/ui/FileHighlighter.ts:119:17)

  console.log
    Clearing all file highlights

      at FileHighlighter.applyDecorations (src/ui/FileHighlighter.ts:121:17)

  console.log
    Highlighting files: [ 'src/utils.py', 'app/helpers.js', 'src/main.java' ]

      at FileHighlighter.applyDecorations (src/ui/FileHighlighter.ts:119:17)

  console.log
    Clearing all file highlights

      at FileHighlighter.applyDecorations (src/ui/FileHighlighter.ts:121:17)

  console.log
    Highlighting files: [
      'components/helpers.ts',
      'test/index.ts',
      'test/config.py',
      'lib/helpers.go'
    ]

      at FileHighlighter.applyDecorations (src/ui/FileHighlighter.ts:119:17)

  console.log
    Clearing all file highlights

      at FileHighlighter.applyDecorations (src/ui/FileHighlighter.ts:121:17)

  console.log
    Highlighting files: [ 'test/index.js', 'app/config.js' ]

      at FileHighlighter.applyDecorations (src/ui/FileHighlighter.ts:119:17)

  console.log
    Clearing all file highlights

      at FileHighlighter.applyDecorations (src/ui/FileHighlighter.ts:121:17)

  console.log
    Highlighting files: [
      'components/index.ts',
      'app/index.js',
      'components/index.java',
      'test/utils.java'
    ]

      at FileHighlighter.applyDecorations (src/ui/FileHighlighter.ts:119:17)

  console.log
    Clearing all file highlights

      at FileHighlighter.applyDecorations (src/ui/FileHighlighter.ts:121:17)

  console.log
    Highlighting files: [
      'src/main.ts',
      'lib/utils.ts',
      'src/config.py',
      'app/config.js',
      'test/helpers.go'
    ]

      at FileHighlighter.applyDecorations (src/ui/FileHighlighter.ts:119:17)

  console.log
    Clearing all file highlights

      at FileHighlighter.applyDecorations (src/ui/FileHighlighter.ts:121:17)

  console.log
    Highlighting files: [ 'app/index.ts', 'lib/main.py', 'app/helpers.py' ]

      at FileHighlighter.applyDecorations (src/ui/FileHighlighter.ts:119:17)

  console.log
    Clearing all file highlights

      at FileHighlighter.applyDecorations (src/ui/FileHighlighter.ts:121:17)

  console.log
    Highlighting files: [
      'components/index.js',
      'src/helpers.go',
      'app/helpers.js',
      'src/index.ts'
    ]

      at FileHighlighter.applyDecorations (src/ui/FileHighlighter.ts:119:17)

  console.log
    Clearing all file highlights

      at FileHighlighter.applyDecorations (src/ui/FileHighlighter.ts:121:17)

  console.log
    Highlighting files: [ 'lib/config.js', 'components/helpers.ts' ]

      at FileHighlighter.applyDecorations (src/ui/FileHighlighter.ts:119:17)

  console.log
    Clearing all file highlights

      at FileHighlighter.applyDecorations (src/ui/FileHighlighter.ts:121:17)

  console.log
    Highlighting files: [ 'src/main.go', 'lib/config.ts', 'src/main.java', 'app/utils.js' ]

      at FileHighlighter.applyDecorations (src/ui/FileHighlighter.ts:119:17)

  console.log
    Clearing all file highlights

      at FileHighlighter.applyDecorations (src/ui/FileHighlighter.ts:121:17)

  console.log
    Highlighting files: [
      'src/index.py',
      'components/utils.js',
      'lib/index.java',
      'components/index.java',
      'src/main.js'
    ]

      at FileHighlighter.applyDecorations (src/ui/FileHighlighter.ts:119:17)

  console.log
    Clearing all file highlights

      at FileHighlighter.applyDecorations (src/ui/FileHighlighter.ts:121:17)

  console.log
    Highlighting files: [ 'lib/index.js', 'test/index.go', 'lib/index.py' ]

      at FileHighlighter.applyDecorations (src/ui/FileHighlighter.ts:119:17)

  console.log
    Clearing all file highlights

      at FileHighlighter.applyDecorations (src/ui/FileHighlighter.ts:121:17)

  console.log
    Highlighting files: [ 'test/main.js' ]

      at FileHighlighter.applyDecorations (src/ui/FileHighlighter.ts:119:17)

  console.log
    Clearing all file highlights

      at FileHighlighter.applyDecorations (src/ui/FileHighlighter.ts:121:17)

  console.log
    Highlighting files: [
      'test/config.js',
      'src/main.java',
      'app/utils.java',
      'lib/config.py',
      'lib/index.go'
    ]

      at FileHighlighter.applyDecorations (src/ui/FileHighlighter.ts:119:17)

  console.log
    Clearing all file highlights

      at FileHighlighter.applyDecorations (src/ui/FileHighlighter.ts:121:17)

  console.log
    Highlighting files: [
      'test/config.js',
      'src/main.java',
      'app/utils.java',
      'lib/config.py',
      'lib/index.go'
    ]

      at FileHighlighter.applyDecorations (src/ui/FileHighlighter.ts:119:17)

  console.log
    Clearing all file highlights

      at FileHighlighter.applyDecorations (src/ui/FileHighlighter.ts:121:17)

  console.log
    Highlighting files: [ 'lib/index.js', 'test/index.go', 'lib/index.py' ]

      at FileHighlighter.applyDecorations (src/ui/FileHighlighter.ts:119:17)

  console.log
    Clearing all file highlights

      at FileHighlighter.applyDecorations (src/ui/FileHighlighter.ts:121:17)

  console.log
    Highlighting files: [ 'src/index.js', 'test/helpers.js' ]

      at FileHighlighter.applyDecorations (src/ui/FileHighlighter.ts:119:17)

  console.log
    Clearing all file highlights

      at FileHighlighter.applyDecorations (src/ui/FileHighlighter.ts:121:17)

  console.log
    Highlighting files: [ 'src/index.js', 'test/helpers.js' ]

      at FileHighlighter.applyDecorations (src/ui/FileHighlighter.ts:119:17)

  console.log
    Clearing all file highlights

      at FileHighlighter.applyDecorations (src/ui/FileHighlighter.ts:121:17)

  console.log
    Highlighting files: [ 'app/helpers.ts' ]

      at FileHighlighter.applyDecorations (src/ui/FileHighlighter.ts:119:17)

  console.log
    Clearing all file highlights

      at FileHighlighter.applyDecorations (src/ui/FileHighlighter.ts:121:17)

  console.log
    Highlighting files: [ 'test/helpers.js' ]

      at FileHighlighter.applyDecorations (src/ui/FileHighlighter.ts:119:17)

  console.log
    Clearing all file highlights

      at FileHighlighter.applyDecorations (src/ui/FileHighlighter.ts:121:17)

  console.log
    Highlighting files: [ 'app/index.py', 'components/main.js' ]

      at FileHighlighter.applyDecorations (src/ui/FileHighlighter.ts:119:17)

  console.log
    Clearing all file highlights

      at FileHighlighter.applyDecorations (src/ui/FileHighlighter.ts:121:17)

  console.log
    Highlighting files: [ 'app/index.py', 'components/main.js' ]

      at FileHighlighter.applyDecorations (src/ui/FileHighlighter.ts:119:17)

  console.log
    Clearing all file highlights

      at FileHighlighter.applyDecorations (src/ui/FileHighlighter.ts:121:17)

  console.log
    Highlighting files: [ 'test/helpers.js' ]

      at FileHighlighter.applyDecorations (src/ui/FileHighlighter.ts:119:17)

  console.log
    Clearing all file highlights

      at FileHighlighter.applyDecorations (src/ui/FileHighlighter.ts:121:17)

  console.log
    Highlighting files: [ 'lib/main.go', 'src/helpers.js', 'app/main.java' ]

      at FileHighlighter.applyDecorations (src/ui/FileHighlighter.ts:119:17)

  console.log
    Clearing all file highlights

      at FileHighlighter.applyDecorations (src/ui/FileHighlighter.ts:121:17)

  console.log
    Highlighting files: [ 'lib/main.go', 'src/helpers.js', 'app/main.java' ]

      at FileHighlighter.applyDecorations (src/ui/FileHighlighter.ts:119:17)

  console.log
    Clearing all file highlights

      at FileHighlighter.applyDecorations (src/ui/FileHighlighter.ts:121:17)

  console.log
    Highlighting files: [ 'test/index.go', 'components/index.py', 'app/main.ts' ]

      at FileHighlighter.applyDecorations (src/ui/FileHighlighter.ts:119:17)

  console.log
    Clearing all file highlights

      at FileHighlighter.applyDecorations (src/ui/FileHighlighter.ts:121:17)

  console.log
    Highlighting files: [ 'test/index.go', 'components/index.py', 'app/main.ts' ]

      at FileHighlighter.applyDecorations (src/ui/FileHighlighter.ts:119:17)

  console.log
    Clearing all file highlights

      at FileHighlighter.applyDecorations (src/ui/FileHighlighter.ts:121:17)

  console.log
    Highlighting files: [
      'components/main.js',
      'test/config.ts',
      'lib/helpers.java',
      'test/main.java',
      'src/utils.py'
    ]

      at FileHighlighter.applyDecorations (src/ui/FileHighlighter.ts:119:17)

  console.log
    Clearing all file highlights

      at FileHighlighter.applyDecorations (src/ui/FileHighlighter.ts:121:17)

  console.log
    Highlighting files: [ 'app/helpers.ts', 'test/main.py' ]

      at FileHighlighter.applyDecorations (src/ui/FileHighlighter.ts:119:17)

  console.log
    Clearing all file highlights

      at FileHighlighter.applyDecorations (src/ui/FileHighlighter.ts:121:17)

  console.log
    Highlighting files: [ 'app/utils.py', 'src/index.ts' ]

      at FileHighlighter.applyDecorations (src/ui/FileHighlighter.ts:119:17)

  console.log
    Clearing all file highlights

      at FileHighlighter.applyDecorations (src/ui/FileHighlighter.ts:121:17)

  console.log
    Highlighting files: [ 'src/helpers.py', 'src/config.ts' ]

      at FileHighlighter.applyDecorations (src/ui/FileHighlighter.ts:119:17)

  console.log
    Clearing all file highlights

      at FileHighlighter.applyDecorations (src/ui/FileHighlighter.ts:121:17)

  console.log
    Highlighting files: [ 'src/helpers.js', 'components/config.py', 'components/main.js' ]

      at FileHighlighter.applyDecorations (src/ui/FileHighlighter.ts:119:17)

  console.log
    Clearing all file highlights

      at FileHighlighter.applyDecorations (src/ui/FileHighlighter.ts:121:17)

  console.log
    Highlighting files: [ 'src/helpers.py', 'src/config.ts' ]

      at FileHighlighter.applyDecorations (src/ui/FileHighlighter.ts:119:17)

  console.log
    Clearing all file highlights

      at FileHighlighter.applyDecorations (src/ui/FileHighlighter.ts:121:17)

  console.log
    Highlighting files: [ 'src/helpers.py', 'src/config.ts' ]

      at FileHighlighter.applyDecorations (src/ui/FileHighlighter.ts:119:17)

  console.log
    Clearing all file highlights

      at FileHighlighter.applyDecorations (src/ui/FileHighlighter.ts:121:17)

  console.log
    Highlighting files: [
      'test/index.py',
      'components/main.js',
      'app/config.go',
      'lib/utils.py',
      'app/index.java'
    ]

      at FileHighlighter.applyDecorations (src/ui/FileHighlighter.ts:119:17)

  console.log
    Clearing all file highlights

      at FileHighlighter.applyDecorations (src/ui/FileHighlighter.ts:121:17)

  console.log
    Highlighting files: [
      'test/index.py',
      'components/main.js',
      'app/config.go',
      'lib/utils.py',
      'app/index.java'
    ]

      at FileHighlighter.applyDecorations (src/ui/FileHighlighter.ts:119:17)

  console.log
    Clearing all file highlights

      at FileHighlighter.applyDecorations (src/ui/FileHighlighter.ts:121:17)

  console.log
    Highlighting files: [
      'src/main.py',
      'src/config.js',
      'components/helpers.go',
      'src/main.java'
    ]

      at FileHighlighter.applyDecorations (src/ui/FileHighlighter.ts:119:17)

  console.log
    Clearing all file highlights

      at FileHighlighter.applyDecorations (src/ui/FileHighlighter.ts:121:17)

  console.log
    Highlighting files: [ 'test/main.py' ]

      at FileHighlighter.applyDecorations (src/ui/FileHighlighter.ts:119:17)

  console.log
    Clearing all file highlights

      at FileHighlighter.applyDecorations (src/ui/FileHighlighter.ts:121:17)

  console.log
    Highlighting files: [ 'src/utils.py', 'src/index.go', 'src/main.ts', 'app/helpers.py' ]

      at FileHighlighter.applyDecorations (src/ui/FileHighlighter.ts:119:17)

  console.log
    Clearing all file highlights

      at FileHighlighter.applyDecorations (src/ui/FileHighlighter.ts:121:17)

  console.log
    Highlighting files: [ 'src/utils.py', 'src/index.go', 'src/main.ts', 'app/helpers.py' ]

      at FileHighlighter.applyDecorations (src/ui/FileHighlighter.ts:119:17)

  console.log
    Clearing all file highlights

      at FileHighlighter.applyDecorations (src/ui/FileHighlighter.ts:121:17)

  console.log
    Highlighting files: [ 'test/main.py' ]

      at FileHighlighter.applyDecorations (src/ui/FileHighlighter.ts:119:17)

  console.log
    Clearing all file highlights

      at FileHighlighter.applyDecorations (src/ui/FileHighlighter.ts:121:17)

  console.log
    Highlighting files: [ 'app/config.py', 'components/main.js', 'test/index.py' ]

      at FileHighlighter.applyDecorations (src/ui/FileHighlighter.ts:119:17)

  console.log
    Clearing all file highlights

      at FileHighlighter.applyDecorations (src/ui/FileHighlighter.ts:121:17)

  console.log
    Highlighting files: [ 'src/index.js', 'components/helpers.ts', 'src/main.py' ]

      at FileHighlighter.applyDecorations (src/ui/FileHighlighter.ts:119:17)

  console.log
    Clearing all file highlights

      at FileHighlighter.applyDecorations (src/ui/FileHighlighter.ts:121:17)

  console.log
    Highlighting files: [ 'components/config.go', 'lib/config.go', 'src/main.js' ]

      at FileHighlighter.applyDecorations (src/ui/FileHighlighter.ts:119:17)

  console.log
    Clearing all file highlights

      at FileHighlighter.applyDecorations (src/ui/FileHighlighter.ts:121:17)

  console.log
    Highlighting files: [ 'components/helpers.py', 'components/main.js' ]

      at FileHighlighter.applyDecorations (src/ui/FileHighlighter.ts:119:17)

  console.log
    Clearing all file highlights

      at FileHighlighter.applyDecorations (src/ui/FileHighlighter.ts:121:17)

  console.log
    Highlighting files: [ 'lib/config.go', 'app/config.ts', 'lib/helpers.py', 'lib/utils.ts' ]

      at FileHighlighter.applyDecorations (src/ui/FileHighlighter.ts:119:17)

  console.log
    Clearing all file highlights

      at FileHighlighter.applyDecorations (src/ui/FileHighlighter.ts:121:17)

  console.log
    Highlighting files: [ 'lib/config.go', 'app/config.ts', 'lib/helpers.py', 'lib/utils.ts' ]

      at FileHighlighter.applyDecorations (src/ui/FileHighlighter.ts:119:17)

  console.log
    Clearing all file highlights

      at FileHighlighter.applyDecorations (src/ui/FileHighlighter.ts:121:17)

  console.log
    Highlighting files: [ 'src/config.go' ]

      at FileHighlighter.applyDecorations (src/ui/FileHighlighter.ts:119:17)

  console.log
    Clearing all file highlights

      at FileHighlighter.applyDecorations (src/ui/FileHighlighter.ts:121:17)

  console.log
    Highlighting files: [ 'src/helpers.js' ]

      at FileHighlighter.applyDecorations (src/ui/FileHighlighter.ts:119:17)

  console.log
    Clearing all file highlights

      at FileHighlighter.applyDecorations (src/ui/FileHighlighter.ts:121:17)

  console.log
    Highlighting files: [ 'src/config.go' ]

      at FileHighlighter.applyDecorations (src/ui/FileHighlighter.ts:119:17)

  console.log
    Clearing all file highlights

      at FileHighlighter.applyDecorations (src/ui/FileHighlighter.ts:121:17)

  console.log
    Highlighting files: [
      'lib/helpers.java',
      'app/main.java',
      'src/helpers.js',
      'src/helpers.go'
    ]

      at FileHighlighter.applyDecorations (src/ui/FileHighlighter.ts:119:17)

  console.log
    Clearing all file highlights

      at FileHighlighter.applyDecorations (src/ui/FileHighlighter.ts:121:17)

  console.log
    Highlighting files: [
      'lib/utils.js',
      'components/config.go',
      'components/main.java',
      'app/main.js',
      'components/helpers.ts'
    ]

      at FileHighlighter.applyDecorations (src/ui/FileHighlighter.ts:119:17)

  console.log
    Clearing all file highlights

      at FileHighlighter.applyDecorations (src/ui/FileHighlighter.ts:121:17)

  console.log
    Highlighting files: [
      'lib/utils.js',
      'components/config.go',
      'components/main.java',
      'app/main.js',
      'components/helpers.ts'
    ]

      at FileHighlighter.applyDecorations (src/ui/FileHighlighter.ts:119:17)

  console.log
    Clearing all file highlights

      at FileHighlighter.applyDecorations (src/ui/FileHighlighter.ts:121:17)

  console.log
    Highlighting files: [
      'lib/helpers.java',
      'app/main.java',
      'src/helpers.js',
      'src/helpers.go'
    ]

      at FileHighlighter.applyDecorations (src/ui/FileHighlighter.ts:119:17)

  console.log
    Clearing all file highlights

      at FileHighlighter.applyDecorations (src/ui/FileHighlighter.ts:121:17)

  console.log
    Highlighting files: [
      'test/helpers.py',
      'lib/index.ts',
      'src/index.java',
      'components/main.py'
    ]

      at FileHighlighter.applyDecorations (src/ui/FileHighlighter.ts:119:17)

  console.log
    Clearing all file highlights

      at FileHighlighter.applyDecorations (src/ui/FileHighlighter.ts:121:17)

  console.log
    Highlighting files: [
      'components/utils.java',
      'app/main.ts',
      'test/main.java',
      'lib/utils.java',
      'src/main.java'
    ]

      at FileHighlighter.applyDecorations (src/ui/FileHighlighter.ts:119:17)

  console.log
    Clearing all file highlights

      at FileHighlighter.applyDecorations (src/ui/FileHighlighter.ts:121:17)

  console.log
    Highlighting files: [
      'components/utils.java',
      'app/main.ts',
      'test/main.java',
      'lib/utils.java',
      'src/main.java'
    ]

      at FileHighlighter.applyDecorations (src/ui/FileHighlighter.ts:119:17)

  console.log
    Clearing all file highlights

      at FileHighlighter.applyDecorations (src/ui/FileHighlighter.ts:121:17)

  console.log
    Highlighting files: [ 'lib/index.js' ]

      at FileHighlighter.applyDecorations (src/ui/FileHighlighter.ts:119:17)

  console.log
    Clearing all file highlights

      at FileHighlighter.applyDecorations (src/ui/FileHighlighter.ts:121:17)

  console.log
    Highlighting files: [ 'app/config.go', 'components/utils.java', 'components/index.java' ]

      at FileHighlighter.applyDecorations (src/ui/FileHighlighter.ts:119:17)

  console.log
    Clearing all file highlights

      at FileHighlighter.applyDecorations (src/ui/FileHighlighter.ts:121:17)

  console.log
    Highlighting files: [ 'app/config.go', 'components/utils.java', 'components/index.java' ]

      at FileHighlighter.applyDecorations (src/ui/FileHighlighter.ts:119:17)

  console.log
    Clearing all file highlights

      at FileHighlighter.applyDecorations (src/ui/FileHighlighter.ts:121:17)

  console.log
    Highlighting files: [ 'lib/helpers.go' ]

      at FileHighlighter.applyDecorations (src/ui/FileHighlighter.ts:119:17)

  console.log
    Clearing all file highlights

      at FileHighlighter.applyDecorations (src/ui/FileHighlighter.ts:121:17)

  console.log
    Highlighting files: [ 'lib/helpers.go' ]

      at FileHighlighter.applyDecorations (src/ui/FileHighlighter.ts:119:17)

  console.log
    Clearing all file highlights

      at FileHighlighter.applyDecorations (src/ui/FileHighlighter.ts:121:17)

  console.log
    Highlighting files: [ 'src/helpers.js' ]

      at FileHighlighter.applyDecorations (src/ui/FileHighlighter.ts:119:17)

  console.log
    Clearing all file highlights

      at FileHighlighter.applyDecorations (src/ui/FileHighlighter.ts:121:17)

  console.log
    Highlighting files: [
      'test/utils.js',
      'src/index.ts',
      'test/index.js',
      'test/utils.java',
      'test/config.go'
    ]

      at FileHighlighter.applyDecorations (src/ui/FileHighlighter.ts:119:17)

  console.log
    Clearing all file highlights

      at FileHighlighter.applyDecorations (src/ui/FileHighlighter.ts:121:17)

  console.log
    Highlighting files: [ 'lib/main.go', 'test/helpers.py', 'test/main.ts' ]

      at FileHighlighter.applyDecorations (src/ui/FileHighlighter.ts:119:17)

  console.log
    Clearing all file highlights

      at FileHighlighter.applyDecorations (src/ui/FileHighlighter.ts:121:17)

  console.log
    Highlighting files: [ 'lib/main.go', 'test/helpers.py', 'test/main.ts' ]

      at FileHighlighter.applyDecorations (src/ui/FileHighlighter.ts:119:17)

  console.log
    Clearing all file highlights

      at FileHighlighter.applyDecorations (src/ui/FileHighlighter.ts:121:17)

  console.log
    Highlighting files: [ 'components/utils.js', 'components/main.go' ]

      at FileHighlighter.applyDecorations (src/ui/FileHighlighter.ts:119:17)

  console.log
    Clearing all file highlights

      at FileHighlighter.applyDecorations (src/ui/FileHighlighter.ts:121:17)

  console.log
    Highlighting files: [
      'lib/main.js',
      'app/config.go',
      'lib/helpers.py',
      'test/utils.py',
      'lib/main.py'
    ]

      at FileHighlighter.applyDecorations (src/ui/FileHighlighter.ts:119:17)

  console.log
    Clearing all file highlights

      at FileHighlighter.applyDecorations (src/ui/FileHighlighter.ts:121:17)

  console.log
    Clearing all file highlights

      at FileHighlighter.applyDecorations (src/ui/FileHighlighter.ts:121:17)

  console.log
    Highlighting files: [ 'src/index.go', 'test/config.js', 'app/main.py' ]

      at FileHighlighter.applyDecorations (src/ui/FileHighlighter.ts:119:17)

  console.log
    Clearing all file highlights

      at FileHighlighter.applyDecorations (src/ui/FileHighlighter.ts:121:17)

  console.log
    Clearing all file highlights

      at FileHighlighter.applyDecorations (src/ui/FileHighlighter.ts:121:17)

  console.log
    Highlighting files: [ 'test/config.js' ]

      at FileHighlighter.applyDecorations (src/ui/FileHighlighter.ts:119:17)

  console.log
    Clearing all file highlights

      at FileHighlighter.applyDecorations (src/ui/FileHighlighter.ts:121:17)

  console.log
    Clearing all file highlights

      at FileHighlighter.applyDecorations (src/ui/FileHighlighter.ts:121:17)

  console.log
    Highlighting files: [ 'app/utils.go', 'src/index.js' ]

      at FileHighlighter.applyDecorations (src/ui/FileHighlighter.ts:119:17)

  console.log
    Clearing all file highlights

      at FileHighlighter.applyDecorations (src/ui/FileHighlighter.ts:121:17)

  console.log
    Clearing all file highlights

      at FileHighlighter.applyDecorations (src/ui/FileHighlighter.ts:121:17)

  console.log
    Highlighting files: [ 'components/main.ts', 'src/utils.go', 'components/utils.java' ]

      at FileHighlighter.applyDecorations (src/ui/FileHighlighter.ts:119:17)

  console.log
    Clearing all file highlights

      at FileHighlighter.applyDecorations (src/ui/FileHighlighter.ts:121:17)

  console.log
    Clearing all file highlights

      at FileHighlighter.applyDecorations (src/ui/FileHighlighter.ts:121:17)

  console.log
    Highlighting files: [ 'lib/config.java' ]

      at FileHighlighter.applyDecorations (src/ui/FileHighlighter.ts:119:17)

  console.log
    Clearing all file highlights

      at FileHighlighter.applyDecorations (src/ui/FileHighlighter.ts:121:17)

  console.log
    Clearing all file highlights

      at FileHighlighter.applyDecorations (src/ui/FileHighlighter.ts:121:17)

  console.log
    Highlighting files: [ 'test/main.java' ]

      at FileHighlighter.applyDecorations (src/ui/FileHighlighter.ts:119:17)

  console.log
    Clearing all file highlights

      at FileHighlighter.applyDecorations (src/ui/FileHighlighter.ts:121:17)

  console.log
    Clearing all file highlights

      at FileHighlighter.applyDecorations (src/ui/FileHighlighter.ts:121:17)

  console.log
    Highlighting files: [ 'test/config.go', 'lib/config.go' ]

      at FileHighlighter.applyDecorations (src/ui/FileHighlighter.ts:119:17)

  console.log
    Clearing all file highlights

      at FileHighlighter.applyDecorations (src/ui/FileHighlighter.ts:121:17)

  console.log
    Clearing all file highlights

      at FileHighlighter.applyDecorations (src/ui/FileHighlighter.ts:121:17)

  console.log
    Highlighting files: [
      'app/index.py',
      'test/helpers.py',
      'lib/helpers.ts',
      'src/main.java',
      'test/helpers.go'
    ]

      at FileHighlighter.applyDecorations (src/ui/FileHighlighter.ts:119:17)

  console.log
    Clearing all file highlights

      at FileHighlighter.applyDecorations (src/ui/FileHighlighter.ts:121:17)

  console.log
    Clearing all file highlights

      at FileHighlighter.applyDecorations (src/ui/FileHighlighter.ts:121:17)

  console.log
    Highlighting files: [ 'components/config.js', 'src/index.go', 'src/utils.js' ]

      at FileHighlighter.applyDecorations (src/ui/FileHighlighter.ts:119:17)

  console.log
    Clearing all file highlights

      at FileHighlighter.applyDecorations (src/ui/FileHighlighter.ts:121:17)

  console.log
    Clearing all file highlights

      at FileHighlighter.applyDecorations (src/ui/FileHighlighter.ts:121:17)

  console.log
    Highlighting files: [
      'lib/config.java',
      'app/config.ts',
      'components/utils.go',
      'test/utils.ts',
      'components/main.js'
    ]

      at FileHighlighter.applyDecorations (src/ui/FileHighlighter.ts:119:17)

  console.log
    Clearing all file highlights

      at FileHighlighter.applyDecorations (src/ui/FileHighlighter.ts:121:17)

  console.log
    Clearing all file highlights

      at FileHighlighter.applyDecorations (src/ui/FileHighlighter.ts:121:17)

  console.log
    Highlighting files: [
      'test/utils.js',
      'app/utils.ts',
      'components/config.go',
      'src/utils.js',
      'src/index.ts'
    ]

      at FileHighlighter.applyDecorations (src/ui/FileHighlighter.ts:119:17)

  console.log
    Clearing all file highlights

      at FileHighlighter.applyDecorations (src/ui/FileHighlighter.ts:121:17)

  console.log
    Clearing all file highlights

      at FileHighlighter.applyDecorations (src/ui/FileHighlighter.ts:121:17)

  console.log
    Highlighting files: [
      'app/main.go',
      'lib/helpers.ts',
      'src/utils.js',
      'src/config.js',
      'src/utils.java'
    ]

      at FileHighlighter.applyDecorations (src/ui/FileHighlighter.ts:119:17)

  console.log
    Clearing all file highlights

      at FileHighlighter.applyDecorations (src/ui/FileHighlighter.ts:121:17)

  console.log
    Clearing all file highlights

      at FileHighlighter.applyDecorations (src/ui/FileHighlighter.ts:121:17)

  console.log
    Highlighting files: [
      'src/helpers.go',
      'lib/main.py',
      'components/main.py',
      'src/index.ts',
      'app/main.js'
    ]

      at FileHighlighter.applyDecorations (src/ui/FileHighlighter.ts:119:17)

  console.log
    Clearing all file highlights

      at FileHighlighter.applyDecorations (src/ui/FileHighlighter.ts:121:17)

  console.log
    Clearing all file highlights

      at FileHighlighter.applyDecorations (src/ui/FileHighlighter.ts:121:17)

  console.log
    Highlighting files: [ 'src/config.py', 'app/main.ts', 'src/helpers.ts', 'test/main.js' ]

      at FileHighlighter.applyDecorations (src/ui/FileHighlighter.ts:119:17)

  console.log
    Clearing all file highlights

      at FileHighlighter.applyDecorations (src/ui/FileHighlighter.ts:121:17)

  console.log
    Clearing all file highlights

      at FileHighlighter.applyDecorations (src/ui/FileHighlighter.ts:121:17)

  console.log
    Highlighting files: [ 'components/main.py', 'test/index.go', 'src/main.js' ]

      at FileHighlighter.applyDecorations (src/ui/FileHighlighter.ts:119:17)

  console.log
    Clearing all file highlights

      at FileHighlighter.applyDecorations (src/ui/FileHighlighter.ts:121:17)

  console.log
    Clearing all file highlights

      at FileHighlighter.applyDecorations (src/ui/FileHighlighter.ts:121:17)

  console.log
    Highlighting files: [
      'lib/utils.py',
      'components/helpers.js',
      'components/config.java',
      'test/helpers.go'
    ]

      at FileHighlighter.applyDecorations (src/ui/FileHighlighter.ts:119:17)

  console.log
    Clearing all file highlights

      at FileHighlighter.applyDecorations (src/ui/FileHighlighter.ts:121:17)

  console.log
    Clearing all file highlights

      at FileHighlighter.applyDecorations (src/ui/FileHighlighter.ts:121:17)

  console.log
    Highlighting files: [ 'app/config.py' ]

      at FileHighlighter.applyDecorations (src/ui/FileHighlighter.ts:119:17)

  console.log
    Clearing all file highlights

      at FileHighlighter.applyDecorations (src/ui/FileHighlighter.ts:121:17)

  console.log
    Clearing all file highlights

      at FileHighlighter.applyDecorations (src/ui/FileHighlighter.ts:121:17)

  console.log
    Highlighting files: [ 'app/main.java' ]

      at FileHighlighter.applyDecorations (src/ui/FileHighlighter.ts:119:17)

  console.log
    Clearing all file highlights

      at FileHighlighter.applyDecorations (src/ui/FileHighlighter.ts:121:17)

  console.log
    Clearing all file highlights

      at FileHighlighter.applyDecorations (src/ui/FileHighlighter.ts:121:17)

  console.log
    Highlighting files: [ 'src/main.js', 'src/helpers.js' ]

      at FileHighlighter.applyDecorations (src/ui/FileHighlighter.ts:119:17)

  console.log
    Clearing all file highlights

      at FileHighlighter.applyDecorations (src/ui/FileHighlighter.ts:121:17)

  console.log
    Clearing all file highlights

      at FileHighlighter.applyDecorations (src/ui/FileHighlighter.ts:121:17)

  console.log
    Highlighting files: [
      'test/helpers.py',
      'components/helpers.go',
      'src/utils.py',
      'lib/helpers.ts'
    ]

      at FileHighlighter.applyDecorations (src/ui/FileHighlighter.ts:119:17)

  console.log
    Clearing all file highlights

      at FileHighlighter.applyDecorations (src/ui/FileHighlighter.ts:121:17)

  console.log
    Clearing all file highlights

      at FileHighlighter.applyDecorations (src/ui/FileHighlighter.ts:121:17)

  console.log
    Highlighting files: [ 'app/main.js', 'src/index.java', 'src/index.js' ]

      at FileHighlighter.applyDecorations (src/ui/FileHighlighter.ts:119:17)

  console.log
    Clearing all file highlights

      at FileHighlighter.applyDecorations (src/ui/FileHighlighter.ts:121:17)

  console.log
    Clearing all file highlights

      at FileHighlighter.applyDecorations (src/ui/FileHighlighter.ts:121:17)

  console.log
    Highlighting files: [
      'components/config.py',
      'app/config.go',
      'test/config.java',
      'test/main.js'
    ]

      at FileHighlighter.applyDecorations (src/ui/FileHighlighter.ts:119:17)

  console.log
    Clearing all file highlights

      at FileHighlighter.applyDecorations (src/ui/FileHighlighter.ts:121:17)

  console.log
    Clearing all file highlights

      at FileHighlighter.applyDecorations (src/ui/FileHighlighter.ts:121:17)

  console.log
    Highlighting files: [ 'src/index.py' ]

      at FileHighlighter.applyDecorations (src/ui/FileHighlighter.ts:119:17)

  console.log
    Clearing all file highlights

      at FileHighlighter.applyDecorations (src/ui/FileHighlighter.ts:121:17)

  console.log
    Clearing all file highlights

      at FileHighlighter.applyDecorations (src/ui/FileHighlighter.ts:121:17)

  console.log
    Highlighting files: [ 'components/config.go' ]

      at FileHighlighter.applyDecorations (src/ui/FileHighlighter.ts:119:17)

  console.log
    Clearing all file highlights

      at FileHighlighter.applyDecorations (src/ui/FileHighlighter.ts:121:17)

  console.log
    Clearing all file highlights

      at FileHighlighter.applyDecorations (src/ui/FileHighlighter.ts:121:17)

  console.log
    Highlighting files: [ 'app/index.go', 'lib/utils.js' ]

      at FileHighlighter.applyDecorations (src/ui/FileHighlighter.ts:119:17)

  console.log
    Clearing all file highlights

      at FileHighlighter.applyDecorations (src/ui/FileHighlighter.ts:121:17)

  console.log
    Clearing all file highlights

      at FileHighlighter.applyDecorations (src/ui/FileHighlighter.ts:121:17)

  console.log
    Highlighting files: [
      'components/config.py',
      'test/config.go',
      'lib/helpers.py',
      'app/utils.java'
    ]

      at FileHighlighter.applyDecorations (src/ui/FileHighlighter.ts:119:17)

  console.log
    Clearing all file highlights

      at FileHighlighter.applyDecorations (src/ui/FileHighlighter.ts:121:17)

  console.log
    Clearing all file highlights

      at FileHighlighter.applyDecorations (src/ui/FileHighlighter.ts:121:17)

  console.log
    Highlighting files: [ 'lib/index.ts', 'src/helpers.py' ]

      at FileHighlighter.applyDecorations (src/ui/FileHighlighter.ts:119:17)

  console.log
    Clearing all file highlights

      at FileHighlighter.applyDecorations (src/ui/FileHighlighter.ts:121:17)

  console.log
    Clearing all file highlights

      at FileHighlighter.applyDecorations (src/ui/FileHighlighter.ts:121:17)

  console.log
    Highlighting files: [
      'components/helpers.java',
      'lib/utils.js',
      'components/index.js',
      'lib/config.js'
    ]

      at FileHighlighter.applyDecorations (src/ui/FileHighlighter.ts:119:17)

  console.log
    Clearing all file highlights

      at FileHighlighter.applyDecorations (src/ui/FileHighlighter.ts:121:17)

  console.log
    Clearing all file highlights

      at FileHighlighter.applyDecorations (src/ui/FileHighlighter.ts:121:17)

  console.log
    Highlighting files: [
      'src/main.ts',
      'src/main.go',
      'app/index.js',
      'test/helpers.py',
      'test/utils.java'
    ]

      at FileHighlighter.applyDecorations (src/ui/FileHighlighter.ts:119:17)

  console.log
    Clearing all file highlights

      at FileHighlighter.applyDecorations (src/ui/FileHighlighter.ts:121:17)

  console.log
    Clearing all file highlights

      at FileHighlighter.applyDecorations (src/ui/FileHighlighter.ts:121:17)

  console.log
    Highlighting files: [ 'app/helpers.js', 'lib/helpers.go' ]

      at FileHighlighter.applyDecorations (src/ui/FileHighlighter.ts:119:17)

  console.log
    Clearing all file highlights

      at FileHighlighter.applyDecorations (src/ui/FileHighlighter.ts:121:17)

  console.log
    Clearing all file highlights

      at FileHighlighter.applyDecorations (src/ui/FileHighlighter.ts:121:17)

  console.log
    Highlighting files: [
      'components/index.py',
      'lib/main.py',
      'components/index.java',
      'app/helpers.go'
    ]

      at FileHighlighter.applyDecorations (src/ui/FileHighlighter.ts:119:17)

  console.log
    Clearing all file highlights

      at FileHighlighter.applyDecorations (src/ui/FileHighlighter.ts:121:17)

  console.log
    Clearing all file highlights

      at FileHighlighter.applyDecorations (src/ui/FileHighlighter.ts:121:17)

  console.log
    Highlighting files: [ 'app/index.py', 'lib/main.py' ]

      at FileHighlighter.applyDecorations (src/ui/FileHighlighter.ts:119:17)

  console.log
    Clearing all file highlights

      at FileHighlighter.applyDecorations (src/ui/FileHighlighter.ts:121:17)

  console.log
    Clearing all file highlights

      at FileHighlighter.applyDecorations (src/ui/FileHighlighter.ts:121:17)

  console.log
    Highlighting files: [ 'test/utils.ts', 'src/config.go' ]

      at FileHighlighter.applyDecorations (src/ui/FileHighlighter.ts:119:17)

  console.log
    Clearing all file highlights

      at FileHighlighter.applyDecorations (src/ui/FileHighlighter.ts:121:17)

  console.log
    Clearing all file highlights

      at FileHighlighter.applyDecorations (src/ui/FileHighlighter.ts:121:17)

  console.log
    Highlighting files: [ 'test/utils.go', 'app/utils.java' ]

      at FileHighlighter.applyDecorations (src/ui/FileHighlighter.ts:119:17)

  console.log
    Clearing all file highlights

      at FileHighlighter.applyDecorations (src/ui/FileHighlighter.ts:121:17)

  console.log
    Clearing all file highlights

      at FileHighlighter.applyDecorations (src/ui/FileHighlighter.ts:121:17)

  console.log
    Highlighting files: [ 'lib/main.java', 'components/config.ts', 'app/utils.go' ]

      at FileHighlighter.applyDecorations (src/ui/FileHighlighter.ts:119:17)

  console.log
    Clearing all file highlights

      at FileHighlighter.applyDecorations (src/ui/FileHighlighter.ts:121:17)

  console.log
    Clearing all file highlights

      at FileHighlighter.applyDecorations (src/ui/FileHighlighter.ts:121:17)

  console.log
    Highlighting files: [
      'components/config.go',
      'test/utils.js',
      'components/helpers.py',
      'lib/helpers.py',
      'components/utils.java'
    ]

      at FileHighlighter.applyDecorations (src/ui/FileHighlighter.ts:119:17)

  console.log
    Clearing all file highlights

      at FileHighlighter.applyDecorations (src/ui/FileHighlighter.ts:121:17)

  console.log
    Clearing all file highlights

      at FileHighlighter.applyDecorations (src/ui/FileHighlighter.ts:121:17)

  console.log
    Highlighting files: [ 'app/utils.go', 'test/main.py', 'app/index.java', 'test/index.py' ]

      at FileHighlighter.applyDecorations (src/ui/FileHighlighter.ts:119:17)

  console.log
    Clearing all file highlights

      at FileHighlighter.applyDecorations (src/ui/FileHighlighter.ts:121:17)

  console.log
    Clearing all file highlights

      at FileHighlighter.applyDecorations (src/ui/FileHighlighter.ts:121:17)

  console.log
    Highlighting files: [ 'app/helpers.py', 'lib/main.js', 'app/utils.js', 'lib/utils.java' ]

      at FileHighlighter.applyDecorations (src/ui/FileHighlighter.ts:119:17)

  console.log
    Clearing all file highlights

      at FileHighlighter.applyDecorations (src/ui/FileHighlighter.ts:121:17)

  console.log
    Clearing all file highlights

      at FileHighlighter.applyDecorations (src/ui/FileHighlighter.ts:121:17)

  console.log
    Highlighting files: [ 'src/utils.java', 'test/config.py', 'components/main.ts' ]

      at FileHighlighter.applyDecorations (src/ui/FileHighlighter.ts:119:17)

  console.log
    Clearing all file highlights

      at FileHighlighter.applyDecorations (src/ui/FileHighlighter.ts:121:17)

  console.log
    Clearing all file highlights

      at FileHighlighter.applyDecorations (src/ui/FileHighlighter.ts:121:17)

  console.log
    Highlighting files: [ 'components/main.js', 'test/helpers.java', 'test/main.py' ]

      at FileHighlighter.applyDecorations (src/ui/FileHighlighter.ts:119:17)

  console.log
    Clearing all file highlights

      at FileHighlighter.applyDecorations (src/ui/FileHighlighter.ts:121:17)

  console.log
    Clearing all file highlights

      at FileHighlighter.applyDecorations (src/ui/FileHighlighter.ts:121:17)

  console.log
    Highlighting files: [ 'components/main.py', 'app/helpers.py' ]

      at FileHighlighter.applyDecorations (src/ui/FileHighlighter.ts:119:17)

  console.log
    Clearing all file highlights

      at FileHighlighter.applyDecorations (src/ui/FileHighlighter.ts:121:17)

  console.log
    Clearing all file highlights

      at FileHighlighter.applyDecorations (src/ui/FileHighlighter.ts:121:17)

  console.log
    Highlighting files: [ 'lib/utils.ts', 'app/helpers.go', 'app/config.js' ]

      at FileHighlighter.applyDecorations (src/ui/FileHighlighter.ts:119:17)

  console.log
    Clearing all file highlights

      at FileHighlighter.applyDecorations (src/ui/FileHighlighter.ts:121:17)

  console.log
    Clearing all file highlights

      at FileHighlighter.applyDecorations (src/ui/FileHighlighter.ts:121:17)

  console.log
    Highlighting files: [ 'test/index.ts', 'components/index.go' ]

      at FileHighlighter.applyDecorations (src/ui/FileHighlighter.ts:119:17)

  console.log
    Clearing all file highlights

      at FileHighlighter.applyDecorations (src/ui/FileHighlighter.ts:121:17)

  console.log
    Clearing all file highlights

      at FileHighlighter.applyDecorations (src/ui/FileHighlighter.ts:121:17)

  console.log
    Highlighting files: [ 'lib/index.py' ]

      at FileHighlighter.applyDecorations (src/ui/FileHighlighter.ts:119:17)

  console.log
    Clearing all file highlights

      at FileHighlighter.applyDecorations (src/ui/FileHighlighter.ts:121:17)

  console.log
    Clearing all file highlights

      at FileHighlighter.applyDecorations (src/ui/FileHighlighter.ts:121:17)

  console.log
    Highlighting files: [ 'lib/helpers.js' ]

      at FileHighlighter.applyDecorations (src/ui/FileHighlighter.ts:119:17)

  console.log
    Clearing all file highlights

      at FileHighlighter.applyDecorations (src/ui/FileHighlighter.ts:121:17)

  console.log
    Clearing all file highlights

      at FileHighlighter.applyDecorations (src/ui/FileHighlighter.ts:121:17)

  console.log
    Highlighting files: [ 'lib/index.go', 'app/index.go' ]

      at FileHighlighter.applyDecorations (src/ui/FileHighlighter.ts:119:17)

  console.log
    Clearing all file highlights

      at FileHighlighter.applyDecorations (src/ui/FileHighlighter.ts:121:17)

  console.log
    Clearing all file highlights

      at FileHighlighter.applyDecorations (src/ui/FileHighlighter.ts:121:17)

  console.log
    Highlighting files: [
      'components/main.go',
      'src/config.py',
      'test/index.py',
      'app/main.py',
      'components/config.js'
    ]

      at FileHighlighter.applyDecorations (src/ui/FileHighlighter.ts:119:17)

  console.log
    Clearing all file highlights

      at FileHighlighter.applyDecorations (src/ui/FileHighlighter.ts:121:17)

  console.log
    Clearing all file highlights

      at FileHighlighter.applyDecorations (src/ui/FileHighlighter.ts:121:17)

  console.log
    Highlighting files: [
      'test/index.ts',
      'lib/config.java',
      'src/helpers.java',
      'components/config.go'
    ]

      at FileHighlighter.applyDecorations (src/ui/FileHighlighter.ts:119:17)

  console.log
    Clearing all file highlights

      at FileHighlighter.applyDecorations (src/ui/FileHighlighter.ts:121:17)

  console.log
    Clearing all file highlights

      at FileHighlighter.applyDecorations (src/ui/FileHighlighter.ts:121:17)

  console.log
    Highlighting files: [
      'src/config.java',
      'components/config.js',
      'components/utils.js',
      'components/index.ts'
    ]

      at FileHighlighter.applyDecorations (src/ui/FileHighlighter.ts:119:17)

  console.log
    Clearing all file highlights

      at FileHighlighter.applyDecorations (src/ui/FileHighlighter.ts:121:17)

  console.log
    Clearing all file highlights

      at FileHighlighter.applyDecorations (src/ui/FileHighlighter.ts:121:17)

  console.log
    Highlighting files: [ 'lib/utils.js' ]

      at FileHighlighter.applyDecorations (src/ui/FileHighlighter.ts:119:17)

  console.log
    Clearing all file highlights

      at FileHighlighter.applyDecorations (src/ui/FileHighlighter.ts:121:17)

  console.log
    Clearing all file highlights

      at FileHighlighter.applyDecorations (src/ui/FileHighlighter.ts:121:17)

  console.log
    Highlighting files: [ 'lib/main.java' ]

      at FileHighlighter.applyDecorations (src/ui/FileHighlighter.ts:119:17)

  console.log
    Clearing all file highlights

      at FileHighlighter.applyDecorations (src/ui/FileHighlighter.ts:121:17)

  console.log
    Clearing all file highlights

      at FileHighlighter.applyDecorations (src/ui/FileHighlighter.ts:121:17)

  console.log
    Highlighting files: [ 'app/utils.js', 'components/main.ts', 'src/main.py' ]

      at FileHighlighter.applyDecorations (src/ui/FileHighlighter.ts:119:17)

  console.log
    Clearing all file highlights

      at FileHighlighter.applyDecorations (src/ui/FileHighlighter.ts:121:17)

  console.log
    Clearing all file highlights

      at FileHighlighter.applyDecorations (src/ui/FileHighlighter.ts:121:17)

  console.log
    Highlighting files: [
      'lib/main.js',
      'components/main.go',
      'test/utils.go',
      'lib/helpers.go'
    ]

      at FileHighlighter.applyDecorations (src/ui/FileHighlighter.ts:119:17)

  console.log
    Clearing all file highlights

      at FileHighlighter.applyDecorations (src/ui/FileHighlighter.ts:121:17)

  console.log
    Clearing all file highlights

      at FileHighlighter.applyDecorations (src/ui/FileHighlighter.ts:121:17)

  console.log
    Highlighting files: [ 'test/utils.java' ]

      at FileHighlighter.applyDecorations (src/ui/FileHighlighter.ts:119:17)

  console.log
    Clearing all file highlights

      at FileHighlighter.applyDecorations (src/ui/FileHighlighter.ts:121:17)

  console.log
    Clearing all file highlights

      at FileHighlighter.applyDecorations (src/ui/FileHighlighter.ts:121:17)

  console.log
    Highlighting files: [ 'test/index.py', 'components/main.ts' ]

      at FileHighlighter.applyDecorations (src/ui/FileHighlighter.ts:119:17)

  console.log
    Clearing all file highlights

      at FileHighlighter.applyDecorations (src/ui/FileHighlighter.ts:121:17)

  console.log
    Clearing all file highlights

      at FileHighlighter.applyDecorations (src/ui/FileHighlighter.ts:121:17)

  console.log
    Highlighting files: [ 'lib/index.py', 'src/index.go', 'src/config.js' ]

      at FileHighlighter.applyDecorations (src/ui/FileHighlighter.ts:119:17)

  console.log
    Clearing all file highlights

      at FileHighlighter.applyDecorations (src/ui/FileHighlighter.ts:121:17)

  console.log
    Clearing all file highlights

      at FileHighlighter.applyDecorations (src/ui/FileHighlighter.ts:121:17)

  console.log
    Highlighting files: [
      'test/utils.java',
      'app/config.java',
      'src/index.go',
      'test/helpers.js'
    ]

      at FileHighlighter.applyDecorations (src/ui/FileHighlighter.ts:119:17)

  console.log
    Clearing all file highlights

      at FileHighlighter.applyDecorations (src/ui/FileHighlighter.ts:121:17)

  console.log
    Clearing all file highlights

      at FileHighlighter.applyDecorations (src/ui/FileHighlighter.ts:121:17)

  console.log
    Highlighting files: [ 'app/helpers.ts', 'src/index.js', 'src/index.go', 'src/index.ts' ]

      at FileHighlighter.applyDecorations (src/ui/FileHighlighter.ts:119:17)

  console.log
    Clearing all file highlights

      at FileHighlighter.applyDecorations (src/ui/FileHighlighter.ts:121:17)

  console.log
    Clearing all file highlights

      at FileHighlighter.applyDecorations (src/ui/FileHighlighter.ts:121:17)

  console.log
    Highlighting files: [ 'test/helpers.go' ]

      at FileHighlighter.applyDecorations (src/ui/FileHighlighter.ts:119:17)

  console.log
    Clearing all file highlights

      at FileHighlighter.applyDecorations (src/ui/FileHighlighter.ts:121:17)

  console.log
    Clearing all file highlights

      at FileHighlighter.applyDecorations (src/ui/FileHighlighter.ts:121:17)

  console.log
    Highlighting files: [ 'lib/helpers.js' ]

      at FileHighlighter.applyDecorations (src/ui/FileHighlighter.ts:119:17)

  console.log
    Clearing all file highlights

      at FileHighlighter.applyDecorations (src/ui/FileHighlighter.ts:121:17)

  console.log
    Clearing all file highlights

      at FileHighlighter.applyDecorations (src/ui/FileHighlighter.ts:121:17)

  console.log
    Highlighting files: [ 'src/main.ts', 'app/config.go', 'app/config.js' ]

      at FileHighlighter.applyDecorations (src/ui/FileHighlighter.ts:119:17)

  console.log
    Clearing all file highlights

      at FileHighlighter.applyDecorations (src/ui/FileHighlighter.ts:121:17)

  console.log
    Clearing all file highlights

      at FileHighlighter.applyDecorations (src/ui/FileHighlighter.ts:121:17)

  console.log
    Highlighting files: [ 'test/config.js' ]

      at FileHighlighter.applyDecorations (src/ui/FileHighlighter.ts:119:17)

  console.log
    Clearing all file highlights

      at FileHighlighter.applyDecorations (src/ui/FileHighlighter.ts:121:17)

  console.log
    Clearing all file highlights

      at FileHighlighter.applyDecorations (src/ui/FileHighlighter.ts:121:17)

  console.log
    Highlighting files: [ 'components/utils.py' ]

      at FileHighlighter.applyDecorations (src/ui/FileHighlighter.ts:119:17)

  console.log
    Clearing all file highlights

      at FileHighlighter.applyDecorations (src/ui/FileHighlighter.ts:121:17)

  console.log
    Clearing all file highlights

      at FileHighlighter.applyDecorations (src/ui/FileHighlighter.ts:121:17)

  console.log
    Highlighting files: [
      'test/main.java',
      'components/helpers.ts',
      'src/helpers.py',
      'app/utils.java',
      'app/index.go'
    ]

      at FileHighlighter.applyDecorations (src/ui/FileHighlighter.ts:119:17)

  console.log
    Clearing all file highlights

      at FileHighlighter.applyDecorations (src/ui/FileHighlighter.ts:121:17)

  console.log
    Clearing all file highlights

      at FileHighlighter.applyDecorations (src/ui/FileHighlighter.ts:121:17)

  console.log
    Highlighting files: [
      'test/index.ts',
      'app/helpers.ts',
      'components/main.ts',
      'lib/main.java',
      'components/utils.go'
    ]

      at FileHighlighter.applyDecorations (src/ui/FileHighlighter.ts:119:17)

  console.log
    Clearing all file highlights

      at FileHighlighter.applyDecorations (src/ui/FileHighlighter.ts:121:17)

  console.log
    Clearing all file highlights

      at FileHighlighter.applyDecorations (src/ui/FileHighlighter.ts:121:17)

  console.log
    Highlighting files: [ 'components/config.js' ]

      at FileHighlighter.applyDecorations (src/ui/FileHighlighter.ts:119:17)

  console.log
    Clearing all file highlights

      at FileHighlighter.applyDecorations (src/ui/FileHighlighter.ts:121:17)

  console.log
    Clearing all file highlights

      at FileHighlighter.applyDecorations (src/ui/FileHighlighter.ts:121:17)

  console.log
    Highlighting files: [
      'lib/config.java',
      'lib/config.ts',
      'components/utils.ts',
      'test/utils.go',
      'app/config.ts'
    ]

      at FileHighlighter.applyDecorations (src/ui/FileHighlighter.ts:119:17)

  console.log
    Clearing all file highlights

      at FileHighlighter.applyDecorations (src/ui/FileHighlighter.ts:121:17)

  console.log
    Clearing all file highlights

      at FileHighlighter.applyDecorations (src/ui/FileHighlighter.ts:121:17)

  console.log
    Highlighting files: [
      'components/utils.go',
      'components/utils.py',
      'test/utils.go',
      'src/utils.js'
    ]

      at FileHighlighter.applyDecorations (src/ui/FileHighlighter.ts:119:17)

  console.log
    Clearing all file highlights

      at FileHighlighter.applyDecorations (src/ui/FileHighlighter.ts:121:17)

  console.log
    Clearing all file highlights

      at FileHighlighter.applyDecorations (src/ui/FileHighlighter.ts:121:17)

  console.log
    Highlighting files: [ 'app/main.js', 'test/main.py' ]

      at FileHighlighter.applyDecorations (src/ui/FileHighlighter.ts:119:17)

  console.log
    Clearing all file highlights

      at FileHighlighter.applyDecorations (src/ui/FileHighlighter.ts:121:17)

  console.log
    Clearing all file highlights

      at FileHighlighter.applyDecorations (src/ui/FileHighlighter.ts:121:17)

  console.log
    Highlighting files: [ 'lib/helpers.py', 'components/config.go', 'components/utils.ts' ]

      at FileHighlighter.applyDecorations (src/ui/FileHighlighter.ts:119:17)

  console.log
    Clearing all file highlights

      at FileHighlighter.applyDecorations (src/ui/FileHighlighter.ts:121:17)

  console.log
    Clearing all file highlights

      at FileHighlighter.applyDecorations (src/ui/FileHighlighter.ts:121:17)

  console.log
    Highlighting files: [
      'src/index.py',
      'test/utils.js',
      'test/config.ts',
      'test/utils.go',
      'lib/helpers.ts'
    ]

      at FileHighlighter.applyDecorations (src/ui/FileHighlighter.ts:119:17)

  console.log
    Clearing all file highlights

      at FileHighlighter.applyDecorations (src/ui/FileHighlighter.ts:121:17)

  console.log
    Clearing all file highlights

      at FileHighlighter.applyDecorations (src/ui/FileHighlighter.ts:121:17)

  console.log
    Highlighting files: [ 'src/main.js', 'lib/main.py', 'lib/helpers.go', 'src/utils.ts' ]

      at FileHighlighter.applyDecorations (src/ui/FileHighlighter.ts:119:17)

  console.log
    Clearing all file highlights

      at FileHighlighter.applyDecorations (src/ui/FileHighlighter.ts:121:17)

  console.log
    Clearing all file highlights

      at FileHighlighter.applyDecorations (src/ui/FileHighlighter.ts:121:17)

  console.log
    Highlighting files: [ 'test/utils.java', 'app/utils.ts', 'src/config.ts', 'app/utils.go' ]

      at FileHighlighter.applyDecorations (src/ui/FileHighlighter.ts:119:17)

  console.log
    Clearing all file highlights

      at FileHighlighter.applyDecorations (src/ui/FileHighlighter.ts:121:17)

  console.log
    Clearing all file highlights

      at FileHighlighter.applyDecorations (src/ui/FileHighlighter.ts:121:17)

  console.log
    Highlighting files: [ 'app/main.ts', 'lib/index.js' ]

      at FileHighlighter.applyDecorations (src/ui/FileHighlighter.ts:119:17)

  console.log
    Clearing all file highlights

      at FileHighlighter.applyDecorations (src/ui/FileHighlighter.ts:121:17)

  console.log
    Clearing all file highlights

      at FileHighlighter.applyDecorations (src/ui/FileHighlighter.ts:121:17)

  console.log
    Highlighting files: [ 'app/utils.py' ]

      at FileHighlighter.applyDecorations (src/ui/FileHighlighter.ts:119:17)

  console.log
    Clearing all file highlights

      at FileHighlighter.applyDecorations (src/ui/FileHighlighter.ts:121:17)

  console.log
    Clearing all file highlights

      at FileHighlighter.applyDecorations (src/ui/FileHighlighter.ts:121:17)

  console.log
    Highlighting files: [
      'lib/index.java',
      'components/index.py',
      'test/main.go',
      'test/helpers.js'
    ]

      at FileHighlighter.applyDecorations (src/ui/FileHighlighter.ts:119:17)

  console.log
    Clearing all file highlights

      at FileHighlighter.applyDecorations (src/ui/FileHighlighter.ts:121:17)

  console.log
    Clearing all file highlights

      at FileHighlighter.applyDecorations (src/ui/FileHighlighter.ts:121:17)

  console.log
    Highlighting files: [ 'app/utils.go', 'lib/helpers.ts' ]

      at FileHighlighter.applyDecorations (src/ui/FileHighlighter.ts:119:17)

  console.log
    Clearing all file highlights

      at FileHighlighter.applyDecorations (src/ui/FileHighlighter.ts:121:17)

  console.log
    Clearing all file highlights

      at FileHighlighter.applyDecorations (src/ui/FileHighlighter.ts:121:17)

  console.log
    Highlighting files: [
      'test/helpers.go',
      'components/index.js',
      'src/utils.ts',
      'components/main.js'
    ]

      at FileHighlighter.applyDecorations (src/ui/FileHighlighter.ts:119:17)

  console.log
    Clearing all file highlights

      at FileHighlighter.applyDecorations (src/ui/FileHighlighter.ts:121:17)

  console.log
    Clearing all file highlights

      at FileHighlighter.applyDecorations (src/ui/FileHighlighter.ts:121:17)

  console.log
    Highlighting files: [
      'test/helpers.ts',
      'test/config.go',
      'lib/main.java',
      'components/helpers.ts'
    ]

      at FileHighlighter.applyDecorations (src/ui/FileHighlighter.ts:119:17)

  console.log
    Clearing all file highlights

      at FileHighlighter.applyDecorations (src/ui/FileHighlighter.ts:121:17)

  console.log
    Clearing all file highlights

      at FileHighlighter.applyDecorations (src/ui/FileHighlighter.ts:121:17)

  console.log
    Highlighting files: [ 'lib/config.py' ]

      at FileHighlighter.applyDecorations (src/ui/FileHighlighter.ts:119:17)

  console.log
    Clearing all file highlights

      at FileHighlighter.applyDecorations (src/ui/FileHighlighter.ts:121:17)

  console.log
    Clearing all file highlights

      at FileHighlighter.applyDecorations (src/ui/FileHighlighter.ts:121:17)

  console.log
    Highlighting files: [
      'app/config.ts',
      'lib/config.java',
      'src/helpers.py',
      'app/main.js',
      'lib/config.js'
    ]

      at FileHighlighter.applyDecorations (src/ui/FileHighlighter.ts:119:17)

  console.log
    Clearing all file highlights

      at FileHighlighter.applyDecorations (src/ui/FileHighlighter.ts:121:17)

  console.log
    Clearing all file highlights

      at FileHighlighter.applyDecorations (src/ui/FileHighlighter.ts:121:17)

  console.log
    Highlighting files: [ 'components/helpers.py' ]

      at FileHighlighter.applyDecorations (src/ui/FileHighlighter.ts:119:17)

  console.log
    Clearing all file highlights

      at FileHighlighter.applyDecorations (src/ui/FileHighlighter.ts:121:17)

  console.log
    Clearing all file highlights

      at FileHighlighter.applyDecorations (src/ui/FileHighlighter.ts:121:17)

  console.log
    Highlighting files: [ 'components/main.py', 'components/main.java', 'lib/index.ts' ]

      at FileHighlighter.applyDecorations (src/ui/FileHighlighter.ts:119:17)

  console.log
    Clearing all file highlights

      at FileHighlighter.applyDecorations (src/ui/FileHighlighter.ts:121:17)

  console.log
    Clearing all file highlights

      at FileHighlighter.applyDecorations (src/ui/FileHighlighter.ts:121:17)

  console.log
    Highlighting files: [ 'app/config.py', 'lib/index.js', 'lib/helpers.java', 'src/main.ts' ]

      at FileHighlighter.applyDecorations (src/ui/FileHighlighter.ts:119:17)

  console.log
    Clearing all file highlights

      at FileHighlighter.applyDecorations (src/ui/FileHighlighter.ts:121:17)

  console.log
    Clearing all file highlights

      at FileHighlighter.applyDecorations (src/ui/FileHighlighter.ts:121:17)

  console.log
    Highlighting files: [ 'lib/index.js', 'test/config.go', 'test/utils.py' ]

      at FileHighlighter.applyDecorations (src/ui/FileHighlighter.ts:119:17)

  console.log
    Clearing all file highlights

      at FileHighlighter.applyDecorations (src/ui/FileHighlighter.ts:121:17)

  console.log
    Clearing all file highlights

      at FileHighlighter.applyDecorations (src/ui/FileHighlighter.ts:121:17)

  console.log
    Highlighting files: [
      'lib/utils.js',
      'lib/main.js',
      'app/index.go',
      'lib/utils.java',
      'src/helpers.go'
    ]

      at FileHighlighter.applyDecorations (src/ui/FileHighlighter.ts:119:17)

  console.log
    Clearing all file highlights

      at FileHighlighter.applyDecorations (src/ui/FileHighlighter.ts:121:17)

  console.log
    Clearing all file highlights

      at FileHighlighter.applyDecorations (src/ui/FileHighlighter.ts:121:17)

  console.log
    Highlighting files: [
      'components/index.py',
      'lib/config.java',
      'app/helpers.java',
      'app/config.go',
      'lib/index.ts'
    ]

      at FileHighlighter.applyDecorations (src/ui/FileHighlighter.ts:119:17)

  console.log
    Clearing all file highlights

      at FileHighlighter.applyDecorations (src/ui/FileHighlighter.ts:121:17)

  console.log
    Clearing all file highlights

      at FileHighlighter.applyDecorations (src/ui/FileHighlighter.ts:121:17)

  console.log
    Highlighting files: [ 'components/index.go', 'src/index.go', 'test/helpers.js' ]

      at FileHighlighter.applyDecorations (src/ui/FileHighlighter.ts:119:17)

  console.log
    Clearing all file highlights

      at FileHighlighter.applyDecorations (src/ui/FileHighlighter.ts:121:17)

  console.log
    Clearing all file highlights

      at FileHighlighter.applyDecorations (src/ui/FileHighlighter.ts:121:17)

  console.log
    Highlighting files: [
      'lib/config.go',
      'components/utils.go',
      'lib/main.java',
      'components/config.js',
      'src/helpers.py'
    ]

      at FileHighlighter.applyDecorations (src/ui/FileHighlighter.ts:119:17)

  console.log
    Clearing all file highlights

      at FileHighlighter.applyDecorations (src/ui/FileHighlighter.ts:121:17)

  console.log
    Clearing all file highlights

      at FileHighlighter.applyDecorations (src/ui/FileHighlighter.ts:121:17)

  console.log
    Highlighting files: [ 'lib/config.js', 'lib/helpers.java', 'src/utils.ts' ]

      at FileHighlighter.applyDecorations (src/ui/FileHighlighter.ts:119:17)

  console.log
    Clearing all file highlights

      at FileHighlighter.applyDecorations (src/ui/FileHighlighter.ts:121:17)

  console.log
    Clearing all file highlights

      at FileHighlighter.applyDecorations (src/ui/FileHighlighter.ts:121:17)

  console.log
    Highlighting files: [ 'components/index.ts', 'lib/index.js', 'app/main.go' ]

      at FileHighlighter.applyDecorations (src/ui/FileHighlighter.ts:119:17)

  console.log
    Clearing all file highlights

      at FileHighlighter.applyDecorations (src/ui/FileHighlighter.ts:121:17)

  console.log
    Clearing all file highlights

      at FileHighlighter.applyDecorations (src/ui/FileHighlighter.ts:121:17)

  console.log
    Highlighting files: [
      'lib/utils.go',
      'components/main.py',
      'test/config.go',
      'lib/helpers.py'
    ]

      at FileHighlighter.applyDecorations (src/ui/FileHighlighter.ts:119:17)

  console.log
    Clearing all file highlights

      at FileHighlighter.applyDecorations (src/ui/FileHighlighter.ts:121:17)

  console.log
    Clearing all file highlights

      at FileHighlighter.applyDecorations (src/ui/FileHighlighter.ts:121:17)

  console.log
    Highlighting files: [ 'lib/helpers.go', 'components/main.java', 'lib/helpers.js' ]

      at FileHighlighter.applyDecorations (src/ui/FileHighlighter.ts:119:17)

  console.log
    Clearing all file highlights

      at FileHighlighter.applyDecorations (src/ui/FileHighlighter.ts:121:17)

  console.log
    Clearing all file highlights

      at FileHighlighter.applyDecorations (src/ui/FileHighlighter.ts:121:17)

  console.log
    Highlighting files: [ 'test/main.go', 'src/index.py', 'src/main.js' ]

      at FileHighlighter.applyDecorations (src/ui/FileHighlighter.ts:119:17)

  console.log
    Clearing all file highlights

      at FileHighlighter.applyDecorations (src/ui/FileHighlighter.ts:121:17)

  console.log
    Clearing all file highlights

      at FileHighlighter.applyDecorations (src/ui/FileHighlighter.ts:121:17)

  console.log
    Highlighting files: [ 'test/config.java', 'components/main.go', 'test/index.go' ]

      at FileHighlighter.applyDecorations (src/ui/FileHighlighter.ts:119:17)

  console.log
    Clearing all file highlights

      at FileHighlighter.applyDecorations (src/ui/FileHighlighter.ts:121:17)

  console.log
    Clearing all file highlights

      at FileHighlighter.applyDecorations (src/ui/FileHighlighter.ts:121:17)

  console.log
    Highlighting files: [
      'lib/helpers.js',
      'lib/helpers.ts',
      'app/config.java',
      'components/index.java'
    ]

      at FileHighlighter.applyDecorations (src/ui/FileHighlighter.ts:119:17)

  console.log
    Clearing all file highlights

      at FileHighlighter.applyDecorations (src/ui/FileHighlighter.ts:121:17)

  console.log
    Clearing all file highlights

      at FileHighlighter.applyDecorations (src/ui/FileHighlighter.ts:121:17)

  console.log
    Highlighting files: [ 'test/config.java' ]

      at FileHighlighter.applyDecorations (src/ui/FileHighlighter.ts:119:17)

  console.log
    Clearing all file highlights

      at FileHighlighter.applyDecorations (src/ui/FileHighlighter.ts:121:17)

  console.log
    Clearing all file highlights

      at FileHighlighter.applyDecorations (src/ui/FileHighlighter.ts:121:17)

  console.log
    Highlighting files: [ 'test/index.go', 'src/main.py', 'test/index.py', 'test/helpers.go' ]

      at FileHighlighter.applyDecorations (src/ui/FileHighlighter.ts:119:17)

  console.log
    Clearing all file highlights

      at FileHighlighter.applyDecorations (src/ui/FileHighlighter.ts:121:17)

  console.log
    Clearing all file highlights

      at FileHighlighter.applyDecorations (src/ui/FileHighlighter.ts:121:17)

  console.log
    Highlighting files: [ 'components/index.js', 'components/utils.js', 'test/utils.js' ]

      at FileHighlighter.applyDecorations (src/ui/FileHighlighter.ts:119:17)

  console.log
    Clearing all file highlights

      at FileHighlighter.applyDecorations (src/ui/FileHighlighter.ts:121:17)

  console.log
    Clearing all file highlights

      at FileHighlighter.applyDecorations (src/ui/FileHighlighter.ts:121:17)

  console.log
    Highlighting files: [ 'lib/config.java' ]

      at FileHighlighter.applyDecorations (src/ui/FileHighlighter.ts:119:17)

  console.log
    Clearing all file highlights

      at FileHighlighter.applyDecorations (src/ui/FileHighlighter.ts:121:17)

  console.log
    Clearing all file highlights

      at FileHighlighter.applyDecorations (src/ui/FileHighlighter.ts:121:17)

  console.log
    Clearing all file highlights

      at FileHighlighter.applyDecorations (src/ui/FileHighlighter.ts:121:17)

  console.log
    Highlighting files: [ 'test/utils.java' ]

      at FileHighlighter.applyDecorations (src/ui/FileHighlighter.ts:119:17)

  console.log
    Clearing all file highlights

      at FileHighlighter.applyDecorations (src/ui/FileHighlighter.ts:121:17)

  console.log
    Highlighting files: [ 'lib/main.py', 'test/utils.ts', 'components/config.js' ]

      at FileHighlighter.applyDecorations (src/ui/FileHighlighter.ts:119:17)

  console.log
    Clearing all file highlights

      at FileHighlighter.applyDecorations (src/ui/FileHighlighter.ts:121:17)

  console.log
    Highlighting files: [ 'app/config.ts', 'test/config.js' ]

      at FileHighlighter.applyDecorations (src/ui/FileHighlighter.ts:119:17)

  console.log
    Clearing all file highlights

      at FileHighlighter.applyDecorations (src/ui/FileHighlighter.ts:121:17)

  console.log
    Highlighting files: [ 'lib/main.java', 'components/index.py' ]

      at FileHighlighter.applyDecorations (src/ui/FileHighlighter.ts:119:17)

  console.log
    Clearing all file highlights

      at FileHighlighter.applyDecorations (src/ui/FileHighlighter.ts:121:17)

  console.log
    Highlighting files: [
      'lib/helpers.py',
      'test/config.java',
      'src/main.ts',
      'test/main.js',
      'lib/utils.java'
    ]

      at FileHighlighter.applyDecorations (src/ui/FileHighlighter.ts:119:17)

  console.log
    Clearing all file highlights

      at FileHighlighter.applyDecorations (src/ui/FileHighlighter.ts:121:17)

  console.log
    Highlighting files: [
      'components/main.py',
      'test/utils.java',
      'lib/helpers.go',
      'lib/helpers.js',
      'src/utils.go'
    ]

      at FileHighlighter.applyDecorations (src/ui/FileHighlighter.ts:119:17)

  console.log
    Clearing all file highlights

      at FileHighlighter.applyDecorations (src/ui/FileHighlighter.ts:121:17)

  console.log
    Highlighting files: [ 'test/config.go' ]

      at FileHighlighter.applyDecorations (src/ui/FileHighlighter.ts:119:17)

  console.log
    Clearing all file highlights

      at FileHighlighter.applyDecorations (src/ui/FileHighlighter.ts:121:17)

  console.log
    Highlighting files: [ 'components/main.js', 'components/main.ts', 'components/index.py' ]

      at FileHighlighter.applyDecorations (src/ui/FileHighlighter.ts:119:17)

  console.log
    Clearing all file highlights

      at FileHighlighter.applyDecorations (src/ui/FileHighlighter.ts:121:17)

  console.log
    Highlighting files: [
      'components/utils.ts',
      'src/helpers.java',
      'test/main.go',
      'src/main.py',
      'components/utils.py'
    ]

      at FileHighlighter.applyDecorations (src/ui/FileHighlighter.ts:119:17)

  console.log
    Clearing all file highlights

      at FileHighlighter.applyDecorations (src/ui/FileHighlighter.ts:121:17)

  console.log
    Highlighting files: [ 'test/main.java' ]

      at FileHighlighter.applyDecorations (src/ui/FileHighlighter.ts:119:17)

  console.log
    Clearing all file highlights

      at FileHighlighter.applyDecorations (src/ui/FileHighlighter.ts:121:17)

  console.log
    Highlighting files: [ 'app/config.go', 'app/config.py', 'app/utils.js', 'test/config.py' ]

      at FileHighlighter.applyDecorations (src/ui/FileHighlighter.ts:119:17)

  console.log
    Clearing all file highlights

      at FileHighlighter.applyDecorations (src/ui/FileHighlighter.ts:121:17)

  console.log
    Highlighting files: [ 'lib/utils.go', 'app/utils.ts', 'src/main.java' ]

      at FileHighlighter.applyDecorations (src/ui/FileHighlighter.ts:119:17)

  console.log
    Clearing all file highlights

      at FileHighlighter.applyDecorations (src/ui/FileHighlighter.ts:121:17)

  console.log
    Highlighting files: [ 'src/config.go', 'lib/index.go' ]

      at FileHighlighter.applyDecorations (src/ui/FileHighlighter.ts:119:17)

  console.log
    Clearing all file highlights

      at FileHighlighter.applyDecorations (src/ui/FileHighlighter.ts:121:17)

  console.log
    Highlighting files: [ 'app/main.java', 'lib/main.js' ]

      at FileHighlighter.applyDecorations (src/ui/FileHighlighter.ts:119:17)

  console.log
    Clearing all file highlights

      at FileHighlighter.applyDecorations (src/ui/FileHighlighter.ts:121:17)

  console.log
    Highlighting files: [ 'app/main.go' ]

      at FileHighlighter.applyDecorations (src/ui/FileHighlighter.ts:119:17)

  console.log
    Clearing all file highlights

      at FileHighlighter.applyDecorations (src/ui/FileHighlighter.ts:121:17)

  console.log
    Highlighting files: [
      'src/index.java',
      'test/utils.java',
      'src/main.js',
      'src/index.go',
      'components/helpers.go'
    ]

      at FileHighlighter.applyDecorations (src/ui/FileHighlighter.ts:119:17)

  console.log
    Clearing all file highlights

      at FileHighlighter.applyDecorations (src/ui/FileHighlighter.ts:121:17)

  console.log
    Highlighting files: [ 'components/config.go', 'app/utils.java', 'test/main.js' ]

      at FileHighlighter.applyDecorations (src/ui/FileHighlighter.ts:119:17)

  console.log
    Clearing all file highlights

      at FileHighlighter.applyDecorations (src/ui/FileHighlighter.ts:121:17)

  console.log
    Highlighting files: [
      'src/helpers.ts',
      'test/config.go',
      'components/main.java',
      'src/main.ts'
    ]

      at FileHighlighter.applyDecorations (src/ui/FileHighlighter.ts:119:17)

  console.log
    Clearing all file highlights

      at FileHighlighter.applyDecorations (src/ui/FileHighlighter.ts:121:17)

  console.log
    Highlighting files: [ 'components/main.py' ]

      at FileHighlighter.applyDecorations (src/ui/FileHighlighter.ts:119:17)

  console.log
    Clearing all file highlights

      at FileHighlighter.applyDecorations (src/ui/FileHighlighter.ts:121:17)

  console.log
    Highlighting files: [ 'src/index.py', 'test/helpers.go' ]

      at FileHighlighter.applyDecorations (src/ui/FileHighlighter.ts:119:17)

  console.log
    Clearing all file highlights

      at FileHighlighter.applyDecorations (src/ui/FileHighlighter.ts:121:17)

  console.log
    Highlighting files: [
      'components/index.java',
      'app/config.js',
      'app/index.py',
      'src/config.ts',
      'app/main.py'
    ]

      at FileHighlighter.applyDecorations (src/ui/FileHighlighter.ts:119:17)

  console.log
    Clearing all file highlights

      at FileHighlighter.applyDecorations (src/ui/FileHighlighter.ts:121:17)

  console.log
    Highlighting files: [ 'components/helpers.java', 'lib/index.ts' ]

      at FileHighlighter.applyDecorations (src/ui/FileHighlighter.ts:119:17)

  console.log
    Clearing all file highlights

      at FileHighlighter.applyDecorations (src/ui/FileHighlighter.ts:121:17)

  console.log
    Highlighting files: [
      'lib/config.java',
      'components/config.js',
      'app/index.ts',
      'test/helpers.java',
      'app/utils.java'
    ]

      at FileHighlighter.applyDecorations (src/ui/FileHighlighter.ts:119:17)

  console.log
    Clearing all file highlights

      at FileHighlighter.applyDecorations (src/ui/FileHighlighter.ts:121:17)

  console.log
    Highlighting files: [ 'app/config.js' ]

      at FileHighlighter.applyDecorations (src/ui/FileHighlighter.ts:119:17)

  console.log
    Clearing all file highlights

      at FileHighlighter.applyDecorations (src/ui/FileHighlighter.ts:121:17)

  console.log
    Highlighting files: [ 'components/utils.go' ]

      at FileHighlighter.applyDecorations (src/ui/FileHighlighter.ts:119:17)

  console.log
    Clearing all file highlights

      at FileHighlighter.applyDecorations (src/ui/FileHighlighter.ts:121:17)

  console.log
    Highlighting files: [ 'src/config.ts', 'src/index.go' ]

      at FileHighlighter.applyDecorations (src/ui/FileHighlighter.ts:119:17)

  console.log
    Clearing all file highlights

      at FileHighlighter.applyDecorations (src/ui/FileHighlighter.ts:121:17)

  console.log
    Highlighting files: [ 'app/index.js', 'src/utils.js' ]

      at FileHighlighter.applyDecorations (src/ui/FileHighlighter.ts:119:17)

  console.log
    Clearing all file highlights

      at FileHighlighter.applyDecorations (src/ui/FileHighlighter.ts:121:17)

  console.log
    Highlighting files: [
      'components/utils.go',
      'src/helpers.ts',
      'lib/utils.js',
      'lib/helpers.py'
    ]

      at FileHighlighter.applyDecorations (src/ui/FileHighlighter.ts:119:17)

  console.log
    Clearing all file highlights

      at FileHighlighter.applyDecorations (src/ui/FileHighlighter.ts:121:17)

  console.log
    Highlighting files: [ 'app/helpers.java', 'src/utils.go' ]

      at FileHighlighter.applyDecorations (src/ui/FileHighlighter.ts:119:17)

  console.log
    Clearing all file highlights

      at FileHighlighter.applyDecorations (src/ui/FileHighlighter.ts:121:17)

  console.log
    Highlighting files: [ 'src/main.java' ]

      at FileHighlighter.applyDecorations (src/ui/FileHighlighter.ts:119:17)

  console.log
    Clearing all file highlights

      at FileHighlighter.applyDecorations (src/ui/FileHighlighter.ts:121:17)

  console.log
    Highlighting files: [ 'test/config.go' ]

      at FileHighlighter.applyDecorations (src/ui/FileHighlighter.ts:119:17)

  console.log
    Clearing all file highlights

      at FileHighlighter.applyDecorations (src/ui/FileHighlighter.ts:121:17)

  console.log
    Highlighting files: [
      'app/utils.go',
      'components/index.js',
      'components/main.ts',
      'src/index.ts',
      'components/main.go'
    ]

      at FileHighlighter.applyDecorations (src/ui/FileHighlighter.ts:119:17)

  console.log
    Clearing all file highlights

      at FileHighlighter.applyDecorations (src/ui/FileHighlighter.ts:121:17)

  console.log
    Highlighting files: [
      'app/index.js',
      'test/index.py',
      'components/utils.js',
      'test/config.py'
    ]

      at FileHighlighter.applyDecorations (src/ui/FileHighlighter.ts:119:17)

  console.log
    Clearing all file highlights

      at FileHighlighter.applyDecorations (src/ui/FileHighlighter.ts:121:17)

  console.log
    Highlighting files: [ 'src/main.js', 'src/utils.js', 'lib/utils.py' ]

      at FileHighlighter.applyDecorations (src/ui/FileHighlighter.ts:119:17)

  console.log
    Clearing all file highlights

      at FileHighlighter.applyDecorations (src/ui/FileHighlighter.ts:121:17)

  console.log
    Highlighting files: [ 'src/utils.js' ]

      at FileHighlighter.applyDecorations (src/ui/FileHighlighter.ts:119:17)

  console.log
    Clearing all file highlights

      at FileHighlighter.applyDecorations (src/ui/FileHighlighter.ts:121:17)

  console.log
    Highlighting files: [
      'src/config.java',
      'test/helpers.py',
      'src/utils.js',
      'app/index.js'
    ]

      at FileHighlighter.applyDecorations (src/ui/FileHighlighter.ts:119:17)

  console.log
    Clearing all file highlights

      at FileHighlighter.applyDecorations (src/ui/FileHighlighter.ts:121:17)

  console.log
    Highlighting files: [
      'lib/index.js',
      'test/config.java',
      'components/main.js',
      'test/helpers.py',
      'components/index.java'
    ]

      at FileHighlighter.applyDecorations (src/ui/FileHighlighter.ts:119:17)

  console.log
    Clearing all file highlights

      at FileHighlighter.applyDecorations (src/ui/FileHighlighter.ts:121:17)

  console.log
    Highlighting files: [ 'lib/index.java' ]

      at FileHighlighter.applyDecorations (src/ui/FileHighlighter.ts:119:17)

  console.log
    Clearing all file highlights

      at FileHighlighter.applyDecorations (src/ui/FileHighlighter.ts:121:17)

  console.log
    Highlighting files: [ 'components/utils.ts', 'app/config.js' ]

      at FileHighlighter.applyDecorations (src/ui/FileHighlighter.ts:119:17)

  console.log
    Clearing all file highlights

      at FileHighlighter.applyDecorations (src/ui/FileHighlighter.ts:121:17)

  console.log
    Highlighting files: [ 'test/main.go', 'components/config.java' ]

      at FileHighlighter.applyDecorations (src/ui/FileHighlighter.ts:119:17)

  console.log
    Clearing all file highlights

      at FileHighlighter.applyDecorations (src/ui/FileHighlighter.ts:121:17)

  console.log
    Highlighting files: [ 'lib/index.js', 'lib/config.go', 'test/utils.java' ]

      at FileHighlighter.applyDecorations (src/ui/FileHighlighter.ts:119:17)

  console.log
    Clearing all file highlights

      at FileHighlighter.applyDecorations (src/ui/FileHighlighter.ts:121:17)

  console.log
    Highlighting files: [ 'test/utils.java', 'app/index.java' ]

      at FileHighlighter.applyDecorations (src/ui/FileHighlighter.ts:119:17)

  console.log
    Clearing all file highlights

      at FileHighlighter.applyDecorations (src/ui/FileHighlighter.ts:121:17)

  console.log
    Highlighting files: [
      'test/main.java',
      'app/config.py',
      'app/index.ts',
      'lib/main.java',
      'app/helpers.py'
    ]

      at FileHighlighter.applyDecorations (src/ui/FileHighlighter.ts:119:17)

  console.log
    Clearing all file highlights

      at FileHighlighter.applyDecorations (src/ui/FileHighlighter.ts:121:17)

  console.log
    Highlighting files: [ 'src/helpers.go' ]

      at FileHighlighter.applyDecorations (src/ui/FileHighlighter.ts:119:17)

  console.log
    Clearing all file highlights

      at FileHighlighter.applyDecorations (src/ui/FileHighlighter.ts:121:17)

  console.log
    Highlighting files: [ 'app/index.go' ]

      at FileHighlighter.applyDecorations (src/ui/FileHighlighter.ts:119:17)

  console.log
    Clearing all file highlights

      at FileHighlighter.applyDecorations (src/ui/FileHighlighter.ts:121:17)

  console.log
    Highlighting files: [ 'test/index.ts', 'test/utils.js', 'src/helpers.py' ]

      at FileHighlighter.applyDecorations (src/ui/FileHighlighter.ts:119:17)

  console.log
    Clearing all file highlights

      at FileHighlighter.applyDecorations (src/ui/FileHighlighter.ts:121:17)

  console.log
    Highlighting files: [ 'src/config.java', 'lib/utils.java' ]

      at FileHighlighter.applyDecorations (src/ui/FileHighlighter.ts:119:17)

  console.log
    Clearing all file highlights

      at FileHighlighter.applyDecorations (src/ui/FileHighlighter.ts:121:17)

  console.log
    Highlighting files: [ 'test/utils.go' ]

      at FileHighlighter.applyDecorations (src/ui/FileHighlighter.ts:119:17)

  console.log
    Clearing all file highlights

      at FileHighlighter.applyDecorations (src/ui/FileHighlighter.ts:121:17)

  console.log
    Highlighting files: [ 'app/main.js', 'lib/config.ts', 'app/utils.ts' ]

      at FileHighlighter.applyDecorations (src/ui/FileHighlighter.ts:119:17)

  console.log
    Clearing all file highlights

      at FileHighlighter.applyDecorations (src/ui/FileHighlighter.ts:121:17)

  console.log
    Highlighting files: [ 'test/config.go', 'lib/main.ts' ]

      at FileHighlighter.applyDecorations (src/ui/FileHighlighter.ts:119:17)

  console.log
    Clearing all file highlights

      at FileHighlighter.applyDecorations (src/ui/FileHighlighter.ts:121:17)

  console.log
    Highlighting files: [ 'components/helpers.js', 'components/index.py' ]

      at FileHighlighter.applyDecorations (src/ui/FileHighlighter.ts:119:17)

  console.log
    Clearing all file highlights

      at FileHighlighter.applyDecorations (src/ui/FileHighlighter.ts:121:17)

  console.log
    Highlighting files: [ 'app/config.go', 'app/utils.java' ]

      at FileHighlighter.applyDecorations (src/ui/FileHighlighter.ts:119:17)

  console.log
    Clearing all file highlights

      at FileHighlighter.applyDecorations (src/ui/FileHighlighter.ts:121:17)

  console.log
    Highlighting files: [ 'app/main.go', 'components/main.ts' ]

      at FileHighlighter.applyDecorations (src/ui/FileHighlighter.ts:119:17)

  console.log
    Clearing all file highlights

      at FileHighlighter.applyDecorations (src/ui/FileHighlighter.ts:121:17)

  console.log
    Highlighting files: [ 'app/main.java', 'src/config.py', 'src/main.ts', 'test/helpers.go' ]

      at FileHighlighter.applyDecorations (src/ui/FileHighlighter.ts:119:17)

  console.log
    Clearing all file highlights

      at FileHighlighter.applyDecorations (src/ui/FileHighlighter.ts:121:17)

  console.log
    Highlighting files: [ 'test/index.py', 'src/index.go' ]

      at FileHighlighter.applyDecorations (src/ui/FileHighlighter.ts:119:17)

  console.log
    Clearing all file highlights

      at FileHighlighter.applyDecorations (src/ui/FileHighlighter.ts:121:17)

  console.log
    Highlighting files: [
      'lib/config.ts',
      'app/config.py',
      'components/main.ts',
      'test/helpers.py'
    ]

      at FileHighlighter.applyDecorations (src/ui/FileHighlighter.ts:119:17)

  console.log
    Clearing all file highlights

      at FileHighlighter.applyDecorations (src/ui/FileHighlighter.ts:121:17)

  console.log
    Highlighting files: [ 'src/utils.py' ]

      at FileHighlighter.applyDecorations (src/ui/FileHighlighter.ts:119:17)

  console.log
    Clearing all file highlights

      at FileHighlighter.applyDecorations (src/ui/FileHighlighter.ts:121:17)

  console.log
    Highlighting files: [ 'test/utils.js', 'lib/main.js' ]

      at FileHighlighter.applyDecorations (src/ui/FileHighlighter.ts:119:17)

  console.log
    Clearing all file highlights

      at FileHighlighter.applyDecorations (src/ui/FileHighlighter.ts:121:17)

  console.log
    Highlighting files: [ 'test/index.py', 'src/config.go' ]

      at FileHighlighter.applyDecorations (src/ui/FileHighlighter.ts:119:17)

  console.log
    Clearing all file highlights

      at FileHighlighter.applyDecorations (src/ui/FileHighlighter.ts:121:17)

  console.log
    Highlighting files: [ 'components/index.ts', 'lib/main.go' ]

      at FileHighlighter.applyDecorations (src/ui/FileHighlighter.ts:119:17)

  console.log
    Clearing all file highlights

      at FileHighlighter.applyDecorations (src/ui/FileHighlighter.ts:121:17)

  console.log
    Highlighting files: [ 'app/index.js', 'src/index.js' ]

      at FileHighlighter.applyDecorations (src/ui/FileHighlighter.ts:119:17)

  console.log
    Clearing all file highlights

      at FileHighlighter.applyDecorations (src/ui/FileHighlighter.ts:121:17)

  console.log
    Highlighting files: [ 'src/main.go' ]

      at FileHighlighter.applyDecorations (src/ui/FileHighlighter.ts:119:17)

  console.log
    Clearing all file highlights

      at FileHighlighter.applyDecorations (src/ui/FileHighlighter.ts:121:17)

  console.log
    Highlighting files: [ 'src/utils.py', 'lib/index.py' ]

      at FileHighlighter.applyDecorations (src/ui/FileHighlighter.ts:119:17)

  console.log
    Clearing all file highlights

      at FileHighlighter.applyDecorations (src/ui/FileHighlighter.ts:121:17)

  console.log
    Highlighting files: [ 'app/main.ts', 'components/main.js', 'src/utils.ts', 'lib/index.go' ]

      at FileHighlighter.applyDecorations (src/ui/FileHighlighter.ts:119:17)

  console.log
    Clearing all file highlights

      at FileHighlighter.applyDecorations (src/ui/FileHighlighter.ts:121:17)

  console.log
    Highlighting files: [ 'components/main.ts', 'test/helpers.js', 'components/helpers.py' ]

      at FileHighlighter.applyDecorations (src/ui/FileHighlighter.ts:119:17)

  console.log
    Clearing all file highlights

      at FileHighlighter.applyDecorations (src/ui/FileHighlighter.ts:121:17)

  console.log
    Highlighting files: [ 'src/config.go', 'src/index.py', 'lib/config.py' ]

      at FileHighlighter.applyDecorations (src/ui/FileHighlighter.ts:119:17)

  console.log
    Clearing all file highlights

      at FileHighlighter.applyDecorations (src/ui/FileHighlighter.ts:121:17)

  console.log
    Highlighting files: [
      'lib/config.py',
      'components/index.ts',
      'src/utils.go',
      'src/index.ts'
    ]

      at FileHighlighter.applyDecorations (src/ui/FileHighlighter.ts:119:17)

  console.log
    Clearing all file highlights

      at FileHighlighter.applyDecorations (src/ui/FileHighlighter.ts:121:17)

  console.log
    Highlighting files: [ 'lib/index.js' ]

      at FileHighlighter.applyDecorations (src/ui/FileHighlighter.ts:119:17)

  console.log
    Clearing all file highlights

      at FileHighlighter.applyDecorations (src/ui/FileHighlighter.ts:121:17)

  console.log
    Highlighting files: [ 'src/helpers.js', 'app/helpers.java' ]

      at FileHighlighter.applyDecorations (src/ui/FileHighlighter.ts:119:17)

  console.log
    Clearing all file highlights

      at FileHighlighter.applyDecorations (src/ui/FileHighlighter.ts:121:17)

  console.log
    Highlighting files: [ 'components/main.java', 'src/config.py', 'src/main.js' ]

      at FileHighlighter.applyDecorations (src/ui/FileHighlighter.ts:119:17)

  console.log
    Clearing all file highlights

      at FileHighlighter.applyDecorations (src/ui/FileHighlighter.ts:121:17)

  console.log
    Highlighting files: [ 'lib/index.ts', 'src/utils.java', 'lib/main.java' ]

      at FileHighlighter.applyDecorations (src/ui/FileHighlighter.ts:119:17)

  console.log
    Clearing all file highlights

      at FileHighlighter.applyDecorations (src/ui/FileHighlighter.ts:121:17)

  console.log
    Highlighting files: [ 'app/utils.ts', 'app/main.ts', 'app/helpers.ts' ]

      at FileHighlighter.applyDecorations (src/ui/FileHighlighter.ts:119:17)

  console.log
    Clearing all file highlights

      at FileHighlighter.applyDecorations (src/ui/FileHighlighter.ts:121:17)

  console.log
    Highlighting files: [ 'app/main.go' ]

      at FileHighlighter.applyDecorations (src/ui/FileHighlighter.ts:119:17)

  console.log
    Clearing all file highlights

      at FileHighlighter.applyDecorations (src/ui/FileHighlighter.ts:121:17)

  console.log
    Highlighting files: [ 'components/helpers.ts' ]

      at FileHighlighter.applyDecorations (src/ui/FileHighlighter.ts:119:17)

  console.log
    Clearing all file highlights

      at FileHighlighter.applyDecorations (src/ui/FileHighlighter.ts:121:17)

  console.log
    Highlighting files: [ 'src/helpers.java', 'app/helpers.py', 'components/main.py' ]

      at FileHighlighter.applyDecorations (src/ui/FileHighlighter.ts:119:17)

  console.log
    Clearing all file highlights

      at FileHighlighter.applyDecorations (src/ui/FileHighlighter.ts:121:17)

  console.log
    Highlighting files: [ 'lib/main.js', 'lib/helpers.py', 'app/index.go', 'src/utils.py' ]

      at FileHighlighter.applyDecorations (src/ui/FileHighlighter.ts:119:17)

  console.log
    Clearing all file highlights

      at FileHighlighter.applyDecorations (src/ui/FileHighlighter.ts:121:17)

  console.log
    Highlighting files: [
      'src/helpers.ts',
      'components/config.go',
      'lib/helpers.js',
      'test/config.js'
    ]

      at FileHighlighter.applyDecorations (src/ui/FileHighlighter.ts:119:17)

  console.log
    Clearing all file highlights

      at FileHighlighter.applyDecorations (src/ui/FileHighlighter.ts:121:17)

  console.log
    Highlighting files: [
      'src/config.go',
      'test/config.java',
      'src/helpers.go',
      'components/helpers.go'
    ]

      at FileHighlighter.applyDecorations (src/ui/FileHighlighter.ts:119:17)

  console.log
    Clearing all file highlights

      at FileHighlighter.applyDecorations (src/ui/FileHighlighter.ts:121:17)

  console.log
    Highlighting files: [ 'src/index.ts', 'src/config.py', 'app/utils.ts', 'src/helpers.java' ]

      at FileHighlighter.applyDecorations (src/ui/FileHighlighter.ts:119:17)

  console.log
    Clearing all file highlights

      at FileHighlighter.applyDecorations (src/ui/FileHighlighter.ts:121:17)

  console.log
    Highlighting files: [
      'src/main.py',
      'lib/index.js',
      'app/main.java',
      'lib/helpers.py',
      'lib/config.py'
    ]

      at FileHighlighter.applyDecorations (src/ui/FileHighlighter.ts:119:17)

  console.log
    Clearing all file highlights

      at FileHighlighter.applyDecorations (src/ui/FileHighlighter.ts:121:17)

  console.log
    Highlighting files: [ 'components/config.go' ]

      at FileHighlighter.applyDecorations (src/ui/FileHighlighter.ts:119:17)

  console.log
    Clearing all file highlights

      at FileHighlighter.applyDecorations (src/ui/FileHighlighter.ts:121:17)

  console.log
    Highlighting files: [
      'app/config.js',
      'app/utils.ts',
      'components/main.java',
      'src/index.ts',
      'components/main.js'
    ]

      at FileHighlighter.applyDecorations (src/ui/FileHighlighter.ts:119:17)

  console.log
    Clearing all file highlights

      at FileHighlighter.applyDecorations (src/ui/FileHighlighter.ts:121:17)

  console.log
    Highlighting files: [ 'test/index.js', 'components/utils.ts' ]

      at FileHighlighter.applyDecorations (src/ui/FileHighlighter.ts:119:17)

  console.log
    Clearing all file highlights

      at FileHighlighter.applyDecorations (src/ui/FileHighlighter.ts:121:17)

  console.log
    Highlighting files: [ 'test/index.go', 'test/utils.js', 'components/index.go' ]

      at FileHighlighter.applyDecorations (src/ui/FileHighlighter.ts:119:17)

  console.log
    Clearing all file highlights

      at FileHighlighter.applyDecorations (src/ui/FileHighlighter.ts:121:17)

  console.log
    Highlighting files: [
      'components/helpers.java',
      'src/helpers.js',
      'src/helpers.py',
      'test/helpers.java'
    ]

      at FileHighlighter.applyDecorations (src/ui/FileHighlighter.ts:119:17)

  console.log
    Clearing all file highlights

      at FileHighlighter.applyDecorations (src/ui/FileHighlighter.ts:121:17)

  console.log
    Highlighting files: [ 'lib/index.py', 'components/helpers.ts' ]

      at FileHighlighter.applyDecorations (src/ui/FileHighlighter.ts:119:17)

  console.log
    Clearing all file highlights

      at FileHighlighter.applyDecorations (src/ui/FileHighlighter.ts:121:17)

  console.log
    Highlighting files: [
      'test/utils.ts',
      'components/main.ts',
      'app/helpers.js',
      'components/index.java'
    ]

      at FileHighlighter.applyDecorations (src/ui/FileHighlighter.ts:119:17)

  console.log
    Clearing all file highlights

      at FileHighlighter.applyDecorations (src/ui/FileHighlighter.ts:121:17)

  console.log
    Highlighting files: [ 'lib/index.go', 'test/index.java', 'components/helpers.py' ]

      at FileHighlighter.applyDecorations (src/ui/FileHighlighter.ts:119:17)

  console.log
    Clearing all file highlights

      at FileHighlighter.applyDecorations (src/ui/FileHighlighter.ts:121:17)

  console.log
    Highlighting files: [ 'src/utils.go', 'test/index.go', 'components/helpers.java' ]

      at FileHighlighter.applyDecorations (src/ui/FileHighlighter.ts:119:17)

  console.log
    Clearing all file highlights

      at FileHighlighter.applyDecorations (src/ui/FileHighlighter.ts:121:17)

  console.log
    Highlighting files: [
      'app/config.go',
      'components/main.java',
      'components/config.java',
      'app/helpers.ts',
      'test/index.py'
    ]

      at FileHighlighter.applyDecorations (src/ui/FileHighlighter.ts:119:17)

  console.log
    Clearing all file highlights

      at FileHighlighter.applyDecorations (src/ui/FileHighlighter.ts:121:17)

  console.log
    Highlighting files: [
      'components/utils.java',
      'src/index.go',
      'components/main.js',
      'components/config.py',
      'app/utils.go'
    ]

      at FileHighlighter.applyDecorations (src/ui/FileHighlighter.ts:119:17)

  console.log
    Clearing all file highlights

      at FileHighlighter.applyDecorations (src/ui/FileHighlighter.ts:121:17)

  console.log
    Highlighting files: [
      'components/helpers.py',
      'src/helpers.java',
      'components/utils.py',
      'src/main.java',
      'components/main.js'
    ]

      at FileHighlighter.applyDecorations (src/ui/FileHighlighter.ts:119:17)

  console.log
    Clearing all file highlights

      at FileHighlighter.applyDecorations (src/ui/FileHighlighter.ts:121:17)

  console.log
    Highlighting files: [ 'app/index.js' ]

      at FileHighlighter.applyDecorations (src/ui/FileHighlighter.ts:119:17)

  console.log
    Clearing all file highlights

      at FileHighlighter.applyDecorations (src/ui/FileHighlighter.ts:121:17)

  console.log
    Highlighting files: [ 'test/utils.ts', 'lib/main.java', 'test/main.java' ]

      at FileHighlighter.applyDecorations (src/ui/FileHighlighter.ts:119:17)

  console.log
    Clearing all file highlights

      at FileHighlighter.applyDecorations (src/ui/FileHighlighter.ts:121:17)

  console.log
    Highlighting files: [ 'app/utils.java' ]

      at FileHighlighter.applyDecorations (src/ui/FileHighlighter.ts:119:17)

  console.log
    Clearing all file highlights

      at FileHighlighter.applyDecorations (src/ui/FileHighlighter.ts:121:17)

  console.log
    Highlighting files: [ 'app/helpers.java', 'components/config.go', 'lib/helpers.java' ]

      at FileHighlighter.applyDecorations (src/ui/FileHighlighter.ts:119:17)

  console.log
    Clearing all file highlights

      at FileHighlighter.applyDecorations (src/ui/FileHighlighter.ts:121:17)

  console.log
    Highlighting files: [ 'lib/main.ts', 'test/helpers.py', 'src/helpers.go' ]

      at FileHighlighter.applyDecorations (src/ui/FileHighlighter.ts:119:17)

  console.log
    Clearing all file highlights

      at FileHighlighter.applyDecorations (src/ui/FileHighlighter.ts:121:17)

  console.log
    Highlighting files: [ 'src/index.go', 'lib/helpers.py' ]

      at FileHighlighter.applyDecorations (src/ui/FileHighlighter.ts:119:17)

  console.log
    Clearing all file highlights

      at FileHighlighter.applyDecorations (src/ui/FileHighlighter.ts:121:17)

  console.log
    Highlighting files: [ 'app/main.js', 'src/config.ts' ]

      at FileHighlighter.applyDecorations (src/ui/FileHighlighter.ts:119:17)

  console.log
    Clearing all file highlights

      at FileHighlighter.applyDecorations (src/ui/FileHighlighter.ts:121:17)

  console.log
    Highlighting files: [
      'lib/config.java',
      'components/main.java',
      'app/main.go',
      'components/main.js',
      'src/helpers.js'
    ]

      at FileHighlighter.applyDecorations (src/ui/FileHighlighter.ts:119:17)

  console.log
    Clearing all file highlights

      at FileHighlighter.applyDecorations (src/ui/FileHighlighter.ts:121:17)

  console.log
    Clearing all file highlights

      at FileHighlighter.applyDecorations (src/ui/FileHighlighter.ts:121:17)

  console.log
    Highlighting files: [ 'app/config.ts', 'components/index.ts' ]

      at FileHighlighter.applyDecorations (src/ui/FileHighlighter.ts:119:17)

  console.log
    Clearing all file highlights

      at FileHighlighter.applyDecorations (src/ui/FileHighlighter.ts:121:17)

  console.log
    Highlighting files: [ 'app/config.ts', 'components/index.ts' ]

      at FileHighlighter.applyDecorations (src/ui/FileHighlighter.ts:119:17)

  console.log
    Clearing all file highlights

      at FileHighlighter.applyDecorations (src/ui/FileHighlighter.ts:121:17)

  console.log
    Highlighting files: [
      'components/main.py',
      'app/utils.py',
      'components/utils.go',
      'components/utils.java',
      'src/helpers.js'
    ]

      at FileHighlighter.applyDecorations (src/ui/FileHighlighter.ts:119:17)

  console.log
    Clearing all file highlights

      at FileHighlighter.applyDecorations (src/ui/FileHighlighter.ts:121:17)

  console.log
    Highlighting files: [ 'app/config.ts', 'components/index.ts' ]

      at FileHighlighter.applyDecorations (src/ui/FileHighlighter.ts:119:17)

  console.log
    Clearing all file highlights

      at FileHighlighter.applyDecorations (src/ui/FileHighlighter.ts:121:17)

  console.log
    Highlighting files: [
      'app/config.py',
      'components/helpers.java',
      'components/index.py',
      'src/main.py'
    ]

      at FileHighlighter.applyDecorations (src/ui/FileHighlighter.ts:119:17)

  console.log
    Clearing all file highlights

      at FileHighlighter.applyDecorations (src/ui/FileHighlighter.ts:121:17)

  console.log
    Highlighting files: [
      'app/config.py',
      'components/helpers.java',
      'components/index.py',
      'src/main.py'
    ]

      at FileHighlighter.applyDecorations (src/ui/FileHighlighter.ts:119:17)

  console.log
    Clearing all file highlights

      at FileHighlighter.applyDecorations (src/ui/FileHighlighter.ts:121:17)

  console.log
    Highlighting files: [
      'app/config.py',
      'components/helpers.java',
      'components/index.py',
      'src/main.py'
    ]

      at FileHighlighter.applyDecorations (src/ui/FileHighlighter.ts:119:17)

  console.log
    Clearing all file highlights

      at FileHighlighter.applyDecorations (src/ui/FileHighlighter.ts:121:17)

  console.log
    Highlighting files: [
      'app/config.py',
      'components/helpers.java',
      'components/index.py',
      'src/main.py'
    ]

      at FileHighlighter.applyDecorations (src/ui/FileHighlighter.ts:119:17)

  console.log
    Clearing all file highlights

      at FileHighlighter.applyDecorations (src/ui/FileHighlighter.ts:121:17)

  console.log
    Highlighting files: [
      'app/config.py',
      'components/helpers.java',
      'components/index.py',
      'src/main.py'
    ]

      at FileHighlighter.applyDecorations (src/ui/FileHighlighter.ts:119:17)

  console.log
    Clearing all file highlights

      at FileHighlighter.applyDecorations (src/ui/FileHighlighter.ts:121:17)

  console.log
    Highlighting files: [
      'app/config.py',
      'components/helpers.java',
      'components/index.py',
      'src/main.py'
    ]

      at FileHighlighter.applyDecorations (src/ui/FileHighlighter.ts:119:17)

  console.log
    Clearing all file highlights

      at FileHighlighter.applyDecorations (src/ui/FileHighlighter.ts:121:17)

  console.log
    Highlighting files: [
      'app/config.py',
      'components/helpers.java',
      'components/index.py',
      'src/main.py'
    ]

      at FileHighlighter.applyDecorations (src/ui/FileHighlighter.ts:119:17)

  console.log
    Clearing all file highlights

      at FileHighlighter.applyDecorations (src/ui/FileHighlighter.ts:121:17)

  console.log
    Highlighting files: [
      'app/config.py',
      'components/helpers.java',
      'components/index.py',
      'src/main.py'
    ]

      at FileHighlighter.applyDecorations (src/ui/FileHighlighter.ts:119:17)

  console.log
    Clearing all file highlights

      at FileHighlighter.applyDecorations (src/ui/FileHighlighter.ts:121:17)

  console.log
    Highlighting files: [
      'app/config.py',
      'components/helpers.java',
      'components/index.py',
      'src/main.py'
    ]

      at FileHighlighter.applyDecorations (src/ui/FileHighlighter.ts:119:17)

  console.log
    Clearing all file highlights

      at FileHighlighter.applyDecorations (src/ui/FileHighlighter.ts:121:17)

  console.log
    Highlighting files: [
      'app/index.js',
      'lib/utils.go',
      'app/main.js',
      'components/utils.go'
    ]

      at FileHighlighter.applyDecorations (src/ui/FileHighlighter.ts:119:17)

  console.log
    Clearing all file highlights

      at FileHighlighter.applyDecorations (src/ui/FileHighlighter.ts:121:17)

  console.log
    Highlighting files: [ 'src/helpers.go', 'lib/config.go' ]

      at FileHighlighter.applyDecorations (src/ui/FileHighlighter.ts:119:17)

  console.log
    Clearing all file highlights

      at FileHighlighter.applyDecorations (src/ui/FileHighlighter.ts:121:17)

  console.log
    Highlighting files: [
      'app/index.js',
      'lib/utils.go',
      'app/main.js',
      'components/utils.go'
    ]

      at FileHighlighter.applyDecorations (src/ui/FileHighlighter.ts:119:17)

  console.log
    Clearing all file highlights

      at FileHighlighter.applyDecorations (src/ui/FileHighlighter.ts:121:17)

  console.log
    Highlighting files: [
      'lib/utils.go',
      'components/config.py',
      'app/main.py',
      'lib/helpers.js'
    ]

      at FileHighlighter.applyDecorations (src/ui/FileHighlighter.ts:119:17)

  console.log
    Clearing all file highlights

      at FileHighlighter.applyDecorations (src/ui/FileHighlighter.ts:121:17)

  console.log
    Highlighting files: [
      'app/index.js',
      'lib/utils.go',
      'app/main.js',
      'components/utils.go'
    ]

      at FileHighlighter.applyDecorations (src/ui/FileHighlighter.ts:119:17)

  console.log
    Clearing all file highlights

      at FileHighlighter.applyDecorations (src/ui/FileHighlighter.ts:121:17)

  console.log
    Highlighting files: [ 'test/config.py', 'src/index.go' ]

      at FileHighlighter.applyDecorations (src/ui/FileHighlighter.ts:119:17)

  console.log
    Clearing all file highlights

      at FileHighlighter.applyDecorations (src/ui/FileHighlighter.ts:121:17)

  console.log
    Highlighting files: [
      'lib/utils.go',
      'components/config.py',
      'app/main.py',
      'lib/helpers.js'
    ]

      at FileHighlighter.applyDecorations (src/ui/FileHighlighter.ts:119:17)

  console.log
    Clearing all file highlights

      at FileHighlighter.applyDecorations (src/ui/FileHighlighter.ts:121:17)

  console.log
    Highlighting files: [ 'test/config.java', 'test/main.ts' ]

      at FileHighlighter.applyDecorations (src/ui/FileHighlighter.ts:119:17)

  console.log
    Clearing all file highlights

      at FileHighlighter.applyDecorations (src/ui/FileHighlighter.ts:121:17)

  console.log
    Highlighting files: [
      'src/config.ts',
      'components/config.js',
      'test/index.js',
      'lib/index.ts'
    ]

      at FileHighlighter.applyDecorations (src/ui/FileHighlighter.ts:119:17)

  console.log
    Clearing all file highlights

      at FileHighlighter.applyDecorations (src/ui/FileHighlighter.ts:121:17)

  console.log
    Highlighting files: [ 'src/utils.py', 'components/index.js', 'app/main.py' ]

      at FileHighlighter.applyDecorations (src/ui/FileHighlighter.ts:119:17)

  console.log
    Clearing all file highlights

      at FileHighlighter.applyDecorations (src/ui/FileHighlighter.ts:121:17)

  console.log
    Highlighting files: [ 'src/utils.py', 'components/index.js', 'app/main.py' ]

      at FileHighlighter.applyDecorations (src/ui/FileHighlighter.ts:119:17)

  console.log
    Clearing all file highlights

      at FileHighlighter.applyDecorations (src/ui/FileHighlighter.ts:121:17)

  console.log
    Highlighting files: [ 'src/utils.py', 'components/index.js', 'app/main.py' ]

      at FileHighlighter.applyDecorations (src/ui/FileHighlighter.ts:119:17)

  console.log
    Clearing all file highlights

      at FileHighlighter.applyDecorations (src/ui/FileHighlighter.ts:121:17)

  console.log
    Highlighting files: [
      'components/helpers.ts',
      'lib/index.py',
      'test/index.js',
      'src/helpers.ts'
    ]

      at FileHighlighter.applyDecorations (src/ui/FileHighlighter.ts:119:17)

  console.log
    Clearing all file highlights

      at FileHighlighter.applyDecorations (src/ui/FileHighlighter.ts:121:17)

  console.log
    Highlighting files: [
      'components/config.java',
      'lib/helpers.ts',
      'lib/utils.py',
      'components/main.py'
    ]

      at FileHighlighter.applyDecorations (src/ui/FileHighlighter.ts:119:17)

  console.log
    Clearing all file highlights

      at FileHighlighter.applyDecorations (src/ui/FileHighlighter.ts:121:17)

  console.log
    Highlighting files: [ 'test/main.java', 'components/utils.java', 'src/utils.java' ]

      at FileHighlighter.applyDecorations (src/ui/FileHighlighter.ts:119:17)

  console.log
    Clearing all file highlights

      at FileHighlighter.applyDecorations (src/ui/FileHighlighter.ts:121:17)

  console.log
    Highlighting files: [ 'src/utils.java', 'components/index.ts' ]

      at FileHighlighter.applyDecorations (src/ui/FileHighlighter.ts:119:17)

  console.log
    Clearing all file highlights

      at FileHighlighter.applyDecorations (src/ui/FileHighlighter.ts:121:17)

  console.log
    Highlighting files: [
      'components/main.go',
      'components/config.js',
      'src/main.java',
      'components/index.ts'
    ]

      at FileHighlighter.applyDecorations (src/ui/FileHighlighter.ts:119:17)

  console.log
    Clearing all file highlights

      at FileHighlighter.applyDecorations (src/ui/FileHighlighter.ts:121:17)

  console.log
    Highlighting files: [
      'components/config.java',
      'lib/helpers.ts',
      'lib/utils.py',
      'components/main.py'
    ]

      at FileHighlighter.applyDecorations (src/ui/FileHighlighter.ts:119:17)

  console.log
    Clearing all file highlights

      at FileHighlighter.applyDecorations (src/ui/FileHighlighter.ts:121:17)

  console.log
    Highlighting files: [
      'components/config.java',
      'lib/helpers.ts',
      'lib/utils.py',
      'components/main.py'
    ]

      at FileHighlighter.applyDecorations (src/ui/FileHighlighter.ts:119:17)

  console.log
    Clearing all file highlights

      at FileHighlighter.applyDecorations (src/ui/FileHighlighter.ts:121:17)

  console.log
    Highlighting files: [ 'src/utils.java', 'components/index.ts' ]

      at FileHighlighter.applyDecorations (src/ui/FileHighlighter.ts:119:17)

  console.log
    Clearing all file highlights

      at FileHighlighter.applyDecorations (src/ui/FileHighlighter.ts:121:17)

  console.log
    Highlighting files: [ 'components/helpers.go', 'test/config.py' ]

      at FileHighlighter.applyDecorations (src/ui/FileHighlighter.ts:119:17)

  console.log
    Clearing all file highlights

      at FileHighlighter.applyDecorations (src/ui/FileHighlighter.ts:121:17)

  console.log
    Highlighting files: [ 'components/helpers.go', 'test/config.py' ]

      at FileHighlighter.applyDecorations (src/ui/FileHighlighter.ts:119:17)

  console.log
    Clearing all file highlights

      at FileHighlighter.applyDecorations (src/ui/FileHighlighter.ts:121:17)

  console.log
    Highlighting files: [
      'src/index.js',
      'components/config.ts',
      'test/utils.ts',
      'components/helpers.java'
    ]

      at FileHighlighter.applyDecorations (src/ui/FileHighlighter.ts:119:17)

  console.log
    Clearing all file highlights

      at FileHighlighter.applyDecorations (src/ui/FileHighlighter.ts:121:17)

  console.log
    Highlighting files: [
      'src/index.js',
      'components/config.ts',
      'test/utils.ts',
      'components/helpers.java'
    ]

      at FileHighlighter.applyDecorations (src/ui/FileHighlighter.ts:119:17)

  console.log
    Clearing all file highlights

      at FileHighlighter.applyDecorations (src/ui/FileHighlighter.ts:121:17)

  console.log
    Highlighting files: [ 'components/helpers.go', 'test/config.py' ]

      at FileHighlighter.applyDecorations (src/ui/FileHighlighter.ts:119:17)

  console.log
    Clearing all file highlights

      at FileHighlighter.applyDecorations (src/ui/FileHighlighter.ts:121:17)

  console.log
    Highlighting files: [
      'components/main.go',
      'src/helpers.js',
      'lib/index.py',
      'app/main.py',
      'test/utils.java'
    ]

      at FileHighlighter.applyDecorations (src/ui/FileHighlighter.ts:119:17)

  console.log
    Clearing all file highlights

      at FileHighlighter.applyDecorations (src/ui/FileHighlighter.ts:121:17)

  console.log
    Highlighting files: [
      'test/config.py',
      'components/config.py',
      'src/main.ts',
      'components/index.py'
    ]

      at FileHighlighter.applyDecorations (src/ui/FileHighlighter.ts:119:17)

  console.log
    Clearing all file highlights

      at FileHighlighter.applyDecorations (src/ui/FileHighlighter.ts:121:17)

  console.log
    Highlighting files: [
      'test/config.py',
      'components/config.py',
      'src/main.ts',
      'components/index.py'
    ]

      at FileHighlighter.applyDecorations (src/ui/FileHighlighter.ts:119:17)

  console.log
    Clearing all file highlights

      at FileHighlighter.applyDecorations (src/ui/FileHighlighter.ts:121:17)

  console.log
    Highlighting files: [
      'components/main.go',
      'src/helpers.js',
      'lib/index.py',
      'app/main.py',
      'test/utils.java'
    ]

      at FileHighlighter.applyDecorations (src/ui/FileHighlighter.ts:119:17)

  console.log
    Clearing all file highlights

      at FileHighlighter.applyDecorations (src/ui/FileHighlighter.ts:121:17)

  console.log
    Highlighting files: [
      'test/config.py',
      'components/config.py',
      'src/main.ts',
      'components/index.py'
    ]

      at FileHighlighter.applyDecorations (src/ui/FileHighlighter.ts:119:17)

  console.log
    Clearing all file highlights

      at FileHighlighter.applyDecorations (src/ui/FileHighlighter.ts:121:17)

  console.log
    Highlighting files: [
      'test/config.py',
      'components/config.py',
      'src/main.ts',
      'components/index.py'
    ]

      at FileHighlighter.applyDecorations (src/ui/FileHighlighter.ts:119:17)

  console.log
    Clearing all file highlights

      at FileHighlighter.applyDecorations (src/ui/FileHighlighter.ts:121:17)

  console.log
    Highlighting files: [ 'lib/helpers.go', 'app/main.py', 'src/main.go' ]

      at FileHighlighter.applyDecorations (src/ui/FileHighlighter.ts:119:17)

  console.log
    Clearing all file highlights

      at FileHighlighter.applyDecorations (src/ui/FileHighlighter.ts:121:17)

  console.log
    Highlighting files: [ 'src/utils.py', 'components/config.js', 'src/main.go' ]

      at FileHighlighter.applyDecorations (src/ui/FileHighlighter.ts:119:17)

  console.log
    Clearing all file highlights

      at FileHighlighter.applyDecorations (src/ui/FileHighlighter.ts:121:17)

  console.log
    Highlighting files: [ 'src/utils.py', 'components/config.js', 'src/main.go' ]

      at FileHighlighter.applyDecorations (src/ui/FileHighlighter.ts:119:17)

  console.log
    Clearing all file highlights

      at FileHighlighter.applyDecorations (src/ui/FileHighlighter.ts:121:17)

  console.log
    Highlighting files: [ 'lib/helpers.go', 'app/main.py', 'src/main.go' ]

      at FileHighlighter.applyDecorations (src/ui/FileHighlighter.ts:119:17)

  console.log
    Clearing all file highlights

      at FileHighlighter.applyDecorations (src/ui/FileHighlighter.ts:121:17)

  console.log
    Highlighting files: [ 'lib/helpers.py' ]

      at FileHighlighter.applyDecorations (src/ui/FileHighlighter.ts:119:17)

  console.log
    Clearing all file highlights

      at FileHighlighter.applyDecorations (src/ui/FileHighlighter.ts:121:17)

  console.log
    Highlighting files: [ 'lib/helpers.py' ]

      at FileHighlighter.applyDecorations (src/ui/FileHighlighter.ts:119:17)

  console.log
    Clearing all file highlights

      at FileHighlighter.applyDecorations (src/ui/FileHighlighter.ts:121:17)

  console.log
    Highlighting files: [ 'lib/helpers.py' ]

      at FileHighlighter.applyDecorations (src/ui/FileHighlighter.ts:119:17)

  console.log
    Clearing all file highlights

      at FileHighlighter.applyDecorations (src/ui/FileHighlighter.ts:121:17)

  console.log
    Highlighting files: [
      'lib/index.js',
      'src/utils.py',
      'app/utils.ts',
      'app/config.ts',
      'app/index.js'
    ]

      at FileHighlighter.applyDecorations (src/ui/FileHighlighter.ts:119:17)

  console.log
    Clearing all file highlights

      at FileHighlighter.applyDecorations (src/ui/FileHighlighter.ts:121:17)

  console.log
    Highlighting files: [
      'lib/index.js',
      'src/utils.py',
      'app/utils.ts',
      'app/config.ts',
      'app/index.js'
    ]

      at FileHighlighter.applyDecorations (src/ui/FileHighlighter.ts:119:17)

  console.log
    Clearing all file highlights

      at FileHighlighter.applyDecorations (src/ui/FileHighlighter.ts:121:17)

  console.log
    Highlighting files: [
      'lib/index.js',
      'src/utils.py',
      'app/utils.ts',
      'app/config.ts',
      'app/index.js'
    ]

      at FileHighlighter.applyDecorations (src/ui/FileHighlighter.ts:119:17)

  console.log
    Clearing all file highlights

      at FileHighlighter.applyDecorations (src/ui/FileHighlighter.ts:121:17)

  console.log
    Highlighting files: [
      'lib/index.js',
      'src/utils.py',
      'app/utils.ts',
      'app/config.ts',
      'app/index.js'
    ]

      at FileHighlighter.applyDecorations (src/ui/FileHighlighter.ts:119:17)

  console.log
    Clearing all file highlights

      at FileHighlighter.applyDecorations (src/ui/FileHighlighter.ts:121:17)

  console.log
    Highlighting files: [
      'lib/index.js',
      'src/utils.py',
      'app/utils.ts',
      'app/config.ts',
      'app/index.js'
    ]

      at FileHighlighter.applyDecorations (src/ui/FileHighlighter.ts:119:17)

  console.log
    Clearing all file highlights

      at FileHighlighter.applyDecorations (src/ui/FileHighlighter.ts:121:17)

  console.log
    Highlighting files: [ 'app/helpers.ts', 'components/main.js' ]

      at FileHighlighter.applyDecorations (src/ui/FileHighlighter.ts:119:17)

  console.log
    Clearing all file highlights

      at FileHighlighter.applyDecorations (src/ui/FileHighlighter.ts:121:17)

  console.log
    Highlighting files: [ 'app/helpers.ts', 'components/main.js' ]

      at FileHighlighter.applyDecorations (src/ui/FileHighlighter.ts:119:17)

  console.log
    Clearing all file highlights

      at FileHighlighter.applyDecorations (src/ui/FileHighlighter.ts:121:17)

  console.log
    Highlighting files: [ 'app/helpers.ts', 'components/main.js' ]

      at FileHighlighter.applyDecorations (src/ui/FileHighlighter.ts:119:17)

  console.log
    Clearing all file highlights

      at FileHighlighter.applyDecorations (src/ui/FileHighlighter.ts:121:17)

  console.log
    Highlighting files: [ 'lib/index.ts' ]

      at FileHighlighter.applyDecorations (src/ui/FileHighlighter.ts:119:17)

  console.log
    Clearing all file highlights

      at FileHighlighter.applyDecorations (src/ui/FileHighlighter.ts:121:17)

  console.log
    Highlighting files: [
      'app/main.go',
      'components/index.java',
      'components/helpers.java',
      'app/main.js',
      'src/helpers.js'
    ]

      at FileHighlighter.applyDecorations (src/ui/FileHighlighter.ts:119:17)

  console.log
    Clearing all file highlights

      at FileHighlighter.applyDecorations (src/ui/FileHighlighter.ts:121:17)

  console.log
    Highlighting files: [
      'app/main.go',
      'components/index.java',
      'components/helpers.java',
      'app/main.js',
      'src/helpers.js'
    ]

      at FileHighlighter.applyDecorations (src/ui/FileHighlighter.ts:119:17)

  console.log
    Clearing all file highlights

      at FileHighlighter.applyDecorations (src/ui/FileHighlighter.ts:121:17)

  console.log
    Highlighting files: [ 'lib/index.ts' ]

      at FileHighlighter.applyDecorations (src/ui/FileHighlighter.ts:119:17)

  console.log
    Clearing all file highlights

      at FileHighlighter.applyDecorations (src/ui/FileHighlighter.ts:121:17)

  console.log
    Highlighting files: [ 'lib/index.ts' ]

      at FileHighlighter.applyDecorations (src/ui/FileHighlighter.ts:119:17)

  console.log
    Clearing all file highlights

      at FileHighlighter.applyDecorations (src/ui/FileHighlighter.ts:121:17)

  console.log
    Highlighting files: [ 'lib/helpers.go' ]

      at FileHighlighter.applyDecorations (src/ui/FileHighlighter.ts:119:17)

  console.log
    Clearing all file highlights

      at FileHighlighter.applyDecorations (src/ui/FileHighlighter.ts:121:17)

  console.log
    Highlighting files: [ 'app/utils.py' ]

      at FileHighlighter.applyDecorations (src/ui/FileHighlighter.ts:119:17)

  console.log
    Clearing all file highlights

      at FileHighlighter.applyDecorations (src/ui/FileHighlighter.ts:121:17)

  console.log
    Highlighting files: [ 'app/utils.py' ]

      at FileHighlighter.applyDecorations (src/ui/FileHighlighter.ts:119:17)

  console.log
    Clearing all file highlights

      at FileHighlighter.applyDecorations (src/ui/FileHighlighter.ts:121:17)

  console.log
    Highlighting files: [ 'lib/helpers.go' ]

      at FileHighlighter.applyDecorations (src/ui/FileHighlighter.ts:119:17)

  console.log
    Clearing all file highlights

      at FileHighlighter.applyDecorations (src/ui/FileHighlighter.ts:121:17)

  console.log
    Highlighting files: [ 'lib/helpers.go' ]

      at FileHighlighter.applyDecorations (src/ui/FileHighlighter.ts:119:17)

  console.log
    Clearing all file highlights

      at FileHighlighter.applyDecorations (src/ui/FileHighlighter.ts:121:17)

  console.log
    Highlighting files: [ 'lib/helpers.go' ]

      at FileHighlighter.applyDecorations (src/ui/FileHighlighter.ts:119:17)

  console.log
    Clearing all file highlights

      at FileHighlighter.applyDecorations (src/ui/FileHighlighter.ts:121:17)

  console.log
    Highlighting files: [ 'components/main.java' ]

      at FileHighlighter.applyDecorations (src/ui/FileHighlighter.ts:119:17)

  console.log
    Clearing all file highlights

      at FileHighlighter.applyDecorations (src/ui/FileHighlighter.ts:121:17)

  console.log
    Highlighting files: [ 'components/main.java' ]

      at FileHighlighter.applyDecorations (src/ui/FileHighlighter.ts:119:17)

  console.log
    Clearing all file highlights

      at FileHighlighter.applyDecorations (src/ui/FileHighlighter.ts:121:17)

  console.log
    Highlighting files: [ 'components/main.java' ]

      at FileHighlighter.applyDecorations (src/ui/FileHighlighter.ts:119:17)

  console.log
    Clearing all file highlights

      at FileHighlighter.applyDecorations (src/ui/FileHighlighter.ts:121:17)

  console.log
    Highlighting files: [ 'test/helpers.py', 'src/index.ts', 'lib/helpers.go' ]

      at FileHighlighter.applyDecorations (src/ui/FileHighlighter.ts:119:17)

  console.log
    Clearing all file highlights

      at FileHighlighter.applyDecorations (src/ui/FileHighlighter.ts:121:17)

  console.log
    Highlighting files: [ 'components/main.java' ]

      at FileHighlighter.applyDecorations (src/ui/FileHighlighter.ts:119:17)

  console.log
    Clearing all file highlights

      at FileHighlighter.applyDecorations (src/ui/FileHighlighter.ts:121:17)

  console.log
    Highlighting files: [ 'components/main.java' ]

      at FileHighlighter.applyDecorations (src/ui/FileHighlighter.ts:119:17)

  console.log
    Clearing all file highlights

      at FileHighlighter.applyDecorations (src/ui/FileHighlighter.ts:121:17)

  console.log
    Highlighting files: [ 'test/utils.ts', 'src/config.java', 'test/utils.py' ]

      at FileHighlighter.applyDecorations (src/ui/FileHighlighter.ts:119:17)

  console.log
    Clearing all file highlights

      at FileHighlighter.applyDecorations (src/ui/FileHighlighter.ts:121:17)

  console.log
    Highlighting files: [ 'test/utils.ts', 'src/config.java', 'test/utils.py' ]

      at FileHighlighter.applyDecorations (src/ui/FileHighlighter.ts:119:17)

  console.log
    Clearing all file highlights

      at FileHighlighter.applyDecorations (src/ui/FileHighlighter.ts:121:17)

  console.log
    Highlighting files: [ 'components/main.java' ]

      at FileHighlighter.applyDecorations (src/ui/FileHighlighter.ts:119:17)

  console.log
    Clearing all file highlights

      at FileHighlighter.applyDecorations (src/ui/FileHighlighter.ts:121:17)

  console.log
    Highlighting files: [ 'test/helpers.py', 'src/index.ts', 'lib/helpers.go' ]

      at FileHighlighter.applyDecorations (src/ui/FileHighlighter.ts:119:17)

  console.log
    Clearing all file highlights

      at FileHighlighter.applyDecorations (src/ui/FileHighlighter.ts:121:17)

  console.log
    Highlighting files: [ 'app/helpers.go' ]

      at FileHighlighter.applyDecorations (src/ui/FileHighlighter.ts:119:17)

  console.log
    Clearing all file highlights

      at FileHighlighter.applyDecorations (src/ui/FileHighlighter.ts:121:17)

  console.log
    Highlighting files: [ 'app/helpers.java' ]

      at FileHighlighter.applyDecorations (src/ui/FileHighlighter.ts:119:17)

  console.log
    Clearing all file highlights

      at FileHighlighter.applyDecorations (src/ui/FileHighlighter.ts:121:17)

  console.log
    Highlighting files: [ 'app/helpers.go' ]

      at FileHighlighter.applyDecorations (src/ui/FileHighlighter.ts:119:17)

  console.log
    Clearing all file highlights

      at FileHighlighter.applyDecorations (src/ui/FileHighlighter.ts:121:17)

  console.log
    Highlighting files: [ 'app/helpers.java' ]

      at FileHighlighter.applyDecorations (src/ui/FileHighlighter.ts:119:17)

  console.log
    Clearing all file highlights

      at FileHighlighter.applyDecorations (src/ui/FileHighlighter.ts:121:17)

  console.log
    Highlighting files: [ 'app/helpers.go' ]

      at FileHighlighter.applyDecorations (src/ui/FileHighlighter.ts:119:17)

  console.log
    Clearing all file highlights

      at FileHighlighter.applyDecorations (src/ui/FileHighlighter.ts:121:17)

  console.log
    Highlighting files: [ 'app/helpers.go' ]

      at FileHighlighter.applyDecorations (src/ui/FileHighlighter.ts:119:17)

  console.log
    Clearing all file highlights

      at FileHighlighter.applyDecorations (src/ui/FileHighlighter.ts:121:17)

  console.log
    Highlighting files: [ 'app/helpers.java' ]

      at FileHighlighter.applyDecorations (src/ui/FileHighlighter.ts:119:17)

  console.log
    Clearing all file highlights

      at FileHighlighter.applyDecorations (src/ui/FileHighlighter.ts:121:17)

  console.log
    Highlighting files: [
      'test/utils.js',
      'test/config.py',
      'lib/helpers.java',
      'src/helpers.ts'
    ]

      at FileHighlighter.applyDecorations (src/ui/FileHighlighter.ts:119:17)

  console.log
    Clearing all file highlights

      at FileHighlighter.applyDecorations (src/ui/FileHighlighter.ts:121:17)

  console.log
    Highlighting files: [
      'test/utils.js',
      'test/config.py',
      'lib/helpers.java',
      'src/helpers.ts'
    ]

      at FileHighlighter.applyDecorations (src/ui/FileHighlighter.ts:119:17)

  console.log
    Clearing all file highlights

      at FileHighlighter.applyDecorations (src/ui/FileHighlighter.ts:121:17)

  console.log
    Highlighting files: [ 'src/config.java', 'components/utils.ts', 'test/config.ts' ]

      at FileHighlighter.applyDecorations (src/ui/FileHighlighter.ts:119:17)

  console.log
    Clearing all file highlights

      at FileHighlighter.applyDecorations (src/ui/FileHighlighter.ts:121:17)

  console.log
    Highlighting files: [ 'app/config.js' ]

      at FileHighlighter.applyDecorations (src/ui/FileHighlighter.ts:119:17)

  console.log
    Clearing all file highlights

      at FileHighlighter.applyDecorations (src/ui/FileHighlighter.ts:121:17)

  console.log
    Highlighting files: [ 'app/config.js' ]

      at FileHighlighter.applyDecorations (src/ui/FileHighlighter.ts:119:17)

  console.log
    Clearing all file highlights

      at FileHighlighter.applyDecorations (src/ui/FileHighlighter.ts:121:17)

  console.log
    Highlighting files: [
      'components/config.ts',
      'lib/config.go',
      'components/main.py',
      'src/utils.js'
    ]

      at FileHighlighter.applyDecorations (src/ui/FileHighlighter.ts:119:17)

  console.log
    Clearing all file highlights

      at FileHighlighter.applyDecorations (src/ui/FileHighlighter.ts:121:17)

  console.log
    Highlighting files: [
      'components/config.ts',
      'lib/config.go',
      'components/main.py',
      'src/utils.js'
    ]

      at FileHighlighter.applyDecorations (src/ui/FileHighlighter.ts:119:17)

  console.log
    Clearing all file highlights

      at FileHighlighter.applyDecorations (src/ui/FileHighlighter.ts:121:17)

  console.log
    Highlighting files: [
      'components/config.ts',
      'lib/config.go',
      'components/main.py',
      'src/utils.js'
    ]

      at FileHighlighter.applyDecorations (src/ui/FileHighlighter.ts:119:17)

  console.log
    Clearing all file highlights

      at FileHighlighter.applyDecorations (src/ui/FileHighlighter.ts:121:17)

  console.log
    Highlighting files: [ 'lib/helpers.java', 'test/index.js', 'lib/config.ts' ]

      at FileHighlighter.applyDecorations (src/ui/FileHighlighter.ts:119:17)

  console.log
    Clearing all file highlights

      at FileHighlighter.applyDecorations (src/ui/FileHighlighter.ts:121:17)

  console.log
    Highlighting files: [ 'components/main.py', 'test/main.py' ]

      at FileHighlighter.applyDecorations (src/ui/FileHighlighter.ts:119:17)

  console.log
    Clearing all file highlights

      at FileHighlighter.applyDecorations (src/ui/FileHighlighter.ts:121:17)

  console.log
    Highlighting files: [
      'components/config.ts',
      'lib/config.go',
      'components/main.py',
      'src/utils.js'
    ]

      at FileHighlighter.applyDecorations (src/ui/FileHighlighter.ts:119:17)

  console.log
    Clearing all file highlights

      at FileHighlighter.applyDecorations (src/ui/FileHighlighter.ts:121:17)

  console.log
    Highlighting files: [
      'components/config.ts',
      'lib/config.go',
      'components/main.py',
      'src/utils.js'
    ]

      at FileHighlighter.applyDecorations (src/ui/FileHighlighter.ts:119:17)

  console.log
    Clearing all file highlights

      at FileHighlighter.applyDecorations (src/ui/FileHighlighter.ts:121:17)

  console.log
    Highlighting files: [ 'test/utils.py' ]

      at FileHighlighter.applyDecorations (src/ui/FileHighlighter.ts:119:17)

  console.log
    Clearing all file highlights

      at FileHighlighter.applyDecorations (src/ui/FileHighlighter.ts:121:17)

  console.log
    Highlighting files: [ 'test/utils.py' ]

      at FileHighlighter.applyDecorations (src/ui/FileHighlighter.ts:119:17)

  console.log
    Clearing all file highlights

      at FileHighlighter.applyDecorations (src/ui/FileHighlighter.ts:121:17)

  console.log
    Highlighting files: [ 'components/helpers.ts', 'lib/config.js' ]

      at FileHighlighter.applyDecorations (src/ui/FileHighlighter.ts:119:17)

  console.log
    Clearing all file highlights

      at FileHighlighter.applyDecorations (src/ui/FileHighlighter.ts:121:17)

  console.log
    Highlighting files: [
      'components/config.go',
      'components/index.java',
      'src/main.ts',
      'src/main.py'
    ]

      at FileHighlighter.applyDecorations (src/ui/FileHighlighter.ts:119:17)

  console.log
    Clearing all file highlights

      at FileHighlighter.applyDecorations (src/ui/FileHighlighter.ts:121:17)

  console.log
    Highlighting files: [ 'test/main.go', 'test/index.py', 'components/main.js' ]

      at FileHighlighter.applyDecorations (src/ui/FileHighlighter.ts:119:17)

  console.log
    Clearing all file highlights

      at FileHighlighter.applyDecorations (src/ui/FileHighlighter.ts:121:17)

  console.log
    Highlighting files: [
      'src/index.js',
      'components/helpers.go',
      'lib/config.js',
      'app/config.java',
      'lib/utils.js'
    ]

      at FileHighlighter.applyDecorations (src/ui/FileHighlighter.ts:119:17)

  console.log
    Clearing all file highlights

      at FileHighlighter.applyDecorations (src/ui/FileHighlighter.ts:121:17)

  console.log
    Highlighting files: [
      'lib/main.js',
      'components/helpers.java',
      'components/utils.py',
      'lib/utils.ts'
    ]

      at FileHighlighter.applyDecorations (src/ui/FileHighlighter.ts:119:17)

  console.log
    Clearing all file highlights

      at FileHighlighter.applyDecorations (src/ui/FileHighlighter.ts:121:17)

  console.log
    Highlighting files: [ 'test/config.py', 'lib/main.js', 'src/utils.go', 'test/config.java' ]

      at FileHighlighter.applyDecorations (src/ui/FileHighlighter.ts:119:17)

  console.log
    Clearing all file highlights

      at FileHighlighter.applyDecorations (src/ui/FileHighlighter.ts:121:17)

  console.log
    Highlighting files: [
      'components/helpers.java',
      'src/utils.java',
      'src/helpers.js',
      'test/main.java',
      'lib/main.go'
    ]

      at FileHighlighter.applyDecorations (src/ui/FileHighlighter.ts:119:17)

  console.log
    Clearing all file highlights

      at FileHighlighter.applyDecorations (src/ui/FileHighlighter.ts:121:17)

  console.log
    Highlighting files: [ 'test/main.py' ]

      at FileHighlighter.applyDecorations (src/ui/FileHighlighter.ts:119:17)

  console.log
    Clearing all file highlights

      at FileHighlighter.applyDecorations (src/ui/FileHighlighter.ts:121:17)

  console.log
    Highlighting files: [
      'components/helpers.java',
      'src/utils.java',
      'src/helpers.js',
      'test/main.java',
      'lib/main.go'
    ]

      at FileHighlighter.applyDecorations (src/ui/FileHighlighter.ts:119:17)

  console.log
    Clearing all file highlights

      at FileHighlighter.applyDecorations (src/ui/FileHighlighter.ts:121:17)

  console.log
    Highlighting files: [
      'components/helpers.java',
      'src/utils.java',
      'src/helpers.js',
      'test/main.java',
      'lib/main.go'
    ]

      at FileHighlighter.applyDecorations (src/ui/FileHighlighter.ts:119:17)

  console.log
    Clearing all file highlights

      at FileHighlighter.applyDecorations (src/ui/FileHighlighter.ts:121:17)

  console.log
    Highlighting files: [ 'components/utils.go', 'components/config.py', 'src/config.java' ]

      at FileHighlighter.applyDecorations (src/ui/FileHighlighter.ts:119:17)

  console.log
    Clearing all file highlights

      at FileHighlighter.applyDecorations (src/ui/FileHighlighter.ts:121:17)

  console.log
    Highlighting files: [
      'lib/utils.ts',
      'test/main.go',
      'app/index.ts',
      'components/main.js',
      'test/main.java'
    ]

      at FileHighlighter.applyDecorations (src/ui/FileHighlighter.ts:119:17)

  console.log
    Clearing all file highlights

      at FileHighlighter.applyDecorations (src/ui/FileHighlighter.ts:121:17)

  console.log
    Highlighting files: [
      'components/helpers.java',
      'src/utils.java',
      'src/helpers.js',
      'test/main.java',
      'lib/main.go'
    ]

      at FileHighlighter.applyDecorations (src/ui/FileHighlighter.ts:119:17)

  console.log
    Clearing all file highlights

      at FileHighlighter.applyDecorations (src/ui/FileHighlighter.ts:121:17)

  console.log
    Highlighting files: [ 'lib/main.js', 'test/helpers.go' ]

      at FileHighlighter.applyDecorations (src/ui/FileHighlighter.ts:119:17)

  console.log
    Clearing all file highlights

      at FileHighlighter.applyDecorations (src/ui/FileHighlighter.ts:121:17)

  console.log
    Highlighting files: [ 'components/config.py', 'lib/config.py' ]

      at FileHighlighter.applyDecorations (src/ui/FileHighlighter.ts:119:17)

  console.log
    Clearing all file highlights

      at FileHighlighter.applyDecorations (src/ui/FileHighlighter.ts:121:17)

  console.log
    Highlighting files: [ 'test/main.java', 'test/main.ts' ]

      at FileHighlighter.applyDecorations (src/ui/FileHighlighter.ts:119:17)

  console.log
    Clearing all file highlights

      at FileHighlighter.applyDecorations (src/ui/FileHighlighter.ts:121:17)

  console.log
    Highlighting files: [ 'lib/main.js', 'test/helpers.go' ]

      at FileHighlighter.applyDecorations (src/ui/FileHighlighter.ts:119:17)

  console.log
    Clearing all file highlights

      at FileHighlighter.applyDecorations (src/ui/FileHighlighter.ts:121:17)

  console.log
    Highlighting files: [ 'components/config.py' ]

      at FileHighlighter.applyDecorations (src/ui/FileHighlighter.ts:119:17)

  console.log
    Clearing all file highlights

      at FileHighlighter.applyDecorations (src/ui/FileHighlighter.ts:121:17)

  console.log
    Highlighting files: [ 'test/helpers.py', 'test/config.py' ]

      at FileHighlighter.applyDecorations (src/ui/FileHighlighter.ts:119:17)

  console.log
    Clearing all file highlights

      at FileHighlighter.applyDecorations (src/ui/FileHighlighter.ts:121:17)

  console.log
    Highlighting files: [
      'app/index.ts',
      'components/utils.go',
      'components/main.ts',
      'lib/index.js',
      'app/config.java'
    ]

      at FileHighlighter.applyDecorations (src/ui/FileHighlighter.ts:119:17)

  console.log
    Clearing all file highlights

      at FileHighlighter.applyDecorations (src/ui/FileHighlighter.ts:121:17)

  console.log
    Highlighting files: [ 'components/config.ts', 'components/helpers.go' ]

      at FileHighlighter.applyDecorations (src/ui/FileHighlighter.ts:119:17)

  console.log
    Clearing all file highlights

      at FileHighlighter.applyDecorations (src/ui/FileHighlighter.ts:121:17)

  console.log
    Highlighting files: [ 'test/helpers.py', 'test/config.py' ]

      at FileHighlighter.applyDecorations (src/ui/FileHighlighter.ts:119:17)

  console.log
    Clearing all file highlights

      at FileHighlighter.applyDecorations (src/ui/FileHighlighter.ts:121:17)

  console.log
    Highlighting files: [ 'src/main.ts', 'lib/utils.js' ]

      at FileHighlighter.applyDecorations (src/ui/FileHighlighter.ts:119:17)

  console.log
    Clearing all file highlights

      at FileHighlighter.applyDecorations (src/ui/FileHighlighter.ts:121:17)

  console.log
    Highlighting files: [ 'src/main.ts', 'lib/utils.js' ]

      at FileHighlighter.applyDecorations (src/ui/FileHighlighter.ts:119:17)

  console.log
    Clearing all file highlights

      at FileHighlighter.applyDecorations (src/ui/FileHighlighter.ts:121:17)

  console.log
    Highlighting files: [
      'app/index.ts',
      'components/utils.go',
      'components/main.ts',
      'lib/index.js',
      'app/config.java'
    ]

      at FileHighlighter.applyDecorations (src/ui/FileHighlighter.ts:119:17)

  console.log
    Clearing all file highlights

      at FileHighlighter.applyDecorations (src/ui/FileHighlighter.ts:121:17)

  console.log
    Highlighting files: [ 'src/main.ts' ]

      at FileHighlighter.applyDecorations (src/ui/FileHighlighter.ts:119:17)

  console.log
    Clearing all file highlights

      at FileHighlighter.applyDecorations (src/ui/FileHighlighter.ts:121:17)

  console.log
    Highlighting files: [
      'app/index.ts',
      'components/utils.go',
      'components/main.ts',
      'lib/index.js',
      'app/config.java'
    ]

      at FileHighlighter.applyDecorations (src/ui/FileHighlighter.ts:119:17)

  console.log
    Clearing all file highlights

      at FileHighlighter.applyDecorations (src/ui/FileHighlighter.ts:121:17)

  console.log
    Highlighting files: [ 'app/main.py' ]

      at FileHighlighter.applyDecorations (src/ui/FileHighlighter.ts:119:17)

  console.log
    Clearing all file highlights

      at FileHighlighter.applyDecorations (src/ui/FileHighlighter.ts:121:17)

  console.log
    Highlighting files: [ 'app/main.py' ]

      at FileHighlighter.applyDecorations (src/ui/FileHighlighter.ts:119:17)

  console.log
    Clearing all file highlights

      at FileHighlighter.applyDecorations (src/ui/FileHighlighter.ts:121:17)

  console.log
    Highlighting files: [
      'lib/config.go',
      'test/main.js',
      'app/helpers.java',
      'test/main.java'
    ]

      at FileHighlighter.applyDecorations (src/ui/FileHighlighter.ts:119:17)

  console.log
    Clearing all file highlights

      at FileHighlighter.applyDecorations (src/ui/FileHighlighter.ts:121:17)

  console.log
    Highlighting files: [
      'lib/config.go',
      'test/main.js',
      'app/helpers.java',
      'test/main.java'
    ]

      at FileHighlighter.applyDecorations (src/ui/FileHighlighter.ts:119:17)

  console.log
    Clearing all file highlights

      at FileHighlighter.applyDecorations (src/ui/FileHighlighter.ts:121:17)

  console.log
    Highlighting files: [ 'components/main.py' ]

      at FileHighlighter.applyDecorations (src/ui/FileHighlighter.ts:119:17)

  console.log
    Clearing all file highlights

      at FileHighlighter.applyDecorations (src/ui/FileHighlighter.ts:121:17)

  console.log
    Highlighting files: [ 'components/main.py' ]

      at FileHighlighter.applyDecorations (src/ui/FileHighlighter.ts:119:17)

  console.log
    Clearing all file highlights

      at FileHighlighter.applyDecorations (src/ui/FileHighlighter.ts:121:17)

  console.log
    Highlighting files: [ 'components/main.py' ]

      at FileHighlighter.applyDecorations (src/ui/FileHighlighter.ts:119:17)

  console.log
    Clearing all file highlights

      at FileHighlighter.applyDecorations (src/ui/FileHighlighter.ts:121:17)

  console.log
    Highlighting files: [ 'src/main.js', 'app/config.go' ]

      at FileHighlighter.applyDecorations (src/ui/FileHighlighter.ts:119:17)

  console.log
    Clearing all file highlights

      at FileHighlighter.applyDecorations (src/ui/FileHighlighter.ts:121:17)

  console.log
    Highlighting files: [ 'test/utils.ts', 'app/config.js' ]

      at FileHighlighter.applyDecorations (src/ui/FileHighlighter.ts:119:17)

  console.log
    Clearing all file highlights

      at FileHighlighter.applyDecorations (src/ui/FileHighlighter.ts:121:17)

  console.log
    Highlighting files: [ 'src/index.js', 'app/main.go', 'lib/index.go' ]

      at FileHighlighter.applyDecorations (src/ui/FileHighlighter.ts:119:17)

  console.log
    Clearing all file highlights

      at FileHighlighter.applyDecorations (src/ui/FileHighlighter.ts:121:17)

  console.log
    Highlighting files: [ 'src/index.js', 'app/main.go', 'lib/index.go' ]

      at FileHighlighter.applyDecorations (src/ui/FileHighlighter.ts:119:17)

  console.log
    Clearing all file highlights

      at FileHighlighter.applyDecorations (src/ui/FileHighlighter.ts:121:17)

  console.log
    Highlighting files: [ 'src/index.js', 'app/main.go', 'lib/index.go' ]

      at FileHighlighter.applyDecorations (src/ui/FileHighlighter.ts:119:17)

  console.log
    Clearing all file highlights

      at FileHighlighter.applyDecorations (src/ui/FileHighlighter.ts:121:17)

  console.log
    Highlighting files: [ 'src/index.js', 'app/main.go', 'lib/index.go' ]

      at FileHighlighter.applyDecorations (src/ui/FileHighlighter.ts:119:17)

  console.log
    Clearing all file highlights

      at FileHighlighter.applyDecorations (src/ui/FileHighlighter.ts:121:17)

  console.log
    Highlighting files: [ 'test/utils.ts', 'app/config.js' ]

      at FileHighlighter.applyDecorations (src/ui/FileHighlighter.ts:119:17)

  console.log
    Clearing all file highlights

      at FileHighlighter.applyDecorations (src/ui/FileHighlighter.ts:121:17)

  console.log
    Highlighting files: [ 'test/utils.ts', 'app/config.js' ]

      at FileHighlighter.applyDecorations (src/ui/FileHighlighter.ts:119:17)

  console.log
    Clearing all file highlights

      at FileHighlighter.applyDecorations (src/ui/FileHighlighter.ts:121:17)

  console.log
    Highlighting files: [ 'src/index.js', 'app/main.go', 'lib/index.go' ]

      at FileHighlighter.applyDecorations (src/ui/FileHighlighter.ts:119:17)

  console.log
    Clearing all file highlights

      at FileHighlighter.applyDecorations (src/ui/FileHighlighter.ts:121:17)

  console.log
    Highlighting files: [
      'components/utils.java',
      'lib/index.js',
      'src/config.js',
      'test/config.java',
      'components/main.java'
    ]

      at FileHighlighter.applyDecorations (src/ui/FileHighlighter.ts:119:17)

  console.log
    Clearing all file highlights

      at FileHighlighter.applyDecorations (src/ui/FileHighlighter.ts:121:17)

  console.log
    Highlighting files: [
      'test/utils.py',
      'lib/utils.java',
      'app/index.java',
      'app/config.js'
    ]

      at FileHighlighter.applyDecorations (src/ui/FileHighlighter.ts:119:17)

  console.log
    Clearing all file highlights

      at FileHighlighter.applyDecorations (src/ui/FileHighlighter.ts:121:17)

  console.log
    Highlighting files: [
      'app/index.js',
      'test/config.java',
      'app/config.py',
      'app/helpers.py',
      'app/helpers.js'
    ]

      at FileHighlighter.applyDecorations (src/ui/FileHighlighter.ts:119:17)

  console.log
    Clearing all file highlights

      at FileHighlighter.applyDecorations (src/ui/FileHighlighter.ts:121:17)

  console.log
    Highlighting files: [
      'test/utils.py',
      'lib/utils.java',
      'app/index.java',
      'app/config.js'
    ]

      at FileHighlighter.applyDecorations (src/ui/FileHighlighter.ts:119:17)

  console.log
    Clearing all file highlights

      at FileHighlighter.applyDecorations (src/ui/FileHighlighter.ts:121:17)

  console.log
    Highlighting files: [
      'components/utils.java',
      'lib/index.js',
      'src/config.js',
      'test/config.java',
      'components/main.java'
    ]

      at FileHighlighter.applyDecorations (src/ui/FileHighlighter.ts:119:17)

  console.log
    Clearing all file highlights

      at FileHighlighter.applyDecorations (src/ui/FileHighlighter.ts:121:17)

  console.log
    Highlighting files: [
      'components/utils.java',
      'lib/index.js',
      'src/config.js',
      'test/config.java',
      'components/main.java'
    ]

      at FileHighlighter.applyDecorations (src/ui/FileHighlighter.ts:119:17)

  console.log
    Clearing all file highlights

      at FileHighlighter.applyDecorations (src/ui/FileHighlighter.ts:121:17)

  console.log
    Highlighting files: [
      'test/utils.py',
      'lib/utils.java',
      'app/index.java',
      'app/config.js'
    ]

      at FileHighlighter.applyDecorations (src/ui/FileHighlighter.ts:119:17)

  console.log
    Clearing all file highlights

      at FileHighlighter.applyDecorations (src/ui/FileHighlighter.ts:121:17)

  console.log
    Highlighting files: [
      'test/utils.py',
      'lib/utils.java',
      'app/index.java',
      'app/config.js'
    ]

      at FileHighlighter.applyDecorations (src/ui/FileHighlighter.ts:119:17)

  console.log
    Clearing all file highlights

      at FileHighlighter.applyDecorations (src/ui/FileHighlighter.ts:121:17)

  console.log
    Highlighting files: [ 'src/index.go', 'lib/main.py', 'src/main.java', 'lib/main.go' ]

      at FileHighlighter.applyDecorations (src/ui/FileHighlighter.ts:119:17)

  console.log
    Clearing all file highlights

      at FileHighlighter.applyDecorations (src/ui/FileHighlighter.ts:121:17)

  console.log
    Highlighting files: [ 'test/index.go', 'components/helpers.java', 'components/helpers.go' ]

      at FileHighlighter.applyDecorations (src/ui/FileHighlighter.ts:119:17)

  console.log
    Clearing all file highlights

      at FileHighlighter.applyDecorations (src/ui/FileHighlighter.ts:121:17)

  console.log
    Highlighting files: [ 'components/index.py' ]

      at FileHighlighter.applyDecorations (src/ui/FileHighlighter.ts:119:17)

  console.log
    Clearing all file highlights

      at FileHighlighter.applyDecorations (src/ui/FileHighlighter.ts:121:17)

  console.log
    Highlighting files: [ 'components/index.py' ]

      at FileHighlighter.applyDecorations (src/ui/FileHighlighter.ts:119:17)

  console.log
    Clearing all file highlights

      at FileHighlighter.applyDecorations (src/ui/FileHighlighter.ts:121:17)

  console.log
    Highlighting files: [ 'src/index.go', 'lib/main.py', 'src/main.java', 'lib/main.go' ]

      at FileHighlighter.applyDecorations (src/ui/FileHighlighter.ts:119:17)

  console.log
    Clearing all file highlights

      at FileHighlighter.applyDecorations (src/ui/FileHighlighter.ts:121:17)

  console.log
    Highlighting files: [ 'components/index.py' ]

      at FileHighlighter.applyDecorations (src/ui/FileHighlighter.ts:119:17)

  console.log
    Clearing all file highlights

      at FileHighlighter.applyDecorations (src/ui/FileHighlighter.ts:121:17)

  console.log
    Highlighting files: [ 'test/helpers.ts' ]

      at FileHighlighter.applyDecorations (src/ui/FileHighlighter.ts:119:17)

  console.log
    Clearing all file highlights

      at FileHighlighter.applyDecorations (src/ui/FileHighlighter.ts:121:17)

  console.log
    Highlighting files: [ 'app/index.go', 'app/main.ts', 'lib/index.java' ]

      at FileHighlighter.applyDecorations (src/ui/FileHighlighter.ts:119:17)

  console.log
    Clearing all file highlights

      at FileHighlighter.applyDecorations (src/ui/FileHighlighter.ts:121:17)

  console.log
    Highlighting files: [ 'app/index.go', 'app/main.ts', 'lib/index.java' ]

      at FileHighlighter.applyDecorations (src/ui/FileHighlighter.ts:119:17)

  console.log
    Clearing all file highlights

      at FileHighlighter.applyDecorations (src/ui/FileHighlighter.ts:121:17)

  console.log
    Highlighting files: [ 'lib/config.py', 'components/config.ts', 'test/helpers.java' ]

      at FileHighlighter.applyDecorations (src/ui/FileHighlighter.ts:119:17)

  console.log
    Clearing all file highlights

      at FileHighlighter.applyDecorations (src/ui/FileHighlighter.ts:121:17)

  console.log
    Highlighting files: [ 'test/config.go' ]

      at FileHighlighter.applyDecorations (src/ui/FileHighlighter.ts:119:17)

  console.log
    Clearing all file highlights

      at FileHighlighter.applyDecorations (src/ui/FileHighlighter.ts:121:17)

  console.log
    Highlighting files: [
      'lib/config.js',
      'components/utils.js',
      'lib/helpers.go',
      'src/utils.java',
      'lib/config.java'
    ]

      at FileHighlighter.applyDecorations (src/ui/FileHighlighter.ts:119:17)

  console.log
    Clearing all file highlights

      at FileHighlighter.applyDecorations (src/ui/FileHighlighter.ts:121:17)

  console.log
    Highlighting files: [ 'test/config.go' ]

      at FileHighlighter.applyDecorations (src/ui/FileHighlighter.ts:119:17)

  console.log
    Clearing all file highlights

      at FileHighlighter.applyDecorations (src/ui/FileHighlighter.ts:121:17)

  console.log
    Highlighting files: [ 'app/utils.go' ]

      at FileHighlighter.applyDecorations (src/ui/FileHighlighter.ts:119:17)

  console.log
    Clearing all file highlights

      at FileHighlighter.applyDecorations (src/ui/FileHighlighter.ts:121:17)

  console.log
    Highlighting files: [ 'app/helpers.go' ]

      at FileHighlighter.applyDecorations (src/ui/FileHighlighter.ts:119:17)

  console.log
    Clearing all file highlights

      at FileHighlighter.applyDecorations (src/ui/FileHighlighter.ts:121:17)

  console.log
    Highlighting files: [ 'app/helpers.go' ]

      at FileHighlighter.applyDecorations (src/ui/FileHighlighter.ts:119:17)

  console.log
    Clearing all file highlights

      at FileHighlighter.applyDecorations (src/ui/FileHighlighter.ts:121:17)

  console.log
    Highlighting files: [ 'app/index.go', 'app/index.ts', 'lib/config.go', 'lib/config.java' ]

      at FileHighlighter.applyDecorations (src/ui/FileHighlighter.ts:119:17)

  console.log
    Clearing all file highlights

      at FileHighlighter.applyDecorations (src/ui/FileHighlighter.ts:121:17)

  console.log
    Highlighting files: [ 'components/helpers.ts', 'src/main.java' ]

      at FileHighlighter.applyDecorations (src/ui/FileHighlighter.ts:119:17)

  console.log
    Clearing all file highlights

      at FileHighlighter.applyDecorations (src/ui/FileHighlighter.ts:121:17)

  console.log
    Highlighting files: [ 'lib/main.java', 'src/index.py', 'test/main.go' ]

      at FileHighlighter.applyDecorations (src/ui/FileHighlighter.ts:119:17)

  console.log
    Clearing all file highlights

      at FileHighlighter.applyDecorations (src/ui/FileHighlighter.ts:121:17)

  console.log
    Highlighting files: [ 'components/helpers.ts', 'src/main.java' ]

      at FileHighlighter.applyDecorations (src/ui/FileHighlighter.ts:119:17)

  console.log
    Clearing all file highlights

      at FileHighlighter.applyDecorations (src/ui/FileHighlighter.ts:121:17)

  console.log
    Highlighting files: [ 'lib/main.java', 'src/index.py', 'test/main.go' ]

      at FileHighlighter.applyDecorations (src/ui/FileHighlighter.ts:119:17)

  console.log
    Clearing all file highlights

      at FileHighlighter.applyDecorations (src/ui/FileHighlighter.ts:121:17)

  console.log
    Highlighting files: [
      'app/helpers.ts',
      'src/config.js',
      'test/main.go',
      'components/main.go'
    ]

      at FileHighlighter.applyDecorations (src/ui/FileHighlighter.ts:119:17)

  console.log
    Clearing all file highlights

      at FileHighlighter.applyDecorations (src/ui/FileHighlighter.ts:121:17)

  console.log
    Highlighting files: [ 'src/helpers.go' ]

      at FileHighlighter.applyDecorations (src/ui/FileHighlighter.ts:119:17)

  console.log
    Clearing all file highlights

      at FileHighlighter.applyDecorations (src/ui/FileHighlighter.ts:121:17)

  console.log
    Highlighting files: [ 'src/helpers.java' ]

      at FileHighlighter.applyDecorations (src/ui/FileHighlighter.ts:119:17)

  console.log
    Clearing all file highlights

      at FileHighlighter.applyDecorations (src/ui/FileHighlighter.ts:121:17)

  console.log
    Highlighting files: [
      'app/config.go',
      'src/config.py',
      'components/main.go',
      'components/helpers.go'
    ]

      at FileHighlighter.applyDecorations (src/ui/FileHighlighter.ts:119:17)

  console.log
    Clearing all file highlights

      at FileHighlighter.applyDecorations (src/ui/FileHighlighter.ts:121:17)

  console.log
    Highlighting files: [
      'app/main.py',
      'app/index.java',
      'lib/config.ts',
      'src/utils.ts',
      'app/utils.ts'
    ]

      at FileHighlighter.applyDecorations (src/ui/FileHighlighter.ts:119:17)

  console.log
    Clearing all file highlights

      at FileHighlighter.applyDecorations (src/ui/FileHighlighter.ts:121:17)

  console.log
    Highlighting files: [ 'components/main.js' ]

      at FileHighlighter.applyDecorations (src/ui/FileHighlighter.ts:119:17)

  console.log
    Clearing all file highlights

      at FileHighlighter.applyDecorations (src/ui/FileHighlighter.ts:121:17)

  console.log
    Highlighting files: [ 'test/index.js', 'app/index.ts', 'lib/index.java' ]

      at FileHighlighter.applyDecorations (src/ui/FileHighlighter.ts:119:17)

  console.log
    Clearing all file highlights

      at FileHighlighter.applyDecorations (src/ui/FileHighlighter.ts:121:17)

  console.log
    Highlighting files: [ 'test/main.py', 'src/config.ts' ]

      at FileHighlighter.applyDecorations (src/ui/FileHighlighter.ts:119:17)

  console.log
    Clearing all file highlights

      at FileHighlighter.applyDecorations (src/ui/FileHighlighter.ts:121:17)

  console.log
    Highlighting files: [ 'app/main.js' ]

      at FileHighlighter.applyDecorations (src/ui/FileHighlighter.ts:119:17)

  console.log
    Clearing all file highlights

      at FileHighlighter.applyDecorations (src/ui/FileHighlighter.ts:121:17)

  console.log
    Highlighting files: [ 'app/main.js' ]

      at FileHighlighter.applyDecorations (src/ui/FileHighlighter.ts:119:17)

  console.log
    Clearing all file highlights

      at FileHighlighter.applyDecorations (src/ui/FileHighlighter.ts:121:17)

  console.log
    Highlighting files: [ 'app/main.js' ]

      at FileHighlighter.applyDecorations (src/ui/FileHighlighter.ts:119:17)

  console.log
    Clearing all file highlights

      at FileHighlighter.applyDecorations (src/ui/FileHighlighter.ts:121:17)

  console.log
    Highlighting files: [ 'app/main.js' ]

      at FileHighlighter.applyDecorations (src/ui/FileHighlighter.ts:119:17)

  console.log
    Clearing all file highlights

      at FileHighlighter.applyDecorations (src/ui/FileHighlighter.ts:121:17)

  console.log
    Highlighting files: [ 'app/helpers.js', 'app/helpers.ts', 'components/main.js' ]

      at FileHighlighter.applyDecorations (src/ui/FileHighlighter.ts:119:17)

  console.log
    Clearing all file highlights

      at FileHighlighter.applyDecorations (src/ui/FileHighlighter.ts:121:17)

  console.log
    Highlighting files: [ 'app/helpers.js', 'app/helpers.ts', 'components/main.js' ]

      at FileHighlighter.applyDecorations (src/ui/FileHighlighter.ts:119:17)

  console.log
    Clearing all file highlights

      at FileHighlighter.applyDecorations (src/ui/FileHighlighter.ts:121:17)

  console.log
    Highlighting files: [ 'app/utils.py', 'lib/main.ts', 'app/utils.go' ]

      at FileHighlighter.applyDecorations (src/ui/FileHighlighter.ts:119:17)

  console.log
    Clearing all file highlights

      at FileHighlighter.applyDecorations (src/ui/FileHighlighter.ts:121:17)

  console.log
    Highlighting files: [ 'app/utils.py', 'lib/main.ts', 'app/utils.go' ]

      at FileHighlighter.applyDecorations (src/ui/FileHighlighter.ts:119:17)

  console.log
    Clearing all file highlights

      at FileHighlighter.applyDecorations (src/ui/FileHighlighter.ts:121:17)

  console.log
    Highlighting files: [ 'app/helpers.js', 'app/helpers.ts', 'components/main.js' ]

      at FileHighlighter.applyDecorations (src/ui/FileHighlighter.ts:119:17)

  console.log
    Clearing all file highlights

      at FileHighlighter.applyDecorations (src/ui/FileHighlighter.ts:121:17)

  console.log
    Highlighting files: [ 'app/utils.py', 'lib/main.ts', 'app/utils.go' ]

      at FileHighlighter.applyDecorations (src/ui/FileHighlighter.ts:119:17)

  console.log
    Clearing all file highlights

      at FileHighlighter.applyDecorations (src/ui/FileHighlighter.ts:121:17)

  console.log
    Highlighting files: [ 'app/utils.py', 'lib/main.ts', 'app/utils.go' ]

      at FileHighlighter.applyDecorations (src/ui/FileHighlighter.ts:119:17)

  console.log
    Clearing all file highlights

      at FileHighlighter.applyDecorations (src/ui/FileHighlighter.ts:121:17)

  console.log
    Highlighting files: [ 'lib/main.java' ]

      at FileHighlighter.applyDecorations (src/ui/FileHighlighter.ts:119:17)

  console.log
    Clearing all file highlights

      at FileHighlighter.applyDecorations (src/ui/FileHighlighter.ts:121:17)

  console.log
    Highlighting files: [ 'app/helpers.js', 'app/helpers.ts', 'components/main.js' ]

      at FileHighlighter.applyDecorations (src/ui/FileHighlighter.ts:119:17)

  console.log
    Clearing all file highlights

      at FileHighlighter.applyDecorations (src/ui/FileHighlighter.ts:121:17)

  console.log
    Highlighting files: [ 'lib/main.java' ]

      at FileHighlighter.applyDecorations (src/ui/FileHighlighter.ts:119:17)

  console.log
    Clearing all file highlights

      at FileHighlighter.applyDecorations (src/ui/FileHighlighter.ts:121:17)

  console.log
    Highlighting files: [
      'components/config.go',
      'test/main.go',
      'test/utils.js',
      'test/helpers.ts',
      'lib/config.js'
    ]

      at FileHighlighter.applyDecorations (src/ui/FileHighlighter.ts:119:17)

  console.log
    Clearing all file highlights

      at FileHighlighter.applyDecorations (src/ui/FileHighlighter.ts:121:17)

  console.log
    Highlighting files: [ 'lib/index.java', 'test/utils.java' ]

      at FileHighlighter.applyDecorations (src/ui/FileHighlighter.ts:119:17)

  console.log
    Clearing all file highlights

      at FileHighlighter.applyDecorations (src/ui/FileHighlighter.ts:121:17)

  console.log
    Highlighting files: [ 'src/config.js', 'src/main.java', 'test/utils.py' ]

      at FileHighlighter.applyDecorations (src/ui/FileHighlighter.ts:119:17)

  console.log
    Clearing all file highlights

      at FileHighlighter.applyDecorations (src/ui/FileHighlighter.ts:121:17)

  console.log
    Highlighting files: [
      'app/utils.go',
      'lib/utils.go',
      'test/main.java',
      'components/config.ts'
    ]

      at FileHighlighter.applyDecorations (src/ui/FileHighlighter.ts:119:17)

  console.log
    Clearing all file highlights

      at FileHighlighter.applyDecorations (src/ui/FileHighlighter.ts:121:17)

  console.log
    Highlighting files: [
      'components/main.py',
      'app/main.py',
      'test/main.js',
      'src/main.js',
      'test/utils.js'
    ]

      at FileHighlighter.applyDecorations (src/ui/FileHighlighter.ts:119:17)

  console.log
    Clearing all file highlights

      at FileHighlighter.applyDecorations (src/ui/FileHighlighter.ts:121:17)

  console.log
    Highlighting files: [ 'src/helpers.ts', 'src/utils.go' ]

      at FileHighlighter.applyDecorations (src/ui/FileHighlighter.ts:119:17)

  console.log
    Clearing all file highlights

      at FileHighlighter.applyDecorations (src/ui/FileHighlighter.ts:121:17)

  console.log
    Highlighting files: [ 'components/main.go', 'app/config.py', 'src/main.java' ]

      at FileHighlighter.applyDecorations (src/ui/FileHighlighter.ts:119:17)

  console.log
    Clearing all file highlights

      at FileHighlighter.applyDecorations (src/ui/FileHighlighter.ts:121:17)

  console.log
    Highlighting files: [
      'app/utils.go',
      'lib/utils.go',
      'test/main.java',
      'components/config.ts'
    ]

      at FileHighlighter.applyDecorations (src/ui/FileHighlighter.ts:119:17)

  console.log
    Clearing all file highlights

      at FileHighlighter.applyDecorations (src/ui/FileHighlighter.ts:121:17)

  console.log
    Highlighting files: [
      'test/helpers.ts',
      'src/helpers.js',
      'components/config.js',
      'app/main.go'
    ]

      at FileHighlighter.applyDecorations (src/ui/FileHighlighter.ts:119:17)

  console.log
    Clearing all file highlights

      at FileHighlighter.applyDecorations (src/ui/FileHighlighter.ts:121:17)

  console.log
    Highlighting files: [
      'test/helpers.ts',
      'src/helpers.js',
      'components/config.js',
      'app/main.go'
    ]

      at FileHighlighter.applyDecorations (src/ui/FileHighlighter.ts:119:17)

  console.log
    Clearing all file highlights

      at FileHighlighter.applyDecorations (src/ui/FileHighlighter.ts:121:17)

  console.log
    Highlighting files: [
      'app/utils.go',
      'lib/utils.go',
      'test/main.java',
      'components/config.ts'
    ]

      at FileHighlighter.applyDecorations (src/ui/FileHighlighter.ts:119:17)

  console.log
    Clearing all file highlights

      at FileHighlighter.applyDecorations (src/ui/FileHighlighter.ts:121:17)

  console.log
    Highlighting files: [
      'lib/helpers.java',
      'app/index.py',
      'src/helpers.js',
      'app/main.js',
      'src/main.py'
    ]

      at FileHighlighter.applyDecorations (src/ui/FileHighlighter.ts:119:17)

  console.log
    Clearing all file highlights

      at FileHighlighter.applyDecorations (src/ui/FileHighlighter.ts:121:17)

  console.log
    Highlighting files: [ 'lib/helpers.java', 'src/utils.js' ]

      at FileHighlighter.applyDecorations (src/ui/FileHighlighter.ts:119:17)

  console.log
    Clearing all file highlights

      at FileHighlighter.applyDecorations (src/ui/FileHighlighter.ts:121:17)

  console.log
    Highlighting files: [
      'lib/helpers.java',
      'app/index.py',
      'src/helpers.js',
      'app/main.js',
      'src/main.py'
    ]

      at FileHighlighter.applyDecorations (src/ui/FileHighlighter.ts:119:17)

  console.log
    Clearing all file highlights

      at FileHighlighter.applyDecorations (src/ui/FileHighlighter.ts:121:17)

  console.log
    Highlighting files: [
      'lib/helpers.java',
      'app/index.py',
      'src/helpers.js',
      'app/main.js',
      'src/main.py'
    ]

      at FileHighlighter.applyDecorations (src/ui/FileHighlighter.ts:119:17)

  console.log
    Clearing all file highlights

      at FileHighlighter.applyDecorations (src/ui/FileHighlighter.ts:121:17)

  console.log
    Highlighting files: [ 'lib/helpers.java', 'src/utils.js' ]

      at FileHighlighter.applyDecorations (src/ui/FileHighlighter.ts:119:17)

  console.log
    Clearing all file highlights

      at FileHighlighter.applyDecorations (src/ui/FileHighlighter.ts:121:17)

  console.log
    Highlighting files: [ 'components/main.go' ]

      at FileHighlighter.applyDecorations (src/ui/FileHighlighter.ts:119:17)

  console.log
    Clearing all file highlights

      at FileHighlighter.applyDecorations (src/ui/FileHighlighter.ts:121:17)

  console.log
    Highlighting files: [ 'app/utils.java' ]

      at FileHighlighter.applyDecorations (src/ui/FileHighlighter.ts:119:17)

  console.log
    Clearing all file highlights

      at FileHighlighter.applyDecorations (src/ui/FileHighlighter.ts:121:17)

  console.log
    Highlighting files: [ 'components/main.go' ]

      at FileHighlighter.applyDecorations (src/ui/FileHighlighter.ts:119:17)

  console.log
    Clearing all file highlights

      at FileHighlighter.applyDecorations (src/ui/FileHighlighter.ts:121:17)

  console.log
    Highlighting files: [ 'app/utils.java' ]

      at FileHighlighter.applyDecorations (src/ui/FileHighlighter.ts:119:17)

  console.log
    Clearing all file highlights

      at FileHighlighter.applyDecorations (src/ui/FileHighlighter.ts:121:17)

  console.log
    Highlighting files: [ 'components/main.go' ]

      at FileHighlighter.applyDecorations (src/ui/FileHighlighter.ts:119:17)

  console.log
    Clearing all file highlights

      at FileHighlighter.applyDecorations (src/ui/FileHighlighter.ts:121:17)

  console.log
    Highlighting files: [ 'components/main.go' ]

      at FileHighlighter.applyDecorations (src/ui/FileHighlighter.ts:119:17)

  console.log
    Clearing all file highlights

      at FileHighlighter.applyDecorations (src/ui/FileHighlighter.ts:121:17)

  console.log
    Highlighting files: [ 'components/main.go' ]

      at FileHighlighter.applyDecorations (src/ui/FileHighlighter.ts:119:17)

  console.log
    Clearing all file highlights

      at FileHighlighter.applyDecorations (src/ui/FileHighlighter.ts:121:17)

  console.log
    Highlighting files: [ 'app/utils.java' ]

      at FileHighlighter.applyDecorations (src/ui/FileHighlighter.ts:119:17)

  console.log
    Clearing all file highlights

      at FileHighlighter.applyDecorations (src/ui/FileHighlighter.ts:121:17)

  console.log
    Highlighting files: [ 'test/index.java', 'app/main.go', 'lib/index.py', 'lib/main.py' ]

      at FileHighlighter.applyDecorations (src/ui/FileHighlighter.ts:119:17)

  console.log
    Clearing all file highlights

      at FileHighlighter.applyDecorations (src/ui/FileHighlighter.ts:121:17)

  console.log
    Highlighting files: [ 'test/index.java', 'app/main.go', 'lib/index.py', 'lib/main.py' ]

      at FileHighlighter.applyDecorations (src/ui/FileHighlighter.ts:119:17)

  console.log
    Clearing all file highlights

      at FileHighlighter.applyDecorations (src/ui/FileHighlighter.ts:121:17)

  console.log
    Highlighting files: [ 'test/index.java', 'app/main.go', 'lib/index.py', 'lib/main.py' ]

      at FileHighlighter.applyDecorations (src/ui/FileHighlighter.ts:119:17)

  console.log
    Clearing all file highlights

      at FileHighlighter.applyDecorations (src/ui/FileHighlighter.ts:121:17)

  console.log
    Highlighting files: [ 'test/index.java', 'app/main.go', 'lib/index.py', 'lib/main.py' ]

      at FileHighlighter.applyDecorations (src/ui/FileHighlighter.ts:119:17)

  console.log
    Clearing all file highlights

      at FileHighlighter.applyDecorations (src/ui/FileHighlighter.ts:121:17)

  console.log
    Highlighting files: [ 'test/index.java', 'app/main.go', 'lib/index.py', 'lib/main.py' ]

      at FileHighlighter.applyDecorations (src/ui/FileHighlighter.ts:119:17)

  console.log
    Clearing all file highlights

      at FileHighlighter.applyDecorations (src/ui/FileHighlighter.ts:121:17)

  console.log
    Highlighting files: [ 'test/index.java', 'app/main.go', 'lib/index.py', 'lib/main.py' ]

      at FileHighlighter.applyDecorations (src/ui/FileHighlighter.ts:119:17)

  console.log
    Clearing all file highlights

      at FileHighlighter.applyDecorations (src/ui/FileHighlighter.ts:121:17)

  console.log
    Highlighting files: [ 'test/index.java', 'app/main.go', 'lib/index.py', 'lib/main.py' ]

      at FileHighlighter.applyDecorations (src/ui/FileHighlighter.ts:119:17)

  console.log
    Clearing all file highlights

      at FileHighlighter.applyDecorations (src/ui/FileHighlighter.ts:121:17)

  console.log
    Highlighting files: [ 'test/main.java', 'lib/helpers.py' ]

      at FileHighlighter.applyDecorations (src/ui/FileHighlighter.ts:119:17)

  console.log
    Clearing all file highlights

      at FileHighlighter.applyDecorations (src/ui/FileHighlighter.ts:121:17)

  console.log
    Highlighting files: [
      'components/index.js',
      'components/config.java',
      'lib/index.go',
      'components/helpers.py'
    ]

      at FileHighlighter.applyDecorations (src/ui/FileHighlighter.ts:119:17)

  console.log
    Clearing all file highlights

      at FileHighlighter.applyDecorations (src/ui/FileHighlighter.ts:121:17)

  console.log
    Highlighting files: [
      'src/config.js',
      'src/utils.java',
      'src/config.ts',
      'components/config.java'
    ]

      at FileHighlighter.applyDecorations (src/ui/FileHighlighter.ts:119:17)

  console.log
    Clearing all file highlights

      at FileHighlighter.applyDecorations (src/ui/FileHighlighter.ts:121:17)

  console.log
    Highlighting files: [
      'app/main.ts',
      'components/index.py',
      'components/index.js',
      'app/index.java',
      'test/index.ts'
    ]

      at FileHighlighter.applyDecorations (src/ui/FileHighlighter.ts:119:17)

  console.log
    Clearing all file highlights

      at FileHighlighter.applyDecorations (src/ui/FileHighlighter.ts:121:17)

  console.log
    Highlighting files: [ 'components/helpers.java', 'src/helpers.ts', 'lib/main.ts' ]

      at FileHighlighter.applyDecorations (src/ui/FileHighlighter.ts:119:17)

  console.log
    Clearing all file highlights

      at FileHighlighter.applyDecorations (src/ui/FileHighlighter.ts:121:17)

  console.log
    Highlighting files: [ 'components/helpers.go', 'app/main.go', 'lib/main.js' ]

      at FileHighlighter.applyDecorations (src/ui/FileHighlighter.ts:119:17)

  console.log
    Clearing all file highlights

      at FileHighlighter.applyDecorations (src/ui/FileHighlighter.ts:121:17)

  console.log
    Highlighting files: [
      'test/helpers.py',
      'src/main.go',
      'test/main.ts',
      'test/helpers.java'
    ]

      at FileHighlighter.applyDecorations (src/ui/FileHighlighter.ts:119:17)

  console.log
    Clearing all file highlights

      at FileHighlighter.applyDecorations (src/ui/FileHighlighter.ts:121:17)

  console.log
    Highlighting files: [ 'lib/main.py', 'src/config.py', 'components/main.go' ]

      at FileHighlighter.applyDecorations (src/ui/FileHighlighter.ts:119:17)

  console.log
    Clearing all file highlights

      at FileHighlighter.applyDecorations (src/ui/FileHighlighter.ts:121:17)

  console.log
    Highlighting files: [ 'app/main.go', 'app/index.py', 'lib/index.java' ]

      at FileHighlighter.applyDecorations (src/ui/FileHighlighter.ts:119:17)

  console.log
    Clearing all file highlights

      at FileHighlighter.applyDecorations (src/ui/FileHighlighter.ts:121:17)

  console.log
    Highlighting files: [ 'lib/index.java', 'src/utils.go', 'lib/config.py', 'lib/helpers.js' ]

      at FileHighlighter.applyDecorations (src/ui/FileHighlighter.ts:119:17)

  console.log
    Clearing all file highlights

      at FileHighlighter.applyDecorations (src/ui/FileHighlighter.ts:121:17)

  console.log
    Highlighting files: [ 'src/main.py', 'test/main.go' ]

      at FileHighlighter.applyDecorations (src/ui/FileHighlighter.ts:119:17)

  console.log
    Clearing all file highlights

      at FileHighlighter.applyDecorations (src/ui/FileHighlighter.ts:121:17)

  console.log
    Highlighting files: [
      'components/main.go',
      'test/index.py',
      'lib/utils.java',
      'src/main.java'
    ]

      at FileHighlighter.applyDecorations (src/ui/FileHighlighter.ts:119:17)

  console.log
    Clearing all file highlights

      at FileHighlighter.applyDecorations (src/ui/FileHighlighter.ts:121:17)

  console.log
    Highlighting files: [ 'src/main.py', 'test/main.go' ]

      at FileHighlighter.applyDecorations (src/ui/FileHighlighter.ts:119:17)

  console.log
    Clearing all file highlights

      at FileHighlighter.applyDecorations (src/ui/FileHighlighter.ts:121:17)

  console.log
    Highlighting files: [ 'lib/index.java', 'src/utils.go', 'lib/config.py', 'lib/helpers.js' ]

      at FileHighlighter.applyDecorations (src/ui/FileHighlighter.ts:119:17)

  console.log
    Clearing all file highlights

      at FileHighlighter.applyDecorations (src/ui/FileHighlighter.ts:121:17)

  console.log
    Highlighting files: [ 'app/main.go', 'app/index.py', 'lib/index.java' ]

      at FileHighlighter.applyDecorations (src/ui/FileHighlighter.ts:119:17)

  console.log
    Clearing all file highlights

      at FileHighlighter.applyDecorations (src/ui/FileHighlighter.ts:121:17)

  console.log
    Highlighting files: [ 'src/main.py', 'test/main.go' ]

      at FileHighlighter.applyDecorations (src/ui/FileHighlighter.ts:119:17)

  console.log
    Clearing all file highlights

      at FileHighlighter.applyDecorations (src/ui/FileHighlighter.ts:121:17)

  console.log
    Highlighting files: [
      'lib/utils.ts',
      'lib/utils.py',
      'components/main.java',
      'src/config.java'
    ]

      at FileHighlighter.applyDecorations (src/ui/FileHighlighter.ts:119:17)

  console.log
    Clearing all file highlights

      at FileHighlighter.applyDecorations (src/ui/FileHighlighter.ts:121:17)

  console.log
    Highlighting files: [ 'src/utils.ts', 'lib/config.go', 'app/helpers.js' ]

      at FileHighlighter.applyDecorations (src/ui/FileHighlighter.ts:119:17)

  console.log
    Clearing all file highlights

      at FileHighlighter.applyDecorations (src/ui/FileHighlighter.ts:121:17)

  console.log
    Highlighting files: [ 'src/utils.ts', 'lib/config.go', 'app/helpers.js' ]

      at FileHighlighter.applyDecorations (src/ui/FileHighlighter.ts:119:17)

  console.log
    Clearing all file highlights

      at FileHighlighter.applyDecorations (src/ui/FileHighlighter.ts:121:17)

  console.log
    Highlighting files: [ 'src/utils.ts', 'lib/config.go', 'app/helpers.js' ]

      at FileHighlighter.applyDecorations (src/ui/FileHighlighter.ts:119:17)

  console.log
    Clearing all file highlights

      at FileHighlighter.applyDecorations (src/ui/FileHighlighter.ts:121:17)

  console.log
    Highlighting files: [ 'src/utils.ts', 'lib/config.go', 'app/helpers.js' ]

      at FileHighlighter.applyDecorations (src/ui/FileHighlighter.ts:119:17)

  console.log
    Clearing all file highlights

      at FileHighlighter.applyDecorations (src/ui/FileHighlighter.ts:121:17)

  console.log
    Highlighting files: [ 'src/utils.ts', 'lib/config.go', 'app/helpers.js' ]

      at FileHighlighter.applyDecorations (src/ui/FileHighlighter.ts:119:17)

  console.log
    Clearing all file highlights

      at FileHighlighter.applyDecorations (src/ui/FileHighlighter.ts:121:17)

  console.log
    Highlighting files: [ 'src/utils.ts', 'lib/config.go', 'app/helpers.js' ]

      at FileHighlighter.applyDecorations (src/ui/FileHighlighter.ts:119:17)

  console.log
    Clearing all file highlights

      at FileHighlighter.applyDecorations (src/ui/FileHighlighter.ts:121:17)

  console.log
    Highlighting files: [ 'src/utils.ts', 'lib/config.go', 'app/helpers.js' ]

      at FileHighlighter.applyDecorations (src/ui/FileHighlighter.ts:119:17)

  console.log
    Clearing all file highlights

      at FileHighlighter.applyDecorations (src/ui/FileHighlighter.ts:121:17)

  console.log
    Highlighting files: [ 'src/utils.ts', 'lib/config.go', 'app/helpers.js' ]

      at FileHighlighter.applyDecorations (src/ui/FileHighlighter.ts:119:17)

  console.log
    Clearing all file highlights

      at FileHighlighter.applyDecorations (src/ui/FileHighlighter.ts:121:17)

  console.log
    Highlighting files: [
      'lib/config.js',
      'lib/main.go',
      'app/config.go',
      'components/config.js',
      'src/index.java'
    ]

      at FileHighlighter.applyDecorations (src/ui/FileHighlighter.ts:119:17)

  console.log
    Clearing all file highlights

      at FileHighlighter.applyDecorations (src/ui/FileHighlighter.ts:121:17)

  console.log
    Highlighting files: [
      'lib/config.js',
      'lib/main.go',
      'app/config.go',
      'components/config.js',
      'src/index.java'
    ]

      at FileHighlighter.applyDecorations (src/ui/FileHighlighter.ts:119:17)

  console.log
    Clearing all file highlights

      at FileHighlighter.applyDecorations (src/ui/FileHighlighter.ts:121:17)

  console.log
    Highlighting files: [ 'test/utils.py' ]

      at FileHighlighter.applyDecorations (src/ui/FileHighlighter.ts:119:17)

  console.log
    Clearing all file highlights

      at FileHighlighter.applyDecorations (src/ui/FileHighlighter.ts:121:17)

  console.log
    Highlighting files: [ 'test/config.js', 'app/utils.go' ]

      at FileHighlighter.applyDecorations (src/ui/FileHighlighter.ts:119:17)

  console.log
    Clearing all file highlights

      at FileHighlighter.applyDecorations (src/ui/FileHighlighter.ts:121:17)

  console.log
    Highlighting files: [ 'app/helpers.ts' ]

      at FileHighlighter.applyDecorations (src/ui/FileHighlighter.ts:119:17)

  console.log
    Clearing all file highlights

      at FileHighlighter.applyDecorations (src/ui/FileHighlighter.ts:121:17)

  console.log
    Highlighting files: [ 'src/utils.ts', 'app/index.ts' ]

      at FileHighlighter.applyDecorations (src/ui/FileHighlighter.ts:119:17)

  console.log
    Clearing all file highlights

      at FileHighlighter.applyDecorations (src/ui/FileHighlighter.ts:121:17)

  console.log
    Highlighting files: [ 'components/main.py', 'components/config.py' ]

      at FileHighlighter.applyDecorations (src/ui/FileHighlighter.ts:119:17)

  console.log
    Clearing all file highlights

      at FileHighlighter.applyDecorations (src/ui/FileHighlighter.ts:121:17)

  console.log
    Highlighting files: [ 'src/helpers.go', 'src/index.js' ]

      at FileHighlighter.applyDecorations (src/ui/FileHighlighter.ts:119:17)

  console.log
    Clearing all file highlights

      at FileHighlighter.applyDecorations (src/ui/FileHighlighter.ts:121:17)

  console.log
    Highlighting files: [ 'components/main.py', 'components/config.py' ]

      at FileHighlighter.applyDecorations (src/ui/FileHighlighter.ts:119:17)

  console.log
    Clearing all file highlights

      at FileHighlighter.applyDecorations (src/ui/FileHighlighter.ts:121:17)

  console.log
    Highlighting files: [ 'app/helpers.ts' ]

      at FileHighlighter.applyDecorations (src/ui/FileHighlighter.ts:119:17)

  console.log
    Clearing all file highlights

      at FileHighlighter.applyDecorations (src/ui/FileHighlighter.ts:121:17)

  console.log
    Highlighting files: [ 'test/main.java' ]

      at FileHighlighter.applyDecorations (src/ui/FileHighlighter.ts:119:17)

  console.log
    Clearing all file highlights

      at FileHighlighter.applyDecorations (src/ui/FileHighlighter.ts:121:17)

  console.log
    Highlighting files: [ 'test/main.java' ]

      at FileHighlighter.applyDecorations (src/ui/FileHighlighter.ts:119:17)

  console.log
    Clearing all file highlights

      at FileHighlighter.applyDecorations (src/ui/FileHighlighter.ts:121:17)

  console.log
    Highlighting files: [ 'test/main.java' ]

      at FileHighlighter.applyDecorations (src/ui/FileHighlighter.ts:119:17)

  console.log
    Clearing all file highlights

      at FileHighlighter.applyDecorations (src/ui/FileHighlighter.ts:121:17)

  console.log
    Highlighting files: [ 'test/main.java' ]

      at FileHighlighter.applyDecorations (src/ui/FileHighlighter.ts:119:17)

  console.log
    Clearing all file highlights

      at FileHighlighter.applyDecorations (src/ui/FileHighlighter.ts:121:17)

  console.log
    Highlighting files: [ 'test/main.java' ]

      at FileHighlighter.applyDecorations (src/ui/FileHighlighter.ts:119:17)

  console.log
    Clearing all file highlights

      at FileHighlighter.applyDecorations (src/ui/FileHighlighter.ts:121:17)

  console.log
    Highlighting files: [ 'test/main.java' ]

      at FileHighlighter.applyDecorations (src/ui/FileHighlighter.ts:119:17)

  console.log
    Clearing all file highlights

      at FileHighlighter.applyDecorations (src/ui/FileHighlighter.ts:121:17)

  console.log
    Highlighting files: [ 'test/main.java' ]

      at FileHighlighter.applyDecorations (src/ui/FileHighlighter.ts:119:17)

  console.log
    Clearing all file highlights

      at FileHighlighter.applyDecorations (src/ui/FileHighlighter.ts:121:17)

  console.log
    Highlighting files: [ 'components/config.js', 'test/utils.ts', 'test/utils.js' ]

      at FileHighlighter.applyDecorations (src/ui/FileHighlighter.ts:119:17)

  console.log
    Clearing all file highlights

      at FileHighlighter.applyDecorations (src/ui/FileHighlighter.ts:121:17)

  console.log
    Highlighting files: [ 'test/main.go', 'src/helpers.js' ]

      at FileHighlighter.applyDecorations (src/ui/FileHighlighter.ts:119:17)

  console.log
    Clearing all file highlights

      at FileHighlighter.applyDecorations (src/ui/FileHighlighter.ts:121:17)

  console.log
    Highlighting files: [ 'app/main.ts', 'lib/index.ts', 'src/config.go' ]

      at FileHighlighter.applyDecorations (src/ui/FileHighlighter.ts:119:17)

  console.log
    Clearing all file highlights

      at FileHighlighter.applyDecorations (src/ui/FileHighlighter.ts:121:17)

  console.log
    Highlighting files: [ 'components/config.js', 'test/utils.ts', 'test/utils.js' ]

      at FileHighlighter.applyDecorations (src/ui/FileHighlighter.ts:119:17)

  console.log
    Clearing all file highlights

      at FileHighlighter.applyDecorations (src/ui/FileHighlighter.ts:121:17)

  console.log
    Highlighting files: [
      'lib/helpers.py',
      'test/main.go',
      'lib/index.java',
      'src/config.java',
      'src/index.ts'
    ]

      at FileHighlighter.applyDecorations (src/ui/FileHighlighter.ts:119:17)

  console.log
    Clearing all file highlights

      at FileHighlighter.applyDecorations (src/ui/FileHighlighter.ts:121:17)

  console.log
    Highlighting files: [ 'app/main.ts', 'lib/index.ts', 'src/config.go' ]

      at FileHighlighter.applyDecorations (src/ui/FileHighlighter.ts:119:17)

  console.log
    Clearing all file highlights

      at FileHighlighter.applyDecorations (src/ui/FileHighlighter.ts:121:17)

  console.log
    Highlighting files: [ 'components/config.js', 'test/utils.ts', 'test/utils.js' ]

      at FileHighlighter.applyDecorations (src/ui/FileHighlighter.ts:119:17)

  console.log
    Clearing all file highlights

      at FileHighlighter.applyDecorations (src/ui/FileHighlighter.ts:121:17)

  console.log
    Highlighting files: [ 'src/helpers.py', 'test/config.js', 'src/helpers.go', 'src/main.go' ]

      at FileHighlighter.applyDecorations (src/ui/FileHighlighter.ts:119:17)

  console.log
    Clearing all file highlights

      at FileHighlighter.applyDecorations (src/ui/FileHighlighter.ts:121:17)

  console.log
    Highlighting files: [
      'lib/helpers.py',
      'test/main.go',
      'lib/index.java',
      'src/config.java',
      'src/index.ts'
    ]

      at FileHighlighter.applyDecorations (src/ui/FileHighlighter.ts:119:17)

  console.log
    Clearing all file highlights

      at FileHighlighter.applyDecorations (src/ui/FileHighlighter.ts:121:17)

  console.log
    Highlighting files: [
      'components/index.go',
      'test/main.go',
      'components/index.js',
      'components/utils.js'
    ]

      at FileHighlighter.applyDecorations (src/ui/FileHighlighter.ts:119:17)

  console.log
    Clearing all file highlights

      at FileHighlighter.applyDecorations (src/ui/FileHighlighter.ts:121:17)

  console.log
    Highlighting files: [ 'components/main.py' ]

      at FileHighlighter.applyDecorations (src/ui/FileHighlighter.ts:119:17)

  console.log
    Clearing all file highlights

      at FileHighlighter.applyDecorations (src/ui/FileHighlighter.ts:121:17)

  console.log
    Highlighting files: [ 'src/helpers.java', 'app/helpers.go', 'lib/utils.js', 'lib/main.go' ]

      at FileHighlighter.applyDecorations (src/ui/FileHighlighter.ts:119:17)

  console.log
    Clearing all file highlights

      at FileHighlighter.applyDecorations (src/ui/FileHighlighter.ts:121:17)

  console.log
    Highlighting files: [
      'components/index.go',
      'test/main.go',
      'components/index.js',
      'components/utils.js'
    ]

      at FileHighlighter.applyDecorations (src/ui/FileHighlighter.ts:119:17)

  console.log
    Clearing all file highlights

      at FileHighlighter.applyDecorations (src/ui/FileHighlighter.ts:121:17)

  console.log
    Highlighting files: [ 'components/main.py' ]

      at FileHighlighter.applyDecorations (src/ui/FileHighlighter.ts:119:17)

  console.log
    Clearing all file highlights

      at FileHighlighter.applyDecorations (src/ui/FileHighlighter.ts:121:17)

  console.log
    Highlighting files: [ 'src/helpers.java', 'app/helpers.go', 'lib/utils.js', 'lib/main.go' ]

      at FileHighlighter.applyDecorations (src/ui/FileHighlighter.ts:119:17)

  console.log
    Clearing all file highlights

      at FileHighlighter.applyDecorations (src/ui/FileHighlighter.ts:121:17)

  console.log
    Highlighting files: [
      'components/index.go',
      'test/main.go',
      'components/index.js',
      'components/utils.js'
    ]

      at FileHighlighter.applyDecorations (src/ui/FileHighlighter.ts:119:17)

  console.log
    Clearing all file highlights

      at FileHighlighter.applyDecorations (src/ui/FileHighlighter.ts:121:17)

  console.log
    Highlighting files: [ 'test/utils.java' ]

      at FileHighlighter.applyDecorations (src/ui/FileHighlighter.ts:119:17)

  console.log
    Clearing all file highlights

      at FileHighlighter.applyDecorations (src/ui/FileHighlighter.ts:121:17)

  console.log
    Highlighting files: [ 'components/helpers.go' ]

      at FileHighlighter.applyDecorations (src/ui/FileHighlighter.ts:119:17)

  console.log
    Clearing all file highlights

      at FileHighlighter.applyDecorations (src/ui/FileHighlighter.ts:121:17)

  console.log
    Highlighting files: [ 'components/index.js', 'test/utils.js', 'src/index.go' ]

      at FileHighlighter.applyDecorations (src/ui/FileHighlighter.ts:119:17)

  console.log
    Clearing all file highlights

      at FileHighlighter.applyDecorations (src/ui/FileHighlighter.ts:121:17)

  console.log
    Highlighting files: [ 'components/helpers.go' ]

      at FileHighlighter.applyDecorations (src/ui/FileHighlighter.ts:119:17)

  console.log
    Clearing all file highlights

      at FileHighlighter.applyDecorations (src/ui/FileHighlighter.ts:121:17)

  console.log
    Highlighting files: [ 'components/index.js', 'test/utils.js', 'src/index.go' ]

      at FileHighlighter.applyDecorations (src/ui/FileHighlighter.ts:119:17)

  console.log
    Clearing all file highlights

      at FileHighlighter.applyDecorations (src/ui/FileHighlighter.ts:121:17)

  console.log
    Highlighting files: [ 'components/helpers.go' ]

      at FileHighlighter.applyDecorations (src/ui/FileHighlighter.ts:119:17)

  console.log
    Clearing all file highlights

      at FileHighlighter.applyDecorations (src/ui/FileHighlighter.ts:121:17)

  console.log
    Highlighting files: [ 'components/helpers.go' ]

      at FileHighlighter.applyDecorations (src/ui/FileHighlighter.ts:119:17)

  console.log
    Clearing all file highlights

      at FileHighlighter.applyDecorations (src/ui/FileHighlighter.ts:121:17)

  console.log
    Highlighting files: [ 'test/utils.ts' ]

      at FileHighlighter.applyDecorations (src/ui/FileHighlighter.ts:119:17)

  console.log
    Clearing all file highlights

      at FileHighlighter.applyDecorations (src/ui/FileHighlighter.ts:121:17)

  console.log
    Highlighting files: [ 'app/helpers.ts' ]

      at FileHighlighter.applyDecorations (src/ui/FileHighlighter.ts:119:17)

  console.log
    Clearing all file highlights

      at FileHighlighter.applyDecorations (src/ui/FileHighlighter.ts:121:17)

  console.log
    Highlighting files: [ 'components/index.go', 'lib/index.py', 'app/index.ts' ]

      at FileHighlighter.applyDecorations (src/ui/FileHighlighter.ts:119:17)

  console.log
    Clearing all file highlights

      at FileHighlighter.applyDecorations (src/ui/FileHighlighter.ts:121:17)

  console.log
    Highlighting files: [ 'components/config.java', 'test/helpers.java' ]

      at FileHighlighter.applyDecorations (src/ui/FileHighlighter.ts:119:17)

  console.log
    Clearing all file highlights

      at FileHighlighter.applyDecorations (src/ui/FileHighlighter.ts:121:17)

  console.log
    Highlighting files: [ 'components/index.go', 'lib/index.py', 'app/index.ts' ]

      at FileHighlighter.applyDecorations (src/ui/FileHighlighter.ts:119:17)

  console.log
    Clearing all file highlights

      at FileHighlighter.applyDecorations (src/ui/FileHighlighter.ts:121:17)

  console.log
    Highlighting files: [ 'components/index.go', 'lib/index.py', 'app/index.ts' ]

      at FileHighlighter.applyDecorations (src/ui/FileHighlighter.ts:119:17)

  console.log
    Clearing all file highlights

      at FileHighlighter.applyDecorations (src/ui/FileHighlighter.ts:121:17)

  console.log
    Highlighting files: [ 'components/config.java', 'test/helpers.java' ]

      at FileHighlighter.applyDecorations (src/ui/FileHighlighter.ts:119:17)

  console.log
    Clearing all file highlights

      at FileHighlighter.applyDecorations (src/ui/FileHighlighter.ts:121:17)

  console.log
    Highlighting files: [ 'components/index.go', 'lib/index.py', 'app/index.ts' ]

      at FileHighlighter.applyDecorations (src/ui/FileHighlighter.ts:119:17)

  console.log
    Clearing all file highlights

      at FileHighlighter.applyDecorations (src/ui/FileHighlighter.ts:121:17)

  console.log
    Highlighting files: [ 'components/index.go', 'lib/index.py', 'app/index.ts' ]

      at FileHighlighter.applyDecorations (src/ui/FileHighlighter.ts:119:17)

  console.log
    Clearing all file highlights

      at FileHighlighter.applyDecorations (src/ui/FileHighlighter.ts:121:17)

  console.log
    Highlighting files: [ 'components/index.go', 'lib/index.py', 'app/index.ts' ]

      at FileHighlighter.applyDecorations (src/ui/FileHighlighter.ts:119:17)

  console.log
    Clearing all file highlights

      at FileHighlighter.applyDecorations (src/ui/FileHighlighter.ts:121:17)

  console.log
    Highlighting files: [ 'components/config.java', 'test/helpers.java' ]

      at FileHighlighter.applyDecorations (src/ui/FileHighlighter.ts:119:17)

  console.log
    Clearing all file highlights

      at FileHighlighter.applyDecorations (src/ui/FileHighlighter.ts:121:17)

  console.log
    Highlighting files: [ 'components/index.go', 'lib/index.py', 'app/index.ts' ]

      at FileHighlighter.applyDecorations (src/ui/FileHighlighter.ts:119:17)

  console.log
    Clearing all file highlights

      at FileHighlighter.applyDecorations (src/ui/FileHighlighter.ts:121:17)

  console.log
    Highlighting files: [
      'components/utils.js',
      'app/utils.js',
      'app/main.java',
      'lib/helpers.ts',
      'test/config.py'
    ]

      at FileHighlighter.applyDecorations (src/ui/FileHighlighter.ts:119:17)

  console.log
    Clearing all file highlights

      at FileHighlighter.applyDecorations (src/ui/FileHighlighter.ts:121:17)

  console.log
    Highlighting files: [
      'components/utils.js',
      'app/utils.js',
      'app/main.java',
      'lib/helpers.ts',
      'test/config.py'
    ]

      at FileHighlighter.applyDecorations (src/ui/FileHighlighter.ts:119:17)

  console.log
    Clearing all file highlights

      at FileHighlighter.applyDecorations (src/ui/FileHighlighter.ts:121:17)

  console.log
    Highlighting files: [ 'test/index.js', 'src/utils.js', 'src/config.ts', 'app/config.java' ]

      at FileHighlighter.applyDecorations (src/ui/FileHighlighter.ts:119:17)

  console.log
    Clearing all file highlights

      at FileHighlighter.applyDecorations (src/ui/FileHighlighter.ts:121:17)

  console.log
    Highlighting files: [
      'lib/index.py',
      'app/main.java',
      'test/main.js',
      'components/utils.go',
      'src/helpers.py'
    ]

      at FileHighlighter.applyDecorations (src/ui/FileHighlighter.ts:119:17)

  console.log
    Clearing all file highlights

      at FileHighlighter.applyDecorations (src/ui/FileHighlighter.ts:121:17)

  console.log
    Highlighting files: [ 'app/main.java', 'lib/utils.py', 'app/utils.js', 'test/config.js' ]

      at FileHighlighter.applyDecorations (src/ui/FileHighlighter.ts:119:17)

  console.log
    Clearing all file highlights

      at FileHighlighter.applyDecorations (src/ui/FileHighlighter.ts:121:17)

  console.log
    Highlighting files: [ 'src/utils.java', 'test/helpers.java', 'lib/utils.js' ]

      at FileHighlighter.applyDecorations (src/ui/FileHighlighter.ts:119:17)

  console.log
    Clearing all file highlights

      at FileHighlighter.applyDecorations (src/ui/FileHighlighter.ts:121:17)

  console.log
    Highlighting files: [ 'src/utils.java', 'test/helpers.java', 'lib/utils.js' ]

      at FileHighlighter.applyDecorations (src/ui/FileHighlighter.ts:119:17)

  console.log
    Clearing all file highlights

      at FileHighlighter.applyDecorations (src/ui/FileHighlighter.ts:121:17)

  console.log
    Highlighting files: [ 'test/utils.py', 'src/helpers.ts', 'components/helpers.java' ]

      at FileHighlighter.applyDecorations (src/ui/FileHighlighter.ts:119:17)

  console.log
    Clearing all file highlights

      at FileHighlighter.applyDecorations (src/ui/FileHighlighter.ts:121:17)

  console.log
    Highlighting files: [ 'test/utils.py', 'src/helpers.ts', 'components/helpers.java' ]

      at FileHighlighter.applyDecorations (src/ui/FileHighlighter.ts:119:17)

  console.log
    Clearing all file highlights

      at FileHighlighter.applyDecorations (src/ui/FileHighlighter.ts:121:17)

  console.log
    Highlighting files: [ 'test/utils.py', 'src/helpers.ts', 'components/helpers.java' ]

      at FileHighlighter.applyDecorations (src/ui/FileHighlighter.ts:119:17)

  console.log
    Clearing all file highlights

      at FileHighlighter.applyDecorations (src/ui/FileHighlighter.ts:121:17)

  console.log
    Highlighting files: [ 'test/utils.py', 'src/helpers.ts', 'components/helpers.java' ]

      at FileHighlighter.applyDecorations (src/ui/FileHighlighter.ts:119:17)

  console.log
    Clearing all file highlights

      at FileHighlighter.applyDecorations (src/ui/FileHighlighter.ts:121:17)

  console.log
    Highlighting files: [ 'test/utils.py', 'src/helpers.ts', 'components/helpers.java' ]

      at FileHighlighter.applyDecorations (src/ui/FileHighlighter.ts:119:17)

  console.log
    Clearing all file highlights

      at FileHighlighter.applyDecorations (src/ui/FileHighlighter.ts:121:17)

  console.log
    Highlighting files: [
      'components/main.ts',
      'app/utils.java',
      'src/index.ts',
      'app/main.ts',
      'lib/helpers.go'
    ]

      at FileHighlighter.applyDecorations (src/ui/FileHighlighter.ts:119:17)

  console.log
    Clearing all file highlights

      at FileHighlighter.applyDecorations (src/ui/FileHighlighter.ts:121:17)

  console.log
    Highlighting files: [
      'components/config.go',
      'test/helpers.ts',
      'test/config.js',
      'src/main.go'
    ]

      at FileHighlighter.applyDecorations (src/ui/FileHighlighter.ts:119:17)

  console.log
    Clearing all file highlights

      at FileHighlighter.applyDecorations (src/ui/FileHighlighter.ts:121:17)

  console.log
    Highlighting files: [
      'components/config.go',
      'test/helpers.ts',
      'test/config.js',
      'src/main.go'
    ]

      at FileHighlighter.applyDecorations (src/ui/FileHighlighter.ts:119:17)

  console.log
    Clearing all file highlights

      at FileHighlighter.applyDecorations (src/ui/FileHighlighter.ts:121:17)

  console.log
    Highlighting files: [
      'components/main.ts',
      'app/utils.java',
      'src/index.ts',
      'app/main.ts',
      'lib/helpers.go'
    ]

      at FileHighlighter.applyDecorations (src/ui/FileHighlighter.ts:119:17)

  console.log
    Clearing all file highlights

      at FileHighlighter.applyDecorations (src/ui/FileHighlighter.ts:121:17)

  console.log
    Highlighting files: [
      'lib/main.go',
      'components/index.py',
      'test/main.java',
      'app/utils.java'
    ]

      at FileHighlighter.applyDecorations (src/ui/FileHighlighter.ts:119:17)

  console.log
    Clearing all file highlights

      at FileHighlighter.applyDecorations (src/ui/FileHighlighter.ts:121:17)

  console.log
    Highlighting files: [ 'app/config.ts', 'lib/utils.java', 'app/helpers.go' ]

      at FileHighlighter.applyDecorations (src/ui/FileHighlighter.ts:119:17)

  console.log
    Clearing all file highlights

      at FileHighlighter.applyDecorations (src/ui/FileHighlighter.ts:121:17)

  console.log
    Highlighting files: [ 'app/main.py', 'app/utils.ts', 'src/config.ts' ]

      at FileHighlighter.applyDecorations (src/ui/FileHighlighter.ts:119:17)

  console.log
    Clearing all file highlights

      at FileHighlighter.applyDecorations (src/ui/FileHighlighter.ts:121:17)

  console.log
    Highlighting files: [ 'components/config.js' ]

      at FileHighlighter.applyDecorations (src/ui/FileHighlighter.ts:119:17)

  console.log
    Clearing all file highlights

      at FileHighlighter.applyDecorations (src/ui/FileHighlighter.ts:121:17)

  console.log
    Highlighting files: [ 'app/main.py', 'app/utils.ts', 'src/config.ts' ]

      at FileHighlighter.applyDecorations (src/ui/FileHighlighter.ts:119:17)

  console.log
    Clearing all file highlights

      at FileHighlighter.applyDecorations (src/ui/FileHighlighter.ts:121:17)

  console.log
    Highlighting files: [ 'components/helpers.java', 'app/utils.go', 'lib/main.js' ]

      at FileHighlighter.applyDecorations (src/ui/FileHighlighter.ts:119:17)

  console.log
    Clearing all file highlights

      at FileHighlighter.applyDecorations (src/ui/FileHighlighter.ts:121:17)

  console.log
    Highlighting files: [
      'components/utils.js',
      'test/main.ts',
      'src/main.ts',
      'components/helpers.js',
      'app/config.go'
    ]

      at FileHighlighter.applyDecorations (src/ui/FileHighlighter.ts:119:17)

  console.log
    Clearing all file highlights

      at FileHighlighter.applyDecorations (src/ui/FileHighlighter.ts:121:17)

  console.log
    Highlighting files: [ 'components/config.java' ]

      at FileHighlighter.applyDecorations (src/ui/FileHighlighter.ts:119:17)

  console.log
    Clearing all file highlights

      at FileHighlighter.applyDecorations (src/ui/FileHighlighter.ts:121:17)

  console.log
    Highlighting files: [ 'components/config.java' ]

      at FileHighlighter.applyDecorations (src/ui/FileHighlighter.ts:119:17)

  console.log
    Clearing all file highlights

      at FileHighlighter.applyDecorations (src/ui/FileHighlighter.ts:121:17)

  console.log
    Highlighting files: [ 'src/config.go' ]

      at FileHighlighter.applyDecorations (src/ui/FileHighlighter.ts:119:17)

  console.log
    Clearing all file highlights

      at FileHighlighter.applyDecorations (src/ui/FileHighlighter.ts:121:17)

  console.log
    Highlighting files: [ 'test/main.go', 'components/main.py', 'lib/main.go' ]

      at FileHighlighter.applyDecorations (src/ui/FileHighlighter.ts:119:17)

  console.log
    Clearing all file highlights

      at FileHighlighter.applyDecorations (src/ui/FileHighlighter.ts:121:17)

  console.log
    Highlighting files: [ 'src/config.go' ]

      at FileHighlighter.applyDecorations (src/ui/FileHighlighter.ts:119:17)

  console.log
    Clearing all file highlights

      at FileHighlighter.applyDecorations (src/ui/FileHighlighter.ts:121:17)

  console.log
    Highlighting files: [ 'test/main.go', 'components/main.py', 'lib/main.go' ]

      at FileHighlighter.applyDecorations (src/ui/FileHighlighter.ts:119:17)

  console.log
    Clearing all file highlights

      at FileHighlighter.applyDecorations (src/ui/FileHighlighter.ts:121:17)

  console.log
    Highlighting files: [ 'test/main.go', 'components/main.py', 'lib/main.go' ]

      at FileHighlighter.applyDecorations (src/ui/FileHighlighter.ts:119:17)

  console.log
    Clearing all file highlights

      at FileHighlighter.applyDecorations (src/ui/FileHighlighter.ts:121:17)

  console.log
    Highlighting files: [ 'src/config.go' ]

      at FileHighlighter.applyDecorations (src/ui/FileHighlighter.ts:119:17)

  console.log
    Clearing all file highlights

      at FileHighlighter.applyDecorations (src/ui/FileHighlighter.ts:121:17)

  console.log
    Highlighting files: [ 'test/main.go', 'components/main.py', 'lib/main.go' ]

      at FileHighlighter.applyDecorations (src/ui/FileHighlighter.ts:119:17)

  console.log
    Clearing all file highlights

      at FileHighlighter.applyDecorations (src/ui/FileHighlighter.ts:121:17)

  console.log
    Highlighting files: [ 'test/main.go', 'components/main.py', 'lib/main.go' ]

      at FileHighlighter.applyDecorations (src/ui/FileHighlighter.ts:119:17)

  console.log
    Clearing all file highlights

      at FileHighlighter.applyDecorations (src/ui/FileHighlighter.ts:121:17)

  console.log
    Highlighting files: [ 'test/main.go', 'components/main.py', 'lib/main.go' ]

      at FileHighlighter.applyDecorations (src/ui/FileHighlighter.ts:119:17)

  console.log
    Clearing all file highlights

      at FileHighlighter.applyDecorations (src/ui/FileHighlighter.ts:121:17)

  console.log
    Highlighting files: [ 'test/main.js', 'test/index.js' ]

      at FileHighlighter.applyDecorations (src/ui/FileHighlighter.ts:119:17)

  console.log
    Clearing all file highlights

      at FileHighlighter.applyDecorations (src/ui/FileHighlighter.ts:121:17)

  console.log
    Highlighting files: [ 'test/main.js', 'test/index.js' ]

      at FileHighlighter.applyDecorations (src/ui/FileHighlighter.ts:119:17)

  console.log
    Clearing all file highlights

      at FileHighlighter.applyDecorations (src/ui/FileHighlighter.ts:121:17)

  console.log
    Highlighting files: [ 'app/utils.py', 'app/main.js' ]

      at FileHighlighter.applyDecorations (src/ui/FileHighlighter.ts:119:17)

  console.log
    Clearing all file highlights

      at FileHighlighter.applyDecorations (src/ui/FileHighlighter.ts:121:17)

  console.log
    Highlighting files: [
      'lib/helpers.java',
      'lib/helpers.go',
      'lib/index.ts',
      'src/utils.go'
    ]

      at FileHighlighter.applyDecorations (src/ui/FileHighlighter.ts:119:17)

  console.log
    Clearing all file highlights

      at FileHighlighter.applyDecorations (src/ui/FileHighlighter.ts:121:17)

  console.log
    Highlighting files: [ 'app/utils.py', 'app/main.js' ]

      at FileHighlighter.applyDecorations (src/ui/FileHighlighter.ts:119:17)

  console.log
    Clearing all file highlights

      at FileHighlighter.applyDecorations (src/ui/FileHighlighter.ts:121:17)

  console.log
    Highlighting files: [ 'components/helpers.js' ]

      at FileHighlighter.applyDecorations (src/ui/FileHighlighter.ts:119:17)

  console.log
    Clearing all file highlights

      at FileHighlighter.applyDecorations (src/ui/FileHighlighter.ts:121:17)

  console.log
    Highlighting files: [
      'components/utils.js',
      'test/index.ts',
      'components/helpers.ts',
      'app/config.go',
      'lib/helpers.js'
    ]

      at FileHighlighter.applyDecorations (src/ui/FileHighlighter.ts:119:17)

  console.log
    Clearing all file highlights

      at FileHighlighter.applyDecorations (src/ui/FileHighlighter.ts:121:17)

  console.log
    Highlighting files: [
      'lib/helpers.java',
      'lib/helpers.go',
      'lib/index.ts',
      'src/utils.go'
    ]

      at FileHighlighter.applyDecorations (src/ui/FileHighlighter.ts:119:17)

  console.log
    Clearing all file highlights

      at FileHighlighter.applyDecorations (src/ui/FileHighlighter.ts:121:17)

  console.log
    Highlighting files: [ 'test/main.js', 'test/index.js' ]

      at FileHighlighter.applyDecorations (src/ui/FileHighlighter.ts:119:17)

  console.log
    Clearing all file highlights

      at FileHighlighter.applyDecorations (src/ui/FileHighlighter.ts:121:17)

  console.log
    Highlighting files: [ 'components/helpers.js' ]

      at FileHighlighter.applyDecorations (src/ui/FileHighlighter.ts:119:17)

  console.log
    Clearing all file highlights

      at FileHighlighter.applyDecorations (src/ui/FileHighlighter.ts:121:17)

  console.log
    Highlighting files: [ 'test/utils.js', 'components/utils.go' ]

      at FileHighlighter.applyDecorations (src/ui/FileHighlighter.ts:119:17)

  console.log
    Clearing all file highlights

      at FileHighlighter.applyDecorations (src/ui/FileHighlighter.ts:121:17)

  console.log
    Highlighting files: [
      'app/utils.py',
      'components/config.py',
      'test/utils.java',
      'test/helpers.go'
    ]

      at FileHighlighter.applyDecorations (src/ui/FileHighlighter.ts:119:17)

  console.log
    Clearing all file highlights

      at FileHighlighter.applyDecorations (src/ui/FileHighlighter.ts:121:17)

  console.log
    Highlighting files: [ 'components/helpers.go', 'test/helpers.go' ]

      at FileHighlighter.applyDecorations (src/ui/FileHighlighter.ts:119:17)

  console.log
    Clearing all file highlights

      at FileHighlighter.applyDecorations (src/ui/FileHighlighter.ts:121:17)

  console.log
    Highlighting files: [ 'lib/config.ts', 'lib/utils.py' ]

      at FileHighlighter.applyDecorations (src/ui/FileHighlighter.ts:119:17)

  console.log
    Clearing all file highlights

      at FileHighlighter.applyDecorations (src/ui/FileHighlighter.ts:121:17)

  console.log
    Highlighting files: [
      'lib/main.py',
      'components/helpers.py',
      'app/helpers.py',
      'test/helpers.go'
    ]

      at FileHighlighter.applyDecorations (src/ui/FileHighlighter.ts:119:17)

  console.log
    Clearing all file highlights

      at FileHighlighter.applyDecorations (src/ui/FileHighlighter.ts:121:17)

  console.log
    Highlighting files: [
      'lib/main.py',
      'components/helpers.py',
      'app/helpers.py',
      'test/helpers.go'
    ]

      at FileHighlighter.applyDecorations (src/ui/FileHighlighter.ts:119:17)

  console.log
    Clearing all file highlights

      at FileHighlighter.applyDecorations (src/ui/FileHighlighter.ts:121:17)

  console.log
    Highlighting files: [ 'test/helpers.js', 'src/helpers.js' ]

      at FileHighlighter.applyDecorations (src/ui/FileHighlighter.ts:119:17)

  console.log
    Clearing all file highlights

      at FileHighlighter.applyDecorations (src/ui/FileHighlighter.ts:121:17)

  console.log
    Highlighting files: [
      'components/config.go',
      'components/index.js',
      'app/utils.py',
      'app/main.py'
    ]

      at FileHighlighter.applyDecorations (src/ui/FileHighlighter.ts:119:17)

  console.log
    Clearing all file highlights

      at FileHighlighter.applyDecorations (src/ui/FileHighlighter.ts:121:17)

  console.log
    Highlighting files: [ 'src/main.js', 'components/helpers.py' ]

      at FileHighlighter.applyDecorations (src/ui/FileHighlighter.ts:119:17)

  console.log
    Clearing all file highlights

      at FileHighlighter.applyDecorations (src/ui/FileHighlighter.ts:121:17)

  console.log
    Highlighting files: [
      'lib/config.py',
      'test/config.java',
      'lib/utils.py',
      'components/config.ts'
    ]

      at FileHighlighter.applyDecorations (src/ui/FileHighlighter.ts:119:17)

  console.log
    Clearing all file highlights

      at FileHighlighter.applyDecorations (src/ui/FileHighlighter.ts:121:17)

  console.log
    Highlighting files: [ 'src/index.go', 'test/helpers.go' ]

      at FileHighlighter.applyDecorations (src/ui/FileHighlighter.ts:119:17)

  console.log
    Clearing all file highlights

      at FileHighlighter.applyDecorations (src/ui/FileHighlighter.ts:121:17)

  console.log
    Highlighting files: [ 'components/helpers.js', 'test/utils.go', 'lib/main.ts' ]

      at FileHighlighter.applyDecorations (src/ui/FileHighlighter.ts:119:17)

  console.log
    Clearing all file highlights

      at FileHighlighter.applyDecorations (src/ui/FileHighlighter.ts:121:17)

  console.log
    Highlighting files: [ 'components/helpers.js', 'test/utils.go', 'lib/main.ts' ]

      at FileHighlighter.applyDecorations (src/ui/FileHighlighter.ts:119:17)

  console.log
    Clearing all file highlights

      at FileHighlighter.applyDecorations (src/ui/FileHighlighter.ts:121:17)

  console.log
    Highlighting files: [ 'lib/index.go', 'src/index.py' ]

      at FileHighlighter.applyDecorations (src/ui/FileHighlighter.ts:119:17)

  console.log
    Clearing all file highlights

      at FileHighlighter.applyDecorations (src/ui/FileHighlighter.ts:121:17)

  console.log
    Highlighting files: [
      'lib/helpers.js',
      'test/utils.java',
      'src/utils.java',
      'src/helpers.py',
      'app/main.ts'
    ]

      at FileHighlighter.applyDecorations (src/ui/FileHighlighter.ts:119:17)

  console.log
    Clearing all file highlights

      at FileHighlighter.applyDecorations (src/ui/FileHighlighter.ts:121:17)

  console.log
    Highlighting files: [
      'lib/index.java',
      'test/config.js',
      'app/utils.java',
      'src/main.js',
      'app/utils.go'
    ]

      at FileHighlighter.applyDecorations (src/ui/FileHighlighter.ts:119:17)

  console.log
    Clearing all file highlights

      at FileHighlighter.applyDecorations (src/ui/FileHighlighter.ts:121:17)

  console.log
    Highlighting files: [ 'src/config.py' ]

      at FileHighlighter.applyDecorations (src/ui/FileHighlighter.ts:119:17)

  console.log
    Clearing all file highlights

      at FileHighlighter.applyDecorations (src/ui/FileHighlighter.ts:121:17)

  console.log
    Highlighting files: [
      'components/helpers.go',
      'test/helpers.java',
      'test/config.java',
      'lib/config.js',
      'app/utils.py'
    ]

      at FileHighlighter.applyDecorations (src/ui/FileHighlighter.ts:119:17)

  console.log
    Clearing all file highlights

      at FileHighlighter.applyDecorations (src/ui/FileHighlighter.ts:121:17)

  console.log
    Highlighting files: [ 'app/index.go', 'app/config.js' ]

      at FileHighlighter.applyDecorations (src/ui/FileHighlighter.ts:119:17)

  console.log
    Clearing all file highlights

      at FileHighlighter.applyDecorations (src/ui/FileHighlighter.ts:121:17)

  console.log
    Highlighting files: [ 'app/index.go', 'app/config.js' ]

      at FileHighlighter.applyDecorations (src/ui/FileHighlighter.ts:119:17)

  console.log
    Clearing all file highlights

      at FileHighlighter.applyDecorations (src/ui/FileHighlighter.ts:121:17)

  console.log
    Highlighting files: [ 'components/index.js', 'lib/index.go', 'src/main.ts' ]

      at FileHighlighter.applyDecorations (src/ui/FileHighlighter.ts:119:17)

  console.log
    Clearing all file highlights

      at FileHighlighter.applyDecorations (src/ui/FileHighlighter.ts:121:17)

  console.log
    Highlighting files: [ 'components/index.js', 'lib/index.go', 'src/main.ts' ]

      at FileHighlighter.applyDecorations (src/ui/FileHighlighter.ts:119:17)

  console.log
    Clearing all file highlights

      at FileHighlighter.applyDecorations (src/ui/FileHighlighter.ts:121:17)

  console.log
    Highlighting files: [ 'test/config.ts', 'src/main.ts' ]

      at FileHighlighter.applyDecorations (src/ui/FileHighlighter.ts:119:17)

  console.log
    Clearing all file highlights

      at FileHighlighter.applyDecorations (src/ui/FileHighlighter.ts:121:17)

  console.log
    Highlighting files: [
      'app/utils.py',
      'src/config.java',
      'test/utils.js',
      'test/helpers.js'
    ]

      at FileHighlighter.applyDecorations (src/ui/FileHighlighter.ts:119:17)

  console.log
    Clearing all file highlights

      at FileHighlighter.applyDecorations (src/ui/FileHighlighter.ts:121:17)

  console.log
    Highlighting files: [
      'app/utils.py',
      'src/config.java',
      'test/utils.js',
      'test/helpers.js'
    ]

      at FileHighlighter.applyDecorations (src/ui/FileHighlighter.ts:119:17)

  console.log
    Clearing all file highlights

      at FileHighlighter.applyDecorations (src/ui/FileHighlighter.ts:121:17)

  console.log
    Highlighting files: [ 'app/helpers.ts' ]

      at FileHighlighter.applyDecorations (src/ui/FileHighlighter.ts:119:17)

  console.log
    Clearing all file highlights

      at FileHighlighter.applyDecorations (src/ui/FileHighlighter.ts:121:17)

  console.log
    Highlighting files: [ 'test/index.js', 'src/helpers.java', 'src/index.ts' ]

      at FileHighlighter.applyDecorations (src/ui/FileHighlighter.ts:119:17)

  console.log
    Clearing all file highlights

      at FileHighlighter.applyDecorations (src/ui/FileHighlighter.ts:121:17)

  console.log
    Highlighting files: [ 'test/utils.js' ]

      at FileHighlighter.applyDecorations (src/ui/FileHighlighter.ts:119:17)

  console.log
    Clearing all file highlights

      at FileHighlighter.applyDecorations (src/ui/FileHighlighter.ts:121:17)

  console.log
    Highlighting files: [ 'app/helpers.java', 'components/utils.py', 'app/index.java' ]

      at FileHighlighter.applyDecorations (src/ui/FileHighlighter.ts:119:17)

  console.log
    Clearing all file highlights

      at FileHighlighter.applyDecorations (src/ui/FileHighlighter.ts:121:17)

  console.log
    Highlighting files: [
      'app/utils.py',
      'src/config.java',
      'test/utils.js',
      'test/helpers.js'
    ]

      at FileHighlighter.applyDecorations (src/ui/FileHighlighter.ts:119:17)

  console.log
    Clearing all file highlights

      at FileHighlighter.applyDecorations (src/ui/FileHighlighter.ts:121:17)

  console.log
    Highlighting files: [
      'app/utils.py',
      'src/config.java',
      'test/utils.js',
      'test/helpers.js'
    ]

      at FileHighlighter.applyDecorations (src/ui/FileHighlighter.ts:119:17)

  console.log
    Clearing all file highlights

      at FileHighlighter.applyDecorations (src/ui/FileHighlighter.ts:121:17)

  console.log
    Highlighting files: [ 'components/index.py', 'components/helpers.go' ]

      at FileHighlighter.applyDecorations (src/ui/FileHighlighter.ts:119:17)

  console.log
    Clearing all file highlights

      at FileHighlighter.applyDecorations (src/ui/FileHighlighter.ts:121:17)

  console.log
    Highlighting files: [ 'app/helpers.java', 'lib/helpers.js' ]

      at FileHighlighter.applyDecorations (src/ui/FileHighlighter.ts:119:17)

  console.log
    Clearing all file highlights

      at FileHighlighter.applyDecorations (src/ui/FileHighlighter.ts:121:17)

  console.log
    Highlighting files: [
      'lib/index.js',
      'components/helpers.js',
      'components/utils.java',
      'test/index.ts'
    ]

      at FileHighlighter.applyDecorations (src/ui/FileHighlighter.ts:119:17)

  console.log
    Clearing all file highlights

      at FileHighlighter.applyDecorations (src/ui/FileHighlighter.ts:121:17)

  console.log
    Highlighting files: [
      'lib/index.js',
      'components/helpers.js',
      'components/utils.java',
      'test/index.ts'
    ]

      at FileHighlighter.applyDecorations (src/ui/FileHighlighter.ts:119:17)

  console.log
    Clearing all file highlights

      at FileHighlighter.applyDecorations (src/ui/FileHighlighter.ts:121:17)

  console.log
    Highlighting files: [ 'components/index.go' ]

      at FileHighlighter.applyDecorations (src/ui/FileHighlighter.ts:119:17)

  console.log
    Clearing all file highlights

      at FileHighlighter.applyDecorations (src/ui/FileHighlighter.ts:121:17)

  console.log
    Highlighting files: [ 'components/index.py', 'components/helpers.go' ]

      at FileHighlighter.applyDecorations (src/ui/FileHighlighter.ts:119:17)

  console.log
    Clearing all file highlights

      at FileHighlighter.applyDecorations (src/ui/FileHighlighter.ts:121:17)

  console.log
    Highlighting files: [ 'test/config.ts', 'test/main.go', 'components/helpers.go' ]

      at FileHighlighter.applyDecorations (src/ui/FileHighlighter.ts:119:17)

  console.log
    Clearing all file highlights

      at FileHighlighter.applyDecorations (src/ui/FileHighlighter.ts:121:17)

  console.log
    Highlighting files: [ 'app/helpers.java', 'lib/helpers.js' ]

      at FileHighlighter.applyDecorations (src/ui/FileHighlighter.ts:119:17)

  console.log
    Clearing all file highlights

      at FileHighlighter.applyDecorations (src/ui/FileHighlighter.ts:121:17)

  console.log
    Highlighting files: [
      'lib/index.js',
      'components/helpers.js',
      'components/utils.java',
      'test/index.ts'
    ]

      at FileHighlighter.applyDecorations (src/ui/FileHighlighter.ts:119:17)

  console.log
    Clearing all file highlights

      at FileHighlighter.applyDecorations (src/ui/FileHighlighter.ts:121:17)

  console.log
    Highlighting files: [
      'app/helpers.go',
      'app/main.py',
      'src/config.py',
      'components/config.java',
      'app/helpers.java'
    ]

      at FileHighlighter.applyDecorations (src/ui/FileHighlighter.ts:119:17)

  console.log
    Clearing all file highlights

      at FileHighlighter.applyDecorations (src/ui/FileHighlighter.ts:121:17)

  console.log
    Highlighting files: [
      'app/helpers.go',
      'app/main.py',
      'src/config.py',
      'components/config.java',
      'app/helpers.java'
    ]

      at FileHighlighter.applyDecorations (src/ui/FileHighlighter.ts:119:17)

  console.log
    Clearing all file highlights

      at FileHighlighter.applyDecorations (src/ui/FileHighlighter.ts:121:17)

  console.log
    Highlighting files: [
      'app/helpers.go',
      'app/main.py',
      'src/config.py',
      'components/config.java',
      'app/helpers.java'
    ]

      at FileHighlighter.applyDecorations (src/ui/FileHighlighter.ts:119:17)

  console.log
    Clearing all file highlights

      at FileHighlighter.applyDecorations (src/ui/FileHighlighter.ts:121:17)

  console.log
    Highlighting files: [
      'app/helpers.go',
      'app/main.py',
      'src/config.py',
      'components/config.java',
      'app/helpers.java'
    ]

      at FileHighlighter.applyDecorations (src/ui/FileHighlighter.ts:119:17)

  console.log
    Clearing all file highlights

      at FileHighlighter.applyDecorations (src/ui/FileHighlighter.ts:121:17)

  console.log
    Highlighting files: [
      'app/helpers.go',
      'app/main.py',
      'src/config.py',
      'components/config.java',
      'app/helpers.java'
    ]

      at FileHighlighter.applyDecorations (src/ui/FileHighlighter.ts:119:17)

  console.log
    Clearing all file highlights

      at FileHighlighter.applyDecorations (src/ui/FileHighlighter.ts:121:17)

  console.log
    Highlighting files: [
      'app/helpers.go',
      'app/main.py',
      'src/config.py',
      'components/config.java',
      'app/helpers.java'
    ]

      at FileHighlighter.applyDecorations (src/ui/FileHighlighter.ts:119:17)

  console.log
    Clearing all file highlights

      at FileHighlighter.applyDecorations (src/ui/FileHighlighter.ts:121:17)

  console.log
    Highlighting files: [
      'app/helpers.go',
      'app/main.py',
      'src/config.py',
      'components/config.java',
      'app/helpers.java'
    ]

      at FileHighlighter.applyDecorations (src/ui/FileHighlighter.ts:119:17)

  console.log
    Clearing all file highlights

      at FileHighlighter.applyDecorations (src/ui/FileHighlighter.ts:121:17)

  console.log
    Highlighting files: [
      'app/helpers.go',
      'app/main.py',
      'src/config.py',
      'components/config.java',
      'app/helpers.java'
    ]

      at FileHighlighter.applyDecorations (src/ui/FileHighlighter.ts:119:17)

  console.log
    Clearing all file highlights

      at FileHighlighter.applyDecorations (src/ui/FileHighlighter.ts:121:17)

  console.log
    Highlighting files: [
      'app/helpers.go',
      'app/main.py',
      'src/config.py',
      'components/config.java',
      'app/helpers.java'
    ]

      at FileHighlighter.applyDecorations (src/ui/FileHighlighter.ts:119:17)

  console.log
    Clearing all file highlights

      at FileHighlighter.applyDecorations (src/ui/FileHighlighter.ts:121:17)

  console.log
    Highlighting files: [
      'test/config.js',
      'components/helpers.go',
      'app/helpers.java',
      'components/utils.js'
    ]

      at FileHighlighter.applyDecorations (src/ui/FileHighlighter.ts:119:17)

  console.log
    Clearing all file highlights

      at FileHighlighter.applyDecorations (src/ui/FileHighlighter.ts:121:17)

  console.log
    Highlighting files: [ 'lib/index.go' ]

      at FileHighlighter.applyDecorations (src/ui/FileHighlighter.ts:119:17)

  console.log
    Clearing all file highlights

      at FileHighlighter.applyDecorations (src/ui/FileHighlighter.ts:121:17)

  console.log
    Highlighting files: [ 'app/utils.js', 'components/index.js', 'components/helpers.go' ]

      at FileHighlighter.applyDecorations (src/ui/FileHighlighter.ts:119:17)

  console.log
    Clearing all file highlights

      at FileHighlighter.applyDecorations (src/ui/FileHighlighter.ts:121:17)

  console.log
    Highlighting files: [
      'test/config.js',
      'components/helpers.go',
      'app/helpers.java',
      'components/utils.js'
    ]

      at FileHighlighter.applyDecorations (src/ui/FileHighlighter.ts:119:17)

  console.log
    Clearing all file highlights

      at FileHighlighter.applyDecorations (src/ui/FileHighlighter.ts:121:17)

  console.log
    Highlighting files: [ 'lib/index.go' ]

      at FileHighlighter.applyDecorations (src/ui/FileHighlighter.ts:119:17)

  console.log
    Clearing all file highlights

      at FileHighlighter.applyDecorations (src/ui/FileHighlighter.ts:121:17)

  console.log
    Highlighting files: [
      'components/main.ts',
      'test/main.go',
      'components/utils.js',
      'lib/config.py',
      'src/index.java'
    ]

      at FileHighlighter.applyDecorations (src/ui/FileHighlighter.ts:119:17)

  console.log
    Clearing all file highlights

      at FileHighlighter.applyDecorations (src/ui/FileHighlighter.ts:121:17)

  console.log
    Highlighting files: [ 'test/helpers.java', 'components/index.java', 'test/index.js' ]

      at FileHighlighter.applyDecorations (src/ui/FileHighlighter.ts:119:17)

  console.log
    Clearing all file highlights

      at FileHighlighter.applyDecorations (src/ui/FileHighlighter.ts:121:17)

  console.log
    Highlighting files: [ 'components/index.js', 'src/main.py' ]

      at FileHighlighter.applyDecorations (src/ui/FileHighlighter.ts:119:17)

  console.log
    Clearing all file highlights

      at FileHighlighter.applyDecorations (src/ui/FileHighlighter.ts:121:17)

  console.log
    Highlighting files: [ 'test/helpers.java', 'components/index.java', 'test/index.js' ]

      at FileHighlighter.applyDecorations (src/ui/FileHighlighter.ts:119:17)

  console.log
    Clearing all file highlights

      at FileHighlighter.applyDecorations (src/ui/FileHighlighter.ts:121:17)

  console.log
    Highlighting files: [ 'test/helpers.java', 'components/index.java', 'test/index.js' ]

      at FileHighlighter.applyDecorations (src/ui/FileHighlighter.ts:119:17)

  console.log
    Clearing all file highlights

      at FileHighlighter.applyDecorations (src/ui/FileHighlighter.ts:121:17)

  console.log
    Highlighting files: [ 'components/index.js', 'src/main.py' ]

      at FileHighlighter.applyDecorations (src/ui/FileHighlighter.ts:119:17)

  console.log
    Clearing all file highlights

      at FileHighlighter.applyDecorations (src/ui/FileHighlighter.ts:121:17)

  console.log
    Highlighting files: [
      'app/config.java',
      'lib/index.py',
      'test/helpers.js',
      'src/index.go'
    ]

      at FileHighlighter.applyDecorations (src/ui/FileHighlighter.ts:119:17)

  console.log
    Clearing all file highlights

      at FileHighlighter.applyDecorations (src/ui/FileHighlighter.ts:121:17)

  console.log
    Highlighting files: [ 'src/helpers.ts', 'components/config.go', 'components/index.js' ]

      at FileHighlighter.applyDecorations (src/ui/FileHighlighter.ts:119:17)

  console.log
    Clearing all file highlights

      at FileHighlighter.applyDecorations (src/ui/FileHighlighter.ts:121:17)

  console.log
    Highlighting files: [ 'lib/index.go', 'test/index.py', 'src/config.py' ]

      at FileHighlighter.applyDecorations (src/ui/FileHighlighter.ts:119:17)

  console.log
    Clearing all file highlights

      at FileHighlighter.applyDecorations (src/ui/FileHighlighter.ts:121:17)

  console.log
    Highlighting files: [
      'app/config.java',
      'lib/index.py',
      'test/helpers.js',
      'src/index.go'
    ]

      at FileHighlighter.applyDecorations (src/ui/FileHighlighter.ts:119:17)

  console.log
    Clearing all file highlights

      at FileHighlighter.applyDecorations (src/ui/FileHighlighter.ts:121:17)

  console.log
    Highlighting files: [
      'app/config.java',
      'lib/index.py',
      'test/helpers.js',
      'src/index.go'
    ]

      at FileHighlighter.applyDecorations (src/ui/FileHighlighter.ts:119:17)

  console.log
    Clearing all file highlights

      at FileHighlighter.applyDecorations (src/ui/FileHighlighter.ts:121:17)

  console.log
    Highlighting files: [ 'src/helpers.ts', 'components/config.go', 'components/index.js' ]

      at FileHighlighter.applyDecorations (src/ui/FileHighlighter.ts:119:17)

  console.log
    Clearing all file highlights

      at FileHighlighter.applyDecorations (src/ui/FileHighlighter.ts:121:17)

  console.log
    Highlighting files: [ 'app/utils.go', 'test/index.ts' ]

      at FileHighlighter.applyDecorations (src/ui/FileHighlighter.ts:119:17)

  console.log
    Clearing all file highlights

      at FileHighlighter.applyDecorations (src/ui/FileHighlighter.ts:121:17)

  console.log
    Highlighting files: [ 'app/utils.go', 'test/index.ts' ]

      at FileHighlighter.applyDecorations (src/ui/FileHighlighter.ts:119:17)

  console.log
    Clearing all file highlights

      at FileHighlighter.applyDecorations (src/ui/FileHighlighter.ts:121:17)

  console.log
    Highlighting files: [ 'components/utils.ts', 'components/config.go' ]

      at FileHighlighter.applyDecorations (src/ui/FileHighlighter.ts:119:17)

  console.log
    Clearing all file highlights

      at FileHighlighter.applyDecorations (src/ui/FileHighlighter.ts:121:17)

  console.log
    Highlighting files: [ 'app/utils.go', 'test/index.ts' ]

      at FileHighlighter.applyDecorations (src/ui/FileHighlighter.ts:119:17)

  console.log
    Clearing all file highlights

      at FileHighlighter.applyDecorations (src/ui/FileHighlighter.ts:121:17)

  console.log
    Highlighting files: [ 'app/config.js', 'test/config.go', 'components/index.js' ]

      at FileHighlighter.applyDecorations (src/ui/FileHighlighter.ts:119:17)

  console.log
    Clearing all file highlights

      at FileHighlighter.applyDecorations (src/ui/FileHighlighter.ts:121:17)

  console.log
    Highlighting files: [ 'test/index.py', 'test/index.java', 'src/utils.ts' ]

      at FileHighlighter.applyDecorations (src/ui/FileHighlighter.ts:119:17)

  console.log
    Clearing all file highlights

      at FileHighlighter.applyDecorations (src/ui/FileHighlighter.ts:121:17)

  console.log
    Highlighting files: [ 'app/config.js', 'test/config.go', 'components/index.js' ]

      at FileHighlighter.applyDecorations (src/ui/FileHighlighter.ts:119:17)

  console.log
    Clearing all file highlights

      at FileHighlighter.applyDecorations (src/ui/FileHighlighter.ts:121:17)

  console.log
    Highlighting files: [ 'test/utils.ts' ]

      at FileHighlighter.applyDecorations (src/ui/FileHighlighter.ts:119:17)

  console.log
    Clearing all file highlights

      at FileHighlighter.applyDecorations (src/ui/FileHighlighter.ts:121:17)

  console.log
    Highlighting files: [ 'test/main.go', 'test/helpers.go', 'src/main.py', 'src/index.py' ]

      at FileHighlighter.applyDecorations (src/ui/FileHighlighter.ts:119:17)

  console.log
    Clearing all file highlights

      at FileHighlighter.applyDecorations (src/ui/FileHighlighter.ts:121:17)

  console.log
    Highlighting files: [ 'test/utils.ts' ]

      at FileHighlighter.applyDecorations (src/ui/FileHighlighter.ts:119:17)

  console.log
    Clearing all file highlights

      at FileHighlighter.applyDecorations (src/ui/FileHighlighter.ts:121:17)

  console.log
    Highlighting files: [ 'test/index.js', 'src/main.ts' ]

      at FileHighlighter.applyDecorations (src/ui/FileHighlighter.ts:119:17)

  console.log
    Clearing all file highlights

      at FileHighlighter.applyDecorations (src/ui/FileHighlighter.ts:121:17)

  console.log
    Highlighting files: [
      'lib/index.go',
      'test/index.js',
      'app/index.py',
      'lib/utils.java',
      'src/utils.ts'
    ]

      at FileHighlighter.applyDecorations (src/ui/FileHighlighter.ts:119:17)

  console.log
    Clearing all file highlights

      at FileHighlighter.applyDecorations (src/ui/FileHighlighter.ts:121:17)

  console.log
    Highlighting files: [
      'lib/index.go',
      'src/helpers.js',
      'components/index.go',
      'app/helpers.go',
      'lib/helpers.js'
    ]

      at FileHighlighter.applyDecorations (src/ui/FileHighlighter.ts:119:17)

  console.log
    Clearing all file highlights

      at FileHighlighter.applyDecorations (src/ui/FileHighlighter.ts:121:17)

  console.log
    Highlighting files: [
      'lib/index.go',
      'test/index.js',
      'app/index.py',
      'lib/utils.java',
      'src/utils.ts'
    ]

      at FileHighlighter.applyDecorations (src/ui/FileHighlighter.ts:119:17)

  console.log
    Clearing all file highlights

      at FileHighlighter.applyDecorations (src/ui/FileHighlighter.ts:121:17)

  console.log
    Highlighting files: [ 'test/utils.ts' ]

      at FileHighlighter.applyDecorations (src/ui/FileHighlighter.ts:119:17)

  console.log
    Clearing all file highlights

      at FileHighlighter.applyDecorations (src/ui/FileHighlighter.ts:121:17)

  console.log
    Highlighting files: [
      'app/config.py',
      'test/index.go',
      'src/utils.java',
      'components/config.js'
    ]

      at FileHighlighter.applyDecorations (src/ui/FileHighlighter.ts:119:17)

  console.log
    Clearing all file highlights

      at FileHighlighter.applyDecorations (src/ui/FileHighlighter.ts:121:17)

  console.log
    Highlighting files: [
      'app/config.py',
      'test/index.go',
      'src/utils.java',
      'components/config.js'
    ]

      at FileHighlighter.applyDecorations (src/ui/FileHighlighter.ts:119:17)

  console.log
    Clearing all file highlights

      at FileHighlighter.applyDecorations (src/ui/FileHighlighter.ts:121:17)

  console.log
    Highlighting files: [ 'test/utils.ts' ]

      at FileHighlighter.applyDecorations (src/ui/FileHighlighter.ts:119:17)

  console.log
    Clearing all file highlights

      at FileHighlighter.applyDecorations (src/ui/FileHighlighter.ts:121:17)

  console.log
    Highlighting files: [ 'test/utils.ts' ]

      at FileHighlighter.applyDecorations (src/ui/FileHighlighter.ts:119:17)

  console.log
    Clearing all file highlights

      at FileHighlighter.applyDecorations (src/ui/FileHighlighter.ts:121:17)

  console.log
    Highlighting files: [ 'test/utils.ts' ]

      at FileHighlighter.applyDecorations (src/ui/FileHighlighter.ts:119:17)

  console.log
    Clearing all file highlights

      at FileHighlighter.applyDecorations (src/ui/FileHighlighter.ts:121:17)

  console.log
    Highlighting files: [ 'test/utils.ts' ]

      at FileHighlighter.applyDecorations (src/ui/FileHighlighter.ts:119:17)

  console.log
    Clearing all file highlights

      at FileHighlighter.applyDecorations (src/ui/FileHighlighter.ts:121:17)

  console.log
    Highlighting files: [ 'test/utils.ts' ]

      at FileHighlighter.applyDecorations (src/ui/FileHighlighter.ts:119:17)

  console.log
    Clearing all file highlights

      at FileHighlighter.applyDecorations (src/ui/FileHighlighter.ts:121:17)

  console.log
    Highlighting files: [
      'app/config.py',
      'test/index.go',
      'src/utils.java',
      'components/config.js'
    ]

      at FileHighlighter.applyDecorations (src/ui/FileHighlighter.ts:119:17)

  console.log
    Clearing all file highlights

      at FileHighlighter.applyDecorations (src/ui/FileHighlighter.ts:121:17)

  console.log
    Highlighting files: [
      'app/config.py',
      'test/index.go',
      'src/utils.java',
      'components/config.js'
    ]

      at FileHighlighter.applyDecorations (src/ui/FileHighlighter.ts:119:17)

  console.log
    Clearing all file highlights

      at FileHighlighter.applyDecorations (src/ui/FileHighlighter.ts:121:17)

  console.log
    Highlighting files: [ 'components/index.py' ]

      at FileHighlighter.applyDecorations (src/ui/FileHighlighter.ts:119:17)

  console.log
    Clearing all file highlights

      at FileHighlighter.applyDecorations (src/ui/FileHighlighter.ts:121:17)

  console.log
    Highlighting files: [ 'components/index.py' ]

      at FileHighlighter.applyDecorations (src/ui/FileHighlighter.ts:119:17)

  console.log
    Clearing all file highlights

      at FileHighlighter.applyDecorations (src/ui/FileHighlighter.ts:121:17)

  console.log
    Highlighting files: [ 'components/index.py' ]

      at FileHighlighter.applyDecorations (src/ui/FileHighlighter.ts:119:17)

  console.log
    Clearing all file highlights

      at FileHighlighter.applyDecorations (src/ui/FileHighlighter.ts:121:17)

  console.log
    Highlighting files: [
      'components/main.java',
      'components/helpers.ts',
      'components/config.java',
      'test/config.java'
    ]

      at FileHighlighter.applyDecorations (src/ui/FileHighlighter.ts:119:17)

  console.log
    Clearing all file highlights

      at FileHighlighter.applyDecorations (src/ui/FileHighlighter.ts:121:17)

  console.log
    Highlighting files: [ 'components/index.py' ]

      at FileHighlighter.applyDecorations (src/ui/FileHighlighter.ts:119:17)

  console.log
    Clearing all file highlights

      at FileHighlighter.applyDecorations (src/ui/FileHighlighter.ts:121:17)

  console.log
    Highlighting files: [
      'components/main.java',
      'components/helpers.ts',
      'components/config.java',
      'test/config.java'
    ]

      at FileHighlighter.applyDecorations (src/ui/FileHighlighter.ts:119:17)

  console.log
    Clearing all file highlights

      at FileHighlighter.applyDecorations (src/ui/FileHighlighter.ts:121:17)

  console.log
    Highlighting files: [
      'components/main.java',
      'components/helpers.ts',
      'components/config.java',
      'test/config.java'
    ]

      at FileHighlighter.applyDecorations (src/ui/FileHighlighter.ts:119:17)

  console.log
    Clearing all file highlights

      at FileHighlighter.applyDecorations (src/ui/FileHighlighter.ts:121:17)

  console.log
    Highlighting files: [ 'app/utils.py', 'test/utils.ts', 'src/utils.java', 'src/utils.ts' ]

      at FileHighlighter.applyDecorations (src/ui/FileHighlighter.ts:119:17)

  console.log
    Clearing all file highlights

      at FileHighlighter.applyDecorations (src/ui/FileHighlighter.ts:121:17)

  console.log
    Highlighting files: [ 'src/main.go', 'src/index.js' ]

      at FileHighlighter.applyDecorations (src/ui/FileHighlighter.ts:119:17)

  console.log
    Clearing all file highlights

      at FileHighlighter.applyDecorations (src/ui/FileHighlighter.ts:121:17)

  console.log
    Highlighting files: [
      'components/config.js',
      'lib/utils.py',
      'test/utils.js',
      'lib/utils.go'
    ]

      at FileHighlighter.applyDecorations (src/ui/FileHighlighter.ts:119:17)

  console.log
    Clearing all file highlights

      at FileHighlighter.applyDecorations (src/ui/FileHighlighter.ts:121:17)

  console.log
    Highlighting files: [ 'src/main.go', 'src/index.js' ]

      at FileHighlighter.applyDecorations (src/ui/FileHighlighter.ts:119:17)

  console.log
    Clearing all file highlights

      at FileHighlighter.applyDecorations (src/ui/FileHighlighter.ts:121:17)

  console.log
    Highlighting files: [
      'components/config.js',
      'lib/utils.py',
      'test/utils.js',
      'lib/utils.go'
    ]

      at FileHighlighter.applyDecorations (src/ui/FileHighlighter.ts:119:17)

  console.log
    Clearing all file highlights

      at FileHighlighter.applyDecorations (src/ui/FileHighlighter.ts:121:17)

  console.log
    Highlighting files: [ 'app/utils.py', 'test/utils.ts', 'src/utils.java', 'src/utils.ts' ]

      at FileHighlighter.applyDecorations (src/ui/FileHighlighter.ts:119:17)

  console.log
    Clearing all file highlights

      at FileHighlighter.applyDecorations (src/ui/FileHighlighter.ts:121:17)

  console.log
    Highlighting files: [ 'app/config.go', 'src/utils.java' ]

      at FileHighlighter.applyDecorations (src/ui/FileHighlighter.ts:119:17)

  console.log
    Clearing all file highlights

      at FileHighlighter.applyDecorations (src/ui/FileHighlighter.ts:121:17)

  console.log
    Highlighting files: [ 'src/config.js' ]

      at FileHighlighter.applyDecorations (src/ui/FileHighlighter.ts:119:17)

  console.log
    Clearing all file highlights

      at FileHighlighter.applyDecorations (src/ui/FileHighlighter.ts:121:17)

  console.log
    Highlighting files: [ 'src/config.js' ]

      at FileHighlighter.applyDecorations (src/ui/FileHighlighter.ts:119:17)

  console.log
    Clearing all file highlights

      at FileHighlighter.applyDecorations (src/ui/FileHighlighter.ts:121:17)

  console.log
    Highlighting files: [ 'src/main.go', 'src/index.js' ]

      at FileHighlighter.applyDecorations (src/ui/FileHighlighter.ts:119:17)

  console.log
    Clearing all file highlights

      at FileHighlighter.applyDecorations (src/ui/FileHighlighter.ts:121:17)

  console.log
    Highlighting files: [
      'lib/utils.java',
      'app/config.ts',
      'lib/config.java',
      'test/helpers.js',
      'test/index.py'
    ]

      at FileHighlighter.applyDecorations (src/ui/FileHighlighter.ts:119:17)

  console.log
    Clearing all file highlights

      at FileHighlighter.applyDecorations (src/ui/FileHighlighter.ts:121:17)

  console.log
    Highlighting files: [ 'src/main.go', 'src/index.js' ]

      at FileHighlighter.applyDecorations (src/ui/FileHighlighter.ts:119:17)

  console.log
    Clearing all file highlights

      at FileHighlighter.applyDecorations (src/ui/FileHighlighter.ts:121:17)

  console.log
    Highlighting files: [ 'test/utils.java' ]

      at FileHighlighter.applyDecorations (src/ui/FileHighlighter.ts:119:17)

  console.log
    Clearing all file highlights

      at FileHighlighter.applyDecorations (src/ui/FileHighlighter.ts:121:17)

  console.log
    Highlighting files: [ 'src/main.go', 'src/index.js' ]

      at FileHighlighter.applyDecorations (src/ui/FileHighlighter.ts:119:17)

  console.log
    Clearing all file highlights

      at FileHighlighter.applyDecorations (src/ui/FileHighlighter.ts:121:17)

  console.log
    Highlighting files: [ 'test/utils.java' ]

      at FileHighlighter.applyDecorations (src/ui/FileHighlighter.ts:119:17)

  console.log
    Clearing all file highlights

      at FileHighlighter.applyDecorations (src/ui/FileHighlighter.ts:121:17)

  console.log
    Highlighting files: [
      'lib/utils.java',
      'app/config.ts',
      'lib/config.java',
      'test/helpers.js',
      'test/index.py'
    ]

      at FileHighlighter.applyDecorations (src/ui/FileHighlighter.ts:119:17)

  console.log
    Clearing all file highlights

      at FileHighlighter.applyDecorations (src/ui/FileHighlighter.ts:121:17)

  console.log
    Highlighting files: [
      'lib/utils.java',
      'app/config.ts',
      'lib/config.java',
      'test/helpers.js',
      'test/index.py'
    ]

      at FileHighlighter.applyDecorations (src/ui/FileHighlighter.ts:119:17)

  console.log
    Clearing all file highlights

      at FileHighlighter.applyDecorations (src/ui/FileHighlighter.ts:121:17)

  console.log
    Highlighting files: [ 'app/index.ts', 'src/config.py' ]

      at FileHighlighter.applyDecorations (src/ui/FileHighlighter.ts:119:17)

  console.log
    Clearing all file highlights

      at FileHighlighter.applyDecorations (src/ui/FileHighlighter.ts:121:17)

  console.log
    Highlighting files: [ 'app/config.py', 'test/helpers.py' ]

      at FileHighlighter.applyDecorations (src/ui/FileHighlighter.ts:119:17)

  console.log
    Clearing all file highlights

      at FileHighlighter.applyDecorations (src/ui/FileHighlighter.ts:121:17)

  console.log
    Highlighting files: [
      'src/helpers.js',
      'app/config.go',
      'app/helpers.java',
      'lib/helpers.go',
      'app/utils.java'
    ]

      at FileHighlighter.applyDecorations (src/ui/FileHighlighter.ts:119:17)

  console.log
    Clearing all file highlights

      at FileHighlighter.applyDecorations (src/ui/FileHighlighter.ts:121:17)

  console.log
    Highlighting files: [ 'app/config.py', 'test/helpers.py' ]

      at FileHighlighter.applyDecorations (src/ui/FileHighlighter.ts:119:17)

  console.log
    Clearing all file highlights

      at FileHighlighter.applyDecorations (src/ui/FileHighlighter.ts:121:17)

  console.log
    Highlighting files: [ 'app/config.py', 'test/helpers.py' ]

      at FileHighlighter.applyDecorations (src/ui/FileHighlighter.ts:119:17)

  console.log
    Clearing all file highlights

      at FileHighlighter.applyDecorations (src/ui/FileHighlighter.ts:121:17)

  console.log
    Highlighting files: [ 'app/config.py', 'test/helpers.py' ]

      at FileHighlighter.applyDecorations (src/ui/FileHighlighter.ts:119:17)

  console.log
    Clearing all file highlights

      at FileHighlighter.applyDecorations (src/ui/FileHighlighter.ts:121:17)

  console.log
    Highlighting files: [ 'lib/utils.java', 'app/main.java', 'src/main.ts' ]

      at FileHighlighter.applyDecorations (src/ui/FileHighlighter.ts:119:17)

  console.log
    Clearing all file highlights

      at FileHighlighter.applyDecorations (src/ui/FileHighlighter.ts:121:17)

  console.log
    Highlighting files: [ 'src/utils.ts' ]

      at FileHighlighter.applyDecorations (src/ui/FileHighlighter.ts:119:17)

  console.log
    Clearing all file highlights

      at FileHighlighter.applyDecorations (src/ui/FileHighlighter.ts:121:17)

  console.log
    Highlighting files: [ 'lib/utils.java', 'app/main.java', 'src/main.ts' ]

      at FileHighlighter.applyDecorations (src/ui/FileHighlighter.ts:119:17)

  console.log
    Clearing all file highlights

      at FileHighlighter.applyDecorations (src/ui/FileHighlighter.ts:121:17)

  console.log
    Highlighting files: [ 'app/utils.js', 'components/main.ts', 'src/index.java' ]

      at FileHighlighter.applyDecorations (src/ui/FileHighlighter.ts:119:17)

  console.log
    Clearing all file highlights

      at FileHighlighter.applyDecorations (src/ui/FileHighlighter.ts:121:17)

  console.log
    Highlighting files: [ 'src/utils.ts' ]

      at FileHighlighter.applyDecorations (src/ui/FileHighlighter.ts:119:17)

  console.log
    Clearing all file highlights

      at FileHighlighter.applyDecorations (src/ui/FileHighlighter.ts:121:17)

  console.log
    Highlighting files: [
      'src/helpers.js',
      'components/main.java',
      'test/main.ts',
      'components/helpers.go',
      'test/index.py'
    ]

      at FileHighlighter.applyDecorations (src/ui/FileHighlighter.ts:119:17)

  console.log
    Clearing all file highlights

      at FileHighlighter.applyDecorations (src/ui/FileHighlighter.ts:121:17)

  console.log
    Highlighting files: [ 'lib/config.js' ]

      at FileHighlighter.applyDecorations (src/ui/FileHighlighter.ts:119:17)

  console.log
    Clearing all file highlights

      at FileHighlighter.applyDecorations (src/ui/FileHighlighter.ts:121:17)

  console.log
    Highlighting files: [ 'lib/helpers.java' ]

      at FileHighlighter.applyDecorations (src/ui/FileHighlighter.ts:119:17)

  console.log
    Clearing all file highlights

      at FileHighlighter.applyDecorations (src/ui/FileHighlighter.ts:121:17)

  console.log
    Highlighting files: [ 'test/index.java' ]

      at FileHighlighter.applyDecorations (src/ui/FileHighlighter.ts:119:17)

  console.log
    Clearing all file highlights

      at FileHighlighter.applyDecorations (src/ui/FileHighlighter.ts:121:17)

  console.log
    Highlighting files: [ 'test/config.ts' ]

      at FileHighlighter.applyDecorations (src/ui/FileHighlighter.ts:119:17)

  console.log
    Clearing all file highlights

      at FileHighlighter.applyDecorations (src/ui/FileHighlighter.ts:121:17)

  console.log
    Highlighting files: [
      'src/helpers.py',
      'src/main.py',
      'test/main.ts',
      'test/utils.py',
      'app/main.py'
    ]

      at FileHighlighter.applyDecorations (src/ui/FileHighlighter.ts:119:17)

  console.log
    Clearing all file highlights

      at FileHighlighter.applyDecorations (src/ui/FileHighlighter.ts:121:17)

  console.log
    Highlighting files: [
      'app/config.java',
      'test/utils.js',
      'components/index.py',
      'test/utils.ts',
      'test/main.py'
    ]

      at FileHighlighter.applyDecorations (src/ui/FileHighlighter.ts:119:17)

  console.log
    Clearing all file highlights

      at FileHighlighter.applyDecorations (src/ui/FileHighlighter.ts:121:17)

  console.log
    Highlighting files: [
      'components/utils.js',
      'test/config.java',
      'components/utils.java',
      'src/index.js'
    ]

      at FileHighlighter.applyDecorations (src/ui/FileHighlighter.ts:119:17)

  console.log
    Clearing all file highlights

      at FileHighlighter.applyDecorations (src/ui/FileHighlighter.ts:121:17)

  console.log
    Highlighting files: [ 'src/config.py' ]

      at FileHighlighter.applyDecorations (src/ui/FileHighlighter.ts:119:17)

  console.log
    Clearing all file highlights

      at FileHighlighter.applyDecorations (src/ui/FileHighlighter.ts:121:17)

  console.log
    Highlighting files: [ 'app/index.js', 'app/utils.go', 'test/utils.js', 'src/main.js' ]

      at FileHighlighter.applyDecorations (src/ui/FileHighlighter.ts:119:17)

  console.log
    Clearing all file highlights

      at FileHighlighter.applyDecorations (src/ui/FileHighlighter.ts:121:17)

  console.log
    Highlighting files: [
      'components/main.go',
      'src/index.ts',
      'test/main.go',
      'lib/index.js'
    ]

      at FileHighlighter.applyDecorations (src/ui/FileHighlighter.ts:119:17)

  console.log
    Clearing all file highlights

      at FileHighlighter.applyDecorations (src/ui/FileHighlighter.ts:121:17)

  console.log
    Highlighting files: [
      'components/utils.js',
      'test/config.java',
      'components/utils.java',
      'src/index.js'
    ]

      at FileHighlighter.applyDecorations (src/ui/FileHighlighter.ts:119:17)

  console.log
    Clearing all file highlights

      at FileHighlighter.applyDecorations (src/ui/FileHighlighter.ts:121:17)

  console.log
    Highlighting files: [ 'test/utils.java' ]

      at FileHighlighter.applyDecorations (src/ui/FileHighlighter.ts:119:17)

  console.log
    Clearing all file highlights

      at FileHighlighter.applyDecorations (src/ui/FileHighlighter.ts:121:17)

  console.log
    Highlighting files: [
      'src/config.go',
      'components/index.js',
      'src/utils.ts',
      'app/config.js',
      'app/utils.py'
    ]

      at FileHighlighter.applyDecorations (src/ui/FileHighlighter.ts:119:17)

  console.log
    Clearing all file highlights

      at FileHighlighter.applyDecorations (src/ui/FileHighlighter.ts:121:17)

  console.log
    Highlighting files: [ 'test/utils.java' ]

      at FileHighlighter.applyDecorations (src/ui/FileHighlighter.ts:119:17)

  console.log
    Clearing all file highlights

      at FileHighlighter.applyDecorations (src/ui/FileHighlighter.ts:121:17)

  console.log
    Highlighting files: [ 'test/utils.java' ]

      at FileHighlighter.applyDecorations (src/ui/FileHighlighter.ts:119:17)

  console.log
    Clearing all file highlights

      at FileHighlighter.applyDecorations (src/ui/FileHighlighter.ts:121:17)

  console.log
    Highlighting files: [
      'src/config.go',
      'components/index.js',
      'src/utils.ts',
      'app/config.js',
      'app/utils.py'
    ]

      at FileHighlighter.applyDecorations (src/ui/FileHighlighter.ts:119:17)

  console.log
    Clearing all file highlights

      at FileHighlighter.applyDecorations (src/ui/FileHighlighter.ts:121:17)

  console.log
    Highlighting files: [ 'components/utils.java' ]

      at FileHighlighter.applyDecorations (src/ui/FileHighlighter.ts:119:17)

  console.log
    Clearing all file highlights

      at FileHighlighter.applyDecorations (src/ui/FileHighlighter.ts:121:17)

  console.log
    Highlighting files: [
      'src/config.go',
      'components/index.js',
      'src/utils.ts',
      'app/config.js',
      'app/utils.py'
    ]

      at FileHighlighter.applyDecorations (src/ui/FileHighlighter.ts:119:17)

  console.log
    Clearing all file highlights

      at FileHighlighter.applyDecorations (src/ui/FileHighlighter.ts:121:17)

  console.log
    Highlighting files: [ 'test/helpers.go', 'app/helpers.py' ]

      at FileHighlighter.applyDecorations (src/ui/FileHighlighter.ts:119:17)

  console.log
    Clearing all file highlights

      at FileHighlighter.applyDecorations (src/ui/FileHighlighter.ts:121:17)

  console.log
    Highlighting files: [ 'test/index.ts' ]

      at FileHighlighter.applyDecorations (src/ui/FileHighlighter.ts:119:17)

  console.log
    Clearing all file highlights

      at FileHighlighter.applyDecorations (src/ui/FileHighlighter.ts:121:17)

  console.log
    Highlighting files: [ 'lib/utils.py', 'src/index.java', 'lib/main.ts' ]

      at FileHighlighter.applyDecorations (src/ui/FileHighlighter.ts:119:17)

  console.log
    Clearing all file highlights

      at FileHighlighter.applyDecorations (src/ui/FileHighlighter.ts:121:17)

  console.log
    Highlighting files: [ 'components/utils.java', 'lib/config.py' ]

      at FileHighlighter.applyDecorations (src/ui/FileHighlighter.ts:119:17)

  console.log
    Clearing all file highlights

      at FileHighlighter.applyDecorations (src/ui/FileHighlighter.ts:121:17)

  console.log
    Highlighting files: [ 'test/index.ts' ]

      at FileHighlighter.applyDecorations (src/ui/FileHighlighter.ts:119:17)

  console.log
    Clearing all file highlights

      at FileHighlighter.applyDecorations (src/ui/FileHighlighter.ts:121:17)

  console.log
    Highlighting files: [ 'test/helpers.go', 'app/helpers.py' ]

      at FileHighlighter.applyDecorations (src/ui/FileHighlighter.ts:119:17)

  console.log
    Clearing all file highlights

      at FileHighlighter.applyDecorations (src/ui/FileHighlighter.ts:121:17)

  console.log
    Highlighting files: [ 'app/helpers.java', 'app/index.go', 'src/utils.go' ]

      at FileHighlighter.applyDecorations (src/ui/FileHighlighter.ts:119:17)

  console.log
    Clearing all file highlights

      at FileHighlighter.applyDecorations (src/ui/FileHighlighter.ts:121:17)

  console.log
    Highlighting files: [ 'test/helpers.go', 'app/helpers.py' ]

      at FileHighlighter.applyDecorations (src/ui/FileHighlighter.ts:119:17)

  console.log
    Clearing all file highlights

      at FileHighlighter.applyDecorations (src/ui/FileHighlighter.ts:121:17)

  console.log
    Highlighting files: [ 'test/helpers.go', 'app/helpers.py' ]

      at FileHighlighter.applyDecorations (src/ui/FileHighlighter.ts:119:17)

  console.log
    Clearing all file highlights

      at FileHighlighter.applyDecorations (src/ui/FileHighlighter.ts:121:17)

  console.log
    Highlighting files: [
      'test/index.java',
      'src/config.java',
      'lib/utils.java',
      'src/index.ts'
    ]

      at FileHighlighter.applyDecorations (src/ui/FileHighlighter.ts:119:17)

  console.log
    Clearing all file highlights

      at FileHighlighter.applyDecorations (src/ui/FileHighlighter.ts:121:17)

  console.log
    Highlighting files: [ 'app/config.ts' ]

      at FileHighlighter.applyDecorations (src/ui/FileHighlighter.ts:119:17)

  console.log
    Clearing all file highlights

      at FileHighlighter.applyDecorations (src/ui/FileHighlighter.ts:121:17)

  console.log
    Highlighting files: [
      'app/main.java',
      'src/main.py',
      'lib/index.js',
      'app/index.js',
      'test/utils.ts'
    ]

      at FileHighlighter.applyDecorations (src/ui/FileHighlighter.ts:119:17)

  console.log
    Clearing all file highlights

      at FileHighlighter.applyDecorations (src/ui/FileHighlighter.ts:121:17)

  console.log
    Highlighting files: [ 'app/index.go', 'src/index.js' ]

      at FileHighlighter.applyDecorations (src/ui/FileHighlighter.ts:119:17)

  console.log
    Clearing all file highlights

      at FileHighlighter.applyDecorations (src/ui/FileHighlighter.ts:121:17)

  console.log
    Highlighting files: [ 'app/config.ts' ]

      at FileHighlighter.applyDecorations (src/ui/FileHighlighter.ts:119:17)

  console.log
    Clearing all file highlights

      at FileHighlighter.applyDecorations (src/ui/FileHighlighter.ts:121:17)

  console.log
    Highlighting files: [ 'app/utils.java', 'src/index.py', 'src/config.js' ]

      at FileHighlighter.applyDecorations (src/ui/FileHighlighter.ts:119:17)

  console.log
    Clearing all file highlights

      at FileHighlighter.applyDecorations (src/ui/FileHighlighter.ts:121:17)

  console.log
    Highlighting files: [ 'app/index.go', 'src/index.js' ]

      at FileHighlighter.applyDecorations (src/ui/FileHighlighter.ts:119:17)

  console.log
    Clearing all file highlights

      at FileHighlighter.applyDecorations (src/ui/FileHighlighter.ts:121:17)

  console.log
    Highlighting files: [ 'components/index.py', 'lib/main.py', 'app/utils.py' ]

      at FileHighlighter.applyDecorations (src/ui/FileHighlighter.ts:119:17)

  console.log
    Clearing all file highlights

      at FileHighlighter.applyDecorations (src/ui/FileHighlighter.ts:121:17)

  console.log
    Highlighting files: [ 'test/index.go', 'test/index.java' ]

      at FileHighlighter.applyDecorations (src/ui/FileHighlighter.ts:119:17)

  console.log
    Clearing all file highlights

      at FileHighlighter.applyDecorations (src/ui/FileHighlighter.ts:121:17)

  console.log
    Highlighting files: [ 'src/config.ts' ]

      at FileHighlighter.applyDecorations (src/ui/FileHighlighter.ts:119:17)

  console.log
    Clearing all file highlights

      at FileHighlighter.applyDecorations (src/ui/FileHighlighter.ts:121:17)

  console.log
    Highlighting files: [ 'src/utils.go', 'lib/index.py' ]

      at FileHighlighter.applyDecorations (src/ui/FileHighlighter.ts:119:17)

  console.log
    Clearing all file highlights

      at FileHighlighter.applyDecorations (src/ui/FileHighlighter.ts:121:17)

  console.log
    Highlighting files: [
      'app/index.js',
      'lib/config.js',
      'lib/config.ts',
      'src/main.ts',
      'test/helpers.py'
    ]

      at FileHighlighter.applyDecorations (src/ui/FileHighlighter.ts:119:17)

  console.log
    Clearing all file highlights

      at FileHighlighter.applyDecorations (src/ui/FileHighlighter.ts:121:17)

  console.log
    Highlighting files: [ 'test/index.java', 'src/index.go', 'lib/helpers.go', 'app/index.js' ]

      at FileHighlighter.applyDecorations (src/ui/FileHighlighter.ts:119:17)

  console.log
    Clearing all file highlights

      at FileHighlighter.applyDecorations (src/ui/FileHighlighter.ts:121:17)

  console.log
    Highlighting files: [ 'src/helpers.java' ]

      at FileHighlighter.applyDecorations (src/ui/FileHighlighter.ts:119:17)

  console.log
    Clearing all file highlights

      at FileHighlighter.applyDecorations (src/ui/FileHighlighter.ts:121:17)

  console.log
    Highlighting files: [
      'components/utils.java',
      'components/helpers.java',
      'app/main.ts',
      'test/config.go'
    ]

      at FileHighlighter.applyDecorations (src/ui/FileHighlighter.ts:119:17)

  console.log
    Clearing all file highlights

      at FileHighlighter.applyDecorations (src/ui/FileHighlighter.ts:121:17)

  console.log
    Highlighting files: [
      'lib/index.js',
      'components/utils.java',
      'lib/utils.js',
      'src/utils.go',
      'lib/main.java'
    ]

      at FileHighlighter.applyDecorations (src/ui/FileHighlighter.ts:119:17)

  console.log
    Clearing all file highlights

      at FileHighlighter.applyDecorations (src/ui/FileHighlighter.ts:121:17)

  console.log
    Highlighting files: [ 'test/index.java', 'src/index.go', 'lib/helpers.go', 'app/index.js' ]

      at FileHighlighter.applyDecorations (src/ui/FileHighlighter.ts:119:17)

  console.log
    Clearing all file highlights

      at FileHighlighter.applyDecorations (src/ui/FileHighlighter.ts:121:17)

  console.log
    Highlighting files: [
      'app/config.ts',
      'src/index.java',
      'components/config.ts',
      'lib/utils.java'
    ]

      at FileHighlighter.applyDecorations (src/ui/FileHighlighter.ts:119:17)

  console.log
    Clearing all file highlights

      at FileHighlighter.applyDecorations (src/ui/FileHighlighter.ts:121:17)

  console.log
    Highlighting files: [
      'app/config.ts',
      'src/index.java',
      'components/config.ts',
      'lib/utils.java'
    ]

      at FileHighlighter.applyDecorations (src/ui/FileHighlighter.ts:119:17)

  console.log
    Clearing all file highlights

      at FileHighlighter.applyDecorations (src/ui/FileHighlighter.ts:121:17)

  console.log
    Highlighting files: [ 'src/index.java' ]

      at FileHighlighter.applyDecorations (src/ui/FileHighlighter.ts:119:17)

  console.log
    Clearing all file highlights

      at FileHighlighter.applyDecorations (src/ui/FileHighlighter.ts:121:17)

  console.log
    Highlighting files: [ 'test/index.java', 'src/index.go', 'lib/helpers.go', 'app/index.js' ]

      at FileHighlighter.applyDecorations (src/ui/FileHighlighter.ts:119:17)

  console.log
    Clearing all file highlights

      at FileHighlighter.applyDecorations (src/ui/FileHighlighter.ts:121:17)

  console.log
    Highlighting files: [ 'test/index.java', 'src/index.go', 'lib/helpers.go', 'app/index.js' ]

      at FileHighlighter.applyDecorations (src/ui/FileHighlighter.ts:119:17)

  console.log
    Clearing all file highlights

      at FileHighlighter.applyDecorations (src/ui/FileHighlighter.ts:121:17)

  console.log
    Highlighting files: [ 'src/index.ts', 'src/helpers.go' ]

      at FileHighlighter.applyDecorations (src/ui/FileHighlighter.ts:119:17)

  console.log
    Clearing all file highlights

      at FileHighlighter.applyDecorations (src/ui/FileHighlighter.ts:121:17)

  console.log
    Highlighting files: [ 'app/utils.ts' ]

      at FileHighlighter.applyDecorations (src/ui/FileHighlighter.ts:119:17)

  console.log
    Clearing all file highlights

      at FileHighlighter.applyDecorations (src/ui/FileHighlighter.ts:121:17)

  console.log
    Highlighting files: [ 'src/index.ts', 'src/helpers.go' ]

      at FileHighlighter.applyDecorations (src/ui/FileHighlighter.ts:119:17)

  console.log
    Clearing all file highlights

      at FileHighlighter.applyDecorations (src/ui/FileHighlighter.ts:121:17)

  console.log
    Highlighting files: [ 'src/index.ts', 'src/helpers.go' ]

      at FileHighlighter.applyDecorations (src/ui/FileHighlighter.ts:119:17)

  console.log
    Clearing all file highlights

      at FileHighlighter.applyDecorations (src/ui/FileHighlighter.ts:121:17)

  console.log
    Highlighting files: [ 'app/config.py', 'lib/main.js' ]

      at FileHighlighter.applyDecorations (src/ui/FileHighlighter.ts:119:17)

  console.log
    Clearing all file highlights

      at FileHighlighter.applyDecorations (src/ui/FileHighlighter.ts:121:17)

  console.log
    Highlighting files: [ 'src/index.ts', 'src/helpers.go' ]

      at FileHighlighter.applyDecorations (src/ui/FileHighlighter.ts:119:17)

  console.log
    Clearing all file highlights

      at FileHighlighter.applyDecorations (src/ui/FileHighlighter.ts:121:17)

  console.log
    Highlighting files: [ 'src/index.ts', 'src/helpers.go' ]

      at FileHighlighter.applyDecorations (src/ui/FileHighlighter.ts:119:17)

  console.log
    Clearing all file highlights

      at FileHighlighter.applyDecorations (src/ui/FileHighlighter.ts:121:17)

  console.log
    Highlighting files: [
      'test/config.js',
      'app/index.go',
      'src/utils.go',
      'src/main.java',
      'app/config.go'
    ]

      at FileHighlighter.applyDecorations (src/ui/FileHighlighter.ts:119:17)

  console.log
    Clearing all file highlights

      at FileHighlighter.applyDecorations (src/ui/FileHighlighter.ts:121:17)

  console.log
    Highlighting files: [ 'app/main.go', 'src/config.go', 'app/utils.go' ]

      at FileHighlighter.applyDecorations (src/ui/FileHighlighter.ts:119:17)

  console.log
    Clearing all file highlights

      at FileHighlighter.applyDecorations (src/ui/FileHighlighter.ts:121:17)

  console.log
    Highlighting files: [ 'components/main.ts', 'lib/config.java' ]

      at FileHighlighter.applyDecorations (src/ui/FileHighlighter.ts:119:17)

  console.log
    Clearing all file highlights

      at FileHighlighter.applyDecorations (src/ui/FileHighlighter.ts:121:17)

  console.log
    Highlighting files: [ 'app/utils.js', 'components/config.java', 'test/index.go' ]

      at FileHighlighter.applyDecorations (src/ui/FileHighlighter.ts:119:17)

  console.log
    Clearing all file highlights

      at FileHighlighter.applyDecorations (src/ui/FileHighlighter.ts:121:17)

  console.log
    Highlighting files: [ 'app/utils.java', 'test/helpers.py', 'lib/helpers.go' ]

      at FileHighlighter.applyDecorations (src/ui/FileHighlighter.ts:119:17)

  console.log
    Clearing all file highlights

      at FileHighlighter.applyDecorations (src/ui/FileHighlighter.ts:121:17)

  console.log
    Highlighting files: [
      'components/config.py',
      'lib/main.js',
      'app/index.ts',
      'app/utils.js',
      'test/utils.java'
    ]

      at FileHighlighter.applyDecorations (src/ui/FileHighlighter.ts:119:17)

  console.log
    Clearing all file highlights

      at FileHighlighter.applyDecorations (src/ui/FileHighlighter.ts:121:17)

  console.log
    Highlighting files: [ 'app/main.js' ]

      at FileHighlighter.applyDecorations (src/ui/FileHighlighter.ts:119:17)

  console.log
    Clearing all file highlights

      at FileHighlighter.applyDecorations (src/ui/FileHighlighter.ts:121:17)

  console.log
    Highlighting files: [ 'app/utils.java', 'test/helpers.py', 'lib/helpers.go' ]

      at FileHighlighter.applyDecorations (src/ui/FileHighlighter.ts:119:17)

  console.log
    Clearing all file highlights

      at FileHighlighter.applyDecorations (src/ui/FileHighlighter.ts:121:17)

  console.log
    Highlighting files: [ 'app/main.js' ]

      at FileHighlighter.applyDecorations (src/ui/FileHighlighter.ts:119:17)

  console.log
    Clearing all file highlights

      at FileHighlighter.applyDecorations (src/ui/FileHighlighter.ts:121:17)

  console.log
    Highlighting files: [ 'app/utils.js', 'components/config.java', 'test/index.go' ]

      at FileHighlighter.applyDecorations (src/ui/FileHighlighter.ts:119:17)

  console.log
    Clearing all file highlights

      at FileHighlighter.applyDecorations (src/ui/FileHighlighter.ts:121:17)

  console.log
    Highlighting files: [ 'app/utils.java', 'test/helpers.py', 'lib/helpers.go' ]

      at FileHighlighter.applyDecorations (src/ui/FileHighlighter.ts:119:17)

  console.log
    Clearing all file highlights

      at FileHighlighter.applyDecorations (src/ui/FileHighlighter.ts:121:17)

  console.log
    Highlighting files: [
      'components/config.py',
      'lib/main.js',
      'app/index.ts',
      'app/utils.js',
      'test/utils.java'
    ]

      at FileHighlighter.applyDecorations (src/ui/FileHighlighter.ts:119:17)

  console.log
    Clearing all file highlights

      at FileHighlighter.applyDecorations (src/ui/FileHighlighter.ts:121:17)

  console.log
    Highlighting files: [ 'app/utils.js', 'components/config.java', 'test/index.go' ]

      at FileHighlighter.applyDecorations (src/ui/FileHighlighter.ts:119:17)

  console.log
    Clearing all file highlights

      at FileHighlighter.applyDecorations (src/ui/FileHighlighter.ts:121:17)

  console.log
    Highlighting files: [ 'lib/helpers.py', 'lib/utils.java', 'components/main.py' ]

      at FileHighlighter.applyDecorations (src/ui/FileHighlighter.ts:119:17)

  console.log
    Clearing all file highlights

      at FileHighlighter.applyDecorations (src/ui/FileHighlighter.ts:121:17)

  console.log
    Highlighting files: [ 'lib/helpers.py', 'lib/utils.java', 'components/main.py' ]

      at FileHighlighter.applyDecorations (src/ui/FileHighlighter.ts:119:17)

  console.log
    Clearing all file highlights

      at FileHighlighter.applyDecorations (src/ui/FileHighlighter.ts:121:17)

  console.log
    Highlighting files: [ 'app/utils.py' ]

      at FileHighlighter.applyDecorations (src/ui/FileHighlighter.ts:119:17)

  console.log
    Clearing all file highlights

      at FileHighlighter.applyDecorations (src/ui/FileHighlighter.ts:121:17)

  console.log
    Highlighting files: [
      'app/index.java',
      'src/utils.py',
      'lib/helpers.go',
      'app/config.java',
      'lib/helpers.py'
    ]

      at FileHighlighter.applyDecorations (src/ui/FileHighlighter.ts:119:17)

  console.log
    Clearing all file highlights

      at FileHighlighter.applyDecorations (src/ui/FileHighlighter.ts:121:17)

  console.log
    Highlighting files: [ 'lib/helpers.py', 'lib/utils.java', 'components/main.py' ]

      at FileHighlighter.applyDecorations (src/ui/FileHighlighter.ts:119:17)

  console.log
    Clearing all file highlights

      at FileHighlighter.applyDecorations (src/ui/FileHighlighter.ts:121:17)

  console.log
    Highlighting files: [ 'lib/helpers.py', 'lib/utils.java', 'components/main.py' ]

      at FileHighlighter.applyDecorations (src/ui/FileHighlighter.ts:119:17)

  console.log
    Clearing all file highlights

      at FileHighlighter.applyDecorations (src/ui/FileHighlighter.ts:121:17)

  console.log
    Highlighting files: [
      'app/index.java',
      'src/utils.py',
      'lib/helpers.go',
      'app/config.java',
      'lib/helpers.py'
    ]

      at FileHighlighter.applyDecorations (src/ui/FileHighlighter.ts:119:17)

  console.log
    Clearing all file highlights

      at FileHighlighter.applyDecorations (src/ui/FileHighlighter.ts:121:17)

  console.log
    Highlighting files: [ 'app/utils.py' ]

      at FileHighlighter.applyDecorations (src/ui/FileHighlighter.ts:119:17)

  console.log
    Clearing all file highlights

      at FileHighlighter.applyDecorations (src/ui/FileHighlighter.ts:121:17)

  console.log
    Highlighting files: [ 'lib/helpers.py', 'lib/utils.java', 'components/main.py' ]

      at FileHighlighter.applyDecorations (src/ui/FileHighlighter.ts:119:17)

  console.log
    Clearing all file highlights

      at FileHighlighter.applyDecorations (src/ui/FileHighlighter.ts:121:17)

  console.log
    Highlighting files: [
      'app/index.java',
      'src/utils.py',
      'lib/helpers.go',
      'app/config.java',
      'lib/helpers.py'
    ]

      at FileHighlighter.applyDecorations (src/ui/FileHighlighter.ts:119:17)

  console.log
    Clearing all file highlights

      at FileHighlighter.applyDecorations (src/ui/FileHighlighter.ts:121:17)

  console.log
    Highlighting files: [ 'app/helpers.go', 'lib/index.java', 'test/main.py' ]

      at FileHighlighter.applyDecorations (src/ui/FileHighlighter.ts:119:17)

  console.log
    Clearing all file highlights

      at FileHighlighter.applyDecorations (src/ui/FileHighlighter.ts:121:17)

  console.log
    Highlighting files: [ 'app/helpers.go', 'lib/index.java', 'test/main.py' ]

      at FileHighlighter.applyDecorations (src/ui/FileHighlighter.ts:119:17)

  console.log
    Clearing all file highlights

      at FileHighlighter.applyDecorations (src/ui/FileHighlighter.ts:121:17)

  console.log
    Highlighting files: [ 'app/utils.go' ]

      at FileHighlighter.applyDecorations (src/ui/FileHighlighter.ts:119:17)

  console.log
    Clearing all file highlights

      at FileHighlighter.applyDecorations (src/ui/FileHighlighter.ts:121:17)

  console.log
    Highlighting files: [ 'app/helpers.go', 'lib/index.java', 'test/main.py' ]

      at FileHighlighter.applyDecorations (src/ui/FileHighlighter.ts:119:17)

  console.log
    Clearing all file highlights

      at FileHighlighter.applyDecorations (src/ui/FileHighlighter.ts:121:17)

  console.log
    Highlighting files: [ 'lib/config.ts', 'components/utils.java', 'app/utils.js' ]

      at FileHighlighter.applyDecorations (src/ui/FileHighlighter.ts:119:17)

  console.log
    Clearing all file highlights

      at FileHighlighter.applyDecorations (src/ui/FileHighlighter.ts:121:17)

  console.log
    Highlighting files: [
      'app/index.js',
      'src/config.ts',
      'lib/main.py',
      'components/config.go'
    ]

      at FileHighlighter.applyDecorations (src/ui/FileHighlighter.ts:119:17)

  console.log
    Clearing all file highlights

      at FileHighlighter.applyDecorations (src/ui/FileHighlighter.ts:121:17)

  console.log
    Highlighting files: [ 'components/helpers.ts', 'components/helpers.js', 'src/utils.py' ]

      at FileHighlighter.applyDecorations (src/ui/FileHighlighter.ts:119:17)

  console.log
    Clearing all file highlights

      at FileHighlighter.applyDecorations (src/ui/FileHighlighter.ts:121:17)

  console.log
    Highlighting files: [ 'lib/config.ts', 'components/utils.java', 'app/utils.js' ]

      at FileHighlighter.applyDecorations (src/ui/FileHighlighter.ts:119:17)

  console.log
    Clearing all file highlights

      at FileHighlighter.applyDecorations (src/ui/FileHighlighter.ts:121:17)

  console.log
    Highlighting files: [ 'components/helpers.ts', 'components/helpers.js', 'src/utils.py' ]

      at FileHighlighter.applyDecorations (src/ui/FileHighlighter.ts:119:17)

  console.log
    Clearing all file highlights

      at FileHighlighter.applyDecorations (src/ui/FileHighlighter.ts:121:17)

  console.log
    Highlighting files: [ 'lib/config.ts', 'components/utils.java', 'app/utils.js' ]

      at FileHighlighter.applyDecorations (src/ui/FileHighlighter.ts:119:17)

  console.log
    Clearing all file highlights

      at FileHighlighter.applyDecorations (src/ui/FileHighlighter.ts:121:17)

  console.log
    Highlighting files: [ 'lib/config.ts', 'components/utils.java', 'app/utils.js' ]

      at FileHighlighter.applyDecorations (src/ui/FileHighlighter.ts:119:17)

  console.log
    Clearing all file highlights

      at FileHighlighter.applyDecorations (src/ui/FileHighlighter.ts:121:17)

  console.log
    Highlighting files: [ 'components/utils.py', 'test/config.java', 'components/helpers.js' ]

      at FileHighlighter.applyDecorations (src/ui/FileHighlighter.ts:119:17)

  console.log
    Clearing all file highlights

      at FileHighlighter.applyDecorations (src/ui/FileHighlighter.ts:121:17)

  console.log
    Highlighting files: [ 'src/utils.go', 'src/helpers.js' ]

      at FileHighlighter.applyDecorations (src/ui/FileHighlighter.ts:119:17)

  console.log
    Clearing all file highlights

      at FileHighlighter.applyDecorations (src/ui/FileHighlighter.ts:121:17)

  console.log
    Highlighting files: [ 'src/utils.go', 'src/helpers.js' ]

      at FileHighlighter.applyDecorations (src/ui/FileHighlighter.ts:119:17)

  console.log
    Clearing all file highlights

      at FileHighlighter.applyDecorations (src/ui/FileHighlighter.ts:121:17)

  console.log
    Highlighting files: [ 'src/utils.go', 'src/helpers.js' ]

      at FileHighlighter.applyDecorations (src/ui/FileHighlighter.ts:119:17)

  console.log
    Clearing all file highlights

      at FileHighlighter.applyDecorations (src/ui/FileHighlighter.ts:121:17)

  console.log
    Highlighting files: [ 'src/utils.go', 'src/helpers.js' ]

      at FileHighlighter.applyDecorations (src/ui/FileHighlighter.ts:119:17)

  console.log
    Clearing all file highlights

      at FileHighlighter.applyDecorations (src/ui/FileHighlighter.ts:121:17)

  console.log
    Highlighting files: [ 'src/utils.go', 'src/helpers.js' ]

      at FileHighlighter.applyDecorations (src/ui/FileHighlighter.ts:119:17)

  console.log
    Clearing all file highlights

      at FileHighlighter.applyDecorations (src/ui/FileHighlighter.ts:121:17)

  console.log
    Highlighting files: [
      'app/config.py',
      'app/helpers.ts',
      'lib/helpers.java',
      'lib/index.ts'
    ]

      at FileHighlighter.applyDecorations (src/ui/FileHighlighter.ts:119:17)

  console.log
    Clearing all file highlights

      at FileHighlighter.applyDecorations (src/ui/FileHighlighter.ts:121:17)

  console.log
    Highlighting files: [ 'app/helpers.go', 'lib/config.ts' ]

      at FileHighlighter.applyDecorations (src/ui/FileHighlighter.ts:119:17)

  console.log
    Clearing all file highlights

      at FileHighlighter.applyDecorations (src/ui/FileHighlighter.ts:121:17)

  console.log
    Highlighting files: [ 'test/index.go', 'app/helpers.py', 'app/main.py' ]

      at FileHighlighter.applyDecorations (src/ui/FileHighlighter.ts:119:17)

  console.log
    Clearing all file highlights

      at FileHighlighter.applyDecorations (src/ui/FileHighlighter.ts:121:17)

  console.log
    Highlighting files: [ 'app/helpers.go', 'lib/config.ts' ]

      at FileHighlighter.applyDecorations (src/ui/FileHighlighter.ts:119:17)

  console.log
    Clearing all file highlights

      at FileHighlighter.applyDecorations (src/ui/FileHighlighter.ts:121:17)

  console.log
    Highlighting files: [
      'test/config.js',
      'components/utils.go',
      'components/utils.py',
      'src/helpers.py',
      'app/config.go'
    ]

      at FileHighlighter.applyDecorations (src/ui/FileHighlighter.ts:119:17)

  console.log
    Clearing all file highlights

      at FileHighlighter.applyDecorations (src/ui/FileHighlighter.ts:121:17)

  console.log
    Highlighting files: [
      'test/config.js',
      'components/utils.go',
      'components/utils.py',
      'src/helpers.py',
      'app/config.go'
    ]

      at FileHighlighter.applyDecorations (src/ui/FileHighlighter.ts:119:17)

  console.log
    Clearing all file highlights

      at FileHighlighter.applyDecorations (src/ui/FileHighlighter.ts:121:17)

  console.log
    Highlighting files: [
      'src/index.ts',
      'test/main.ts',
      'components/index.js',
      'app/config.py'
    ]

      at FileHighlighter.applyDecorations (src/ui/FileHighlighter.ts:119:17)

  console.log
    Clearing all file highlights

      at FileHighlighter.applyDecorations (src/ui/FileHighlighter.ts:121:17)

  console.log
    Highlighting files: [ 'app/config.java', 'components/config.go', 'lib/helpers.ts' ]

      at FileHighlighter.applyDecorations (src/ui/FileHighlighter.ts:119:17)

  console.log
    Clearing all file highlights

      at FileHighlighter.applyDecorations (src/ui/FileHighlighter.ts:121:17)

  console.log
    Highlighting files: [
      'src/index.ts',
      'test/main.ts',
      'components/index.js',
      'app/config.py'
    ]

      at FileHighlighter.applyDecorations (src/ui/FileHighlighter.ts:119:17)

  console.log
    Clearing all file highlights

      at FileHighlighter.applyDecorations (src/ui/FileHighlighter.ts:121:17)

  console.log
    Highlighting files: [
      'src/index.ts',
      'test/main.ts',
      'components/index.js',
      'app/config.py'
    ]

      at FileHighlighter.applyDecorations (src/ui/FileHighlighter.ts:119:17)

  console.log
    Clearing all file highlights

      at FileHighlighter.applyDecorations (src/ui/FileHighlighter.ts:121:17)

  console.log
    Highlighting files: [ 'app/config.java', 'components/config.go', 'lib/helpers.ts' ]

      at FileHighlighter.applyDecorations (src/ui/FileHighlighter.ts:119:17)

  console.log
    Clearing all file highlights

      at FileHighlighter.applyDecorations (src/ui/FileHighlighter.ts:121:17)

  console.log
    Highlighting files: [ 'app/config.java', 'components/config.go', 'lib/helpers.ts' ]

      at FileHighlighter.applyDecorations (src/ui/FileHighlighter.ts:119:17)

  console.log
    Clearing all file highlights

      at FileHighlighter.applyDecorations (src/ui/FileHighlighter.ts:121:17)

  console.log
    Highlighting files: [ 'app/config.java', 'components/config.go', 'lib/helpers.ts' ]

      at FileHighlighter.applyDecorations (src/ui/FileHighlighter.ts:119:17)

  console.log
    Clearing all file highlights

      at FileHighlighter.applyDecorations (src/ui/FileHighlighter.ts:121:17)

  console.log
    Highlighting files: [ 'app/config.java', 'components/config.go', 'lib/helpers.ts' ]

      at FileHighlighter.applyDecorations (src/ui/FileHighlighter.ts:119:17)

  console.log
    Clearing all file highlights

      at FileHighlighter.applyDecorations (src/ui/FileHighlighter.ts:121:17)

  console.log
    Highlighting files: [ 'test/utils.go', 'app/main.py', 'components/helpers.go' ]

      at FileHighlighter.applyDecorations (src/ui/FileHighlighter.ts:119:17)

  console.log
    Clearing all file highlights

      at FileHighlighter.applyDecorations (src/ui/FileHighlighter.ts:121:17)

  console.log
    Highlighting files: [
      'components/config.js',
      'test/utils.go',
      'lib/index.java',
      'app/index.ts'
    ]

      at FileHighlighter.applyDecorations (src/ui/FileHighlighter.ts:119:17)

  console.log
    Clearing all file highlights

      at FileHighlighter.applyDecorations (src/ui/FileHighlighter.ts:121:17)

  console.log
    Highlighting files: [
      'lib/helpers.py',
      'lib/config.js',
      'src/config.go',
      'src/main.java',
      'app/helpers.java'
    ]

      at FileHighlighter.applyDecorations (src/ui/FileHighlighter.ts:119:17)

  console.log
    Clearing all file highlights

      at FileHighlighter.applyDecorations (src/ui/FileHighlighter.ts:121:17)

  console.log
    Highlighting files: [ 'src/helpers.go', 'test/helpers.java' ]

      at FileHighlighter.applyDecorations (src/ui/FileHighlighter.ts:119:17)

  console.log
    Clearing all file highlights

      at FileHighlighter.applyDecorations (src/ui/FileHighlighter.ts:121:17)

  console.log
    Highlighting files: [ 'src/helpers.go', 'test/helpers.java' ]

      at FileHighlighter.applyDecorations (src/ui/FileHighlighter.ts:119:17)

  console.log
    Clearing all file highlights

      at FileHighlighter.applyDecorations (src/ui/FileHighlighter.ts:121:17)

  console.log
    Highlighting files: [
      'test/index.js',
      'lib/utils.js',
      'lib/helpers.js',
      'test/config.ts',
      'lib/main.js'
    ]

      at FileHighlighter.applyDecorations (src/ui/FileHighlighter.ts:119:17)

  console.log
    Clearing all file highlights

      at FileHighlighter.applyDecorations (src/ui/FileHighlighter.ts:121:17)

  console.log
    Highlighting files: [ 'test/utils.go', 'app/main.py', 'components/helpers.go' ]

      at FileHighlighter.applyDecorations (src/ui/FileHighlighter.ts:119:17)

  console.log
    Clearing all file highlights

      at FileHighlighter.applyDecorations (src/ui/FileHighlighter.ts:121:17)

  console.log
    Highlighting files: [ 'components/helpers.py' ]

      at FileHighlighter.applyDecorations (src/ui/FileHighlighter.ts:119:17)

  console.log
    Clearing all file highlights

      at FileHighlighter.applyDecorations (src/ui/FileHighlighter.ts:121:17)

  console.log
    Highlighting files: [ 'components/helpers.py' ]

      at FileHighlighter.applyDecorations (src/ui/FileHighlighter.ts:119:17)

  console.log
    Clearing all file highlights

      at FileHighlighter.applyDecorations (src/ui/FileHighlighter.ts:121:17)

  console.log
    Highlighting files: [ 'components/helpers.py' ]

      at FileHighlighter.applyDecorations (src/ui/FileHighlighter.ts:119:17)

  console.log
    Clearing all file highlights

      at FileHighlighter.applyDecorations (src/ui/FileHighlighter.ts:121:17)

  console.log
    Highlighting files: [ 'components/helpers.py' ]

      at FileHighlighter.applyDecorations (src/ui/FileHighlighter.ts:119:17)

  console.log
    Clearing all file highlights

      at FileHighlighter.applyDecorations (src/ui/FileHighlighter.ts:121:17)

  console.log
    Highlighting files: [ 'test/helpers.py', 'components/main.js' ]

      at FileHighlighter.applyDecorations (src/ui/FileHighlighter.ts:119:17)

  console.log
    Clearing all file highlights

      at FileHighlighter.applyDecorations (src/ui/FileHighlighter.ts:121:17)

  console.log
    Highlighting files: [
      'src/main.ts',
      'lib/main.go',
      'app/index.js',
      'src/config.go',
      'lib/index.java'
    ]

      at FileHighlighter.applyDecorations (src/ui/FileHighlighter.ts:119:17)

  console.log
    Clearing all file highlights

      at FileHighlighter.applyDecorations (src/ui/FileHighlighter.ts:121:17)

  console.log
    Highlighting files: [
      'lib/utils.js',
      'components/main.go',
      'test/index.java',
      'test/main.java',
      'test/utils.go'
    ]

      at FileHighlighter.applyDecorations (src/ui/FileHighlighter.ts:119:17)

  console.log
    Clearing all file highlights

      at FileHighlighter.applyDecorations (src/ui/FileHighlighter.ts:121:17)

  console.log
    Highlighting files: [ 'src/index.py' ]

      at FileHighlighter.applyDecorations (src/ui/FileHighlighter.ts:119:17)

  console.log
    Clearing all file highlights

      at FileHighlighter.applyDecorations (src/ui/FileHighlighter.ts:121:17)

  console.log
    Highlighting files: [ 'app/helpers.ts' ]

      at FileHighlighter.applyDecorations (src/ui/FileHighlighter.ts:119:17)

  console.log
    Clearing all file highlights

      at FileHighlighter.applyDecorations (src/ui/FileHighlighter.ts:121:17)

  console.log
    Highlighting files: [
      'lib/utils.js',
      'components/main.go',
      'test/index.java',
      'test/main.java',
      'test/utils.go'
    ]

      at FileHighlighter.applyDecorations (src/ui/FileHighlighter.ts:119:17)

  console.log
    Clearing all file highlights

      at FileHighlighter.applyDecorations (src/ui/FileHighlighter.ts:121:17)

  console.log
    Highlighting files: [
      'lib/utils.js',
      'components/main.go',
      'test/index.java',
      'test/main.java',
      'test/utils.go'
    ]

      at FileHighlighter.applyDecorations (src/ui/FileHighlighter.ts:119:17)

  console.log
    Clearing all file highlights

      at FileHighlighter.applyDecorations (src/ui/FileHighlighter.ts:121:17)

  console.log
    Highlighting files: [ 'src/config.py', 'lib/helpers.ts', 'app/config.js' ]

      at FileHighlighter.applyDecorations (src/ui/FileHighlighter.ts:119:17)

  console.log
    Clearing all file highlights

      at FileHighlighter.applyDecorations (src/ui/FileHighlighter.ts:121:17)

  console.log
    Highlighting files: [ 'test/index.go' ]

      at FileHighlighter.applyDecorations (src/ui/FileHighlighter.ts:119:17)

  console.log
    Clearing all file highlights

      at FileHighlighter.applyDecorations (src/ui/FileHighlighter.ts:121:17)

  console.log
    Highlighting files: [ 'test/index.go' ]

      at FileHighlighter.applyDecorations (src/ui/FileHighlighter.ts:119:17)

  console.log
    Clearing all file highlights

      at FileHighlighter.applyDecorations (src/ui/FileHighlighter.ts:121:17)

  console.log
    Highlighting files: [ 'src/config.py', 'lib/helpers.ts', 'app/config.js' ]

      at FileHighlighter.applyDecorations (src/ui/FileHighlighter.ts:119:17)

  console.log
    Clearing all file highlights

      at FileHighlighter.applyDecorations (src/ui/FileHighlighter.ts:121:17)

  console.log
    Highlighting files: [ 'test/index.go' ]

      at FileHighlighter.applyDecorations (src/ui/FileHighlighter.ts:119:17)

  console.log
    Clearing all file highlights

      at FileHighlighter.applyDecorations (src/ui/FileHighlighter.ts:121:17)

  console.log
    Highlighting files: [ 'test/index.go' ]

      at FileHighlighter.applyDecorations (src/ui/FileHighlighter.ts:119:17)

  console.log
    Clearing all file highlights

      at FileHighlighter.applyDecorations (src/ui/FileHighlighter.ts:121:17)

  console.log
    Highlighting files: [ 'src/config.py', 'lib/helpers.ts', 'app/config.js' ]

      at FileHighlighter.applyDecorations (src/ui/FileHighlighter.ts:119:17)

  console.log
    Clearing all file highlights

      at FileHighlighter.applyDecorations (src/ui/FileHighlighter.ts:121:17)

  console.log
    Highlighting files: [ 'test/index.go' ]

      at FileHighlighter.applyDecorations (src/ui/FileHighlighter.ts:119:17)

  console.log
    Clearing all file highlights

      at FileHighlighter.applyDecorations (src/ui/FileHighlighter.ts:121:17)

  console.log
    Highlighting files: [ 'src/config.py', 'lib/helpers.ts', 'app/config.js' ]

      at FileHighlighter.applyDecorations (src/ui/FileHighlighter.ts:119:17)

  console.log
    Clearing all file highlights

      at FileHighlighter.applyDecorations (src/ui/FileHighlighter.ts:121:17)

  console.log
    Highlighting files: [ 'test/index.go' ]

      at FileHighlighter.applyDecorations (src/ui/FileHighlighter.ts:119:17)

  console.log
    Clearing all file highlights

      at FileHighlighter.applyDecorations (src/ui/FileHighlighter.ts:121:17)

  console.log
    Highlighting files: [ 'test/utils.py', 'src/helpers.java' ]

      at FileHighlighter.applyDecorations (src/ui/FileHighlighter.ts:119:17)

  console.log
    Clearing all file highlights

      at FileHighlighter.applyDecorations (src/ui/FileHighlighter.ts:121:17)

  console.log
    Highlighting files: [ 'test/utils.py', 'src/helpers.java' ]

      at FileHighlighter.applyDecorations (src/ui/FileHighlighter.ts:119:17)

  console.log
    Clearing all file highlights

      at FileHighlighter.applyDecorations (src/ui/FileHighlighter.ts:121:17)

  console.log
    Highlighting files: [ 'test/utils.py', 'src/helpers.java' ]

      at FileHighlighter.applyDecorations (src/ui/FileHighlighter.ts:119:17)

  console.log
    Clearing all file highlights

      at FileHighlighter.applyDecorations (src/ui/FileHighlighter.ts:121:17)

  console.log
    Highlighting files: [ 'test/utils.py', 'src/helpers.java' ]

      at FileHighlighter.applyDecorations (src/ui/FileHighlighter.ts:119:17)

  console.log
    Clearing all file highlights

      at FileHighlighter.applyDecorations (src/ui/FileHighlighter.ts:121:17)

  console.log
    Highlighting files: [ 'components/utils.java', 'app/index.js' ]

      at FileHighlighter.applyDecorations (src/ui/FileHighlighter.ts:119:17)

  console.log
    Clearing all file highlights

      at FileHighlighter.applyDecorations (src/ui/FileHighlighter.ts:121:17)

  console.log
    Highlighting files: [ 'components/utils.java', 'app/index.js' ]

      at FileHighlighter.applyDecorations (src/ui/FileHighlighter.ts:119:17)

  console.log
    Clearing all file highlights

      at FileHighlighter.applyDecorations (src/ui/FileHighlighter.ts:121:17)

  console.log
    Highlighting files: [ 'components/utils.java', 'app/index.js' ]

      at FileHighlighter.applyDecorations (src/ui/FileHighlighter.ts:119:17)

  console.log
    Clearing all file highlights

      at FileHighlighter.applyDecorations (src/ui/FileHighlighter.ts:121:17)

  console.log
    Highlighting files: [ 'lib/main.js' ]

      at FileHighlighter.applyDecorations (src/ui/FileHighlighter.ts:119:17)

  console.log
    Clearing all file highlights

      at FileHighlighter.applyDecorations (src/ui/FileHighlighter.ts:121:17)

  console.log
    Highlighting files: [ 'app/main.py', 'src/index.go', 'lib/utils.java' ]

      at FileHighlighter.applyDecorations (src/ui/FileHighlighter.ts:119:17)

  console.log
    Clearing all file highlights

      at FileHighlighter.applyDecorations (src/ui/FileHighlighter.ts:121:17)

  console.log
    Highlighting files: [ 'app/main.py', 'src/index.go', 'lib/utils.java' ]

      at FileHighlighter.applyDecorations (src/ui/FileHighlighter.ts:119:17)

  console.log
    Clearing all file highlights

      at FileHighlighter.applyDecorations (src/ui/FileHighlighter.ts:121:17)

  console.log
    Highlighting files: [ 'test/index.go' ]

      at FileHighlighter.applyDecorations (src/ui/FileHighlighter.ts:119:17)

  console.log
    Clearing all file highlights

      at FileHighlighter.applyDecorations (src/ui/FileHighlighter.ts:121:17)

  console.log
    Highlighting files: [ 'test/config.go', 'src/main.go', 'lib/helpers.ts' ]

      at FileHighlighter.applyDecorations (src/ui/FileHighlighter.ts:119:17)

  console.log
    Clearing all file highlights

      at FileHighlighter.applyDecorations (src/ui/FileHighlighter.ts:121:17)

  console.log
    Highlighting files: [ 'test/config.go', 'src/main.go', 'lib/helpers.ts' ]

      at FileHighlighter.applyDecorations (src/ui/FileHighlighter.ts:119:17)

  console.log
    Clearing all file highlights

      at FileHighlighter.applyDecorations (src/ui/FileHighlighter.ts:121:17)

  console.log
    Highlighting files: [
      'src/config.py',
      'src/main.js',
      'app/main.java',
      'components/config.java'
    ]

      at FileHighlighter.applyDecorations (src/ui/FileHighlighter.ts:119:17)

  console.log
    Clearing all file highlights

      at FileHighlighter.applyDecorations (src/ui/FileHighlighter.ts:121:17)

  console.log
    Highlighting files: [
      'test/utils.ts',
      'test/helpers.ts',
      'test/index.ts',
      'test/main.py',
      'src/helpers.ts'
    ]

      at FileHighlighter.applyDecorations (src/ui/FileHighlighter.ts:119:17)

  console.log
    Clearing all file highlights

      at FileHighlighter.applyDecorations (src/ui/FileHighlighter.ts:121:17)

  console.log
    Highlighting files: [
      'src/main.js',
      'components/helpers.java',
      'src/config.java',
      'lib/helpers.js'
    ]

      at FileHighlighter.applyDecorations (src/ui/FileHighlighter.ts:119:17)

  console.log
    Clearing all file highlights

      at FileHighlighter.applyDecorations (src/ui/FileHighlighter.ts:121:17)

  console.log
    Highlighting files: [ 'test/config.go', 'src/main.go', 'lib/helpers.ts' ]

      at FileHighlighter.applyDecorations (src/ui/FileHighlighter.ts:119:17)

  console.log
    Clearing all file highlights

      at FileHighlighter.applyDecorations (src/ui/FileHighlighter.ts:121:17)

  console.log
    Highlighting files: [ 'lib/index.js' ]

      at FileHighlighter.applyDecorations (src/ui/FileHighlighter.ts:119:17)

  console.log
    Clearing all file highlights

      at FileHighlighter.applyDecorations (src/ui/FileHighlighter.ts:121:17)

  console.log
    Highlighting files: [ 'lib/main.go' ]

      at FileHighlighter.applyDecorations (src/ui/FileHighlighter.ts:119:17)

  console.log
    Clearing all file highlights

      at FileHighlighter.applyDecorations (src/ui/FileHighlighter.ts:121:17)

  console.log
    Highlighting files: [ 'lib/index.js' ]

      at FileHighlighter.applyDecorations (src/ui/FileHighlighter.ts:119:17)

  console.log
    Clearing all file highlights

      at FileHighlighter.applyDecorations (src/ui/FileHighlighter.ts:121:17)

  console.log
    Highlighting files: [ 'lib/main.go' ]

      at FileHighlighter.applyDecorations (src/ui/FileHighlighter.ts:119:17)

  console.log
    Clearing all file highlights

      at FileHighlighter.applyDecorations (src/ui/FileHighlighter.ts:121:17)

  console.log
    Highlighting files: [ 'src/config.java', 'test/utils.ts', 'src/helpers.ts' ]

      at FileHighlighter.applyDecorations (src/ui/FileHighlighter.ts:119:17)

  console.log
    Clearing all file highlights

      at FileHighlighter.applyDecorations (src/ui/FileHighlighter.ts:121:17)

  console.log
    Highlighting files: [ 'src/config.java', 'test/utils.ts', 'src/helpers.ts' ]

      at FileHighlighter.applyDecorations (src/ui/FileHighlighter.ts:119:17)

  console.log
    Clearing all file highlights

      at FileHighlighter.applyDecorations (src/ui/FileHighlighter.ts:121:17)

  console.log
    Highlighting files: [
      'components/index.java',
      'test/config.go',
      'app/index.js',
      'app/main.java'
    ]

      at FileHighlighter.applyDecorations (src/ui/FileHighlighter.ts:119:17)

  console.log
    Clearing all file highlights

      at FileHighlighter.applyDecorations (src/ui/FileHighlighter.ts:121:17)

  console.log
    Highlighting files: [ 'src/helpers.ts' ]

      at FileHighlighter.applyDecorations (src/ui/FileHighlighter.ts:119:17)

  console.log
    Clearing all file highlights

      at FileHighlighter.applyDecorations (src/ui/FileHighlighter.ts:121:17)

  console.log
    Highlighting files: [
      'lib/helpers.js',
      'components/helpers.java',
      'app/helpers.ts',
      'test/index.go'
    ]

      at FileHighlighter.applyDecorations (src/ui/FileHighlighter.ts:119:17)

  console.log
    Clearing all file highlights

      at FileHighlighter.applyDecorations (src/ui/FileHighlighter.ts:121:17)

  console.log
    Highlighting files: [ 'components/utils.ts', 'lib/utils.py', 'lib/main.js', 'lib/main.go' ]

      at FileHighlighter.applyDecorations (src/ui/FileHighlighter.ts:119:17)

  console.log
    Clearing all file highlights

      at FileHighlighter.applyDecorations (src/ui/FileHighlighter.ts:121:17)

  console.log
    Highlighting files: [
      'components/index.java',
      'test/config.go',
      'app/index.js',
      'app/main.java'
    ]

      at FileHighlighter.applyDecorations (src/ui/FileHighlighter.ts:119:17)

  console.log
    Clearing all file highlights

      at FileHighlighter.applyDecorations (src/ui/FileHighlighter.ts:121:17)

  console.log
    Highlighting files: [ 'src/utils.go', 'app/config.py', 'test/main.py', 'src/index.js' ]

      at FileHighlighter.applyDecorations (src/ui/FileHighlighter.ts:119:17)

  console.log
    Clearing all file highlights

      at FileHighlighter.applyDecorations (src/ui/FileHighlighter.ts:121:17)

  console.log
    Highlighting files: [ 'app/helpers.py', 'lib/utils.go' ]

      at FileHighlighter.applyDecorations (src/ui/FileHighlighter.ts:119:17)

  console.log
    Clearing all file highlights

      at FileHighlighter.applyDecorations (src/ui/FileHighlighter.ts:121:17)

  console.log
    Highlighting files: [ 'app/main.ts', 'test/main.ts' ]

      at FileHighlighter.applyDecorations (src/ui/FileHighlighter.ts:119:17)

  console.log
    Clearing all file highlights

      at FileHighlighter.applyDecorations (src/ui/FileHighlighter.ts:121:17)

  console.log
    Highlighting files: [ 'src/utils.go', 'app/config.py', 'test/main.py', 'src/index.js' ]

      at FileHighlighter.applyDecorations (src/ui/FileHighlighter.ts:119:17)

  console.log
    Clearing all file highlights

      at FileHighlighter.applyDecorations (src/ui/FileHighlighter.ts:121:17)

  console.log
    Highlighting files: [
      'lib/utils.ts',
      'app/config.js',
      'lib/helpers.java',
      'lib/helpers.js'
    ]

      at FileHighlighter.applyDecorations (src/ui/FileHighlighter.ts:119:17)

  console.log
    Clearing all file highlights

      at FileHighlighter.applyDecorations (src/ui/FileHighlighter.ts:121:17)

  console.log
    Highlighting files: [ 'test/utils.go', 'test/helpers.ts', 'src/main.ts' ]

      at FileHighlighter.applyDecorations (src/ui/FileHighlighter.ts:119:17)

  console.log
    Clearing all file highlights

      at FileHighlighter.applyDecorations (src/ui/FileHighlighter.ts:121:17)

  console.log
    Highlighting files: [ 'app/helpers.py', 'lib/utils.go' ]

      at FileHighlighter.applyDecorations (src/ui/FileHighlighter.ts:119:17)

  console.log
    Clearing all file highlights

      at FileHighlighter.applyDecorations (src/ui/FileHighlighter.ts:121:17)

  console.log
    Highlighting files: [ 'test/index.ts', 'src/utils.ts', 'components/main.js' ]

      at FileHighlighter.applyDecorations (src/ui/FileHighlighter.ts:119:17)

  console.log
    Clearing all file highlights

      at FileHighlighter.applyDecorations (src/ui/FileHighlighter.ts:121:17)

  console.log
    Highlighting files: [ 'test/index.ts', 'src/utils.ts', 'components/main.js' ]

      at FileHighlighter.applyDecorations (src/ui/FileHighlighter.ts:119:17)

  console.log
    Clearing all file highlights

      at FileHighlighter.applyDecorations (src/ui/FileHighlighter.ts:121:17)

  console.log
    Highlighting files: [ 'test/index.ts', 'src/utils.ts', 'components/main.js' ]

      at FileHighlighter.applyDecorations (src/ui/FileHighlighter.ts:119:17)

  console.log
    Clearing all file highlights

      at FileHighlighter.applyDecorations (src/ui/FileHighlighter.ts:121:17)

  console.log
    Highlighting files: [ 'test/index.ts', 'src/utils.ts', 'components/main.js' ]

      at FileHighlighter.applyDecorations (src/ui/FileHighlighter.ts:119:17)

  console.log
    Clearing all file highlights

      at FileHighlighter.applyDecorations (src/ui/FileHighlighter.ts:121:17)

  console.log
    Highlighting files: [ 'test/index.ts', 'src/utils.ts', 'components/main.js' ]

      at FileHighlighter.applyDecorations (src/ui/FileHighlighter.ts:119:17)

  console.log
    Clearing all file highlights

      at FileHighlighter.applyDecorations (src/ui/FileHighlighter.ts:121:17)

  console.log
    Highlighting files: [ 'test/index.ts', 'src/utils.ts', 'components/main.js' ]

      at FileHighlighter.applyDecorations (src/ui/FileHighlighter.ts:119:17)

  console.log
    Clearing all file highlights

      at FileHighlighter.applyDecorations (src/ui/FileHighlighter.ts:121:17)

  console.log
    Highlighting files: [ 'test/index.ts', 'src/utils.ts', 'components/main.js' ]

      at FileHighlighter.applyDecorations (src/ui/FileHighlighter.ts:119:17)

  console.log
    Clearing all file highlights

      at FileHighlighter.applyDecorations (src/ui/FileHighlighter.ts:121:17)

  console.log
    Highlighting files: [ 'test/index.ts', 'src/utils.ts', 'components/main.js' ]

      at FileHighlighter.applyDecorations (src/ui/FileHighlighter.ts:119:17)

  console.log
    Clearing all file highlights

      at FileHighlighter.applyDecorations (src/ui/FileHighlighter.ts:121:17)

  console.log
    Highlighting files: [ 'test/index.ts', 'src/utils.ts', 'components/main.js' ]

      at FileHighlighter.applyDecorations (src/ui/FileHighlighter.ts:119:17)

  console.log
    Clearing all file highlights

      at FileHighlighter.applyDecorations (src/ui/FileHighlighter.ts:121:17)

  console.log
    Highlighting files: [ 'test/index.ts', 'src/utils.ts', 'components/main.js' ]

      at FileHighlighter.applyDecorations (src/ui/FileHighlighter.ts:119:17)

  console.log
    Clearing all file highlights

      at FileHighlighter.applyDecorations (src/ui/FileHighlighter.ts:121:17)

  console.log
    Clearing all file highlights

      at FileHighlighter.applyDecorations (src/ui/FileHighlighter.ts:121:17)

  console.log
    Highlighting files: [ 'app/index.js', 'app/main.java' ]

      at FileHighlighter.applyDecorations (src/ui/FileHighlighter.ts:119:17)

  console.log
    Clearing all file highlights

      at FileHighlighter.applyDecorations (src/ui/FileHighlighter.ts:121:17)

  console.log
    Highlighting files: [ 'src/config.ts' ]

      at FileHighlighter.applyDecorations (src/ui/FileHighlighter.ts:119:17)

  console.log
    Clearing all file highlights

      at FileHighlighter.applyDecorations (src/ui/FileHighlighter.ts:121:17)

  console.log
    Highlighting files: [
      'lib/helpers.py',
      'components/helpers.ts',
      'src/helpers.java',
      'test/config.java',
      'src/index.java'
    ]

      at FileHighlighter.applyDecorations (src/ui/FileHighlighter.ts:119:17)

  console.log
    Clearing all file highlights

      at FileHighlighter.applyDecorations (src/ui/FileHighlighter.ts:121:17)

  console.log
    Highlighting files: [ 'test/index.ts', 'test/main.go' ]

      at FileHighlighter.applyDecorations (src/ui/FileHighlighter.ts:119:17)

  console.log
    Clearing all file highlights

      at FileHighlighter.applyDecorations (src/ui/FileHighlighter.ts:121:17)

  console.log
    Highlighting files: [ 'components/index.java' ]

      at FileHighlighter.applyDecorations (src/ui/FileHighlighter.ts:119:17)

  console.log
    Clearing all file highlights

      at FileHighlighter.applyDecorations (src/ui/FileHighlighter.ts:121:17)

  console.log
    Highlighting files: [ 'components/helpers.py', 'app/helpers.js' ]

      at FileHighlighter.applyDecorations (src/ui/FileHighlighter.ts:119:17)

  console.log
    Clearing all file highlights

      at FileHighlighter.applyDecorations (src/ui/FileHighlighter.ts:121:17)

  console.log
    Highlighting files: [ 'src/index.js' ]

      at FileHighlighter.applyDecorations (src/ui/FileHighlighter.ts:119:17)

  console.log
    Clearing all file highlights

      at FileHighlighter.applyDecorations (src/ui/FileHighlighter.ts:121:17)

  console.log
    Highlighting files: [
      'src/helpers.go',
      'components/config.py',
      'components/config.java',
      'test/helpers.py'
    ]

      at FileHighlighter.applyDecorations (src/ui/FileHighlighter.ts:119:17)

  console.log
    Clearing all file highlights

      at FileHighlighter.applyDecorations (src/ui/FileHighlighter.ts:121:17)

  console.log
    Highlighting files: [
      'components/index.java',
      'components/config.ts',
      'components/config.js',
      'test/main.py'
    ]

      at FileHighlighter.applyDecorations (src/ui/FileHighlighter.ts:119:17)

  console.log
    Clearing all file highlights

      at FileHighlighter.applyDecorations (src/ui/FileHighlighter.ts:121:17)

  console.log
    Highlighting files: [ 'test/helpers.go', 'src/config.js', 'lib/config.ts' ]

      at FileHighlighter.applyDecorations (src/ui/FileHighlighter.ts:119:17)

  console.log
    Clearing all file highlights

      at FileHighlighter.applyDecorations (src/ui/FileHighlighter.ts:121:17)

  console.log
    Highlighting files: [ 'test/utils.py', 'lib/helpers.py' ]

      at FileHighlighter.applyDecorations (src/ui/FileHighlighter.ts:119:17)

  console.log
    Clearing all file highlights

      at FileHighlighter.applyDecorations (src/ui/FileHighlighter.ts:121:17)

  console.log
    Highlighting files: [ 'app/config.java', 'app/index.java', 'src/index.js' ]

      at FileHighlighter.applyDecorations (src/ui/FileHighlighter.ts:119:17)

  console.log
    Clearing all file highlights

      at FileHighlighter.applyDecorations (src/ui/FileHighlighter.ts:121:17)

  console.log
    Highlighting files: [ 'test/main.ts', 'src/utils.py' ]

      at FileHighlighter.applyDecorations (src/ui/FileHighlighter.ts:119:17)

  console.log
    Clearing all file highlights

      at FileHighlighter.applyDecorations (src/ui/FileHighlighter.ts:121:17)

  console.log
    Highlighting files: [
      'app/index.java',
      'components/config.go',
      'app/helpers.go',
      'src/helpers.js'
    ]

      at FileHighlighter.applyDecorations (src/ui/FileHighlighter.ts:119:17)

  console.log
    Clearing all file highlights

      at FileHighlighter.applyDecorations (src/ui/FileHighlighter.ts:121:17)

  console.log
    Highlighting files: [ 'lib/helpers.go', 'src/main.js' ]

      at FileHighlighter.applyDecorations (src/ui/FileHighlighter.ts:119:17)

  console.log
    Clearing all file highlights

      at FileHighlighter.applyDecorations (src/ui/FileHighlighter.ts:121:17)

  console.log
    Highlighting files: [
      'components/main.go',
      'lib/utils.java',
      'app/utils.py',
      'lib/helpers.py',
      'components/index.py'
    ]

      at FileHighlighter.applyDecorations (src/ui/FileHighlighter.ts:119:17)

  console.log
    Clearing all file highlights

      at FileHighlighter.applyDecorations (src/ui/FileHighlighter.ts:121:17)

  console.log
    Highlighting files: [ 'test/utils.java', 'test/helpers.ts', 'components/helpers.java' ]

      at FileHighlighter.applyDecorations (src/ui/FileHighlighter.ts:119:17)

  console.log
    Clearing all file highlights

      at FileHighlighter.applyDecorations (src/ui/FileHighlighter.ts:121:17)

  console.log
    Highlighting files: [ 'app/helpers.java' ]

      at FileHighlighter.applyDecorations (src/ui/FileHighlighter.ts:119:17)

  console.log
    Clearing all file highlights

      at FileHighlighter.applyDecorations (src/ui/FileHighlighter.ts:121:17)

  console.log
    Highlighting files: [ 'app/main.js', 'components/index.ts', 'app/main.py' ]

      at FileHighlighter.applyDecorations (src/ui/FileHighlighter.ts:119:17)

  console.log
    Clearing all file highlights

      at FileHighlighter.applyDecorations (src/ui/FileHighlighter.ts:121:17)

  console.log
    Highlighting files: [
      'lib/main.go',
      'test/config.js',
      'components/helpers.java',
      'test/main.ts'
    ]

      at FileHighlighter.applyDecorations (src/ui/FileHighlighter.ts:119:17)

  console.log
    Clearing all file highlights

      at FileHighlighter.applyDecorations (src/ui/FileHighlighter.ts:121:17)

  console.log
    Highlighting files: [
      'lib/helpers.py',
      'src/config.go',
      'src/config.js',
      'components/utils.java',
      'test/utils.go'
    ]

      at FileHighlighter.applyDecorations (src/ui/FileHighlighter.ts:119:17)

  console.log
    Clearing all file highlights

      at FileHighlighter.applyDecorations (src/ui/FileHighlighter.ts:121:17)

  console.log
    Highlighting files: [
      'app/main.ts',
      'lib/helpers.java',
      'lib/main.java',
      'lib/index.java',
      'test/index.py'
    ]

      at FileHighlighter.applyDecorations (src/ui/FileHighlighter.ts:119:17)

  console.log
    Clearing all file highlights

      at FileHighlighter.applyDecorations (src/ui/FileHighlighter.ts:121:17)

  console.log
    Highlighting files: [ 'src/main.java' ]

      at FileHighlighter.applyDecorations (src/ui/FileHighlighter.ts:119:17)

  console.log
    Clearing all file highlights

      at FileHighlighter.applyDecorations (src/ui/FileHighlighter.ts:121:17)

  console.log
    Highlighting files: [
      'lib/config.java',
      'src/config.java',
      'src/main.go',
      'src/index.ts',
      'src/helpers.java'
    ]

      at FileHighlighter.applyDecorations (src/ui/FileHighlighter.ts:119:17)

  console.log
    Clearing all file highlights

      at FileHighlighter.applyDecorations (src/ui/FileHighlighter.ts:121:17)

  console.log
    Highlighting files: [ 'test/config.py', 'src/utils.js', 'app/helpers.ts' ]

      at FileHighlighter.applyDecorations (src/ui/FileHighlighter.ts:119:17)

  console.log
    Clearing all file highlights

      at FileHighlighter.applyDecorations (src/ui/FileHighlighter.ts:121:17)

  console.log
    Highlighting files: [ 'components/main.py' ]

      at FileHighlighter.applyDecorations (src/ui/FileHighlighter.ts:119:17)

  console.log
    Clearing all file highlights

      at FileHighlighter.applyDecorations (src/ui/FileHighlighter.ts:121:17)

  console.log
    Highlighting files: [
      'components/helpers.js',
      'components/config.go',
      'components/utils.js'
    ]

      at FileHighlighter.applyDecorations (src/ui/FileHighlighter.ts:119:17)

  console.log
    Clearing all file highlights

      at FileHighlighter.applyDecorations (src/ui/FileHighlighter.ts:121:17)

  console.log
    Highlighting files: [
      'test/helpers.py',
      'components/utils.java',
      'components/index.ts',
      'test/utils.go'
    ]

      at FileHighlighter.applyDecorations (src/ui/FileHighlighter.ts:119:17)

  console.log
    Clearing all file highlights

      at FileHighlighter.applyDecorations (src/ui/FileHighlighter.ts:121:17)

  console.log
    Highlighting files: [
      'src/helpers.go',
      'components/main.go',
      'src/utils.java',
      'components/helpers.java'
    ]

      at FileHighlighter.applyDecorations (src/ui/FileHighlighter.ts:119:17)

  console.log
    Clearing all file highlights

      at FileHighlighter.applyDecorations (src/ui/FileHighlighter.ts:121:17)

  console.log
    Highlighting files: [ 'components/utils.go', 'lib/index.js' ]

      at FileHighlighter.applyDecorations (src/ui/FileHighlighter.ts:119:17)

  console.log
    Clearing all file highlights

      at FileHighlighter.applyDecorations (src/ui/FileHighlighter.ts:121:17)

  console.log
    Highlighting files: [
      'lib/utils.py',
      'components/helpers.java',
      'test/utils.java',
      'src/config.js'
    ]

      at FileHighlighter.applyDecorations (src/ui/FileHighlighter.ts:119:17)

  console.log
    Clearing all file highlights

      at FileHighlighter.applyDecorations (src/ui/FileHighlighter.ts:121:17)

  console.log
    Highlighting files: [
      'app/index.ts',
      'src/helpers.js',
      'components/helpers.java',
      'lib/main.js',
      'app/main.py'
    ]

      at FileHighlighter.applyDecorations (src/ui/FileHighlighter.ts:119:17)

  console.log
    Clearing all file highlights

      at FileHighlighter.applyDecorations (src/ui/FileHighlighter.ts:121:17)

  console.log
    Highlighting files: [ 'test/config.ts', 'components/main.py', 'lib/utils.js' ]

      at FileHighlighter.applyDecorations (src/ui/FileHighlighter.ts:119:17)

  console.log
    Clearing all file highlights

      at FileHighlighter.applyDecorations (src/ui/FileHighlighter.ts:121:17)

  console.log
    Highlighting files: [ 'lib/main.js' ]

      at FileHighlighter.applyDecorations (src/ui/FileHighlighter.ts:119:17)

  console.log
    Clearing all file highlights

      at FileHighlighter.applyDecorations (src/ui/FileHighlighter.ts:121:17)

  console.log
    Highlighting files: [ 'app/main.java', 'src/helpers.java', 'test/utils.java' ]

      at FileHighlighter.applyDecorations (src/ui/FileHighlighter.ts:119:17)

  console.log
    Clearing all file highlights

      at FileHighlighter.applyDecorations (src/ui/FileHighlighter.ts:121:17)

  console.log
    Highlighting files: [
      'lib/config.java',
      'src/helpers.py',
      'components/utils.ts',
      'lib/config.py',
      'src/main.js'
    ]

      at FileHighlighter.applyDecorations (src/ui/FileHighlighter.ts:119:17)

  console.log
    Clearing all file highlights

      at FileHighlighter.applyDecorations (src/ui/FileHighlighter.ts:121:17)

  console.log
    Highlighting files: [ 'lib/config.ts', 'test/helpers.py', 'app/main.js', 'test/config.py' ]

      at FileHighlighter.applyDecorations (src/ui/FileHighlighter.ts:119:17)

  console.log
    Clearing all file highlights

      at FileHighlighter.applyDecorations (src/ui/FileHighlighter.ts:121:17)

  console.log
    Highlighting files: [ 'test/main.py' ]

      at FileHighlighter.applyDecorations (src/ui/FileHighlighter.ts:119:17)

  console.log
    Clearing all file highlights

      at FileHighlighter.applyDecorations (src/ui/FileHighlighter.ts:121:17)

  console.log
    Worker threads are supported

      at AnalysisOptimizer.checkWorkerThreadSupport (src/performance/AnalysisOptimizer.ts:67:15)

  console.log
    Highlighting files: [ 'components/main.java', 'lib/config.js' ]

      at FileHighlighter.applyDecorations (src/ui/FileHighlighter.ts:119:17)

  console.log
    Clearing all file highlights

      at FileHighlighter.applyDecorations (src/ui/FileHighlighter.ts:121:17)

  console.log
    Highlighting files: [ 'test/main.go' ]

      at FileHighlighter.applyDecorations (src/ui/FileHighlighter.ts:119:17)

  console.log
    Clearing all file highlights

      at FileHighlighter.applyDecorations (src/ui/FileHighlighter.ts:121:17)

  console.log
    Highlighting files: [ 'test/index.ts', 'components/config.go', 'app/index.py' ]

      at FileHighlighter.applyDecorations (src/ui/FileHighlighter.ts:119:17)

  console.log
    Clearing all file highlights

      at FileHighlighter.applyDecorations (src/ui/FileHighlighter.ts:121:17)

  console.log
    Highlighting files: [
      'components/main.js',
      'src/main.ts',
      'src/index.py',
      'components/utils.go',
      'test/utils.js'
    ]

      at FileHighlighter.applyDecorations (src/ui/FileHighlighter.ts:119:17)

  console.log
    Clearing all file highlights

      at FileHighlighter.applyDecorations (src/ui/FileHighlighter.ts:121:17)

  console.log
    Highlighting files: [
      'app/utils.ts',
      'test/helpers.java',
      'lib/helpers.py',
      'app/index.java',
      'components/config.ts'
    ]

      at FileHighlighter.applyDecorations (src/ui/FileHighlighter.ts:119:17)

  console.log
    Clearing all file highlights

      at FileHighlighter.applyDecorations (src/ui/FileHighlighter.ts:121:17)

  console.log
    Highlighting files: [
      'src/utils.js',
      'src/utils.ts',
      'components/utils.js',
      'lib/helpers.ts'
    ]

      at FileHighlighter.applyDecorations (src/ui/FileHighlighter.ts:119:17)

  console.log
    Clearing all file highlights

      at FileHighlighter.applyDecorations (src/ui/FileHighlighter.ts:121:17)

  console.log
    Highlighting files: [ 'components/main.ts', 'src/main.js' ]

      at FileHighlighter.applyDecorations (src/ui/FileHighlighter.ts:119:17)

  console.log
    Clearing all file highlights

      at FileHighlighter.applyDecorations (src/ui/FileHighlighter.ts:121:17)

  console.log
    Highlighting files: [ 'lib/config.go', 'test/index.py', 'src/main.java' ]

      at FileHighlighter.applyDecorations (src/ui/FileHighlighter.ts:119:17)

  console.log
    Clearing all file highlights

      at FileHighlighter.applyDecorations (src/ui/FileHighlighter.ts:121:17)

  console.log
    Highlighting files: [ 'src/index.java', 'src/main.py', 'lib/helpers.py' ]

      at FileHighlighter.applyDecorations (src/ui/FileHighlighter.ts:119:17)

  console.log
    Clearing all file highlights

      at FileHighlighter.applyDecorations (src/ui/FileHighlighter.ts:121:17)

  console.log
    Highlighting files: [ 'test/utils.ts' ]

      at FileHighlighter.applyDecorations (src/ui/FileHighlighter.ts:119:17)

  console.log
    Clearing all file highlights

      at FileHighlighter.applyDecorations (src/ui/FileHighlighter.ts:121:17)

  console.log
    Highlighting files: [ 'test/main.ts' ]

      at FileHighlighter.applyDecorations (src/ui/FileHighlighter.ts:119:17)

  console.log
    Clearing all file highlights

      at FileHighlighter.applyDecorations (src/ui/FileHighlighter.ts:121:17)

  console.log
    Highlighting files: [
      'app/main.java',
      'app/utils.go',
      'components/main.java',
      'app/utils.ts'
    ]

      at FileHighlighter.applyDecorations (src/ui/FileHighlighter.ts:119:17)

  console.log
    Clearing all file highlights

      at FileHighlighter.applyDecorations (src/ui/FileHighlighter.ts:121:17)

  console.log
    Highlighting files: [ 'app/helpers.js', 'app/config.go' ]

      at FileHighlighter.applyDecorations (src/ui/FileHighlighter.ts:119:17)

  console.log
    Clearing all file highlights

      at FileHighlighter.applyDecorations (src/ui/FileHighlighter.ts:121:17)

  console.log
    Highlighting files: [
      'components/helpers.py',
      'lib/helpers.go',
      'app/config.java',
      'src/main.java'
    ]

      at FileHighlighter.applyDecorations (src/ui/FileHighlighter.ts:119:17)

  console.log
    Clearing all file highlights

      at FileHighlighter.applyDecorations (src/ui/FileHighlighter.ts:121:17)

  console.log
    Highlighting files: [ 'app/index.java' ]

      at FileHighlighter.applyDecorations (src/ui/FileHighlighter.ts:119:17)

  console.log
    Clearing all file highlights

      at FileHighlighter.applyDecorations (src/ui/FileHighlighter.ts:121:17)

  console.log
    Highlighting files: [ 'app/main.java', 'app/main.go' ]

      at FileHighlighter.applyDecorations (src/ui/FileHighlighter.ts:119:17)

  console.log
    Clearing all file highlights

      at FileHighlighter.applyDecorations (src/ui/FileHighlighter.ts:121:17)

  console.log
    Highlighting files: [ 'test/index.js', 'lib/utils.go' ]

      at FileHighlighter.applyDecorations (src/ui/FileHighlighter.ts:119:17)

  console.log
    Clearing all file highlights

      at FileHighlighter.applyDecorations (src/ui/FileHighlighter.ts:121:17)

  console.log
    Highlighting files: [ 'test/main.java', 'components/index.js', 'src/helpers.java' ]

      at FileHighlighter.applyDecorations (src/ui/FileHighlighter.ts:119:17)

  console.log
    Clearing all file highlights

      at FileHighlighter.applyDecorations (src/ui/FileHighlighter.ts:121:17)

  console.log
    Highlighting files: [ 'test/utils.py', 'lib/utils.ts', 'lib/main.py' ]

      at FileHighlighter.applyDecorations (src/ui/FileHighlighter.ts:119:17)

  console.log
    Clearing all file highlights

      at FileHighlighter.applyDecorations (src/ui/FileHighlighter.ts:121:17)

  console.log
    Highlighting files: [ 'src/index.ts', 'src/helpers.java' ]

      at FileHighlighter.applyDecorations (src/ui/FileHighlighter.ts:119:17)

  console.log
    Clearing all file highlights

      at FileHighlighter.applyDecorations (src/ui/FileHighlighter.ts:121:17)

  console.log
    Highlighting files: [ 'src/main.ts', 'test/index.go', 'app/helpers.ts' ]

      at FileHighlighter.applyDecorations (src/ui/FileHighlighter.ts:119:17)

  console.log
    Clearing all file highlights

      at FileHighlighter.applyDecorations (src/ui/FileHighlighter.ts:121:17)

  console.log
    Highlighting files: [ 'lib/main.go' ]

      at FileHighlighter.applyDecorations (src/ui/FileHighlighter.ts:119:17)

  console.log
    Clearing all file highlights

      at FileHighlighter.applyDecorations (src/ui/FileHighlighter.ts:121:17)

  console.log
    Highlighting files: [ 'app/config.ts', 'src/utils.ts' ]

      at FileHighlighter.applyDecorations (src/ui/FileHighlighter.ts:119:17)

  console.log
    Clearing all file highlights

      at FileHighlighter.applyDecorations (src/ui/FileHighlighter.ts:121:17)

  console.log
    Highlighting files: [
      'components/utils.js',
      'app/index.go',
      'lib/main.go',
      'components/main.ts',
      'src/main.js'
    ]

      at FileHighlighter.applyDecorations (src/ui/FileHighlighter.ts:119:17)

  console.log
    Clearing all file highlights

      at FileHighlighter.applyDecorations (src/ui/FileHighlighter.ts:121:17)

  console.log
    Highlighting files: [
      'app/config.py',
      'src/utils.js',
      'test/utils.js',
      'test/config.java',
      'src/helpers.py'
    ]

      at FileHighlighter.applyDecorations (src/ui/FileHighlighter.ts:119:17)

  console.log
    Clearing all file highlights

      at FileHighlighter.applyDecorations (src/ui/FileHighlighter.ts:121:17)

  console.log
    Highlighting files: [ 'src/utils.java', 'app/main.ts' ]

      at FileHighlighter.applyDecorations (src/ui/FileHighlighter.ts:119:17)

  console.log
    Clearing all file highlights

      at FileHighlighter.applyDecorations (src/ui/FileHighlighter.ts:121:17)

  console.log
    Highlighting files: [
      'test/index.java',
      'src/helpers.java',
      'test/helpers.ts',
      'components/helpers.java'
    ]

      at FileHighlighter.applyDecorations (src/ui/FileHighlighter.ts:119:17)

  console.log
    Clearing all file highlights

      at FileHighlighter.applyDecorations (src/ui/FileHighlighter.ts:121:17)

  console.log
    Highlighting files: [ 'test/helpers.go', 'test/utils.ts' ]

      at FileHighlighter.applyDecorations (src/ui/FileHighlighter.ts:119:17)

  console.log
    Clearing all file highlights

      at FileHighlighter.applyDecorations (src/ui/FileHighlighter.ts:121:17)

  console.log
    Highlighting files: [
      'lib/helpers.ts',
      'test/utils.go',
      'lib/config.go',
      'test/config.go',
      'test/config.java'
    ]

      at FileHighlighter.applyDecorations (src/ui/FileHighlighter.ts:119:17)

  console.log
    Clearing all file highlights

      at FileHighlighter.applyDecorations (src/ui/FileHighlighter.ts:121:17)

  console.log
    Highlighting files: [
      'app/config.java',
      'app/helpers.go',
      'lib/utils.java',
      'app/helpers.java',
      'lib/index.js'
    ]

      at FileHighlighter.applyDecorations (src/ui/FileHighlighter.ts:119:17)

  console.log
    Clearing all file highlights

      at FileHighlighter.applyDecorations (src/ui/FileHighlighter.ts:121:17)

  console.log
    Highlighting files: [ 'app/main.ts' ]

      at FileHighlighter.applyDecorations (src/ui/FileHighlighter.ts:119:17)

  console.log
    Clearing all file highlights

      at FileHighlighter.applyDecorations (src/ui/FileHighlighter.ts:121:17)

  console.log
    Highlighting files: [
      'test/index.ts',
      'lib/helpers.java',
      'test/config.py',
      'lib/index.go'
    ]

      at FileHighlighter.applyDecorations (src/ui/FileHighlighter.ts:119:17)

  console.log
    Clearing all file highlights

      at FileHighlighter.applyDecorations (src/ui/FileHighlighter.ts:121:17)

  console.log
    Highlighting files: [ 'src/main.py' ]

      at FileHighlighter.applyDecorations (src/ui/FileHighlighter.ts:119:17)

  console.log
    Clearing all file highlights

      at FileHighlighter.applyDecorations (src/ui/FileHighlighter.ts:121:17)

  console.log
    Highlighting files: [ 'src/helpers.py' ]

      at FileHighlighter.applyDecorations (src/ui/FileHighlighter.ts:119:17)

  console.log
    Clearing all file highlights

      at FileHighlighter.applyDecorations (src/ui/FileHighlighter.ts:121:17)

  console.log
    Highlighting files: [ 'src/index.go', 'src/index.ts', 'test/helpers.py', 'lib/index.ts' ]

      at FileHighlighter.applyDecorations (src/ui/FileHighlighter.ts:119:17)

  console.log
    Clearing all file highlights

      at FileHighlighter.applyDecorations (src/ui/FileHighlighter.ts:121:17)

  console.log
    Highlighting files: [ 'src/index.java', 'src/helpers.go', 'src/helpers.js' ]

      at FileHighlighter.applyDecorations (src/ui/FileHighlighter.ts:119:17)

  console.log
    Clearing all file highlights

      at FileHighlighter.applyDecorations (src/ui/FileHighlighter.ts:121:17)

  console.log
    Highlighting files: [
      'components/index.js',
      'test/utils.py',
      'app/index.ts',
      'src/utils.js'
    ]

      at FileHighlighter.applyDecorations (src/ui/FileHighlighter.ts:119:17)

  console.log
    Clearing all file highlights

      at FileHighlighter.applyDecorations (src/ui/FileHighlighter.ts:121:17)

  console.log
    Highlighting files: [
      'src/config.ts',
      'lib/index.ts',
      'test/main.java',
      'lib/main.ts',
      'components/index.js'
    ]

      at FileHighlighter.applyDecorations (src/ui/FileHighlighter.ts:119:17)

  console.log
    Clearing all file highlights

      at FileHighlighter.applyDecorations (src/ui/FileHighlighter.ts:121:17)

  console.log
    Highlighting files: [ 'app/helpers.py', 'lib/main.java', 'lib/config.ts' ]

      at FileHighlighter.applyDecorations (src/ui/FileHighlighter.ts:119:17)

  console.log
    Clearing all file highlights

      at FileHighlighter.applyDecorations (src/ui/FileHighlighter.ts:121:17)

  console.log
    Highlighting files: [ 'lib/main.go', 'src/index.go', 'app/helpers.ts' ]

      at FileHighlighter.applyDecorations (src/ui/FileHighlighter.ts:119:17)

  console.log
    Clearing all file highlights

      at FileHighlighter.applyDecorations (src/ui/FileHighlighter.ts:121:17)

  console.log
    Highlighting files: [ 'components/config.py', 'components/helpers.go', 'test/utils.go' ]

      at FileHighlighter.applyDecorations (src/ui/FileHighlighter.ts:119:17)

  console.log
    Clearing all file highlights

      at FileHighlighter.applyDecorations (src/ui/FileHighlighter.ts:121:17)

  console.log
    Highlighting files: [ 'lib/config.ts', 'src/config.js', 'test/main.java' ]

      at FileHighlighter.applyDecorations (src/ui/FileHighlighter.ts:119:17)

  console.log
    Clearing all file highlights

      at FileHighlighter.applyDecorations (src/ui/FileHighlighter.ts:121:17)

  console.log
    Highlighting files: [ 'src/helpers.go', 'components/main.js', 'src/helpers.java' ]

      at FileHighlighter.applyDecorations (src/ui/FileHighlighter.ts:119:17)

  console.log
    Clearing all file highlights

      at FileHighlighter.applyDecorations (src/ui/FileHighlighter.ts:121:17)

  console.log
    Highlighting files: [ 'test/helpers.java' ]

      at FileHighlighter.applyDecorations (src/ui/FileHighlighter.ts:119:17)

  console.log
    Clearing all file highlights

      at FileHighlighter.applyDecorations (src/ui/FileHighlighter.ts:121:17)

  console.log
    Highlighting files: [ 'src/index.ts' ]

      at FileHighlighter.applyDecorations (src/ui/FileHighlighter.ts:119:17)

  console.log
    Clearing all file highlights

      at FileHighlighter.applyDecorations (src/ui/FileHighlighter.ts:121:17)

  console.log
    Highlighting files: [
      'components/utils.go',
      'src/main.go',
      'components/utils.py',
      'lib/index.java',
      'lib/helpers.go'
    ]

      at FileHighlighter.applyDecorations (src/ui/FileHighlighter.ts:119:17)

  console.log
    Clearing all file highlights

      at FileHighlighter.applyDecorations (src/ui/FileHighlighter.ts:121:17)

  console.log
    Highlighting files: [ 'components/index.py' ]

      at FileHighlighter.applyDecorations (src/ui/FileHighlighter.ts:119:17)

  console.log
    Clearing all file highlights

      at FileHighlighter.applyDecorations (src/ui/FileHighlighter.ts:121:17)

  console.log
    Highlighting files: [
      'src/index.py',
      'components/utils.py',
      'src/utils.go',
      'test/config.java'
    ]

      at FileHighlighter.applyDecorations (src/ui/FileHighlighter.ts:119:17)

  console.log
    Clearing all file highlights

      at FileHighlighter.applyDecorations (src/ui/FileHighlighter.ts:121:17)

  console.log
    Highlighting files: [
      'test/utils.ts',
      'components/config.py',
      'test/helpers.py',
      'src/utils.ts',
      'src/utils.go'
    ]

      at FileHighlighter.applyDecorations (src/ui/FileHighlighter.ts:119:17)

  console.log
    Clearing all file highlights

      at FileHighlighter.applyDecorations (src/ui/FileHighlighter.ts:121:17)

  console.log
    Highlighting files: [
      'lib/main.py',
      'test/helpers.java',
      'test/utils.ts',
      'lib/index.go',
      'src/main.js'
    ]

      at FileHighlighter.applyDecorations (src/ui/FileHighlighter.ts:119:17)

  console.log
    Clearing all file highlights

      at FileHighlighter.applyDecorations (src/ui/FileHighlighter.ts:121:17)

  console.log
    Highlighting files: [ 'src/helpers.ts', 'components/main.js' ]

      at FileHighlighter.applyDecorations (src/ui/FileHighlighter.ts:119:17)

  console.log
    Clearing all file highlights

      at FileHighlighter.applyDecorations (src/ui/FileHighlighter.ts:121:17)

  console.log
    Highlighting files: [ 'lib/index.js', 'src/config.java' ]

      at FileHighlighter.applyDecorations (src/ui/FileHighlighter.ts:119:17)

  console.log
    Clearing all file highlights

      at FileHighlighter.applyDecorations (src/ui/FileHighlighter.ts:121:17)

  console.log
    Highlighting files: [
      'components/config.go',
      'src/config.ts',
      'src/main.go',
      'test/index.java',
      'lib/utils.go'
    ]

      at FileHighlighter.applyDecorations (src/ui/FileHighlighter.ts:119:17)

  console.log
    Clearing all file highlights

      at FileHighlighter.applyDecorations (src/ui/FileHighlighter.ts:121:17)

  console.log
    Highlighting files: [ 'src/utils.ts' ]

      at FileHighlighter.applyDecorations (src/ui/FileHighlighter.ts:119:17)

  console.log
    Clearing all file highlights

      at FileHighlighter.applyDecorations (src/ui/FileHighlighter.ts:121:17)

  console.log
    Highlighting files: [
      'components/utils.js',
      'app/config.java',
      'src/main.ts',
      'src/config.go',
      'app/index.ts'
    ]

      at FileHighlighter.applyDecorations (src/ui/FileHighlighter.ts:119:17)

  console.log
    Clearing all file highlights

      at FileHighlighter.applyDecorations (src/ui/FileHighlighter.ts:121:17)

  console.log
    Highlighting files: [ 'test/config.ts', 'test/utils.ts', 'components/helpers.go' ]

      at FileHighlighter.applyDecorations (src/ui/FileHighlighter.ts:119:17)

  console.log
    Clearing all file highlights

      at FileHighlighter.applyDecorations (src/ui/FileHighlighter.ts:121:17)

  console.log
    Highlighting files: [ 'src/utils.js' ]

      at FileHighlighter.applyDecorations (src/ui/FileHighlighter.ts:119:17)

  console.log
    Clearing all file highlights

      at FileHighlighter.applyDecorations (src/ui/FileHighlighter.ts:121:17)

  console.log
    Highlighting files: [ 'lib/utils.py', 'lib/config.py', 'app/utils.js', 'app/config.js' ]

      at FileHighlighter.applyDecorations (src/ui/FileHighlighter.ts:119:17)

  console.log
    Clearing all file highlights

      at FileHighlighter.applyDecorations (src/ui/FileHighlighter.ts:121:17)

  console.log
    Highlighting files: [
      'lib/utils.js',
      'app/main.js',
      'lib/utils.go',
      'components/utils.go'
    ]

      at FileHighlighter.applyDecorations (src/ui/FileHighlighter.ts:119:17)

  console.log
    Clearing all file highlights

      at FileHighlighter.applyDecorations (src/ui/FileHighlighter.ts:121:17)

  console.log
    Highlighting files: [ 'src/config.py', 'test/utils.go' ]

      at FileHighlighter.applyDecorations (src/ui/FileHighlighter.ts:119:17)

  console.log
    Clearing all file highlights

      at FileHighlighter.applyDecorations (src/ui/FileHighlighter.ts:121:17)

  console.log
    Highlighting files: [ 'test/utils.go', 'lib/index.java' ]

      at FileHighlighter.applyDecorations (src/ui/FileHighlighter.ts:119:17)

  console.log
    Clearing all file highlights

      at FileHighlighter.applyDecorations (src/ui/FileHighlighter.ts:121:17)

  console.log
    Highlighting files: [ 'components/config.js' ]

      at FileHighlighter.applyDecorations (src/ui/FileHighlighter.ts:119:17)

  console.log
    Clearing all file highlights

      at FileHighlighter.applyDecorations (src/ui/FileHighlighter.ts:121:17)

  console.log
    Clearing all file highlights

      at FileHighlighter.applyDecorations (src/ui/FileHighlighter.ts:121:17)

  console.log
    Highlighting files: [ 'src/config.go', 'app/config.py', 'src/helpers.py' ]

      at FileHighlighter.applyDecorations (src/ui/FileHighlighter.ts:119:17)

  console.log
    Clearing all file highlights

      at FileHighlighter.applyDecorations (src/ui/FileHighlighter.ts:121:17)

  console.log
    Highlighting files: [
      'test/utils.go',
      'lib/main.go',
      'app/helpers.go',
      'test/main.java',
      'test/config.ts'
    ]

      at FileHighlighter.applyDecorations (src/ui/FileHighlighter.ts:119:17)

  console.log
    Clearing all file highlights

      at FileHighlighter.applyDecorations (src/ui/FileHighlighter.ts:121:17)

  console.log
    Highlighting files: [ 'components/utils.py' ]

      at FileHighlighter.applyDecorations (src/ui/FileHighlighter.ts:119:17)

  console.log
    Clearing all file highlights

      at FileHighlighter.applyDecorations (src/ui/FileHighlighter.ts:121:17)

  console.log
    Highlighting files: [
      'app/helpers.ts',
      'src/helpers.js',
      'app/utils.py',
      'test/helpers.js',
      'src/index.py'
    ]

      at FileHighlighter.applyDecorations (src/ui/FileHighlighter.ts:119:17)

  console.log
    Clearing all file highlights

      at FileHighlighter.applyDecorations (src/ui/FileHighlighter.ts:121:17)

  console.log
    Highlighting files: [
      'app/helpers.ts',
      'src/helpers.js',
      'app/utils.py',
      'test/helpers.js',
      'src/index.py'
    ]

      at FileHighlighter.applyDecorations (src/ui/FileHighlighter.ts:119:17)

  console.log
    Clearing all file highlights

      at FileHighlighter.applyDecorations (src/ui/FileHighlighter.ts:121:17)

  console.log
    Highlighting files: [ 'components/helpers.py', 'components/helpers.java', 'src/config.go' ]

      at FileHighlighter.applyDecorations (src/ui/FileHighlighter.ts:119:17)

  console.log
    Clearing all file highlights

      at FileHighlighter.applyDecorations (src/ui/FileHighlighter.ts:121:17)

  console.log
    Highlighting files: [ 'app/index.ts', 'components/main.ts' ]

      at FileHighlighter.applyDecorations (src/ui/FileHighlighter.ts:119:17)

  console.log
    Clearing all file highlights

      at FileHighlighter.applyDecorations (src/ui/FileHighlighter.ts:121:17)

  console.log
    Highlighting files: [
      'components/index.js',
      'lib/index.java',
      'src/main.ts',
      'test/utils.py'
    ]

      at FileHighlighter.applyDecorations (src/ui/FileHighlighter.ts:119:17)

  console.log
    Clearing all file highlights

      at FileHighlighter.applyDecorations (src/ui/FileHighlighter.ts:121:17)

  console.log
    Highlighting files: [ 'app/utils.java', 'app/index.py' ]

      at FileHighlighter.applyDecorations (src/ui/FileHighlighter.ts:119:17)

  console.log
    Clearing all file highlights

      at FileHighlighter.applyDecorations (src/ui/FileHighlighter.ts:121:17)

  console.log
    Highlighting files: [ 'app/utils.java', 'app/index.py' ]

      at FileHighlighter.applyDecorations (src/ui/FileHighlighter.ts:119:17)

  console.log
    Clearing all file highlights

      at FileHighlighter.applyDecorations (src/ui/FileHighlighter.ts:121:17)

  console.log
    Highlighting files: [
      'src/index.py',
      'app/main.go',
      'components/utils.go',
      'app/main.java',
      'src/helpers.go'
    ]

      at FileHighlighter.applyDecorations (src/ui/FileHighlighter.ts:119:17)

  console.log
    Clearing all file highlights

      at FileHighlighter.applyDecorations (src/ui/FileHighlighter.ts:121:17)

  console.log
    Highlighting files: [ 'components/utils.ts', 'components/main.ts', 'components/index.js' ]

      at FileHighlighter.applyDecorations (src/ui/FileHighlighter.ts:119:17)

  console.log
    Clearing all file highlights

      at FileHighlighter.applyDecorations (src/ui/FileHighlighter.ts:121:17)

  console.log
    Highlighting files: [ 'components/utils.ts', 'components/main.ts', 'components/index.js' ]

      at FileHighlighter.applyDecorations (src/ui/FileHighlighter.ts:119:17)

  console.log
    Clearing all file highlights

      at FileHighlighter.applyDecorations (src/ui/FileHighlighter.ts:121:17)

  console.log
    Highlighting files: [ 'src/index.go', 'lib/utils.ts' ]

      at FileHighlighter.applyDecorations (src/ui/FileHighlighter.ts:119:17)

  console.log
    Clearing all file highlights

      at FileHighlighter.applyDecorations (src/ui/FileHighlighter.ts:121:17)

  console.log
    Highlighting files: [ 'test/index.go' ]

      at FileHighlighter.applyDecorations (src/ui/FileHighlighter.ts:119:17)

  console.log
    Clearing all file highlights

      at FileHighlighter.applyDecorations (src/ui/FileHighlighter.ts:121:17)

  console.log
    Highlighting files: [ 'test/index.go' ]

      at FileHighlighter.applyDecorations (src/ui/FileHighlighter.ts:119:17)

  console.log
    Clearing all file highlights

      at FileHighlighter.applyDecorations (src/ui/FileHighlighter.ts:121:17)

  console.log
    Highlighting files: [ 'lib/utils.ts', 'app/main.java' ]

      at FileHighlighter.applyDecorations (src/ui/FileHighlighter.ts:119:17)

  console.log
    Clearing all file highlights

      at FileHighlighter.applyDecorations (src/ui/FileHighlighter.ts:121:17)

  console.log
    Highlighting files: [
      'components/index.js',
      'lib/utils.ts',
      'src/index.js',
      'test/index.java',
      'lib/utils.py'
    ]

      at FileHighlighter.applyDecorations (src/ui/FileHighlighter.ts:119:17)

  console.log
    Clearing all file highlights

      at FileHighlighter.applyDecorations (src/ui/FileHighlighter.ts:121:17)

  console.log
    Highlighting files: [
      'app/helpers.py',
      'app/main.ts',
      'components/utils.go',
      'app/helpers.ts',
      'src/index.go'
    ]

      at FileHighlighter.applyDecorations (src/ui/FileHighlighter.ts:119:17)

  console.log
    Clearing all file highlights

      at FileHighlighter.applyDecorations (src/ui/FileHighlighter.ts:121:17)

  console.log
    Highlighting files: [
      'components/config.go',
      'lib/helpers.js',
      'components/helpers.ts',
      'lib/index.py',
      'app/utils.go'
    ]

      at FileHighlighter.applyDecorations (src/ui/FileHighlighter.ts:119:17)

  console.log
    Clearing all file highlights

      at FileHighlighter.applyDecorations (src/ui/FileHighlighter.ts:121:17)

  console.log
    Highlighting files: [
      'app/helpers.py',
      'app/main.ts',
      'components/utils.go',
      'app/helpers.ts',
      'src/index.go'
    ]

      at FileHighlighter.applyDecorations (src/ui/FileHighlighter.ts:119:17)

  console.log
    Clearing all file highlights

      at FileHighlighter.applyDecorations (src/ui/FileHighlighter.ts:121:17)

  console.log
    Highlighting files: [ 'lib/utils.js', 'src/utils.java', 'src/config.go', 'lib/utils.py' ]

      at FileHighlighter.applyDecorations (src/ui/FileHighlighter.ts:119:17)

  console.log
    Clearing all file highlights

      at FileHighlighter.applyDecorations (src/ui/FileHighlighter.ts:121:17)

  console.log
    Highlighting files: [ 'src/main.ts', 'lib/helpers.ts', 'components/config.js' ]

      at FileHighlighter.applyDecorations (src/ui/FileHighlighter.ts:119:17)

  console.log
    Clearing all file highlights

      at FileHighlighter.applyDecorations (src/ui/FileHighlighter.ts:121:17)

  console.log
    Highlighting files: [ 'src/index.java' ]

      at FileHighlighter.applyDecorations (src/ui/FileHighlighter.ts:119:17)

  console.log
    Clearing all file highlights

      at FileHighlighter.applyDecorations (src/ui/FileHighlighter.ts:121:17)

  console.log
    Highlighting files: [ 'components/utils.py', 'lib/config.ts' ]

      at FileHighlighter.applyDecorations (src/ui/FileHighlighter.ts:119:17)

  console.log
    Clearing all file highlights

      at FileHighlighter.applyDecorations (src/ui/FileHighlighter.ts:121:17)

  console.log
    Highlighting files: [ 'test/helpers.java', 'components/helpers.py', 'lib/helpers.java' ]

      at FileHighlighter.applyDecorations (src/ui/FileHighlighter.ts:119:17)

  console.log
    Clearing all file highlights

      at FileHighlighter.applyDecorations (src/ui/FileHighlighter.ts:121:17)

  console.log
    Highlighting files: [ 'app/main.java', 'src/config.py' ]

      at FileHighlighter.applyDecorations (src/ui/FileHighlighter.ts:119:17)

  console.log
    Clearing all file highlights

      at FileHighlighter.applyDecorations (src/ui/FileHighlighter.ts:121:17)

  console.log
    Highlighting files: [ 'app/utils.py' ]

      at FileHighlighter.applyDecorations (src/ui/FileHighlighter.ts:119:17)

  console.log
    Clearing all file highlights

      at FileHighlighter.applyDecorations (src/ui/FileHighlighter.ts:121:17)

  console.log
    Highlighting files: [ 'lib/helpers.py', 'app/main.py', 'components/utils.py' ]

      at FileHighlighter.applyDecorations (src/ui/FileHighlighter.ts:119:17)

  console.log
    Clearing all file highlights

      at FileHighlighter.applyDecorations (src/ui/FileHighlighter.ts:121:17)

  console.log
    Highlighting files: [ 'app/main.js' ]

      at FileHighlighter.applyDecorations (src/ui/FileHighlighter.ts:119:17)

  console.log
    Clearing all file highlights

      at FileHighlighter.applyDecorations (src/ui/FileHighlighter.ts:121:17)

  console.log
    Highlighting files: [ 'lib/index.go' ]

      at FileHighlighter.applyDecorations (src/ui/FileHighlighter.ts:119:17)

  console.log
    Clearing all file highlights

      at FileHighlighter.applyDecorations (src/ui/FileHighlighter.ts:121:17)

  console.log
    Highlighting files: [ 'components/utils.py', 'components/main.py' ]

      at FileHighlighter.applyDecorations (src/ui/FileHighlighter.ts:119:17)

  console.log
    Clearing all file highlights

      at FileHighlighter.applyDecorations (src/ui/FileHighlighter.ts:121:17)

  console.log
    Highlighting files: [ 'components/utils.py', 'components/main.py' ]

      at FileHighlighter.applyDecorations (src/ui/FileHighlighter.ts:119:17)

  console.log
    Clearing all file highlights

      at FileHighlighter.applyDecorations (src/ui/FileHighlighter.ts:121:17)

  console.log
    Highlighting files: [
      'app/main.py',
      'src/config.ts',
      'src/config.py',
      'test/main.py',
      'test/utils.js'
    ]

      at FileHighlighter.applyDecorations (src/ui/FileHighlighter.ts:119:17)

  console.log
    Clearing all file highlights

      at FileHighlighter.applyDecorations (src/ui/FileHighlighter.ts:121:17)

  console.log
    Highlighting files: [ 'lib/index.py', 'app/index.java', 'lib/utils.py' ]

      at FileHighlighter.applyDecorations (src/ui/FileHighlighter.ts:119:17)

  console.log
    Clearing all file highlights

      at FileHighlighter.applyDecorations (src/ui/FileHighlighter.ts:121:17)

  console.log
    Highlighting files: [
      'test/main.py',
      'components/config.ts',
      'src/helpers.ts',
      'src/index.ts',
      'src/helpers.js'
    ]

      at FileHighlighter.applyDecorations (src/ui/FileHighlighter.ts:119:17)

  console.log
    Clearing all file highlights

      at FileHighlighter.applyDecorations (src/ui/FileHighlighter.ts:121:17)

  console.log
    Highlighting files: [ 'app/utils.js', 'lib/utils.py' ]

      at FileHighlighter.applyDecorations (src/ui/FileHighlighter.ts:119:17)

  console.log
    Clearing all file highlights

      at FileHighlighter.applyDecorations (src/ui/FileHighlighter.ts:121:17)

  console.log
    Highlighting files: [ 'src/utils.py', 'app/main.py' ]

      at FileHighlighter.applyDecorations (src/ui/FileHighlighter.ts:119:17)

  console.log
    Clearing all file highlights

      at FileHighlighter.applyDecorations (src/ui/FileHighlighter.ts:121:17)

  console.log
    Highlighting files: [ 'app/utils.js', 'lib/utils.py' ]

      at FileHighlighter.applyDecorations (src/ui/FileHighlighter.ts:119:17)

  console.log
    Clearing all file highlights

      at FileHighlighter.applyDecorations (src/ui/FileHighlighter.ts:121:17)

  console.log
    Highlighting files: [
      'test/utils.java',
      'app/config.js',
      'lib/index.go',
      'src/config.go',
      'test/main.ts'
    ]

      at FileHighlighter.applyDecorations (src/ui/FileHighlighter.ts:119:17)

  console.log
    Clearing all file highlights

      at FileHighlighter.applyDecorations (src/ui/FileHighlighter.ts:121:17)

  console.log
    Highlighting files: [ 'src/index.py', 'components/index.js' ]

      at FileHighlighter.applyDecorations (src/ui/FileHighlighter.ts:119:17)

  console.log
    Clearing all file highlights

      at FileHighlighter.applyDecorations (src/ui/FileHighlighter.ts:121:17)

  console.log
    Highlighting files: [ 'test/index.java', 'components/index.java' ]

      at FileHighlighter.applyDecorations (src/ui/FileHighlighter.ts:119:17)

  console.log
    Clearing all file highlights

      at FileHighlighter.applyDecorations (src/ui/FileHighlighter.ts:121:17)

  console.log
    Highlighting files: [ 'app/config.ts', 'app/index.go' ]

      at FileHighlighter.applyDecorations (src/ui/FileHighlighter.ts:119:17)

  console.log
    Clearing all file highlights

      at FileHighlighter.applyDecorations (src/ui/FileHighlighter.ts:121:17)

  console.log
    Highlighting files: [ 'app/config.ts', 'app/index.go' ]

      at FileHighlighter.applyDecorations (src/ui/FileHighlighter.ts:119:17)

  console.log
    Clearing all file highlights

      at FileHighlighter.applyDecorations (src/ui/FileHighlighter.ts:121:17)

  console.log
    Highlighting files: [ 'components/helpers.js' ]

      at FileHighlighter.applyDecorations (src/ui/FileHighlighter.ts:119:17)

  console.log
    Clearing all file highlights

      at FileHighlighter.applyDecorations (src/ui/FileHighlighter.ts:121:17)

  console.log
    Highlighting files: [ 'components/helpers.js' ]

      at FileHighlighter.applyDecorations (src/ui/FileHighlighter.ts:119:17)

  console.log
    Clearing all file highlights

      at FileHighlighter.applyDecorations (src/ui/FileHighlighter.ts:121:17)

  console.log
    Highlighting files: [ 'components/main.py' ]

      at FileHighlighter.applyDecorations (src/ui/FileHighlighter.ts:119:17)

  console.log
    Clearing all file highlights

      at FileHighlighter.applyDecorations (src/ui/FileHighlighter.ts:121:17)

  console.log
    Highlighting files: [ 'test/index.ts', 'test/config.java' ]

      at FileHighlighter.applyDecorations (src/ui/FileHighlighter.ts:119:17)

  console.log
    Clearing all file highlights

      at FileHighlighter.applyDecorations (src/ui/FileHighlighter.ts:121:17)

  console.log
    Highlighting files: [ 'lib/index.js', 'src/main.java' ]

      at FileHighlighter.applyDecorations (src/ui/FileHighlighter.ts:119:17)

  console.log
    Clearing all file highlights

      at FileHighlighter.applyDecorations (src/ui/FileHighlighter.ts:121:17)

  console.log
    Highlighting files: [
      'test/index.ts',
      'app/index.py',
      'src/main.py',
      'src/main.ts',
      'src/helpers.java'
    ]

      at FileHighlighter.applyDecorations (src/ui/FileHighlighter.ts:119:17)

  console.log
    Clearing all file highlights

      at FileHighlighter.applyDecorations (src/ui/FileHighlighter.ts:121:17)

  console.log
    Highlighting files: [ 'test/main.go' ]

      at FileHighlighter.applyDecorations (src/ui/FileHighlighter.ts:119:17)

  console.log
    Clearing all file highlights

      at FileHighlighter.applyDecorations (src/ui/FileHighlighter.ts:121:17)

  console.log
    Highlighting files: [
      'lib/main.go',
      'components/config.java',
      'lib/main.js',
      'test/utils.java',
      'app/config.js'
    ]

      at FileHighlighter.applyDecorations (src/ui/FileHighlighter.ts:119:17)

  console.log
    Clearing all file highlights

      at FileHighlighter.applyDecorations (src/ui/FileHighlighter.ts:121:17)

  console.log
    Highlighting files: [ 'lib/utils.ts', 'test/main.ts', 'src/helpers.py' ]

      at FileHighlighter.applyDecorations (src/ui/FileHighlighter.ts:119:17)

  console.log
    Clearing all file highlights

      at FileHighlighter.applyDecorations (src/ui/FileHighlighter.ts:121:17)

  console.log
    Highlighting files: [ 'components/config.py', 'test/main.js', 'components/utils.js' ]

      at FileHighlighter.applyDecorations (src/ui/FileHighlighter.ts:119:17)

  console.log
    Clearing all file highlights

      at FileHighlighter.applyDecorations (src/ui/FileHighlighter.ts:121:17)

  console.log
    Highlighting files: [ 'lib/index.js', 'lib/utils.js' ]

      at FileHighlighter.applyDecorations (src/ui/FileHighlighter.ts:119:17)

  console.log
    Clearing all file highlights

      at FileHighlighter.applyDecorations (src/ui/FileHighlighter.ts:121:17)

  console.log
    Highlighting files: [ 'app/main.java', 'app/utils.go' ]

      at FileHighlighter.applyDecorations (src/ui/FileHighlighter.ts:119:17)

  console.log
    Clearing all file highlights

      at FileHighlighter.applyDecorations (src/ui/FileHighlighter.ts:121:17)

  console.log
    Highlighting files: [ 'lib/index.js', 'lib/utils.js' ]

      at FileHighlighter.applyDecorations (src/ui/FileHighlighter.ts:119:17)

  console.log
    Clearing all file highlights

      at FileHighlighter.applyDecorations (src/ui/FileHighlighter.ts:121:17)

  console.log
    Highlighting files: [
      'src/helpers.java',
      'src/utils.ts',
      'test/config.js',
      'lib/helpers.go',
      'src/main.js'
    ]

      at FileHighlighter.applyDecorations (src/ui/FileHighlighter.ts:119:17)

  console.log
    Clearing all file highlights

      at FileHighlighter.applyDecorations (src/ui/FileHighlighter.ts:121:17)

  console.log
    Highlighting files: [
      'src/helpers.java',
      'src/utils.ts',
      'test/config.js',
      'lib/helpers.go',
      'src/main.js'
    ]

      at FileHighlighter.applyDecorations (src/ui/FileHighlighter.ts:119:17)

  console.log
    Clearing all file highlights

      at FileHighlighter.applyDecorations (src/ui/FileHighlighter.ts:121:17)

  console.log
    Highlighting files: [
      'app/main.py',
      'app/utils.go',
      'components/index.java',
      'components/helpers.go',
      'lib/utils.ts'
    ]

      at FileHighlighter.applyDecorations (src/ui/FileHighlighter.ts:119:17)

  console.log
    Clearing all file highlights

      at FileHighlighter.applyDecorations (src/ui/FileHighlighter.ts:121:17)

  console.log
    Highlighting files: [ 'lib/main.ts' ]

      at FileHighlighter.applyDecorations (src/ui/FileHighlighter.ts:119:17)

  console.log
    Clearing all file highlights

      at FileHighlighter.applyDecorations (src/ui/FileHighlighter.ts:121:17)

  console.log
    Highlighting files: [ 'components/helpers.go' ]

      at FileHighlighter.applyDecorations (src/ui/FileHighlighter.ts:119:17)

  console.log
    Clearing all file highlights

      at FileHighlighter.applyDecorations (src/ui/FileHighlighter.ts:121:17)

  console.log
    Highlighting files: [
      'components/main.go',
      'test/helpers.java',
      'components/main.java',
      'app/utils.js'
    ]

      at FileHighlighter.applyDecorations (src/ui/FileHighlighter.ts:119:17)

  console.log
    Clearing all file highlights

      at FileHighlighter.applyDecorations (src/ui/FileHighlighter.ts:121:17)

  console.log
    Highlighting files: [ 'components/index.go' ]

      at FileHighlighter.applyDecorations (src/ui/FileHighlighter.ts:119:17)

  console.log
    Clearing all file highlights

      at FileHighlighter.applyDecorations (src/ui/FileHighlighter.ts:121:17)

  console.log
    Highlighting files: [ 'test/helpers.java' ]

      at FileHighlighter.applyDecorations (src/ui/FileHighlighter.ts:119:17)

  console.log
    Clearing all file highlights

      at FileHighlighter.applyDecorations (src/ui/FileHighlighter.ts:121:17)

  console.log
    Highlighting files: [ 'lib/helpers.go', 'test/helpers.py' ]

      at FileHighlighter.applyDecorations (src/ui/FileHighlighter.ts:119:17)

  console.log
    Clearing all file highlights

      at FileHighlighter.applyDecorations (src/ui/FileHighlighter.ts:121:17)

  console.log
    Highlighting files: [ 'test/main.js', 'src/main.go' ]

      at FileHighlighter.applyDecorations (src/ui/FileHighlighter.ts:119:17)

  console.log
    Clearing all file highlights

      at FileHighlighter.applyDecorations (src/ui/FileHighlighter.ts:121:17)

  console.log
    Highlighting files: [ 'test/index.ts', 'app/config.js' ]

      at FileHighlighter.applyDecorations (src/ui/FileHighlighter.ts:119:17)

  console.log
    Clearing all file highlights

      at FileHighlighter.applyDecorations (src/ui/FileHighlighter.ts:121:17)

  console.log
    Highlighting files: [ 'components/main.js' ]

      at FileHighlighter.applyDecorations (src/ui/FileHighlighter.ts:119:17)

  console.log
    Clearing all file highlights

      at FileHighlighter.applyDecorations (src/ui/FileHighlighter.ts:121:17)

  console.log
    Highlighting files: [
      'components/index.ts',
      'lib/helpers.ts',
      'app/config.py',
      'test/main.go',
      'lib/helpers.py'
    ]

      at FileHighlighter.applyDecorations (src/ui/FileHighlighter.ts:119:17)

  console.log
    Clearing all file highlights

      at FileHighlighter.applyDecorations (src/ui/FileHighlighter.ts:121:17)

  console.log
    Highlighting files: [ 'app/index.py' ]

      at FileHighlighter.applyDecorations (src/ui/FileHighlighter.ts:119:17)

  console.log
    Clearing all file highlights

      at FileHighlighter.applyDecorations (src/ui/FileHighlighter.ts:121:17)

  console.log
    Highlighting files: [ 'src/helpers.go', 'test/main.java', 'app/helpers.py' ]

      at FileHighlighter.applyDecorations (src/ui/FileHighlighter.ts:119:17)

  console.log
    Clearing all file highlights

      at FileHighlighter.applyDecorations (src/ui/FileHighlighter.ts:121:17)

  console.log
    Highlighting files: [ 'components/helpers.java', 'test/main.ts', 'lib/main.java' ]

      at FileHighlighter.applyDecorations (src/ui/FileHighlighter.ts:119:17)

  console.log
    Clearing all file highlights

      at FileHighlighter.applyDecorations (src/ui/FileHighlighter.ts:121:17)

  console.log
    Highlighting files: [ 'app/helpers.go', 'test/index.java', 'test/main.go' ]

      at FileHighlighter.applyDecorations (src/ui/FileHighlighter.ts:119:17)

  console.log
    Clearing all file highlights

      at FileHighlighter.applyDecorations (src/ui/FileHighlighter.ts:121:17)

  console.log
    Highlighting files: [ 'app/config.js', 'app/helpers.go', 'app/utils.js' ]

      at FileHighlighter.applyDecorations (src/ui/FileHighlighter.ts:119:17)

  console.log
    Clearing all file highlights

      at FileHighlighter.applyDecorations (src/ui/FileHighlighter.ts:121:17)

  console.log
    Highlighting files: [ 'app/config.js', 'app/helpers.go', 'app/utils.js' ]

      at FileHighlighter.applyDecorations (src/ui/FileHighlighter.ts:119:17)

  console.log
    Clearing all file highlights

      at FileHighlighter.applyDecorations (src/ui/FileHighlighter.ts:121:17)

  console.log
    Highlighting files: [ 'src/helpers.py', 'app/index.py' ]

      at FileHighlighter.applyDecorations (src/ui/FileHighlighter.ts:119:17)

  console.log
    Clearing all file highlights

      at FileHighlighter.applyDecorations (src/ui/FileHighlighter.ts:121:17)

  console.log
    Highlighting files: [ 'src/helpers.py', 'app/index.py' ]

      at FileHighlighter.applyDecorations (src/ui/FileHighlighter.ts:119:17)

  console.log
    Clearing all file highlights

      at FileHighlighter.applyDecorations (src/ui/FileHighlighter.ts:121:17)

  console.log
    Highlighting files: [ 'src/helpers.go', 'lib/main.py', 'test/helpers.js' ]

      at FileHighlighter.applyDecorations (src/ui/FileHighlighter.ts:119:17)

  console.log
    Clearing all file highlights

      at FileHighlighter.applyDecorations (src/ui/FileHighlighter.ts:121:17)

  console.log
    Highlighting files: [ 'src/helpers.go', 'lib/main.py', 'test/helpers.js' ]

      at FileHighlighter.applyDecorations (src/ui/FileHighlighter.ts:119:17)

  console.log
    Clearing all file highlights

      at FileHighlighter.applyDecorations (src/ui/FileHighlighter.ts:121:17)

  console.log
    Highlighting files: [ 'src/helpers.go', 'lib/main.py', 'test/helpers.js' ]

      at FileHighlighter.applyDecorations (src/ui/FileHighlighter.ts:119:17)

  console.log
    Clearing all file highlights

      at FileHighlighter.applyDecorations (src/ui/FileHighlighter.ts:121:17)

  console.log
    Highlighting files: [ 'test/config.py' ]

      at FileHighlighter.applyDecorations (src/ui/FileHighlighter.ts:119:17)

  console.log
    Clearing all file highlights

      at FileHighlighter.applyDecorations (src/ui/FileHighlighter.ts:121:17)

  console.log
    Highlighting files: [ 'lib/config.go' ]

      at FileHighlighter.applyDecorations (src/ui/FileHighlighter.ts:119:17)

  console.log
    Clearing all file highlights

      at FileHighlighter.applyDecorations (src/ui/FileHighlighter.ts:121:17)

  console.log
    Highlighting files: [ 'lib/config.go' ]

      at FileHighlighter.applyDecorations (src/ui/FileHighlighter.ts:119:17)

  console.log
    Clearing all file highlights

      at FileHighlighter.applyDecorations (src/ui/FileHighlighter.ts:121:17)

  console.log
    Highlighting files: [ 'src/config.ts', 'app/helpers.py' ]

      at FileHighlighter.applyDecorations (src/ui/FileHighlighter.ts:119:17)

  console.log
    Clearing all file highlights

      at FileHighlighter.applyDecorations (src/ui/FileHighlighter.ts:121:17)

  console.log
    Highlighting files: [ 'src/config.ts', 'app/helpers.py' ]

      at FileHighlighter.applyDecorations (src/ui/FileHighlighter.ts:119:17)

  console.log
    Clearing all file highlights

      at FileHighlighter.applyDecorations (src/ui/FileHighlighter.ts:121:17)

  console.log
    Highlighting files: [ 'src/utils.java', 'lib/index.ts', 'app/helpers.java', 'app/main.ts' ]

      at FileHighlighter.applyDecorations (src/ui/FileHighlighter.ts:119:17)

  console.log
    Clearing all file highlights

      at FileHighlighter.applyDecorations (src/ui/FileHighlighter.ts:121:17)

  console.log
    Highlighting files: [ 'src/utils.java', 'lib/index.ts', 'app/helpers.java', 'app/main.ts' ]

      at FileHighlighter.applyDecorations (src/ui/FileHighlighter.ts:119:17)

  console.log
    Clearing all file highlights

      at FileHighlighter.applyDecorations (src/ui/FileHighlighter.ts:121:17)

  console.log
    Highlighting files: [
      'src/helpers.go',
      'test/helpers.java',
      'app/config.py',
      'components/config.java'
    ]

      at FileHighlighter.applyDecorations (src/ui/FileHighlighter.ts:119:17)

  console.log
    Clearing all file highlights

      at FileHighlighter.applyDecorations (src/ui/FileHighlighter.ts:121:17)

  console.log
    Highlighting files: [ 'test/main.js', 'src/index.go' ]

      at FileHighlighter.applyDecorations (src/ui/FileHighlighter.ts:119:17)

  console.log
    Clearing all file highlights

      at FileHighlighter.applyDecorations (src/ui/FileHighlighter.ts:121:17)

  console.log
    Highlighting files: [ 'src/config.go' ]

      at FileHighlighter.applyDecorations (src/ui/FileHighlighter.ts:119:17)

  console.log
    Clearing all file highlights

      at FileHighlighter.applyDecorations (src/ui/FileHighlighter.ts:121:17)

  console.log
    Highlighting files: [
      'src/utils.js',
      'app/config.js',
      'test/helpers.ts',
      'lib/main.go',
      'app/config.go'
    ]

      at FileHighlighter.applyDecorations (src/ui/FileHighlighter.ts:119:17)

  console.log
    Clearing all file highlights

      at FileHighlighter.applyDecorations (src/ui/FileHighlighter.ts:121:17)

  console.log
    Highlighting files: [
      'src/utils.js',
      'app/config.js',
      'test/helpers.ts',
      'lib/main.go',
      'app/config.go'
    ]

      at FileHighlighter.applyDecorations (src/ui/FileHighlighter.ts:119:17)

  console.log
    Clearing all file highlights

      at FileHighlighter.applyDecorations (src/ui/FileHighlighter.ts:121:17)

  console.log
    Highlighting files: [
      'app/utils.java',
      'src/main.java',
      'src/config.java',
      'components/main.java'
    ]

      at FileHighlighter.applyDecorations (src/ui/FileHighlighter.ts:119:17)

  console.log
    Clearing all file highlights

      at FileHighlighter.applyDecorations (src/ui/FileHighlighter.ts:121:17)

  console.log
    Highlighting files: [
      'test/index.java',
      'src/config.py',
      'test/utils.ts',
      'components/utils.ts'
    ]

      at FileHighlighter.applyDecorations (src/ui/FileHighlighter.ts:119:17)

  console.log
    Clearing all file highlights

      at FileHighlighter.applyDecorations (src/ui/FileHighlighter.ts:121:17)

  console.log
    Highlighting files: [ 'components/config.py', 'src/index.go' ]

      at FileHighlighter.applyDecorations (src/ui/FileHighlighter.ts:119:17)

  console.log
    Clearing all file highlights

      at FileHighlighter.applyDecorations (src/ui/FileHighlighter.ts:121:17)

  console.log
    Highlighting files: [
      'components/helpers.java',
      'components/helpers.js',
      'src/main.js',
      'components/helpers.py',
      'src/utils.py'
    ]

      at FileHighlighter.applyDecorations (src/ui/FileHighlighter.ts:119:17)

  console.log
    Clearing all file highlights

      at FileHighlighter.applyDecorations (src/ui/FileHighlighter.ts:121:17)

  console.log
    Highlighting files: [
      'components/helpers.java',
      'components/helpers.js',
      'src/main.js',
      'components/helpers.py',
      'src/utils.py'
    ]

      at FileHighlighter.applyDecorations (src/ui/FileHighlighter.ts:119:17)

  console.log
    Clearing all file highlights

      at FileHighlighter.applyDecorations (src/ui/FileHighlighter.ts:121:17)

  console.log
    Highlighting files: [
      'components/helpers.java',
      'components/helpers.js',
      'src/main.js',
      'components/helpers.py',
      'src/utils.py'
    ]

      at FileHighlighter.applyDecorations (src/ui/FileHighlighter.ts:119:17)

  console.log
    Clearing all file highlights

      at FileHighlighter.applyDecorations (src/ui/FileHighlighter.ts:121:17)

  console.log
    Highlighting files: [ 'src/main.py', 'test/helpers.js', 'test/config.ts', 'app/utils.go' ]

      at FileHighlighter.applyDecorations (src/ui/FileHighlighter.ts:119:17)

  console.log
    Clearing all file highlights

      at FileHighlighter.applyDecorations (src/ui/FileHighlighter.ts:121:17)

  console.log
    Highlighting files: [
      'lib/main.go',
      'app/config.py',
      'components/utils.go',
      'components/main.ts'
    ]

      at FileHighlighter.applyDecorations (src/ui/FileHighlighter.ts:119:17)

  console.log
    Clearing all file highlights

      at FileHighlighter.applyDecorations (src/ui/FileHighlighter.ts:121:17)

  console.log
    Highlighting files: [ 'app/helpers.go', 'components/config.ts', 'lib/utils.py' ]

      at FileHighlighter.applyDecorations (src/ui/FileHighlighter.ts:119:17)

  console.log
    Clearing all file highlights

      at FileHighlighter.applyDecorations (src/ui/FileHighlighter.ts:121:17)

  console.log
    Highlighting files: [
      'lib/index.py',
      'src/main.ts',
      'components/utils.java',
      'lib/index.js'
    ]

      at FileHighlighter.applyDecorations (src/ui/FileHighlighter.ts:119:17)

  console.log
    Clearing all file highlights

      at FileHighlighter.applyDecorations (src/ui/FileHighlighter.ts:121:17)

  console.log
    Highlighting files: [ 'lib/main.java', 'app/utils.js', 'src/config.js' ]

      at FileHighlighter.applyDecorations (src/ui/FileHighlighter.ts:119:17)

  console.log
    Clearing all file highlights

      at FileHighlighter.applyDecorations (src/ui/FileHighlighter.ts:121:17)

  console.log
    Highlighting files: [ 'test/config.js', 'app/main.java', 'components/utils.java' ]

      at FileHighlighter.applyDecorations (src/ui/FileHighlighter.ts:119:17)

  console.log
    Clearing all file highlights

      at FileHighlighter.applyDecorations (src/ui/FileHighlighter.ts:121:17)

  console.log
    Highlighting files: [
      'lib/utils.py',
      'lib/main.py',
      'components/index.py',
      'components/utils.go',
      'src/index.ts'
    ]

      at FileHighlighter.applyDecorations (src/ui/FileHighlighter.ts:119:17)

  console.log
    Clearing all file highlights

      at FileHighlighter.applyDecorations (src/ui/FileHighlighter.ts:121:17)

  console.log
    Highlighting files: [
      'lib/utils.py',
      'lib/main.py',
      'components/index.py',
      'components/utils.go',
      'src/index.ts'
    ]

      at FileHighlighter.applyDecorations (src/ui/FileHighlighter.ts:119:17)

  console.log
    Clearing all file highlights

      at FileHighlighter.applyDecorations (src/ui/FileHighlighter.ts:121:17)

  console.log
    Highlighting files: [ 'test/main.py', 'src/main.py' ]

      at FileHighlighter.applyDecorations (src/ui/FileHighlighter.ts:119:17)

  console.log
    Clearing all file highlights

      at FileHighlighter.applyDecorations (src/ui/FileHighlighter.ts:121:17)

  console.log
    Highlighting files: [ 'components/utils.go' ]

      at FileHighlighter.applyDecorations (src/ui/FileHighlighter.ts:119:17)

  console.log
    Clearing all file highlights

      at FileHighlighter.applyDecorations (src/ui/FileHighlighter.ts:121:17)

  console.log
    Highlighting files: [ 'components/utils.go' ]

      at FileHighlighter.applyDecorations (src/ui/FileHighlighter.ts:119:17)

  console.log
    Clearing all file highlights

      at FileHighlighter.applyDecorations (src/ui/FileHighlighter.ts:121:17)

  console.log
    Highlighting files: [ 'components/utils.go' ]

      at FileHighlighter.applyDecorations (src/ui/FileHighlighter.ts:119:17)

  console.log
    Clearing all file highlights

      at FileHighlighter.applyDecorations (src/ui/FileHighlighter.ts:121:17)

  console.log
    Highlighting files: [ 'src/main.py' ]

      at FileHighlighter.applyDecorations (src/ui/FileHighlighter.ts:119:17)

  console.log
    Clearing all file highlights

      at FileHighlighter.applyDecorations (src/ui/FileHighlighter.ts:121:17)

  console.log
    Highlighting files: [ 'test/config.js', 'src/main.java', 'app/index.go' ]

      at FileHighlighter.applyDecorations (src/ui/FileHighlighter.ts:119:17)

  console.log
    Clearing all file highlights

      at FileHighlighter.applyDecorations (src/ui/FileHighlighter.ts:121:17)

  console.log
    Highlighting files: [
      'src/helpers.py',
      'src/main.py',
      'test/helpers.java',
      'components/main.go'
    ]

      at FileHighlighter.applyDecorations (src/ui/FileHighlighter.ts:119:17)

  console.log
    Clearing all file highlights

      at FileHighlighter.applyDecorations (src/ui/FileHighlighter.ts:121:17)

  console.log
    Highlighting files: [
      'src/helpers.py',
      'src/main.py',
      'test/helpers.java',
      'components/main.go'
    ]

      at FileHighlighter.applyDecorations (src/ui/FileHighlighter.ts:119:17)

  console.log
    Clearing all file highlights

      at FileHighlighter.applyDecorations (src/ui/FileHighlighter.ts:121:17)

  console.log
    Highlighting files: [
      'components/config.py',
      'src/main.java',
      'lib/main.ts',
      'test/helpers.java',
      'components/helpers.ts'
    ]

      at FileHighlighter.applyDecorations (src/ui/FileHighlighter.ts:119:17)

  console.log
    Clearing all file highlights

      at FileHighlighter.applyDecorations (src/ui/FileHighlighter.ts:121:17)

  console.log
    Highlighting files: [
      'components/config.py',
      'src/main.java',
      'lib/main.ts',
      'test/helpers.java',
      'components/helpers.ts'
    ]

      at FileHighlighter.applyDecorations (src/ui/FileHighlighter.ts:119:17)

  console.log
    Clearing all file highlights

      at FileHighlighter.applyDecorations (src/ui/FileHighlighter.ts:121:17)

  console.log
    Highlighting files: [ 'app/main.py', 'app/index.ts', 'src/config.js' ]

      at FileHighlighter.applyDecorations (src/ui/FileHighlighter.ts:119:17)

  console.log
    Clearing all file highlights

      at FileHighlighter.applyDecorations (src/ui/FileHighlighter.ts:121:17)

  console.log
    Highlighting files: [ 'app/main.py', 'app/index.ts', 'src/config.js' ]

      at FileHighlighter.applyDecorations (src/ui/FileHighlighter.ts:119:17)

  console.log
    Clearing all file highlights

      at FileHighlighter.applyDecorations (src/ui/FileHighlighter.ts:121:17)

  console.log
    Highlighting files: [
      'src/main.ts',
      'lib/helpers.js',
      'test/config.java',
      'components/config.ts',
      'src/config.js'
    ]

      at FileHighlighter.applyDecorations (src/ui/FileHighlighter.ts:119:17)

  console.log
    Clearing all file highlights

      at FileHighlighter.applyDecorations (src/ui/FileHighlighter.ts:121:17)

  console.log
    Highlighting files: [ 'app/helpers.py', 'components/main.js' ]

      at FileHighlighter.applyDecorations (src/ui/FileHighlighter.ts:119:17)

  console.log
    Clearing all file highlights

      at FileHighlighter.applyDecorations (src/ui/FileHighlighter.ts:121:17)

  console.log
    Highlighting files: [ 'src/main.java', 'components/main.java', 'lib/utils.java' ]

      at FileHighlighter.applyDecorations (src/ui/FileHighlighter.ts:119:17)

  console.log
    Clearing all file highlights

      at FileHighlighter.applyDecorations (src/ui/FileHighlighter.ts:121:17)

  console.log
    Highlighting files: [ 'lib/config.ts', 'app/main.java', 'app/index.py' ]

      at FileHighlighter.applyDecorations (src/ui/FileHighlighter.ts:119:17)

  console.log
    Using incremental cache for 6_nuE__.ts

      at AnalysisOptimizer.parseIncremental (src/performance/AnalysisOptimizer.ts:174:15)
          at Array.map (<anonymous>)

  console.log
    Clearing all file highlights

      at FileHighlighter.applyDecorations (src/ui/FileHighlighter.ts:121:17)

  console.log
    Highlighting files: [ 'src/main.java', 'components/main.java', 'lib/utils.java' ]

      at FileHighlighter.applyDecorations (src/ui/FileHighlighter.ts:119:17)

  console.log
    Using incremental cache for MSubm_.go

      at AnalysisOptimizer.parseIncremental (src/performance/AnalysisOptimizer.ts:174:15)
          at Array.map (<anonymous>)

  console.log
    Clearing all file highlights

      at FileHighlighter.applyDecorations (src/ui/FileHighlighter.ts:121:17)

  console.log
    Using incremental cache for _Ky.js

      at AnalysisOptimizer.parseIncremental (src/performance/AnalysisOptimizer.ts:174:15)
          at Array.map (<anonymous>)

  console.log
    Highlighting files: [ 'src/main.java', 'lib/config.ts', 'lib/helpers.ts' ]

      at FileHighlighter.applyDecorations (src/ui/FileHighlighter.ts:119:17)

  console.log
    Clearing all file highlights

      at FileHighlighter.applyDecorations (src/ui/FileHighlighter.ts:121:17)

  console.log
    Using incremental cache for ___5_7_/r___QVuIr_.ts

      at AnalysisOptimizer.parseIncremental (src/performance/AnalysisOptimizer.ts:174:15)
          at Array.map (<anonymous>)

  console.log
    Highlighting files: [ 'test/main.js', 'src/index.ts', 'app/config.java' ]

      at FileHighlighter.applyDecorations (src/ui/FileHighlighter.ts:119:17)

  console.log
    Using incremental cache for __k_8c4JUv__.ts

      at AnalysisOptimizer.parseIncremental (src/performance/AnalysisOptimizer.ts:174:15)
          at Array.map (<anonymous>)

  console.log
    Clearing all file highlights

      at FileHighlighter.applyDecorations (src/ui/FileHighlighter.ts:121:17)

  console.log
    Highlighting files: [
      'app/utils.ts',
      'lib/index.js',
      'components/helpers.java',
      'components/index.java'
    ]

      at FileHighlighter.applyDecorations (src/ui/FileHighlighter.ts:119:17)

  console.log
    Using incremental cache for __r__g_/3__O.java

      at AnalysisOptimizer.parseIncremental (src/performance/AnalysisOptimizer.ts:174:15)
          at Array.map (<anonymous>)

  console.log
    Clearing all file highlights

      at FileHighlighter.applyDecorations (src/ui/FileHighlighter.ts:121:17)

  console.log
    Highlighting files: [ 'src/main.java', 'lib/config.ts', 'lib/helpers.ts' ]

      at FileHighlighter.applyDecorations (src/ui/FileHighlighter.ts:119:17)

  console.log
    Using incremental cache for _blP_/X3_wAN_8.py

      at AnalysisOptimizer.parseIncremental (src/performance/AnalysisOptimizer.ts:174:15)
          at Array.map (<anonymous>)

  console.log
    Clearing all file highlights

      at FileHighlighter.applyDecorations (src/ui/FileHighlighter.ts:121:17)

  console.log
    Highlighting files: [ 'src/main.java', 'lib/config.ts', 'lib/helpers.ts' ]

      at FileHighlighter.applyDecorations (src/ui/FileHighlighter.ts:119:17)

  console.log
    Using incremental cache for _p6_G_qu.ts

      at AnalysisOptimizer.parseIncremental (src/performance/AnalysisOptimizer.ts:174:15)
          at Array.map (<anonymous>)

  console.log
    Using incremental cache for wmDU3x_C7_Z__x_.py

      at AnalysisOptimizer.parseIncremental (src/performance/AnalysisOptimizer.ts:174:15)
          at Array.map (<anonymous>)

  console.log
    Clearing all file highlights

      at FileHighlighter.applyDecorations (src/ui/FileHighlighter.ts:121:17)

  console.log
    Highlighting files: [ 'components/index.js', 'src/index.js', 'app/helpers.py' ]

      at FileHighlighter.applyDecorations (src/ui/FileHighlighter.ts:119:17)

  console.log
    Clearing all file highlights

      at FileHighlighter.applyDecorations (src/ui/FileHighlighter.ts:121:17)

  console.log
    Highlighting files: [ 'components/index.js', 'src/index.js', 'app/helpers.py' ]

      at FileHighlighter.applyDecorations (src/ui/FileHighlighter.ts:119:17)

  console.log
    Clearing all file highlights

      at FileHighlighter.applyDecorations (src/ui/FileHighlighter.ts:121:17)

  console.log
    Highlighting files: [ 'app/config.java', 'components/config.go' ]

      at FileHighlighter.applyDecorations (src/ui/FileHighlighter.ts:119:17)

  console.log
    Clearing all file highlights

      at FileHighlighter.applyDecorations (src/ui/FileHighlighter.ts:121:17)

  console.log
    Highlighting files: [ 'src/helpers.ts' ]

      at FileHighlighter.applyDecorations (src/ui/FileHighlighter.ts:119:17)

  console.log
    Clearing all file highlights

      at FileHighlighter.applyDecorations (src/ui/FileHighlighter.ts:121:17)

  console.log
    Highlighting files: [ 'src/utils.go' ]

      at FileHighlighter.applyDecorations (src/ui/FileHighlighter.ts:119:17)

  console.log
    Clearing all file highlights

      at FileHighlighter.applyDecorations (src/ui/FileHighlighter.ts:121:17)

  console.log
    Highlighting files: [ 'app/index.java', 'lib/main.go', 'src/index.ts' ]

      at FileHighlighter.applyDecorations (src/ui/FileHighlighter.ts:119:17)

  console.log
    Clearing all file highlights

      at FileHighlighter.applyDecorations (src/ui/FileHighlighter.ts:121:17)

  console.log
    Highlighting files: [ 'test/config.py', 'app/helpers.ts', 'lib/config.py' ]

      at FileHighlighter.applyDecorations (src/ui/FileHighlighter.ts:119:17)

  console.log
    Clearing all file highlights

      at FileHighlighter.applyDecorations (src/ui/FileHighlighter.ts:121:17)

  console.log
    Highlighting files: [
      'app/main.java',
      'components/index.java',
      'lib/utils.go',
      'test/main.ts',
      'components/main.java'
    ]

      at FileHighlighter.applyDecorations (src/ui/FileHighlighter.ts:119:17)

  console.log
    Clearing all file highlights

      at FileHighlighter.applyDecorations (src/ui/FileHighlighter.ts:121:17)

  console.log
    Highlighting files: [ 'lib/helpers.go' ]

      at FileHighlighter.applyDecorations (src/ui/FileHighlighter.ts:119:17)

  console.log
    Clearing all file highlights

      at FileHighlighter.applyDecorations (src/ui/FileHighlighter.ts:121:17)

  console.log
    Highlighting files: [ 'src/config.js' ]

      at FileHighlighter.applyDecorations (src/ui/FileHighlighter.ts:119:17)

  console.log
    Clearing all file highlights

      at FileHighlighter.applyDecorations (src/ui/FileHighlighter.ts:121:17)

  console.log
    Highlighting files: [
      'lib/index.js',
      'src/utils.go',
      'lib/utils.go',
      'components/utils.go'
    ]

      at FileHighlighter.applyDecorations (src/ui/FileHighlighter.ts:119:17)

  console.log
    Clearing all file highlights

      at FileHighlighter.applyDecorations (src/ui/FileHighlighter.ts:121:17)

  console.log
    Highlighting files: [ 'test/utils.js' ]

      at FileHighlighter.applyDecorations (src/ui/FileHighlighter.ts:119:17)

  console.log
    Clearing all file highlights

      at FileHighlighter.applyDecorations (src/ui/FileHighlighter.ts:121:17)

  console.log
    Highlighting files: [ 'test/utils.js' ]

      at FileHighlighter.applyDecorations (src/ui/FileHighlighter.ts:119:17)

  console.log
    Clearing all file highlights

      at FileHighlighter.applyDecorations (src/ui/FileHighlighter.ts:121:17)

  console.log
    Highlighting files: [ 'test/utils.js' ]

      at FileHighlighter.applyDecorations (src/ui/FileHighlighter.ts:119:17)

  console.log
    Clearing all file highlights

      at FileHighlighter.applyDecorations (src/ui/FileHighlighter.ts:121:17)

  console.log
    Highlighting files: [
      'app/utils.js',
      'src/config.java',
      'src/utils.ts',
      'lib/helpers.js',
      'lib/main.go'
    ]

      at FileHighlighter.applyDecorations (src/ui/FileHighlighter.ts:119:17)

  console.log
    Clearing all file highlights

      at FileHighlighter.applyDecorations (src/ui/FileHighlighter.ts:121:17)

  console.log
    Highlighting files: [
      'app/utils.js',
      'src/config.java',
      'src/utils.ts',
      'lib/helpers.js',
      'lib/main.go'
    ]

      at FileHighlighter.applyDecorations (src/ui/FileHighlighter.ts:119:17)

  console.log
    Clearing all file highlights

      at FileHighlighter.applyDecorations (src/ui/FileHighlighter.ts:121:17)

  console.log
    Highlighting files: [ 'app/utils.ts', 'components/main.py', 'lib/index.ts', 'lib/main.ts' ]

      at FileHighlighter.applyDecorations (src/ui/FileHighlighter.ts:119:17)

  console.log
    Clearing all file highlights

      at FileHighlighter.applyDecorations (src/ui/FileHighlighter.ts:121:17)

  console.log
    Highlighting files: [
      'app/utils.js',
      'src/config.java',
      'src/utils.ts',
      'lib/helpers.js',
      'lib/main.go'
    ]

      at FileHighlighter.applyDecorations (src/ui/FileHighlighter.ts:119:17)

  console.log
    Clearing all file highlights

      at FileHighlighter.applyDecorations (src/ui/FileHighlighter.ts:121:17)

  console.log
    Highlighting files: [ 'src/helpers.ts' ]

      at FileHighlighter.applyDecorations (src/ui/FileHighlighter.ts:119:17)

  console.log
    Clearing all file highlights

      at FileHighlighter.applyDecorations (src/ui/FileHighlighter.ts:121:17)

  console.log
    Highlighting files: [ 'lib/main.js' ]

      at FileHighlighter.applyDecorations (src/ui/FileHighlighter.ts:119:17)

  console.log
    Clearing all file highlights

      at FileHighlighter.applyDecorations (src/ui/FileHighlighter.ts:121:17)

  console.log
    Highlighting files: [
      'src/config.go',
      'test/config.ts',
      'components/utils.go',
      'app/utils.ts'
    ]

      at FileHighlighter.applyDecorations (src/ui/FileHighlighter.ts:119:17)

  console.log
    Clearing all file highlights

      at FileHighlighter.applyDecorations (src/ui/FileHighlighter.ts:121:17)

  console.log
    Highlighting files: [ 'lib/main.go' ]

      at FileHighlighter.applyDecorations (src/ui/FileHighlighter.ts:119:17)

  console.log
    Clearing all file highlights

      at FileHighlighter.applyDecorations (src/ui/FileHighlighter.ts:121:17)

  console.log
    Highlighting files: [ 'lib/helpers.ts', 'src/config.py' ]

      at FileHighlighter.applyDecorations (src/ui/FileHighlighter.ts:119:17)

  console.log
    Clearing all file highlights

      at FileHighlighter.applyDecorations (src/ui/FileHighlighter.ts:121:17)

  console.log
    Highlighting files: [
      'components/index.js',
      'components/main.go',
      'test/main.js',
      'test/utils.java',
      'lib/config.java'
    ]

      at FileHighlighter.applyDecorations (src/ui/FileHighlighter.ts:119:17)

  console.log
    Clearing all file highlights

      at FileHighlighter.applyDecorations (src/ui/FileHighlighter.ts:121:17)

  console.log
    Highlighting files: [
      'components/main.java',
      'src/utils.py',
      'app/index.js',
      'lib/utils.java',
      'components/config.py'
    ]

      at FileHighlighter.applyDecorations (src/ui/FileHighlighter.ts:119:17)

  console.log
    Clearing all file highlights

      at FileHighlighter.applyDecorations (src/ui/FileHighlighter.ts:121:17)

  console.log
    Highlighting files: [
      'components/index.js',
      'components/main.go',
      'test/main.js',
      'test/utils.java',
      'lib/config.java'
    ]

      at FileHighlighter.applyDecorations (src/ui/FileHighlighter.ts:119:17)

  console.log
    Clearing all file highlights

      at FileHighlighter.applyDecorations (src/ui/FileHighlighter.ts:121:17)

  console.log
    Highlighting files: [
      'components/main.java',
      'src/utils.py',
      'app/index.js',
      'lib/utils.java',
      'components/config.py'
    ]

      at FileHighlighter.applyDecorations (src/ui/FileHighlighter.ts:119:17)

  console.log
    Clearing all file highlights

      at FileHighlighter.applyDecorations (src/ui/FileHighlighter.ts:121:17)

  console.log
    Highlighting files: [ 'test/main.js', 'src/main.js', 'src/index.js', 'app/index.ts' ]

      at FileHighlighter.applyDecorations (src/ui/FileHighlighter.ts:119:17)

  console.log
    Clearing all file highlights

      at FileHighlighter.applyDecorations (src/ui/FileHighlighter.ts:121:17)

  console.log
    Highlighting files: [ 'components/helpers.ts', 'src/main.ts' ]

      at FileHighlighter.applyDecorations (src/ui/FileHighlighter.ts:119:17)

  console.log
    Clearing all file highlights

      at FileHighlighter.applyDecorations (src/ui/FileHighlighter.ts:121:17)

  console.log
    Highlighting files: [
      'src/config.py',
      'components/index.java',
      'components/helpers.ts',
      'app/config.js'
    ]

      at FileHighlighter.applyDecorations (src/ui/FileHighlighter.ts:119:17)

  console.log
    Clearing all file highlights

      at FileHighlighter.applyDecorations (src/ui/FileHighlighter.ts:121:17)

  console.log
    Highlighting files: [ 'components/helpers.ts', 'src/main.ts' ]

      at FileHighlighter.applyDecorations (src/ui/FileHighlighter.ts:119:17)

  console.log
    Clearing all file highlights

      at FileHighlighter.applyDecorations (src/ui/FileHighlighter.ts:121:17)

  console.log
    Highlighting files: [ 'src/main.java' ]

      at FileHighlighter.applyDecorations (src/ui/FileHighlighter.ts:119:17)

  console.log
    Analysis completed in 1727ms (1.73s)

      at Object.<anonymous> (src/__tests__/performance.test.ts:109:15)

  console.log
    Clearing all file highlights

      at FileHighlighter.applyDecorations (src/ui/FileHighlighter.ts:121:17)

  console.log
    Memory usage: 148.84MB -> 160.96MB (increase: 12.13MB)

      at Object.<anonymous> (src/__tests__/performance.test.ts:110:15)

  console.log
    Highlighting files: [ 'lib/main.ts', 'src/helpers.py' ]

      at FileHighlighter.applyDecorations (src/ui/FileHighlighter.ts:119:17)

  console.log
    Files analyzed: 1000

      at Object.<anonymous> (src/__tests__/performance.test.ts:111:15)

  console.log
    Clearing all file highlights

      at FileHighlighter.applyDecorations (src/ui/FileHighlighter.ts:121:17)

  console.log
    Highlighting files: [ 'lib/main.ts', 'src/helpers.py' ]

      at FileHighlighter.applyDecorations (src/ui/FileHighlighter.ts:119:17)

  console.log
    Clearing all file highlights

      at FileHighlighter.applyDecorations (src/ui/FileHighlighter.ts:121:17)

  console.log
    Highlighting files: [ 'test/index.js', 'test/main.java', 'app/index.ts', 'app/utils.java' ]

      at FileHighlighter.applyDecorations (src/ui/FileHighlighter.ts:119:17)

  console.log
    Clearing all file highlights

      at FileHighlighter.applyDecorations (src/ui/FileHighlighter.ts:121:17)

  console.log
    Highlighting files: [ 'src/utils.ts', 'lib/main.ts' ]

      at FileHighlighter.applyDecorations (src/ui/FileHighlighter.ts:119:17)

  console.log
    Clearing all file highlights

      at FileHighlighter.applyDecorations (src/ui/FileHighlighter.ts:121:17)

  console.log
    Highlighting files: [
      'app/main.java',
      'test/helpers.ts',
      'src/index.go',
      'test/utils.java',
      'lib/main.java'
    ]

      at FileHighlighter.applyDecorations (src/ui/FileHighlighter.ts:119:17)

  console.log
    Clearing all file highlights

      at FileHighlighter.applyDecorations (src/ui/FileHighlighter.ts:121:17)

  console.log
    Highlighting files: [ 'components/helpers.java' ]

      at FileHighlighter.applyDecorations (src/ui/FileHighlighter.ts:119:17)

  console.log
    Diagram generated in 1ms (0.00s)

      at Object.<anonymous> (src/__tests__/performance.test.ts:184:15)

  console.log
    Clearing all file highlights

      at FileHighlighter.applyDecorations (src/ui/FileHighlighter.ts:121:17)

  console.log
    Memory usage: 161.83MB -> 162.35MB (increase: 0.53MB)

      at Object.<anonymous> (src/__tests__/performance.test.ts:185:15)

  console.log
    Highlighting files: [ 'app/main.go', 'app/helpers.go', 'lib/helpers.go' ]

      at FileHighlighter.applyDecorations (src/ui/FileHighlighter.ts:119:17)

  console.log
    Nodes: 500, Edges: 499

      at Object.<anonymous> (src/__tests__/performance.test.ts:186:15)

  console.log
    Clearing all file highlights

      at FileHighlighter.applyDecorations (src/ui/FileHighlighter.ts:121:17)

  console.log
    Highlighting files: [
      'src/utils.go',
      'components/helpers.js',
      'src/index.java',
      'app/index.py',
      'test/index.ts'
    ]

      at FileHighlighter.applyDecorations (src/ui/FileHighlighter.ts:119:17)

  console.log
    Clearing all file highlights

      at FileHighlighter.applyDecorations (src/ui/FileHighlighter.ts:121:17)

  console.log
    Highlighting files: [ 'lib/utils.py', 'test/main.py' ]

      at FileHighlighter.applyDecorations (src/ui/FileHighlighter.ts:119:17)

  console.log
    Clearing all file highlights

      at FileHighlighter.applyDecorations (src/ui/FileHighlighter.ts:121:17)

  console.log
    Export completed in 1ms

      at Object.<anonymous> (src/__tests__/performance.test.ts:256:15)

  console.log
    Export data size: 36.71KB

      at Object.<anonymous> (src/__tests__/performance.test.ts:257:15)

  console.log
    Highlighting files: [ 'test/index.ts', 'lib/main.go', 'test/utils.py', 'app/main.go' ]

      at FileHighlighter.applyDecorations (src/ui/FileHighlighter.ts:119:17)

  console.log
    Clearing all file highlights

      at FileHighlighter.applyDecorations (src/ui/FileHighlighter.ts:121:17)

  console.log
    Highlighting files: [
      'lib/index.go',
      'src/main.ts',
      'test/utils.go',
      'src/config.go',
      'test/utils.ts'
    ]

      at FileHighlighter.applyDecorations (src/ui/FileHighlighter.ts:119:17)

  console.log
    Clearing all file highlights

      at FileHighlighter.applyDecorations (src/ui/FileHighlighter.ts:121:17)

  console.log
    Highlighting files: [
      'src/index.ts',
      'components/index.ts',
      'test/index.ts',
      'src/main.go'
    ]

      at FileHighlighter.applyDecorations (src/ui/FileHighlighter.ts:119:17)

  console.log
    Clearing all file highlights

      at FileHighlighter.applyDecorations (src/ui/FileHighlighter.ts:121:17)

  console.log
    Highlighting files: [ 'src/main.js' ]

      at FileHighlighter.applyDecorations (src/ui/FileHighlighter.ts:119:17)

  console.log
    Clearing all file highlights

      at FileHighlighter.applyDecorations (src/ui/FileHighlighter.ts:121:17)

  console.log
    Highlighting files: [ 'app/utils.ts', 'test/config.py' ]

      at FileHighlighter.applyDecorations (src/ui/FileHighlighter.ts:119:17)

  console.log
    Clearing all file highlights

      at FileHighlighter.applyDecorations (src/ui/FileHighlighter.ts:121:17)

  console.log
    Highlighting files: [ 'components/helpers.go', 'app/helpers.ts', 'components/utils.ts' ]

      at FileHighlighter.applyDecorations (src/ui/FileHighlighter.ts:119:17)

  console.log
    Clearing all file highlights

      at FileHighlighter.applyDecorations (src/ui/FileHighlighter.ts:121:17)

  console.log
    Highlighting files: [
      'app/helpers.js',
      'src/config.js',
      'lib/index.py',
      'app/config.go',
      'app/utils.py'
    ]

      at FileHighlighter.applyDecorations (src/ui/FileHighlighter.ts:119:17)

  console.log
    Clearing all file highlights

      at FileHighlighter.applyDecorations (src/ui/FileHighlighter.ts:121:17)

  console.log
    Highlighting files: [ 'components/helpers.js', 'lib/utils.go', 'src/main.java' ]

      at FileHighlighter.applyDecorations (src/ui/FileHighlighter.ts:119:17)

  console.log
    Clearing all file highlights

      at FileHighlighter.applyDecorations (src/ui/FileHighlighter.ts:121:17)

  console.log
    Highlighting files: [ 'components/helpers.go', 'app/helpers.ts', 'components/utils.ts' ]

      at FileHighlighter.applyDecorations (src/ui/FileHighlighter.ts:119:17)

  console.log
    Clearing all file highlights

      at FileHighlighter.applyDecorations (src/ui/FileHighlighter.ts:121:17)

  console.log
    Highlighting files: [ 'app/main.java', 'app/utils.go', 'src/index.py', 'app/config.java' ]

      at FileHighlighter.applyDecorations (src/ui/FileHighlighter.ts:119:17)

  console.log
    Clearing all file highlights

      at FileHighlighter.applyDecorations (src/ui/FileHighlighter.ts:121:17)

  console.log
    Highlighting files: [
      'lib/helpers.ts',
      'app/helpers.go',
      'app/utils.ts',
      'test/utils.ts',
      'app/index.py'
    ]

      at FileHighlighter.applyDecorations (src/ui/FileHighlighter.ts:119:17)

  console.log
    Clearing all file highlights

      at FileHighlighter.applyDecorations (src/ui/FileHighlighter.ts:121:17)

  console.log
    Highlighting files: [
      'components/config.ts',
      'components/index.java',
      'lib/index.ts',
      'app/helpers.java'
    ]

      at FileHighlighter.applyDecorations (src/ui/FileHighlighter.ts:119:17)

  console.log
    Clearing all file highlights

      at FileHighlighter.applyDecorations (src/ui/FileHighlighter.ts:121:17)

  console.log
    Highlighting files: [
      'components/helpers.js',
      'lib/helpers.js',
      'app/main.java',
      'app/helpers.ts'
    ]

      at FileHighlighter.applyDecorations (src/ui/FileHighlighter.ts:119:17)

  console.log
    Clearing all file highlights

      at FileHighlighter.applyDecorations (src/ui/FileHighlighter.ts:121:17)

  console.log
    Highlighting files: [
      'components/main.py',
      'test/main.java',
      'lib/helpers.py',
      'app/utils.java'
    ]

      at FileHighlighter.applyDecorations (src/ui/FileHighlighter.ts:119:17)

  console.log
    Clearing all file highlights

      at FileHighlighter.applyDecorations (src/ui/FileHighlighter.ts:121:17)

  console.log
    Highlighting files: [ 'components/helpers.java', 'src/main.ts' ]

      at FileHighlighter.applyDecorations (src/ui/FileHighlighter.ts:119:17)

  console.log
    Clearing all file highlights

      at FileHighlighter.applyDecorations (src/ui/FileHighlighter.ts:121:17)

  console.log
    Highlighting files: [
      'lib/index.js',
      'lib/helpers.go',
      'components/helpers.js',
      'test/main.py'
    ]

      at FileHighlighter.applyDecorations (src/ui/FileHighlighter.ts:119:17)

  console.log
    Clearing all file highlights

      at FileHighlighter.applyDecorations (src/ui/FileHighlighter.ts:121:17)

  console.log
    Highlighting files: [
      'components/config.ts',
      'lib/helpers.java',
      'lib/main.py',
      'src/utils.java'
    ]

      at FileHighlighter.applyDecorations (src/ui/FileHighlighter.ts:119:17)

  console.log
    Clearing all file highlights

      at FileHighlighter.applyDecorations (src/ui/FileHighlighter.ts:121:17)

  console.log
    Highlighting files: [
      'components/config.ts',
      'lib/helpers.java',
      'lib/main.py',
      'src/utils.java'
    ]

      at FileHighlighter.applyDecorations (src/ui/FileHighlighter.ts:119:17)

  console.log
    Clearing all file highlights

      at FileHighlighter.applyDecorations (src/ui/FileHighlighter.ts:121:17)

  console.log
    Highlighting files: [ 'test/index.js', 'lib/main.java' ]

      at FileHighlighter.applyDecorations (src/ui/FileHighlighter.ts:119:17)

  console.log
    Clearing all file highlights

      at FileHighlighter.applyDecorations (src/ui/FileHighlighter.ts:121:17)

  console.log
    Highlighting files: [ 'test/index.js', 'lib/main.java' ]

      at FileHighlighter.applyDecorations (src/ui/FileHighlighter.ts:119:17)

  console.log
    Clearing all file highlights

      at FileHighlighter.applyDecorations (src/ui/FileHighlighter.ts:121:17)

  console.log
    Highlighting files: [ 'components/config.js', 'app/helpers.py' ]

      at FileHighlighter.applyDecorations (src/ui/FileHighlighter.ts:119:17)

  console.log
    Clearing all file highlights

      at FileHighlighter.applyDecorations (src/ui/FileHighlighter.ts:121:17)

  console.log
    Highlighting files: [ 'test/config.ts', 'app/config.ts' ]

      at FileHighlighter.applyDecorations (src/ui/FileHighlighter.ts:119:17)

  console.log
    Clearing all file highlights

      at FileHighlighter.applyDecorations (src/ui/FileHighlighter.ts:121:17)

  console.log
    Highlighting files: [ 'lib/main.go', 'lib/main.js' ]

      at FileHighlighter.applyDecorations (src/ui/FileHighlighter.ts:119:17)

  console.log
    Clearing all file highlights

      at FileHighlighter.applyDecorations (src/ui/FileHighlighter.ts:121:17)

  console.log
    Highlighting files: [
      'src/utils.ts',
      'components/helpers.py',
      'src/main.js',
      'src/helpers.go',
      'src/config.js'
    ]

      at FileHighlighter.applyDecorations (src/ui/FileHighlighter.ts:119:17)

  console.log
    Clearing all file highlights

      at FileHighlighter.applyDecorations (src/ui/FileHighlighter.ts:121:17)

  console.log
    Highlighting files: [ 'lib/main.go', 'lib/main.js' ]

      at FileHighlighter.applyDecorations (src/ui/FileHighlighter.ts:119:17)

  console.log
    Clearing all file highlights

      at FileHighlighter.applyDecorations (src/ui/FileHighlighter.ts:121:17)

  console.log
    Highlighting files: [
      'lib/helpers.ts',
      'components/config.py',
      'components/main.py',
      'test/utils.go'
    ]

      at FileHighlighter.applyDecorations (src/ui/FileHighlighter.ts:119:17)

  console.log
    Clearing all file highlights

      at FileHighlighter.applyDecorations (src/ui/FileHighlighter.ts:121:17)

  console.log
    Highlighting files: [ 'test/index.java', 'lib/utils.ts', 'components/utils.go' ]

      at FileHighlighter.applyDecorations (src/ui/FileHighlighter.ts:119:17)

  console.log
    Clearing all file highlights

      at FileHighlighter.applyDecorations (src/ui/FileHighlighter.ts:121:17)

  console.log
    Highlighting files: [ 'test/index.java', 'lib/utils.ts', 'components/utils.go' ]

      at FileHighlighter.applyDecorations (src/ui/FileHighlighter.ts:119:17)

  console.log
    Clearing all file highlights

      at FileHighlighter.applyDecorations (src/ui/FileHighlighter.ts:121:17)

  console.log
    Highlighting files: [ 'test/index.py' ]

      at FileHighlighter.applyDecorations (src/ui/FileHighlighter.ts:119:17)

  console.log
    Clearing all file highlights

      at FileHighlighter.applyDecorations (src/ui/FileHighlighter.ts:121:17)

  console.log
    Highlighting files: [ 'src/main.js' ]

      at FileHighlighter.applyDecorations (src/ui/FileHighlighter.ts:119:17)

  console.log
    Clearing all file highlights

      at FileHighlighter.applyDecorations (src/ui/FileHighlighter.ts:121:17)

  console.log
    Highlighting files: [ 'src/utils.js' ]

      at FileHighlighter.applyDecorations (src/ui/FileHighlighter.ts:119:17)

  console.log
    Clearing all file highlights

      at FileHighlighter.applyDecorations (src/ui/FileHighlighter.ts:121:17)

  console.log
    Highlighting files: [
      'test/helpers.java',
      'src/index.js',
      'app/config.py',
      'test/config.go',
      'app/index.go'
    ]

      at FileHighlighter.applyDecorations (src/ui/FileHighlighter.ts:119:17)

  console.log
    Clearing all file highlights

      at FileHighlighter.applyDecorations (src/ui/FileHighlighter.ts:121:17)

  console.log
    Highlighting files: [ 'app/main.go', 'components/main.go', 'components/utils.js' ]

      at FileHighlighter.applyDecorations (src/ui/FileHighlighter.ts:119:17)

  console.log
    Clearing all file highlights

      at FileHighlighter.applyDecorations (src/ui/FileHighlighter.ts:121:17)

  console.log
    Highlighting files: [ 'app/utils.java', 'lib/helpers.java', 'app/config.ts' ]

      at FileHighlighter.applyDecorations (src/ui/FileHighlighter.ts:119:17)

  console.log
    Clearing all file highlights

      at FileHighlighter.applyDecorations (src/ui/FileHighlighter.ts:121:17)

  console.log
    Highlighting files: [ 'app/utils.java', 'lib/helpers.java', 'app/config.ts' ]

      at FileHighlighter.applyDecorations (src/ui/FileHighlighter.ts:119:17)

  console.log
    Clearing all file highlights

      at FileHighlighter.applyDecorations (src/ui/FileHighlighter.ts:121:17)

  console.log
    Highlighting files: [
      'app/utils.ts',
      'components/main.java',
      'lib/main.java',
      'lib/index.py',
      'lib/helpers.js'
    ]

      at FileHighlighter.applyDecorations (src/ui/FileHighlighter.ts:119:17)

  console.log
    Clearing all file highlights

      at FileHighlighter.applyDecorations (src/ui/FileHighlighter.ts:121:17)

  console.log
    Highlighting files: [ 'app/index.js', 'lib/utils.ts' ]

      at FileHighlighter.applyDecorations (src/ui/FileHighlighter.ts:119:17)

  console.log
    Clearing all file highlights

      at FileHighlighter.applyDecorations (src/ui/FileHighlighter.ts:121:17)

  console.log
    Highlighting files: [ 'lib/index.java', 'app/utils.ts', 'app/utils.js' ]

      at FileHighlighter.applyDecorations (src/ui/FileHighlighter.ts:119:17)

  console.log
    Clearing all file highlights

      at FileHighlighter.applyDecorations (src/ui/FileHighlighter.ts:121:17)

  console.log
    Highlighting files: [ 'app/helpers.java', 'src/index.go' ]

      at FileHighlighter.applyDecorations (src/ui/FileHighlighter.ts:119:17)

  console.log
    Clearing all file highlights

      at FileHighlighter.applyDecorations (src/ui/FileHighlighter.ts:121:17)

  console.log
    Highlighting files: [ 'lib/utils.java' ]

      at FileHighlighter.applyDecorations (src/ui/FileHighlighter.ts:119:17)

  console.log
    Clearing all file highlights

      at FileHighlighter.applyDecorations (src/ui/FileHighlighter.ts:121:17)

  console.log
    Highlighting files: [ 'app/helpers.java', 'src/index.go' ]

      at FileHighlighter.applyDecorations (src/ui/FileHighlighter.ts:119:17)

  console.log
    Clearing all file highlights

      at FileHighlighter.applyDecorations (src/ui/FileHighlighter.ts:121:17)

  console.log
    Highlighting files: [ 'lib/utils.ts', 'app/index.js', 'test/utils.go', 'lib/utils.go' ]

      at FileHighlighter.applyDecorations (src/ui/FileHighlighter.ts:119:17)

  console.log
    Clearing all file highlights

      at FileHighlighter.applyDecorations (src/ui/FileHighlighter.ts:121:17)

  console.log
    Highlighting files: [ 'app/helpers.py', 'components/utils.py' ]

      at FileHighlighter.applyDecorations (src/ui/FileHighlighter.ts:119:17)

  console.log
    Clearing all file highlights

      at FileHighlighter.applyDecorations (src/ui/FileHighlighter.ts:121:17)

  console.log
    Highlighting files: [
      'components/index.ts',
      'test/helpers.java',
      'app/utils.js',
      'test/main.go'
    ]

      at FileHighlighter.applyDecorations (src/ui/FileHighlighter.ts:119:17)

  console.log
    Clearing all file highlights

      at FileHighlighter.applyDecorations (src/ui/FileHighlighter.ts:121:17)

  console.log
    Highlighting files: [ 'components/index.go', 'src/helpers.go', 'app/index.java' ]

      at FileHighlighter.applyDecorations (src/ui/FileHighlighter.ts:119:17)

  console.log
    Clearing all file highlights

      at FileHighlighter.applyDecorations (src/ui/FileHighlighter.ts:121:17)

  console.log
    Highlighting files: [
      'components/index.ts',
      'test/helpers.java',
      'app/utils.js',
      'test/main.go'
    ]

      at FileHighlighter.applyDecorations (src/ui/FileHighlighter.ts:119:17)

  console.log
    Clearing all file highlights

      at FileHighlighter.applyDecorations (src/ui/FileHighlighter.ts:121:17)

  console.log
    Highlighting files: [
      'components/helpers.go',
      'test/utils.ts',
      'app/utils.go',
      'src/config.go',
      'app/utils.ts'
    ]

      at FileHighlighter.applyDecorations (src/ui/FileHighlighter.ts:119:17)

  console.log
    Clearing all file highlights

      at FileHighlighter.applyDecorations (src/ui/FileHighlighter.ts:121:17)

  console.log
    Highlighting files: [ 'app/index.java', 'src/index.go', 'src/helpers.go' ]

      at FileHighlighter.applyDecorations (src/ui/FileHighlighter.ts:119:17)

  console.log
    Clearing all file highlights

      at FileHighlighter.applyDecorations (src/ui/FileHighlighter.ts:121:17)

  console.log
    Highlighting files: [ 'components/config.js' ]

      at FileHighlighter.applyDecorations (src/ui/FileHighlighter.ts:119:17)

  console.log
    Clearing all file highlights

      at FileHighlighter.applyDecorations (src/ui/FileHighlighter.ts:121:17)

  console.log
    Highlighting files: [ 'src/index.ts', 'components/main.ts' ]

      at FileHighlighter.applyDecorations (src/ui/FileHighlighter.ts:119:17)

  console.log
    Clearing all file highlights

      at FileHighlighter.applyDecorations (src/ui/FileHighlighter.ts:121:17)

  console.log
    Highlighting files: [ 'lib/utils.go' ]

      at FileHighlighter.applyDecorations (src/ui/FileHighlighter.ts:119:17)

  console.log
    Clearing all file highlights

      at FileHighlighter.applyDecorations (src/ui/FileHighlighter.ts:121:17)

  console.log
    Highlighting files: [
      'src/helpers.py',
      'lib/helpers.ts',
      'components/helpers.js',
      'test/utils.java'
    ]

      at FileHighlighter.applyDecorations (src/ui/FileHighlighter.ts:119:17)

  console.log
    Clearing all file highlights

      at FileHighlighter.applyDecorations (src/ui/FileHighlighter.ts:121:17)

  console.log
    Highlighting files: [ 'src/helpers.ts', 'src/index.js' ]

      at FileHighlighter.applyDecorations (src/ui/FileHighlighter.ts:119:17)

  console.log
    Clearing all file highlights

      at FileHighlighter.applyDecorations (src/ui/FileHighlighter.ts:121:17)

  console.log
    Highlighting files: [
      'lib/utils.js',
      'components/config.ts',
      'src/main.ts',
      'src/index.ts'
    ]

      at FileHighlighter.applyDecorations (src/ui/FileHighlighter.ts:119:17)

  console.log
    Clearing all file highlights

      at FileHighlighter.applyDecorations (src/ui/FileHighlighter.ts:121:17)

  console.log
    Highlighting files: [ 'lib/utils.ts' ]

      at FileHighlighter.applyDecorations (src/ui/FileHighlighter.ts:119:17)

  console.log
    Clearing all file highlights

      at FileHighlighter.applyDecorations (src/ui/FileHighlighter.ts:121:17)

  console.log
    Highlighting files: [ 'components/main.js', 'lib/index.py' ]

      at FileHighlighter.applyDecorations (src/ui/FileHighlighter.ts:119:17)

  console.log
    Clearing all file highlights

      at FileHighlighter.applyDecorations (src/ui/FileHighlighter.ts:121:17)

  console.log
    Highlighting files: [
      'components/main.java',
      'app/helpers.ts',
      'src/index.py',
      'src/helpers.py',
      'test/main.go'
    ]

      at FileHighlighter.applyDecorations (src/ui/FileHighlighter.ts:119:17)

  console.log
    Clearing all file highlights

      at FileHighlighter.applyDecorations (src/ui/FileHighlighter.ts:121:17)

  console.log
    Highlighting files: [
      'components/main.java',
      'app/helpers.ts',
      'src/index.py',
      'src/helpers.py',
      'test/main.go'
    ]

      at FileHighlighter.applyDecorations (src/ui/FileHighlighter.ts:119:17)

  console.log
    Clearing all file highlights

      at FileHighlighter.applyDecorations (src/ui/FileHighlighter.ts:121:17)

  console.log
    Highlighting files: [
      'components/main.java',
      'app/helpers.ts',
      'src/index.py',
      'src/helpers.py',
      'test/main.go'
    ]

      at FileHighlighter.applyDecorations (src/ui/FileHighlighter.ts:119:17)

  console.log
    Clearing all file highlights

      at FileHighlighter.applyDecorations (src/ui/FileHighlighter.ts:121:17)

  console.log
    Highlighting files: [
      'app/index.ts',
      'lib/index.ts',
      'app/config.ts',
      'app/config.java',
      'components/main.ts'
    ]

      at FileHighlighter.applyDecorations (src/ui/FileHighlighter.ts:119:17)

  console.log
    Clearing all file highlights

      at FileHighlighter.applyDecorations (src/ui/FileHighlighter.ts:121:17)

  console.log
    Highlighting files: [
      'src/helpers.py',
      'test/main.java',
      'app/config.js',
      'src/config.ts'
    ]

      at FileHighlighter.applyDecorations (src/ui/FileHighlighter.ts:119:17)

  console.log
    Clearing all file highlights

      at FileHighlighter.applyDecorations (src/ui/FileHighlighter.ts:121:17)

  console.log
    Highlighting files: [
      'app/index.ts',
      'lib/index.ts',
      'app/config.ts',
      'app/config.java',
      'components/main.ts'
    ]

      at FileHighlighter.applyDecorations (src/ui/FileHighlighter.ts:119:17)

  console.log
    Clearing all file highlights

      at FileHighlighter.applyDecorations (src/ui/FileHighlighter.ts:121:17)

  console.log
    Highlighting files: [ 'lib/index.py', 'app/index.go', 'lib/main.ts' ]

      at FileHighlighter.applyDecorations (src/ui/FileHighlighter.ts:119:17)

  console.log
    Clearing all file highlights

      at FileHighlighter.applyDecorations (src/ui/FileHighlighter.ts:121:17)

  console.log
    Highlighting files: [ 'components/main.go' ]

      at FileHighlighter.applyDecorations (src/ui/FileHighlighter.ts:119:17)

  console.log
    Clearing all file highlights

      at FileHighlighter.applyDecorations (src/ui/FileHighlighter.ts:121:17)

  console.log
    Highlighting files: [
      'test/utils.ts',
      'lib/main.go',
      'test/main.ts',
      'components/config.ts'
    ]

      at FileHighlighter.applyDecorations (src/ui/FileHighlighter.ts:119:17)

  console.log
    Clearing all file highlights

      at FileHighlighter.applyDecorations (src/ui/FileHighlighter.ts:121:17)

  console.log
    Highlighting files: [
      'test/utils.ts',
      'lib/main.go',
      'test/main.ts',
      'components/config.ts'
    ]

      at FileHighlighter.applyDecorations (src/ui/FileHighlighter.ts:119:17)

  console.log
    Clearing all file highlights

      at FileHighlighter.applyDecorations (src/ui/FileHighlighter.ts:121:17)

  console.log
    Highlighting files: [ 'src/utils.ts' ]

      at FileHighlighter.applyDecorations (src/ui/FileHighlighter.ts:119:17)

  console.log
    Clearing all file highlights

      at FileHighlighter.applyDecorations (src/ui/FileHighlighter.ts:121:17)

  console.log
    Highlighting files: [
      'lib/config.java',
      'app/helpers.js',
      'lib/utils.ts',
      'test/index.py',
      'app/helpers.java'
    ]

      at FileHighlighter.applyDecorations (src/ui/FileHighlighter.ts:119:17)

  console.log
    Clearing all file highlights

      at FileHighlighter.applyDecorations (src/ui/FileHighlighter.ts:121:17)

  console.log
    Highlighting files: [
      'lib/config.java',
      'app/helpers.js',
      'lib/utils.ts',
      'test/index.py',
      'app/helpers.java'
    ]

      at FileHighlighter.applyDecorations (src/ui/FileHighlighter.ts:119:17)

  console.log
    Clearing all file highlights

      at FileHighlighter.applyDecorations (src/ui/FileHighlighter.ts:121:17)

  console.log
    Highlighting files: [ 'lib/utils.js', 'components/utils.go' ]

      at FileHighlighter.applyDecorations (src/ui/FileHighlighter.ts:119:17)

  console.log
    Clearing all file highlights

      at FileHighlighter.applyDecorations (src/ui/FileHighlighter.ts:121:17)

  console.log
    Highlighting files: [ 'test/utils.java', 'test/helpers.ts' ]

      at FileHighlighter.applyDecorations (src/ui/FileHighlighter.ts:119:17)

  console.log
    Clearing all file highlights

      at FileHighlighter.applyDecorations (src/ui/FileHighlighter.ts:121:17)

  console.log
    Highlighting files: [ 'app/helpers.ts', 'app/config.ts' ]

      at FileHighlighter.applyDecorations (src/ui/FileHighlighter.ts:119:17)

  console.log
    Clearing all file highlights

      at FileHighlighter.applyDecorations (src/ui/FileHighlighter.ts:121:17)

  console.log
    Highlighting files: [
      'app/main.js',
      'src/main.go',
      'test/utils.js',
      'src/helpers.go',
      'app/utils.py'
    ]

      at FileHighlighter.applyDecorations (src/ui/FileHighlighter.ts:119:17)

  console.log
    Clearing all file highlights

      at FileHighlighter.applyDecorations (src/ui/FileHighlighter.ts:121:17)

  console.log
    Highlighting files: [ 'src/main.java' ]

      at FileHighlighter.applyDecorations (src/ui/FileHighlighter.ts:119:17)

  console.log
    Clearing all file highlights

      at FileHighlighter.applyDecorations (src/ui/FileHighlighter.ts:121:17)

  console.log
    Highlighting files: [ 'lib/config.java', 'components/main.go' ]

      at FileHighlighter.applyDecorations (src/ui/FileHighlighter.ts:119:17)

  console.log
    Clearing all file highlights

      at FileHighlighter.applyDecorations (src/ui/FileHighlighter.ts:121:17)

  console.log
    Highlighting files: [ 'lib/config.java', 'components/main.go' ]

      at FileHighlighter.applyDecorations (src/ui/FileHighlighter.ts:119:17)

  console.log
    Clearing all file highlights

      at FileHighlighter.applyDecorations (src/ui/FileHighlighter.ts:121:17)

  console.log
    Highlighting files: [
      'components/config.go',
      'lib/config.go',
      'components/index.ts',
      'test/helpers.java'
    ]

      at FileHighlighter.applyDecorations (src/ui/FileHighlighter.ts:119:17)

  console.log
    Clearing all file highlights

      at FileHighlighter.applyDecorations (src/ui/FileHighlighter.ts:121:17)

  console.log
    Highlighting files: [ 'src/main.ts' ]

      at FileHighlighter.applyDecorations (src/ui/FileHighlighter.ts:119:17)

  console.log
    Clearing all file highlights

      at FileHighlighter.applyDecorations (src/ui/FileHighlighter.ts:121:17)

  console.log
    Highlighting files: [ 'src/main.ts' ]

      at FileHighlighter.applyDecorations (src/ui/FileHighlighter.ts:119:17)

  console.log
    Clearing all file highlights

      at FileHighlighter.applyDecorations (src/ui/FileHighlighter.ts:121:17)

  console.log
    Highlighting files: [
      'components/index.go',
      'test/config.js',
      'src/main.java',
      'test/config.ts'
    ]

      at FileHighlighter.applyDecorations (src/ui/FileHighlighter.ts:119:17)

  console.log
    Clearing all file highlights

      at FileHighlighter.applyDecorations (src/ui/FileHighlighter.ts:121:17)

  console.log
    Highlighting files: [ 'app/main.go', 'components/main.java', 'src/helpers.go' ]

      at FileHighlighter.applyDecorations (src/ui/FileHighlighter.ts:119:17)

  console.log
    Clearing all file highlights

      at FileHighlighter.applyDecorations (src/ui/FileHighlighter.ts:121:17)

  console.log
    Highlighting files: [ 'test/main.py' ]

      at FileHighlighter.applyDecorations (src/ui/FileHighlighter.ts:119:17)

  console.log
    Clearing all file highlights

      at FileHighlighter.applyDecorations (src/ui/FileHighlighter.ts:121:17)

  console.log
    Highlighting files: [ 'test/utils.js', 'app/helpers.ts', 'lib/main.go' ]

      at FileHighlighter.applyDecorations (src/ui/FileHighlighter.ts:119:17)

  console.log
    Clearing all file highlights

      at FileHighlighter.applyDecorations (src/ui/FileHighlighter.ts:121:17)

  console.log
    Highlighting files: [
      'src/helpers.js',
      'lib/main.ts',
      'components/index.js',
      'test/utils.java',
      'components/index.go'
    ]

      at FileHighlighter.applyDecorations (src/ui/FileHighlighter.ts:119:17)

  console.log
    Clearing all file highlights

      at FileHighlighter.applyDecorations (src/ui/FileHighlighter.ts:121:17)

  console.log
    Highlighting files: [ 'components/helpers.ts', 'app/index.js' ]

      at FileHighlighter.applyDecorations (src/ui/FileHighlighter.ts:119:17)

  console.log
    Clearing all file highlights

      at FileHighlighter.applyDecorations (src/ui/FileHighlighter.ts:121:17)

  console.log
    Highlighting files: [
      'app/index.py',
      'src/helpers.js',
      'app/index.go',
      'test/index.js',
      'lib/main.go'
    ]

      at FileHighlighter.applyDecorations (src/ui/FileHighlighter.ts:119:17)

  console.log
    Clearing all file highlights

      at FileHighlighter.applyDecorations (src/ui/FileHighlighter.ts:121:17)

  console.log
    Highlighting files: [ 'components/helpers.ts', 'app/index.js' ]

      at FileHighlighter.applyDecorations (src/ui/FileHighlighter.ts:119:17)

  console.log
    Clearing all file highlights

      at FileHighlighter.applyDecorations (src/ui/FileHighlighter.ts:121:17)

  console.log
    Highlighting files: [ 'components/helpers.java', 'lib/config.ts' ]

      at FileHighlighter.applyDecorations (src/ui/FileHighlighter.ts:119:17)

  console.log
    Clearing all file highlights

      at FileHighlighter.applyDecorations (src/ui/FileHighlighter.ts:121:17)

  console.log
    Highlighting files: [ 'components/helpers.java', 'lib/config.ts' ]

      at FileHighlighter.applyDecorations (src/ui/FileHighlighter.ts:119:17)

  console.log
    Clearing all file highlights

      at FileHighlighter.applyDecorations (src/ui/FileHighlighter.ts:121:17)

  console.log
    Highlighting files: [ 'components/helpers.java', 'lib/config.ts' ]

      at FileHighlighter.applyDecorations (src/ui/FileHighlighter.ts:119:17)

  console.log
    Clearing all file highlights

      at FileHighlighter.applyDecorations (src/ui/FileHighlighter.ts:121:17)

  console.log
    Highlighting files: [ 'components/helpers.java', 'lib/config.ts' ]

      at FileHighlighter.applyDecorations (src/ui/FileHighlighter.ts:119:17)

  console.log
    Clearing all file highlights

      at FileHighlighter.applyDecorations (src/ui/FileHighlighter.ts:121:17)

  console.log
    Highlighting files: [ 'components/helpers.java', 'lib/config.ts' ]

      at FileHighlighter.applyDecorations (src/ui/FileHighlighter.ts:119:17)

  console.log
    Clearing all file highlights

      at FileHighlighter.applyDecorations (src/ui/FileHighlighter.ts:121:17)

  console.log
    Highlighting files: [ 'test/index.js', 'lib/index.py' ]

      at FileHighlighter.applyDecorations (src/ui/FileHighlighter.ts:119:17)

  console.log
    Clearing all file highlights

      at FileHighlighter.applyDecorations (src/ui/FileHighlighter.ts:121:17)

  console.log
    Highlighting files: [ 'lib/config.js', 'app/helpers.go', 'app/main.js' ]

      at FileHighlighter.applyDecorations (src/ui/FileHighlighter.ts:119:17)

  console.log
    Clearing all file highlights

      at FileHighlighter.applyDecorations (src/ui/FileHighlighter.ts:121:17)

  console.log
    Highlighting files: [ 'components/config.py', 'test/main.java', 'lib/main.ts' ]

      at FileHighlighter.applyDecorations (src/ui/FileHighlighter.ts:119:17)

  console.log
    Clearing all file highlights

      at FileHighlighter.applyDecorations (src/ui/FileHighlighter.ts:121:17)

  console.log
    Highlighting files: [
      'test/index.java',
      'app/utils.js',
      'test/utils.py',
      'app/helpers.py',
      'app/helpers.ts'
    ]

      at FileHighlighter.applyDecorations (src/ui/FileHighlighter.ts:119:17)

  console.log
    Clearing all file highlights

      at FileHighlighter.applyDecorations (src/ui/FileHighlighter.ts:121:17)

  console.log
    Highlighting files: [
      'src/main.go',
      'lib/utils.py',
      'components/main.ts',
      'components/main.java',
      'src/index.js'
    ]

      at FileHighlighter.applyDecorations (src/ui/FileHighlighter.ts:119:17)

  console.log
    Clearing all file highlights

      at FileHighlighter.applyDecorations (src/ui/FileHighlighter.ts:121:17)

  console.log
    Highlighting files: [ 'test/index.go', 'components/config.py', 'test/main.py' ]

      at FileHighlighter.applyDecorations (src/ui/FileHighlighter.ts:119:17)

  console.log
    Worker threads requested but using async batching (worker script not implemented)

      at AnalysisOptimizer.parseWithWorkerThreads (src/performance/AnalysisOptimizer.ts:113:13)

  console.log
    Clearing all file highlights

      at FileHighlighter.applyDecorations (src/ui/FileHighlighter.ts:121:17)

  console.log
    Highlighting files: [ 'lib/main.java', 'app/utils.js', 'app/index.js' ]

      at FileHighlighter.applyDecorations (src/ui/FileHighlighter.ts:119:17)

  console.log
    Clearing all file highlights

      at FileHighlighter.applyDecorations (src/ui/FileHighlighter.ts:121:17)

  console.log
    Highlighting files: [ 'test/config.ts', 'test/main.ts', 'lib/helpers.py', 'test/main.py' ]

      at FileHighlighter.applyDecorations (src/ui/FileHighlighter.ts:119:17)

  console.log
    Clearing all file highlights

      at FileHighlighter.applyDecorations (src/ui/FileHighlighter.ts:121:17)

  console.log
    Highlighting files: [ 'lib/main.java', 'app/utils.js', 'app/index.js' ]

      at FileHighlighter.applyDecorations (src/ui/FileHighlighter.ts:119:17)

  console.log
    Clearing all file highlights

      at FileHighlighter.applyDecorations (src/ui/FileHighlighter.ts:121:17)

  console.log
    Clearing all file highlights

      at FileHighlighter.applyDecorations (src/ui/FileHighlighter.ts:121:17)

  console.log
    Highlighting files: [ 'src/main.py', 'components/main.go' ]

      at FileHighlighter.applyDecorations (src/ui/FileHighlighter.ts:119:17)

  console.log
    Clearing all file highlights

      at FileHighlighter.applyDecorations (src/ui/FileHighlighter.ts:121:17)

  console.log
    Clearing all file highlights

      at FileHighlighter.applyDecorations (src/ui/FileHighlighter.ts:121:17)

  console.log
    Highlighting files: [ 'components/helpers.java', 'components/main.go' ]

      at FileHighlighter.applyDecorations (src/ui/FileHighlighter.ts:119:17)

  console.log
    Clearing all file highlights

      at FileHighlighter.applyDecorations (src/ui/FileHighlighter.ts:121:17)

  console.log
    Clearing all file highlights

      at FileHighlighter.applyDecorations (src/ui/FileHighlighter.ts:121:17)

  console.log
    Highlighting files: [ 'components/config.go', 'src/helpers.js', 'lib/config.ts' ]

      at FileHighlighter.applyDecorations (src/ui/FileHighlighter.ts:119:17)

  console.log
    Clearing all file highlights

      at FileHighlighter.applyDecorations (src/ui/FileHighlighter.ts:121:17)

  console.log
    Clearing all file highlights

      at FileHighlighter.applyDecorations (src/ui/FileHighlighter.ts:121:17)

  console.log
    Highlighting files: [
      'app/config.js',
      'components/main.java',
      'src/index.js',
      'components/index.go'
    ]

      at FileHighlighter.applyDecorations (src/ui/FileHighlighter.ts:119:17)

  console.log
    Clearing all file highlights

      at FileHighlighter.applyDecorations (src/ui/FileHighlighter.ts:121:17)

  console.log
    Clearing all file highlights

      at FileHighlighter.applyDecorations (src/ui/FileHighlighter.ts:121:17)

  console.log
    Highlighting files: [ 'components/index.java', 'components/config.go', 'lib/config.js' ]

      at FileHighlighter.applyDecorations (src/ui/FileHighlighter.ts:119:17)

  console.log
    Clearing all file highlights

      at FileHighlighter.applyDecorations (src/ui/FileHighlighter.ts:121:17)

  console.log
    Clearing all file highlights

      at FileHighlighter.applyDecorations (src/ui/FileHighlighter.ts:121:17)

  console.log
    Highlighting files: [ 'components/helpers.java' ]

      at FileHighlighter.applyDecorations (src/ui/FileHighlighter.ts:119:17)

  console.log
    Clearing all file highlights

      at FileHighlighter.applyDecorations (src/ui/FileHighlighter.ts:121:17)

  console.log
    Clearing all file highlights

      at FileHighlighter.applyDecorations (src/ui/FileHighlighter.ts:121:17)

  console.log
    Highlighting files: [ 'src/main.py', 'src/utils.py', 'lib/index.py' ]

      at FileHighlighter.applyDecorations (src/ui/FileHighlighter.ts:119:17)

  console.log
    Clearing all file highlights

      at FileHighlighter.applyDecorations (src/ui/FileHighlighter.ts:121:17)

  console.log
    Clearing all file highlights

      at FileHighlighter.applyDecorations (src/ui/FileHighlighter.ts:121:17)

  console.log
    Highlighting files: [ 'components/helpers.py', 'test/helpers.go', 'test/config.ts' ]

      at FileHighlighter.applyDecorations (src/ui/FileHighlighter.ts:119:17)

  console.log
    Clearing all file highlights

      at FileHighlighter.applyDecorations (src/ui/FileHighlighter.ts:121:17)

  console.log
    Clearing all file highlights

      at FileHighlighter.applyDecorations (src/ui/FileHighlighter.ts:121:17)

  console.log
    Highlighting files: [ 'src/index.js' ]

      at FileHighlighter.applyDecorations (src/ui/FileHighlighter.ts:119:17)

  console.log
    Clearing all file highlights

      at FileHighlighter.applyDecorations (src/ui/FileHighlighter.ts:121:17)

  console.log
    Clearing all file highlights

      at FileHighlighter.applyDecorations (src/ui/FileHighlighter.ts:121:17)

  console.log
    Highlighting files: [
      'src/main.py',
      'components/config.ts',
      'src/index.go',
      'app/helpers.py'
    ]

      at FileHighlighter.applyDecorations (src/ui/FileHighlighter.ts:119:17)

  console.log
    Clearing all file highlights

      at FileHighlighter.applyDecorations (src/ui/FileHighlighter.ts:121:17)

  console.log
    Clearing all file highlights

      at FileHighlighter.applyDecorations (src/ui/FileHighlighter.ts:121:17)

  console.log
    Highlighting files: [
      'test/main.java',
      'lib/index.java',
      'src/helpers.go',
      'src/index.ts',
      'test/utils.java'
    ]

      at FileHighlighter.applyDecorations (src/ui/FileHighlighter.ts:119:17)

  console.log
    Clearing all file highlights

      at FileHighlighter.applyDecorations (src/ui/FileHighlighter.ts:121:17)

  console.log
    Clearing all file highlights

      at FileHighlighter.applyDecorations (src/ui/FileHighlighter.ts:121:17)

  console.log
    Highlighting files: [ 'components/main.java' ]

      at FileHighlighter.applyDecorations (src/ui/FileHighlighter.ts:119:17)

  console.log
    Clearing all file highlights

      at FileHighlighter.applyDecorations (src/ui/FileHighlighter.ts:121:17)

  console.log
    Clearing all file highlights

      at FileHighlighter.applyDecorations (src/ui/FileHighlighter.ts:121:17)

  console.log
    Highlighting files: [ 'components/utils.ts', 'src/helpers.go', 'lib/utils.py' ]

      at FileHighlighter.applyDecorations (src/ui/FileHighlighter.ts:119:17)

  console.log
    Clearing all file highlights

      at FileHighlighter.applyDecorations (src/ui/FileHighlighter.ts:121:17)

  console.log
    Clearing all file highlights

      at FileHighlighter.applyDecorations (src/ui/FileHighlighter.ts:121:17)

  console.log
    Highlighting files: [ 'app/config.go', 'lib/helpers.ts' ]

      at FileHighlighter.applyDecorations (src/ui/FileHighlighter.ts:119:17)

  console.log
    Clearing all file highlights

      at FileHighlighter.applyDecorations (src/ui/FileHighlighter.ts:121:17)

  console.log
    Clearing all file highlights

      at FileHighlighter.applyDecorations (src/ui/FileHighlighter.ts:121:17)

  console.log
    Highlighting files: [ 'components/helpers.py', 'lib/helpers.py', 'test/main.py' ]

      at FileHighlighter.applyDecorations (src/ui/FileHighlighter.ts:119:17)

  console.log
    Clearing all file highlights

      at FileHighlighter.applyDecorations (src/ui/FileHighlighter.ts:121:17)

  console.log
    Clearing all file highlights

      at FileHighlighter.applyDecorations (src/ui/FileHighlighter.ts:121:17)

  console.log
    Highlighting files: [
      'src/helpers.ts',
      'components/utils.java',
      'lib/helpers.java',
      'lib/main.go',
      'lib/index.go'
    ]

      at FileHighlighter.applyDecorations (src/ui/FileHighlighter.ts:119:17)

  console.log
    Clearing all file highlights

      at FileHighlighter.applyDecorations (src/ui/FileHighlighter.ts:121:17)

  console.log
    Clearing all file highlights

      at FileHighlighter.applyDecorations (src/ui/FileHighlighter.ts:121:17)

  console.log
    Highlighting files: [
      'app/helpers.js',
      'lib/index.java',
      'test/helpers.go',
      'app/config.py'
    ]

      at FileHighlighter.applyDecorations (src/ui/FileHighlighter.ts:119:17)

  console.log
    Clearing all file highlights

      at FileHighlighter.applyDecorations (src/ui/FileHighlighter.ts:121:17)

  console.log
    Clearing all file highlights

      at FileHighlighter.applyDecorations (src/ui/FileHighlighter.ts:121:17)

  console.log
    Highlighting files: [ 'src/main.java' ]

      at FileHighlighter.applyDecorations (src/ui/FileHighlighter.ts:119:17)

  console.log
    Clearing all file highlights

      at FileHighlighter.applyDecorations (src/ui/FileHighlighter.ts:121:17)

  console.log
    Clearing all file highlights

      at FileHighlighter.applyDecorations (src/ui/FileHighlighter.ts:121:17)

  console.log
    Highlighting files: [ 'lib/helpers.ts', 'test/utils.js' ]

      at FileHighlighter.applyDecorations (src/ui/FileHighlighter.ts:119:17)

  console.log
    Clearing all file highlights

      at FileHighlighter.applyDecorations (src/ui/FileHighlighter.ts:121:17)

  console.log
    Clearing all file highlights

      at FileHighlighter.applyDecorations (src/ui/FileHighlighter.ts:121:17)

  console.log
    Highlighting files: [ 'components/index.java', 'app/main.go', 'components/config.js' ]

      at FileHighlighter.applyDecorations (src/ui/FileHighlighter.ts:119:17)

  console.log
    Clearing all file highlights

      at FileHighlighter.applyDecorations (src/ui/FileHighlighter.ts:121:17)

  console.log
    Clearing all file highlights

      at FileHighlighter.applyDecorations (src/ui/FileHighlighter.ts:121:17)

  console.log
    Highlighting files: [
      'lib/index.js',
      'src/main.js',
      'src/main.java',
      'components/helpers.go'
    ]

      at FileHighlighter.applyDecorations (src/ui/FileHighlighter.ts:119:17)

  console.log
    Clearing all file highlights

      at FileHighlighter.applyDecorations (src/ui/FileHighlighter.ts:121:17)

  console.log
    Clearing all file highlights

      at FileHighlighter.applyDecorations (src/ui/FileHighlighter.ts:121:17)

  console.log
    Highlighting files: [
      'app/helpers.ts',
      'components/index.js',
      'src/config.ts',
      'test/helpers.ts',
      'src/main.java'
    ]

      at FileHighlighter.applyDecorations (src/ui/FileHighlighter.ts:119:17)

  console.log
    Clearing all file highlights

      at FileHighlighter.applyDecorations (src/ui/FileHighlighter.ts:121:17)

  console.log
    Clearing all file highlights

      at FileHighlighter.applyDecorations (src/ui/FileHighlighter.ts:121:17)

  console.log
    Highlighting files: [ 'lib/main.java', 'test/utils.py', 'components/main.java' ]

      at FileHighlighter.applyDecorations (src/ui/FileHighlighter.ts:119:17)

  console.log
    Clearing all file highlights

      at FileHighlighter.applyDecorations (src/ui/FileHighlighter.ts:121:17)

  console.log
    Clearing all file highlights

      at FileHighlighter.applyDecorations (src/ui/FileHighlighter.ts:121:17)

  console.log
    Highlighting files: [
      'app/main.go',
      'lib/helpers.go',
      'app/utils.ts',
      'lib/main.ts',
      'src/config.js'
    ]

      at FileHighlighter.applyDecorations (src/ui/FileHighlighter.ts:119:17)

  console.log
    Clearing all file highlights

      at FileHighlighter.applyDecorations (src/ui/FileHighlighter.ts:121:17)

  console.log
    Clearing all file highlights

      at FileHighlighter.applyDecorations (src/ui/FileHighlighter.ts:121:17)

  console.log
    Highlighting files: [ 'lib/index.ts', 'test/utils.py' ]

      at FileHighlighter.applyDecorations (src/ui/FileHighlighter.ts:119:17)

  console.log
    Clearing all file highlights

      at FileHighlighter.applyDecorations (src/ui/FileHighlighter.ts:121:17)

  console.log
    Clearing all file highlights

      at FileHighlighter.applyDecorations (src/ui/FileHighlighter.ts:121:17)

  console.log
    Highlighting files: [
      'src/main.ts',
      'lib/helpers.py',
      'src/utils.ts',
      'components/helpers.py',
      'app/main.java'
    ]

      at FileHighlighter.applyDecorations (src/ui/FileHighlighter.ts:119:17)

  console.log
    Clearing all file highlights

      at FileHighlighter.applyDecorations (src/ui/FileHighlighter.ts:121:17)

  console.log
    Clearing all file highlights

      at FileHighlighter.applyDecorations (src/ui/FileHighlighter.ts:121:17)

  console.log
    Highlighting files: [ 'test/main.py' ]

      at FileHighlighter.applyDecorations (src/ui/FileHighlighter.ts:119:17)

  console.log
    Clearing all file highlights

      at FileHighlighter.applyDecorations (src/ui/FileHighlighter.ts:121:17)

  console.log
    Clearing all file highlights

      at FileHighlighter.applyDecorations (src/ui/FileHighlighter.ts:121:17)

  console.log
    Highlighting files: [
      'components/index.ts',
      'components/config.go',
      'app/index.js',
      'components/helpers.py'
    ]

      at FileHighlighter.applyDecorations (src/ui/FileHighlighter.ts:119:17)

  console.log
    Clearing all file highlights

      at FileHighlighter.applyDecorations (src/ui/FileHighlighter.ts:121:17)

  console.log
    Clearing all file highlights

      at FileHighlighter.applyDecorations (src/ui/FileHighlighter.ts:121:17)

  console.log
    Highlighting files: [ 'app/helpers.py' ]

      at FileHighlighter.applyDecorations (src/ui/FileHighlighter.ts:119:17)

  console.log
    Clearing all file highlights

      at FileHighlighter.applyDecorations (src/ui/FileHighlighter.ts:121:17)

  console.log
    Clearing all file highlights

      at FileHighlighter.applyDecorations (src/ui/FileHighlighter.ts:121:17)

  console.log
    Highlighting files: [
      'lib/utils.java',
      'test/config.py',
      'app/utils.py',
      'lib/helpers.ts',
      'src/index.js'
    ]

      at FileHighlighter.applyDecorations (src/ui/FileHighlighter.ts:119:17)

  console.log
    Clearing all file highlights

      at FileHighlighter.applyDecorations (src/ui/FileHighlighter.ts:121:17)

  console.log
    Clearing all file highlights

      at FileHighlighter.applyDecorations (src/ui/FileHighlighter.ts:121:17)

  console.log
    Highlighting files: [
      'lib/config.py',
      'src/config.go',
      'src/config.java',
      'app/helpers.java'
    ]

      at FileHighlighter.applyDecorations (src/ui/FileHighlighter.ts:119:17)

  console.log
    Clearing all file highlights

      at FileHighlighter.applyDecorations (src/ui/FileHighlighter.ts:121:17)

  console.log
    Clearing all file highlights

      at FileHighlighter.applyDecorations (src/ui/FileHighlighter.ts:121:17)

  console.log
    Highlighting files: [ 'components/index.java' ]

      at FileHighlighter.applyDecorations (src/ui/FileHighlighter.ts:119:17)

  console.log
    Clearing all file highlights

      at FileHighlighter.applyDecorations (src/ui/FileHighlighter.ts:121:17)

  console.log
    Clearing all file highlights

      at FileHighlighter.applyDecorations (src/ui/FileHighlighter.ts:121:17)

  console.log
    Highlighting files: [ 'components/utils.go' ]

      at FileHighlighter.applyDecorations (src/ui/FileHighlighter.ts:119:17)

  console.log
    Clearing all file highlights

      at FileHighlighter.applyDecorations (src/ui/FileHighlighter.ts:121:17)

  console.log
    Clearing all file highlights

      at FileHighlighter.applyDecorations (src/ui/FileHighlighter.ts:121:17)

  console.log
    Highlighting files: [
      'app/index.py',
      'test/helpers.go',
      'app/main.go',
      'components/config.js'
    ]

      at FileHighlighter.applyDecorations (src/ui/FileHighlighter.ts:119:17)

  console.log
    Clearing all file highlights

      at FileHighlighter.applyDecorations (src/ui/FileHighlighter.ts:121:17)

  console.log
    Clearing all file highlights

      at FileHighlighter.applyDecorations (src/ui/FileHighlighter.ts:121:17)

  console.log
    Highlighting files: [ 'test/config.go', 'test/index.java' ]

      at FileHighlighter.applyDecorations (src/ui/FileHighlighter.ts:119:17)

  console.log
    Clearing all file highlights

      at FileHighlighter.applyDecorations (src/ui/FileHighlighter.ts:121:17)

  console.log
    Clearing all file highlights

      at FileHighlighter.applyDecorations (src/ui/FileHighlighter.ts:121:17)

  console.log
    Highlighting files: [ 'src/utils.py', 'lib/config.go', 'components/config.go' ]

      at FileHighlighter.applyDecorations (src/ui/FileHighlighter.ts:119:17)

  console.log
    Clearing all file highlights

      at FileHighlighter.applyDecorations (src/ui/FileHighlighter.ts:121:17)

  console.log
    Clearing all file highlights

      at FileHighlighter.applyDecorations (src/ui/FileHighlighter.ts:121:17)

  console.log
    Highlighting files: [ 'src/helpers.go' ]

      at FileHighlighter.applyDecorations (src/ui/FileHighlighter.ts:119:17)

  console.log
    Clearing all file highlights

      at FileHighlighter.applyDecorations (src/ui/FileHighlighter.ts:121:17)

  console.log
    Clearing all file highlights

      at FileHighlighter.applyDecorations (src/ui/FileHighlighter.ts:121:17)

  console.log
    Highlighting files: [ 'app/index.py', 'test/main.ts' ]

      at FileHighlighter.applyDecorations (src/ui/FileHighlighter.ts:119:17)

  console.log
    Clearing all file highlights

      at FileHighlighter.applyDecorations (src/ui/FileHighlighter.ts:121:17)

  console.log
    Clearing all file highlights

      at FileHighlighter.applyDecorations (src/ui/FileHighlighter.ts:121:17)

  console.log
    Highlighting files: [ 'test/config.go', 'components/index.ts' ]

      at FileHighlighter.applyDecorations (src/ui/FileHighlighter.ts:119:17)

  console.log
    Clearing all file highlights

      at FileHighlighter.applyDecorations (src/ui/FileHighlighter.ts:121:17)

  console.log
    Clearing all file highlights

      at FileHighlighter.applyDecorations (src/ui/FileHighlighter.ts:121:17)

  console.log
    Highlighting files: [ 'components/main.go' ]

      at FileHighlighter.applyDecorations (src/ui/FileHighlighter.ts:119:17)

  console.log
    Clearing all file highlights

      at FileHighlighter.applyDecorations (src/ui/FileHighlighter.ts:121:17)

  console.log
    Clearing all file highlights

      at FileHighlighter.applyDecorations (src/ui/FileHighlighter.ts:121:17)

  console.log
    Highlighting files: [ 'lib/config.go', 'test/helpers.js', 'src/utils.js' ]

      at FileHighlighter.applyDecorations (src/ui/FileHighlighter.ts:119:17)

  console.log
    Clearing all file highlights

      at FileHighlighter.applyDecorations (src/ui/FileHighlighter.ts:121:17)

  console.log
    Clearing all file highlights

      at FileHighlighter.applyDecorations (src/ui/FileHighlighter.ts:121:17)

  console.log
    Highlighting files: [ 'components/helpers.py' ]

      at FileHighlighter.applyDecorations (src/ui/FileHighlighter.ts:119:17)

  console.log
    Clearing all file highlights

      at FileHighlighter.applyDecorations (src/ui/FileHighlighter.ts:121:17)

  console.log
    Clearing all file highlights

      at FileHighlighter.applyDecorations (src/ui/FileHighlighter.ts:121:17)

  console.log
    Highlighting files: [ 'test/utils.py', 'src/utils.go', 'lib/index.go', 'test/helpers.go' ]

      at FileHighlighter.applyDecorations (src/ui/FileHighlighter.ts:119:17)

  console.log
    Clearing all file highlights

      at FileHighlighter.applyDecorations (src/ui/FileHighlighter.ts:121:17)

  console.log
    Clearing all file highlights

      at FileHighlighter.applyDecorations (src/ui/FileHighlighter.ts:121:17)

  console.log
    Highlighting files: [ 'app/main.js' ]

      at FileHighlighter.applyDecorations (src/ui/FileHighlighter.ts:119:17)

  console.log
    Clearing all file highlights

      at FileHighlighter.applyDecorations (src/ui/FileHighlighter.ts:121:17)

  console.log
    Clearing all file highlights

      at FileHighlighter.applyDecorations (src/ui/FileHighlighter.ts:121:17)

  console.log
    Highlighting files: [ 'test/config.java' ]

      at FileHighlighter.applyDecorations (src/ui/FileHighlighter.ts:119:17)

  console.log
    Clearing all file highlights

      at FileHighlighter.applyDecorations (src/ui/FileHighlighter.ts:121:17)

  console.log
    Clearing all file highlights

      at FileHighlighter.applyDecorations (src/ui/FileHighlighter.ts:121:17)

  console.log
    Highlighting files: [ 'components/utils.js', 'app/utils.py' ]

      at FileHighlighter.applyDecorations (src/ui/FileHighlighter.ts:119:17)

  console.log
    Clearing all file highlights

      at FileHighlighter.applyDecorations (src/ui/FileHighlighter.ts:121:17)

  console.log
    Clearing all file highlights

      at FileHighlighter.applyDecorations (src/ui/FileHighlighter.ts:121:17)

  console.log
    Highlighting files: [
      'src/utils.go',
      'app/index.go',
      'lib/index.java',
      'src/index.go',
      'app/index.js'
    ]

      at FileHighlighter.applyDecorations (src/ui/FileHighlighter.ts:119:17)

  console.log
    Clearing all file highlights

      at FileHighlighter.applyDecorations (src/ui/FileHighlighter.ts:121:17)

  console.log
    Clearing all file highlights

      at FileHighlighter.applyDecorations (src/ui/FileHighlighter.ts:121:17)

  console.log
    Using incremental cache for QP_F_dA_Zm.go

      at AnalysisOptimizer.parseIncremental (src/performance/AnalysisOptimizer.ts:174:15)
          at Array.map (<anonymous>)

  console.log
    Highlighting files: [
      'lib/utils.py',
      'lib/config.go',
      'app/config.py',
      'test/main.java',
      'lib/utils.go'
    ]

      at FileHighlighter.applyDecorations (src/ui/FileHighlighter.ts:119:17)

  console.log
    Clearing all file highlights

      at FileHighlighter.applyDecorations (src/ui/FileHighlighter.ts:121:17)

  console.log
    Clearing all file highlights

      at FileHighlighter.applyDecorations (src/ui/FileHighlighter.ts:121:17)

  console.log
    Highlighting files: [ 'lib/main.ts', 'components/config.go', 'src/index.go' ]

      at FileHighlighter.applyDecorations (src/ui/FileHighlighter.ts:119:17)

  console.log
    Clearing all file highlights

      at FileHighlighter.applyDecorations (src/ui/FileHighlighter.ts:121:17)

  console.log
    Using incremental cache for QrdS__/77__h_d.py

      at AnalysisOptimizer.parseIncremental (src/performance/AnalysisOptimizer.ts:174:15)
          at Array.map (<anonymous>)

  console.log
    Clearing all file highlights

      at FileHighlighter.applyDecorations (src/ui/FileHighlighter.ts:121:17)

  console.log
    Highlighting files: [ 'components/main.ts', 'src/main.ts' ]

      at FileHighlighter.applyDecorations (src/ui/FileHighlighter.ts:119:17)

  console.log
    Clearing all file highlights

      at FileHighlighter.applyDecorations (src/ui/FileHighlighter.ts:121:17)

  console.log
    Clearing all file highlights

      at FileHighlighter.applyDecorations (src/ui/FileHighlighter.ts:121:17)

  console.log
    Highlighting files: [ 'test/utils.py', 'lib/config.js', 'components/main.js' ]

      at FileHighlighter.applyDecorations (src/ui/FileHighlighter.ts:119:17)

  console.log
    Clearing all file highlights

      at FileHighlighter.applyDecorations (src/ui/FileHighlighter.ts:121:17)

  console.log
    Using incremental cache for Y_u/tiK_I.java

      at AnalysisOptimizer.parseIncremental (src/performance/AnalysisOptimizer.ts:174:15)
          at Array.map (<anonymous>)

  console.log
    Clearing all file highlights

      at FileHighlighter.applyDecorations (src/ui/FileHighlighter.ts:121:17)

  console.log
    Highlighting files: [
      'components/main.py',
      'app/utils.ts',
      'test/utils.js',
      'test/utils.java',
      'src/index.ts'
    ]

      at FileHighlighter.applyDecorations (src/ui/FileHighlighter.ts:119:17)

  console.log
    Clearing all file highlights

      at FileHighlighter.applyDecorations (src/ui/FileHighlighter.ts:121:17)

  console.log
    Clearing all file highlights

      at FileHighlighter.applyDecorations (src/ui/FileHighlighter.ts:121:17)

  console.log
    Highlighting files: [
      'test/main.java',
      'components/main.go',
      'lib/config.js',
      'test/config.ts'
    ]

      at FileHighlighter.applyDecorations (src/ui/FileHighlighter.ts:119:17)

  console.log
    Clearing all file highlights

      at FileHighlighter.applyDecorations (src/ui/FileHighlighter.ts:121:17)

  console.log
    Using incremental cache for Z30.js

      at AnalysisOptimizer.parseIncremental (src/performance/AnalysisOptimizer.ts:174:15)
          at Array.map (<anonymous>)

  console.log
    Clearing all file highlights

      at FileHighlighter.applyDecorations (src/ui/FileHighlighter.ts:121:17)

  console.log
    Highlighting files: [ 'lib/main.go', 'src/helpers.js', 'components/config.java' ]

      at FileHighlighter.applyDecorations (src/ui/FileHighlighter.ts:119:17)

  console.log
    Clearing all file highlights

      at FileHighlighter.applyDecorations (src/ui/FileHighlighter.ts:121:17)

  console.log
    Clearing all file highlights

      at FileHighlighter.applyDecorations (src/ui/FileHighlighter.ts:121:17)

  console.log
    Highlighting files: [ 'test/index.go' ]

      at FileHighlighter.applyDecorations (src/ui/FileHighlighter.ts:119:17)

  console.log
    Using incremental cache for _S6_/X5_jn__S_F9_Ee.js

      at AnalysisOptimizer.parseIncremental (src/performance/AnalysisOptimizer.ts:174:15)
          at Array.map (<anonymous>)

  console.log
    Clearing all file highlights

      at FileHighlighter.applyDecorations (src/ui/FileHighlighter.ts:121:17)

  console.log
    Clearing all file highlights

      at FileHighlighter.applyDecorations (src/ui/FileHighlighter.ts:121:17)

  console.log
    Highlighting files: [ 'test/utils.py' ]

      at FileHighlighter.applyDecorations (src/ui/FileHighlighter.ts:119:17)

  console.log
    Clearing all file highlights

      at FileHighlighter.applyDecorations (src/ui/FileHighlighter.ts:121:17)

  console.log
    Clearing all file highlights

      at FileHighlighter.applyDecorations (src/ui/FileHighlighter.ts:121:17)

  console.log
    Highlighting files: [ 'components/helpers.py', 'src/main.ts' ]

      at FileHighlighter.applyDecorations (src/ui/FileHighlighter.ts:119:17)

  console.log
    Clearing all file highlights

      at FileHighlighter.applyDecorations (src/ui/FileHighlighter.ts:121:17)

  console.log
    Clearing all file highlights

      at FileHighlighter.applyDecorations (src/ui/FileHighlighter.ts:121:17)

  console.log
    Using incremental cache for _zI_/_qL8Ox3_BQ.js

      at AnalysisOptimizer.parseIncremental (src/performance/AnalysisOptimizer.ts:174:15)
          at Array.map (<anonymous>)

  console.log
    Highlighting files: [ 'lib/index.ts', 'components/index.java' ]

      at FileHighlighter.applyDecorations (src/ui/FileHighlighter.ts:119:17)

  console.log
    Clearing all file highlights

      at FileHighlighter.applyDecorations (src/ui/FileHighlighter.ts:121:17)

  console.log
    Using incremental cache for rAx__/WqpIRM4cA5.js

      at AnalysisOptimizer.parseIncremental (src/performance/AnalysisOptimizer.ts:174:15)
          at Array.map (<anonymous>)

  console.log
    Clearing all file highlights

      at FileHighlighter.applyDecorations (src/ui/FileHighlighter.ts:121:17)

  console.log
    Highlighting files: [
      'app/config.java',
      'app/main.go',
      'src/config.java',
      'lib/config.java',
      'lib/index.js'
    ]

      at FileHighlighter.applyDecorations (src/ui/FileHighlighter.ts:119:17)

  console.log
    Clearing all file highlights

      at FileHighlighter.applyDecorations (src/ui/FileHighlighter.ts:121:17)

  console.log
    Clearing all file highlights

      at FileHighlighter.applyDecorations (src/ui/FileHighlighter.ts:121:17)

  console.log
    Highlighting files: [
      'src/main.java',
      'app/helpers.java',
      'test/index.go',
      'components/main.ts',
      'components/main.js'
    ]

      at FileHighlighter.applyDecorations (src/ui/FileHighlighter.ts:119:17)

  console.log
    Using incremental cache for r__4g/1c_.go

      at AnalysisOptimizer.parseIncremental (src/performance/AnalysisOptimizer.ts:174:15)
          at Array.map (<anonymous>)

  console.log
    Clearing all file highlights

      at FileHighlighter.applyDecorations (src/ui/FileHighlighter.ts:121:17)

  console.log
    Clearing all file highlights

      at FileHighlighter.applyDecorations (src/ui/FileHighlighter.ts:121:17)

  console.log
    Highlighting files: [ 'src/index.py', 'src/utils.java' ]

      at FileHighlighter.applyDecorations (src/ui/FileHighlighter.ts:119:17)

  console.log
    Clearing all file highlights

      at FileHighlighter.applyDecorations (src/ui/FileHighlighter.ts:121:17)

  console.log
    Clearing all file highlights

      at FileHighlighter.applyDecorations (src/ui/FileHighlighter.ts:121:17)

  console.log
    Highlighting files: [
      'app/utils.js',
      'components/helpers.js',
      'components/helpers.java',
      'src/main.py',
      'components/main.java'
    ]

      at FileHighlighter.applyDecorations (src/ui/FileHighlighter.ts:119:17)

  console.log
    Using incremental cache for tE_iy_ZS/6em____wSOlRB_e.js

      at AnalysisOptimizer.parseIncremental (src/performance/AnalysisOptimizer.ts:174:15)
          at Array.map (<anonymous>)

  console.log
    Clearing all file highlights

      at FileHighlighter.applyDecorations (src/ui/FileHighlighter.ts:121:17)

  console.log
    Clearing all file highlights

      at FileHighlighter.applyDecorations (src/ui/FileHighlighter.ts:121:17)

  console.log
    Highlighting files: [
      'components/config.go',
      'lib/index.ts',
      'components/index.go',
      'src/config.ts'
    ]

      at FileHighlighter.applyDecorations (src/ui/FileHighlighter.ts:119:17)

  console.log
    Clearing all file highlights

      at FileHighlighter.applyDecorations (src/ui/FileHighlighter.ts:121:17)

  console.log
    Clearing all file highlights

      at FileHighlighter.applyDecorations (src/ui/FileHighlighter.ts:121:17)

  console.log
    Highlighting files: [ 'app/index.ts', 'src/helpers.java', 'test/index.ts' ]

      at FileHighlighter.applyDecorations (src/ui/FileHighlighter.ts:119:17)

  console.log
    Clearing all file highlights

      at FileHighlighter.applyDecorations (src/ui/FileHighlighter.ts:121:17)

  console.log
    Clearing all file highlights

      at FileHighlighter.applyDecorations (src/ui/FileHighlighter.ts:121:17)

  console.log
    Highlighting files: [ 'app/index.js', 'test/helpers.py' ]

      at FileHighlighter.applyDecorations (src/ui/FileHighlighter.ts:119:17)

  console.log
    Clearing all file highlights

      at FileHighlighter.applyDecorations (src/ui/FileHighlighter.ts:121:17)

  console.log
    Clearing all file highlights

      at FileHighlighter.applyDecorations (src/ui/FileHighlighter.ts:121:17)

  console.log
    Highlighting files: [
      'lib/helpers.py',
      'components/config.ts',
      'lib/main.java',
      'src/config.ts'
    ]

      at FileHighlighter.applyDecorations (src/ui/FileHighlighter.ts:119:17)

  console.log
    Clearing all file highlights

      at FileHighlighter.applyDecorations (src/ui/FileHighlighter.ts:121:17)

  console.log
    Clearing all file highlights

      at FileHighlighter.applyDecorations (src/ui/FileHighlighter.ts:121:17)

  console.log
    Highlighting files: [
      'src/utils.ts',
      'src/config.js',
      'app/config.java',
      'components/config.go',
      'lib/main.ts'
    ]

      at FileHighlighter.applyDecorations (src/ui/FileHighlighter.ts:119:17)

  console.log
    Clearing all file highlights

      at FileHighlighter.applyDecorations (src/ui/FileHighlighter.ts:121:17)

  console.log
    Clearing all file highlights

      at FileHighlighter.applyDecorations (src/ui/FileHighlighter.ts:121:17)

  console.log
    Highlighting files: [
      'lib/helpers.py',
      'test/helpers.ts',
      'lib/helpers.go',
      'src/utils.java'
    ]

      at FileHighlighter.applyDecorations (src/ui/FileHighlighter.ts:119:17)

  console.log
    Clearing all file highlights

      at FileHighlighter.applyDecorations (src/ui/FileHighlighter.ts:121:17)

  console.log
    Clearing all file highlights

      at FileHighlighter.applyDecorations (src/ui/FileHighlighter.ts:121:17)

  console.log
    Highlighting files: [ 'lib/helpers.go', 'src/main.java', 'lib/index.ts' ]

      at FileHighlighter.applyDecorations (src/ui/FileHighlighter.ts:119:17)

  console.log
    Clearing all file highlights

      at FileHighlighter.applyDecorations (src/ui/FileHighlighter.ts:121:17)

  console.log
    Clearing all file highlights

      at FileHighlighter.applyDecorations (src/ui/FileHighlighter.ts:121:17)

  console.log
    Highlighting files: [ 'components/config.go', 'src/main.js' ]

      at FileHighlighter.applyDecorations (src/ui/FileHighlighter.ts:119:17)

  console.log
    Clearing all file highlights

      at FileHighlighter.applyDecorations (src/ui/FileHighlighter.ts:121:17)

  console.log
    Clearing all file highlights

      at FileHighlighter.applyDecorations (src/ui/FileHighlighter.ts:121:17)

  console.log
    Highlighting files: [
      'components/helpers.js',
      'app/helpers.go',
      'src/helpers.go',
      'app/main.ts',
      'components/utils.ts'
    ]

      at FileHighlighter.applyDecorations (src/ui/FileHighlighter.ts:119:17)

  console.log
    Clearing all file highlights

      at FileHighlighter.applyDecorations (src/ui/FileHighlighter.ts:121:17)

  console.log
    Clearing all file highlights

      at FileHighlighter.applyDecorations (src/ui/FileHighlighter.ts:121:17)

  console.log
    Highlighting files: [ 'components/helpers.go' ]

      at FileHighlighter.applyDecorations (src/ui/FileHighlighter.ts:119:17)

  console.log
    Clearing all file highlights

      at FileHighlighter.applyDecorations (src/ui/FileHighlighter.ts:121:17)

  console.log
    Clearing all file highlights

      at FileHighlighter.applyDecorations (src/ui/FileHighlighter.ts:121:17)

  console.log
    Highlighting files: [ 'test/index.py', 'test/main.ts' ]

      at FileHighlighter.applyDecorations (src/ui/FileHighlighter.ts:119:17)

  console.log
    Clearing all file highlights

      at FileHighlighter.applyDecorations (src/ui/FileHighlighter.ts:121:17)

  console.log
    Clearing all file highlights

      at FileHighlighter.applyDecorations (src/ui/FileHighlighter.ts:121:17)

  console.log
    Highlighting files: [ 'app/helpers.ts', 'test/utils.ts' ]

      at FileHighlighter.applyDecorations (src/ui/FileHighlighter.ts:119:17)

  console.log
    Clearing all file highlights

      at FileHighlighter.applyDecorations (src/ui/FileHighlighter.ts:121:17)

  console.log
    Clearing all file highlights

      at FileHighlighter.applyDecorations (src/ui/FileHighlighter.ts:121:17)

  console.log
    Highlighting files: [
      'test/config.py',
      'src/helpers.ts',
      'test/index.ts',
      'components/main.ts',
      'lib/helpers.js'
    ]

      at FileHighlighter.applyDecorations (src/ui/FileHighlighter.ts:119:17)

  console.log
    Clearing all file highlights

      at FileHighlighter.applyDecorations (src/ui/FileHighlighter.ts:121:17)

  console.log
    Clearing all file highlights

      at FileHighlighter.applyDecorations (src/ui/FileHighlighter.ts:121:17)

  console.log
    Highlighting files: [ 'components/utils.java', 'components/config.py' ]

      at FileHighlighter.applyDecorations (src/ui/FileHighlighter.ts:119:17)

  console.log
    Clearing all file highlights

      at FileHighlighter.applyDecorations (src/ui/FileHighlighter.ts:121:17)

  console.log
    Clearing all file highlights

      at FileHighlighter.applyDecorations (src/ui/FileHighlighter.ts:121:17)

  console.log
    Highlighting files: [
      'app/main.js',
      'test/config.java',
      'components/main.py',
      'lib/config.java',
      'app/config.js'
    ]

      at FileHighlighter.applyDecorations (src/ui/FileHighlighter.ts:119:17)

  console.log
    Clearing all file highlights

      at FileHighlighter.applyDecorations (src/ui/FileHighlighter.ts:121:17)

  console.log
    Clearing all file highlights

      at FileHighlighter.applyDecorations (src/ui/FileHighlighter.ts:121:17)

  console.log
    Highlighting files: [ 'test/index.java', 'app/index.py', 'test/main.js' ]

      at FileHighlighter.applyDecorations (src/ui/FileHighlighter.ts:119:17)

  console.log
    Clearing all file highlights

      at FileHighlighter.applyDecorations (src/ui/FileHighlighter.ts:121:17)

  console.log
    Clearing all file highlights

      at FileHighlighter.applyDecorations (src/ui/FileHighlighter.ts:121:17)

  console.log
    Highlighting files: [ 'app/main.go' ]

      at FileHighlighter.applyDecorations (src/ui/FileHighlighter.ts:119:17)

  console.log
    Clearing all file highlights

      at FileHighlighter.applyDecorations (src/ui/FileHighlighter.ts:121:17)

  console.log
    Clearing all file highlights

      at FileHighlighter.applyDecorations (src/ui/FileHighlighter.ts:121:17)

  console.log
    Highlighting files: [
      'app/main.java',
      'components/index.java',
      'test/index.js',
      'test/utils.ts'
    ]

      at FileHighlighter.applyDecorations (src/ui/FileHighlighter.ts:119:17)

  console.log
    Clearing all file highlights

      at FileHighlighter.applyDecorations (src/ui/FileHighlighter.ts:121:17)

  console.log
    Clearing all file highlights

      at FileHighlighter.applyDecorations (src/ui/FileHighlighter.ts:121:17)

  console.log
    Highlighting files: [ 'components/config.go', 'src/index.ts', 'app/utils.go' ]

      at FileHighlighter.applyDecorations (src/ui/FileHighlighter.ts:119:17)

  console.log
    Clearing all file highlights

      at FileHighlighter.applyDecorations (src/ui/FileHighlighter.ts:121:17)

  console.log
    Clearing all file highlights

      at FileHighlighter.applyDecorations (src/ui/FileHighlighter.ts:121:17)

  console.log
    Highlighting files: [
      'src/helpers.java',
      'src/config.ts',
      'test/helpers.go',
      'components/utils.ts',
      'lib/index.ts'
    ]

      at FileHighlighter.applyDecorations (src/ui/FileHighlighter.ts:119:17)

  console.log
    Clearing all file highlights

      at FileHighlighter.applyDecorations (src/ui/FileHighlighter.ts:121:17)

  console.log
    Clearing all file highlights

      at FileHighlighter.applyDecorations (src/ui/FileHighlighter.ts:121:17)

  console.log
    Highlighting files: [
      'test/index.js',
      'app/main.java',
      'lib/main.ts',
      'components/main.ts'
    ]

      at FileHighlighter.applyDecorations (src/ui/FileHighlighter.ts:119:17)

  console.log
    Clearing all file highlights

      at FileHighlighter.applyDecorations (src/ui/FileHighlighter.ts:121:17)

  console.log
    Clearing all file highlights

      at FileHighlighter.applyDecorations (src/ui/FileHighlighter.ts:121:17)

  console.log
    Highlighting files: [ 'app/main.js', 'test/index.java', 'lib/config.ts' ]

      at FileHighlighter.applyDecorations (src/ui/FileHighlighter.ts:119:17)

  console.log
    Clearing all file highlights

      at FileHighlighter.applyDecorations (src/ui/FileHighlighter.ts:121:17)

  console.log
    Clearing all file highlights

      at FileHighlighter.applyDecorations (src/ui/FileHighlighter.ts:121:17)

  console.log
    Highlighting files: [ 'src/config.java', 'app/helpers.js', 'src/config.go' ]

      at FileHighlighter.applyDecorations (src/ui/FileHighlighter.ts:119:17)

  console.log
    Clearing all file highlights

      at FileHighlighter.applyDecorations (src/ui/FileHighlighter.ts:121:17)

  console.log
    Clearing all file highlights

      at FileHighlighter.applyDecorations (src/ui/FileHighlighter.ts:121:17)

  console.log
    Highlighting files: [ 'components/index.py', 'src/utils.js' ]

      at FileHighlighter.applyDecorations (src/ui/FileHighlighter.ts:119:17)

  console.log
    Clearing all file highlights

      at FileHighlighter.applyDecorations (src/ui/FileHighlighter.ts:121:17)

  console.log
    Clearing all file highlights

      at FileHighlighter.applyDecorations (src/ui/FileHighlighter.ts:121:17)

  console.log
    Highlighting files: [
      'app/utils.java',
      'lib/main.ts',
      'test/index.java',
      'lib/helpers.go'
    ]

      at FileHighlighter.applyDecorations (src/ui/FileHighlighter.ts:119:17)

  console.log
    Clearing all file highlights

      at FileHighlighter.applyDecorations (src/ui/FileHighlighter.ts:121:17)

  console.log
    Clearing all file highlights

      at FileHighlighter.applyDecorations (src/ui/FileHighlighter.ts:121:17)

  console.log
    Highlighting files: [
      'app/utils.go',
      'src/main.java',
      'components/main.js',
      'app/utils.java'
    ]

      at FileHighlighter.applyDecorations (src/ui/FileHighlighter.ts:119:17)

  console.log
    Clearing all file highlights

      at FileHighlighter.applyDecorations (src/ui/FileHighlighter.ts:121:17)

  console.log
    Clearing all file highlights

      at FileHighlighter.applyDecorations (src/ui/FileHighlighter.ts:121:17)

  console.log
    Highlighting files: [ 'components/config.ts', 'components/index.java', 'app/config.java' ]

      at FileHighlighter.applyDecorations (src/ui/FileHighlighter.ts:119:17)

  console.log
    Clearing all file highlights

      at FileHighlighter.applyDecorations (src/ui/FileHighlighter.ts:121:17)

  console.log
    Clearing all file highlights

      at FileHighlighter.applyDecorations (src/ui/FileHighlighter.ts:121:17)

  console.log
    Highlighting files: [ 'test/utils.py', 'lib/main.js' ]

      at FileHighlighter.applyDecorations (src/ui/FileHighlighter.ts:119:17)

  console.log
    Clearing all file highlights

      at FileHighlighter.applyDecorations (src/ui/FileHighlighter.ts:121:17)

  console.log
    Clearing all file highlights

      at FileHighlighter.applyDecorations (src/ui/FileHighlighter.ts:121:17)

  console.log
    Highlighting files: [ 'lib/utils.py' ]

      at FileHighlighter.applyDecorations (src/ui/FileHighlighter.ts:119:17)

  console.log
    Clearing all file highlights

      at FileHighlighter.applyDecorations (src/ui/FileHighlighter.ts:121:17)

  console.log
    Clearing all file highlights

      at FileHighlighter.applyDecorations (src/ui/FileHighlighter.ts:121:17)

  console.log
    Highlighting files: [ 'components/config.java' ]

      at FileHighlighter.applyDecorations (src/ui/FileHighlighter.ts:119:17)

  console.log
    Clearing all file highlights

      at FileHighlighter.applyDecorations (src/ui/FileHighlighter.ts:121:17)

  console.log
    Clearing all file highlights

      at FileHighlighter.applyDecorations (src/ui/FileHighlighter.ts:121:17)

  console.log
    Highlighting files: [ 'app/helpers.ts', 'app/main.go', 'app/utils.go', 'lib/index.go' ]

      at FileHighlighter.applyDecorations (src/ui/FileHighlighter.ts:119:17)

  console.log
    Clearing all file highlights

      at FileHighlighter.applyDecorations (src/ui/FileHighlighter.ts:121:17)

  console.log
    Clearing all file highlights

      at FileHighlighter.applyDecorations (src/ui/FileHighlighter.ts:121:17)

  console.log
    Highlighting files: [
      'test/utils.go',
      'components/helpers.py',
      'lib/main.js',
      'app/main.ts'
    ]

      at FileHighlighter.applyDecorations (src/ui/FileHighlighter.ts:119:17)

  console.log
    Clearing all file highlights

      at FileHighlighter.applyDecorations (src/ui/FileHighlighter.ts:121:17)

  console.log
    Clearing all file highlights

      at FileHighlighter.applyDecorations (src/ui/FileHighlighter.ts:121:17)

  console.log
    Highlighting files: [ 'src/config.ts', 'components/config.go', 'app/utils.go' ]

      at FileHighlighter.applyDecorations (src/ui/FileHighlighter.ts:119:17)

  console.log
    Clearing all file highlights

      at FileHighlighter.applyDecorations (src/ui/FileHighlighter.ts:121:17)

  console.log
    Clearing all file highlights

      at FileHighlighter.applyDecorations (src/ui/FileHighlighter.ts:121:17)

  console.log
    Highlighting files: [ 'test/helpers.ts', 'lib/main.go', 'src/config.ts' ]

      at FileHighlighter.applyDecorations (src/ui/FileHighlighter.ts:119:17)

  console.log
    Clearing all file highlights

      at FileHighlighter.applyDecorations (src/ui/FileHighlighter.ts:121:17)

  console.log
    Clearing all file highlights

      at FileHighlighter.applyDecorations (src/ui/FileHighlighter.ts:121:17)

  console.log
    Highlighting files: [
      'components/config.js',
      'app/index.go',
      'components/helpers.java',
      'app/index.js',
      'lib/config.go'
    ]

      at FileHighlighter.applyDecorations (src/ui/FileHighlighter.ts:119:17)

  console.log
    Clearing all file highlights

      at FileHighlighter.applyDecorations (src/ui/FileHighlighter.ts:121:17)

  console.log
    Clearing all file highlights

      at FileHighlighter.applyDecorations (src/ui/FileHighlighter.ts:121:17)

  console.log
    Highlighting files: [ 'components/helpers.ts' ]

      at FileHighlighter.applyDecorations (src/ui/FileHighlighter.ts:119:17)

  console.log
    Clearing all file highlights

      at FileHighlighter.applyDecorations (src/ui/FileHighlighter.ts:121:17)

  console.log
    Clearing all file highlights

      at FileHighlighter.applyDecorations (src/ui/FileHighlighter.ts:121:17)

  console.log
    Highlighting files: [ 'test/utils.ts' ]

      at FileHighlighter.applyDecorations (src/ui/FileHighlighter.ts:119:17)

  console.log
    Clearing all file highlights

      at FileHighlighter.applyDecorations (src/ui/FileHighlighter.ts:121:17)

  console.log
    Clearing all file highlights

      at FileHighlighter.applyDecorations (src/ui/FileHighlighter.ts:121:17)

  console.log
    Highlighting files: [
      'test/utils.ts',
      'test/helpers.java',
      'components/main.ts',
      'app/index.java',
      'app/utils.ts'
    ]

      at FileHighlighter.applyDecorations (src/ui/FileHighlighter.ts:119:17)

  console.log
    Clearing all file highlights

      at FileHighlighter.applyDecorations (src/ui/FileHighlighter.ts:121:17)

  console.log
    Clearing all file highlights

      at FileHighlighter.applyDecorations (src/ui/FileHighlighter.ts:121:17)

  console.log
    ArchView extension deactivated

      at ExtensionController.deactivate (src/ExtensionController.ts:173:13)

  console.log
    Worker threads are supported

      at AnalysisOptimizer.checkWorkerThreadSupport (src/performance/AnalysisOptimizer.ts:67:15)

  console.log
    Registered command: archview.generateDiagram

      at ExtensionController.registerCommands (src/ExtensionController.ts:198:15)

  console.log
    Registered command: archview.refreshDiagram

      at ExtensionController.registerCommands (src/ExtensionController.ts:198:15)

  console.log
    Registered command: archview.exportDiagram

      at ExtensionController.registerCommands (src/ExtensionController.ts:198:15)

  console.log
    Configuration listener registered

      at ExtensionController.registerConfigurationListener (src/ExtensionController.ts:214:13)

  console.log
    
    ╔════════════════════════════════════════════════════════════╗
    ║  Welcome to ArchView - AI Architecture Diagrams           ║
    ╠════════════════════════════════════════════════════════════╣
    ║                                                            ║
    ║  Get started:                                              ║
    ║  1. Open a project folder                                  ║
    ║  2. Run command: "ArchView: Generate Diagram"              ║
    ║  3. Explore your architecture visually!                    ║
    ║                                                            ║
    ║  Features:                                                 ║
    ║  • AI-powered architecture analysis                        ║
    ║  • Interactive diagram navigation                          ║
    ║  • Multi-language support                                  ║
    ║  • Export to PNG/SVG                                       ║
    ║                                                            ║
    ╚════════════════════════════════════════════════════════════╝

      at ExtensionController.showWelcomeMessage (src/ExtensionController.ts:709:13)

  console.log
    State saved

      at ExtensionController.saveState (src/ExtensionController.ts:759:15)

  console.log
    ArchView extension activated

      at ExtensionController.activate (src/ExtensionController.ts:145:13)

  console.log
    Clearing all file highlights

      at FileHighlighter.applyDecorations (src/ui/FileHighlighter.ts:121:17)

  console.log
    Highlighting files: [ 'src/valueOf &__looku.ts', 'src/}Cv?/9$$=\\b.ts' ]

      at FileHighlighter.applyDecorations (src/ui/FileHighlighter.ts:119:17)

  console.log
    State saved

      at ExtensionController.saveState (src/ExtensionController.ts:759:15)

  console.log
    Clearing all file highlights

      at FileHighlighter.applyDecorations (src/ui/FileHighlighter.ts:121:17)

  console.log
    Using incremental cache for E__k__jYp_QCCX_.js

      at AnalysisOptimizer.parseIncremental (src/performance/AnalysisOptimizer.ts:174:15)
          at Array.map (<anonymous>)

  console.log
    Using incremental cache for V_3H/5__S_j_.ts

      at AnalysisOptimizer.parseIncremental (src/performance/AnalysisOptimizer.ts:174:15)
          at Array.map (<anonymous>)

  console.log
    Using incremental cache for _TcSNn/_U_XB_g_Ea_PyI.java

      at AnalysisOptimizer.parseIncremental (src/performance/AnalysisOptimizer.ts:174:15)
          at Array.map (<anonymous>)

  console.log
    Using incremental cache for ___VK/_JeTa.go

      at AnalysisOptimizer.parseIncremental (src/performance/AnalysisOptimizer.ts:174:15)
          at Array.map (<anonymous>)

  console.log
    Using incremental cache for ze_/G_0_o_Ksp5Yw.ts

      at AnalysisOptimizer.parseIncremental (src/performance/AnalysisOptimizer.ts:174:15)
          at Array.map (<anonymous>)

  console.log
    Using incremental cache for p___Wrd_c/tq___PWex.java

      at AnalysisOptimizer.parseIncremental (src/performance/AnalysisOptimizer.ts:174:15)
          at Array.map (<anonymous>)

  console.log
    Using incremental cache for Plk__N_/ZtS_4_7.py

      at AnalysisOptimizer.parseIncremental (src/performance/AnalysisOptimizer.ts:174:15)
          at Array.map (<anonymous>)

  console.log
    Using incremental cache for S9_i.py

      at AnalysisOptimizer.parseIncremental (src/performance/AnalysisOptimizer.ts:174:15)
          at Array.map (<anonymous>)

  console.log
    Using incremental cache for 3NM__x__0.go

      at AnalysisOptimizer.parseIncremental (src/performance/AnalysisOptimizer.ts:174:15)
          at Array.map (<anonymous>)

  console.log
    Using incremental cache for S__.ts

      at AnalysisOptimizer.parseIncremental (src/performance/AnalysisOptimizer.ts:174:15)
          at Array.map (<anonymous>)

  console.log
    Using incremental cache for __Q/6_z_nNN_.go

      at AnalysisOptimizer.parseIncremental (src/performance/AnalysisOptimizer.ts:174:15)
          at Array.map (<anonymous>)

  console.log
    Using incremental cache for __QJMF.go

      at AnalysisOptimizer.parseIncremental (src/performance/AnalysisOptimizer.ts:174:15)
          at Array.map (<anonymous>)

  console.log
    Using incremental cache for _vYKO_g_F.py

      at AnalysisOptimizer.parseIncremental (src/performance/AnalysisOptimizer.ts:174:15)
          at Array.map (<anonymous>)

  console.log
    Using incremental cache for cfZ36j5_Vw/_W7OYH___.js

      at AnalysisOptimizer.parseIncremental (src/performance/AnalysisOptimizer.ts:174:15)
          at Array.map (<anonymous>)

  console.log
    Using incremental cache for eQKG__.js

      at AnalysisOptimizer.parseIncremental (src/performance/AnalysisOptimizer.ts:174:15)
          at Array.map (<anonymous>)

  console.log
    Using incremental cache for p9Z___.py

      at AnalysisOptimizer.parseIncremental (src/performance/AnalysisOptimizer.ts:174:15)
          at Array.map (<anonymous>)

  console.log
    Using incremental cache for zO_1JE.ts

      at AnalysisOptimizer.parseIncremental (src/performance/AnalysisOptimizer.ts:174:15)
          at Array.map (<anonymous>)

  console.log
    Using incremental cache for YMczMn7/Ak____99.js

      at AnalysisOptimizer.parseIncremental (src/performance/AnalysisOptimizer.ts:174:15)
          at Array.map (<anonymous>)

  console.log
    Using incremental cache for Zn_DT/bG8_A0_L_yi_X.py

      at AnalysisOptimizer.parseIncremental (src/performance/AnalysisOptimizer.ts:174:15)
          at Array.map (<anonymous>)

  console.log
    Using incremental cache for __NO/nyj_e.js

      at AnalysisOptimizer.parseIncremental (src/performance/AnalysisOptimizer.ts:174:15)
          at Array.map (<anonymous>)

  console.log
    Using incremental cache for hc374_/z2Ub_KG.js

      at AnalysisOptimizer.parseIncremental (src/performance/AnalysisOptimizer.ts:174:15)
          at Array.map (<anonymous>)

  console.log
    Using incremental cache for oc__J3_nr/__6O__.js

      at AnalysisOptimizer.parseIncremental (src/performance/AnalysisOptimizer.ts:174:15)
          at Array.map (<anonymous>)

  console.log
    Using incremental cache for qEK1/_U8i.java

      at AnalysisOptimizer.parseIncremental (src/performance/AnalysisOptimizer.ts:174:15)
          at Array.map (<anonymous>)

  console.log
    Using incremental cache for r___u_u_RM/sN__04_d.js

      at AnalysisOptimizer.parseIncremental (src/performance/AnalysisOptimizer.ts:174:15)
          at Array.map (<anonymous>)

  console.log
    Using incremental cache for ___.py

      at AnalysisOptimizer.parseIncremental (src/performance/AnalysisOptimizer.ts:174:15)
          at Array.map (<anonymous>)

  console.log
    Using incremental cache for __MGX/_FtY6qYsoCu.go

      at AnalysisOptimizer.parseIncremental (src/performance/AnalysisOptimizer.ts:174:15)
          at Array.map (<anonymous>)

  console.log
    Using incremental cache for __aw_v_____.java

      at AnalysisOptimizer.parseIncremental (src/performance/AnalysisOptimizer.ts:174:15)
          at Array.map (<anonymous>)

  console.log
    Using incremental cache for ml__e__.ts

      at AnalysisOptimizer.parseIncremental (src/performance/AnalysisOptimizer.ts:174:15)
          at Array.map (<anonymous>)

  console.log
    Using incremental cache for wa__U_w_/_G7_DUB_q4.js

      at AnalysisOptimizer.parseIncremental (src/performance/AnalysisOptimizer.ts:174:15)
          at Array.map (<anonymous>)

  console.log
    Using incremental cache for y_bU/OVkVG_.js

      at AnalysisOptimizer.parseIncremental (src/performance/AnalysisOptimizer.ts:174:15)
          at Array.map (<anonymous>)

  console.log
    Using incremental cache for 6_J_N____w/BR_V8_C.ts

      at AnalysisOptimizer.parseIncremental (src/performance/AnalysisOptimizer.ts:174:15)
          at Array.map (<anonymous>)

  console.log
    Using incremental cache for I1Tyo/_m__V8_B_.ts

      at AnalysisOptimizer.parseIncremental (src/performance/AnalysisOptimizer.ts:174:15)
          at Array.map (<anonymous>)

  console.log
    Using incremental cache for ____y/nSo_c_.java

      at AnalysisOptimizer.parseIncremental (src/performance/AnalysisOptimizer.ts:174:15)
          at Array.map (<anonymous>)

  console.log
    Using incremental cache for k___/__K_DA.py

      at AnalysisOptimizer.parseIncremental (src/performance/AnalysisOptimizer.ts:174:15)
          at Array.map (<anonymous>)

  console.log
    Using incremental cache for 9J_R/5dXJ_LVR0J.java

      at AnalysisOptimizer.parseIncremental (src/performance/AnalysisOptimizer.ts:174:15)
          at Array.map (<anonymous>)

  console.log
    Using incremental cache for Tom/LlRdQ.js

      at AnalysisOptimizer.parseIncremental (src/performance/AnalysisOptimizer.ts:174:15)
          at Array.map (<anonymous>)

  console.log
    Using incremental cache for eb_W_6t_9s/__k3Db_.js

      at AnalysisOptimizer.parseIncremental (src/performance/AnalysisOptimizer.ts:174:15)
          at Array.map (<anonymous>)

  console.log
    Using incremental cache for kCE__Idg0.java

      at AnalysisOptimizer.parseIncremental (src/performance/AnalysisOptimizer.ts:174:15)
          at Array.map (<anonymous>)

  console.log
    Using incremental cache for key.js

      at AnalysisOptimizer.parseIncremental (src/performance/AnalysisOptimizer.ts:174:15)
          at Array.map (<anonymous>)

  console.log
    Using incremental cache for ref.java

      at AnalysisOptimizer.parseIncremental (src/performance/AnalysisOptimizer.ts:174:15)
          at Array.map (<anonymous>)

  console.log
    Using incremental cache for x_8_m6t8X_Od.py

      at AnalysisOptimizer.parseIncremental (src/performance/AnalysisOptimizer.ts:174:15)
          at Array.map (<anonymous>)

  console.log
    Using incremental cache for I_q_/ofO1_.js

      at AnalysisOptimizer.parseIncremental (src/performance/AnalysisOptimizer.ts:174:15)
          at Array.map (<anonymous>)

  console.log
    Using incremental cache for M__u__z.js

      at AnalysisOptimizer.parseIncremental (src/performance/AnalysisOptimizer.ts:174:15)
          at Array.map (<anonymous>)

  console.log
    Using incremental cache for r__/KrNMy_R_NYluKAE.ts

      at AnalysisOptimizer.parseIncremental (src/performance/AnalysisOptimizer.ts:174:15)
          at Array.map (<anonymous>)

  console.log
    ArchView extension deactivated

      at ExtensionController.deactivate (src/ExtensionController.ts:173:13)

  console.log
    Worker threads are supported

      at AnalysisOptimizer.checkWorkerThreadSupport (src/performance/AnalysisOptimizer.ts:67:15)

  console.log
    Registered command: archview.generateDiagram

      at ExtensionController.registerCommands (src/ExtensionController.ts:198:15)

  console.log
    Registered command: archview.refreshDiagram

      at ExtensionController.registerCommands (src/ExtensionController.ts:198:15)

  console.log
    Registered command: archview.exportDiagram

      at ExtensionController.registerCommands (src/ExtensionController.ts:198:15)

  console.log
    Configuration listener registered

      at ExtensionController.registerConfigurationListener (src/ExtensionController.ts:214:13)

  console.log
    
    ╔════════════════════════════════════════════════════════════╗
    ║  Welcome to ArchView - AI Architecture Diagrams           ║
    ╠════════════════════════════════════════════════════════════╣
    ║                                                            ║
    ║  Get started:                                              ║
    ║  1. Open a project folder                                  ║
    ║  2. Run command: "ArchView: Generate Diagram"              ║
    ║  3. Explore your architecture visually!                    ║
    ║                                                            ║
    ║  Features:                                                 ║
    ║  • AI-powered architecture analysis                        ║
    ║  • Interactive diagram navigation                          ║
    ║  • Multi-language support                                  ║
    ║  • Export to PNG/SVG                                       ║
    ║                                                            ║
    ╚════════════════════════════════════════════════════════════╝

      at ExtensionController.showWelcomeMessage (src/ExtensionController.ts:709:13)

  console.log
    State saved

      at ExtensionController.saveState (src/ExtensionController.ts:759:15)

  console.log
    ArchView extension activated

      at ExtensionController.activate (src/ExtensionController.ts:145:13)

  console.log
    Clearing all file highlights

      at FileHighlighter.applyDecorations (src/ui/FileHighlighter.ts:121:17)

  console.log
    Highlighting files: [ 'src//$_M42Q:8na^.ts' ]

      at FileHighlighter.applyDecorations (src/ui/FileHighlighter.ts:119:17)

  console.log
    State saved

      at ExtensionController.saveState (src/ExtensionController.ts:759:15)

  console.log
    Clearing all file highlights

      at FileHighlighter.applyDecorations (src/ui/FileHighlighter.ts:121:17)

  console.log
    Using incremental cache for __Ar__dG_/_M63M_m.ts

      at AnalysisOptimizer.parseIncremental (src/performance/AnalysisOptimizer.ts:174:15)
          at Array.map (<anonymous>)

  console.log
    Using incremental cache for __eSd_H5_.py

      at AnalysisOptimizer.parseIncremental (src/performance/AnalysisOptimizer.ts:174:15)
          at Array.map (<anonymous>)

  console.log
    Using incremental cache for __h1j_8.ts

      at AnalysisOptimizer.parseIncremental (src/performance/AnalysisOptimizer.ts:174:15)
          at Array.map (<anonymous>)

  console.log
    Using incremental cache for o_iQ3____/A_7___9FW9h1_.js

      at AnalysisOptimizer.parseIncremental (src/performance/AnalysisOptimizer.ts:174:15)
          at Array.map (<anonymous>)

  console.log
    Using incremental cache for 6Nr/Y_d__pqb.py

      at AnalysisOptimizer.parseIncremental (src/performance/AnalysisOptimizer.ts:174:15)
          at Array.map (<anonymous>)

  console.log
    Using incremental cache for Nnn_.go

      at AnalysisOptimizer.parseIncremental (src/performance/AnalysisOptimizer.ts:174:15)
          at Array.map (<anonymous>)

  console.log
    Using incremental cache for _g_JAH/w___Q_TmbQ.js

      at AnalysisOptimizer.parseIncremental (src/performance/AnalysisOptimizer.ts:174:15)
          at Array.map (<anonymous>)

  console.log
    Using incremental cache for _y4_EyM/SRrCZ__E.ts

      at AnalysisOptimizer.parseIncremental (src/performance/AnalysisOptimizer.ts:174:15)
          at Array.map (<anonymous>)

  console.log
    Using incremental cache for ib_h_/kq_tz_.java

      at AnalysisOptimizer.parseIncremental (src/performance/AnalysisOptimizer.ts:174:15)
          at Array.map (<anonymous>)

  console.log
    Using incremental cache for X_XMP_ZK__/_____wVz_HFx__.py

      at AnalysisOptimizer.parseIncremental (src/performance/AnalysisOptimizer.ts:174:15)
          at Array.map (<anonymous>)

  console.log
    Using incremental cache for _czt_7Y_S_7.py

      at AnalysisOptimizer.parseIncremental (src/performance/AnalysisOptimizer.ts:174:15)
          at Array.map (<anonymous>)

  console.log
    Using incremental cache for app/_4p.js

      at AnalysisOptimizer.parseIncremental (src/performance/AnalysisOptimizer.ts:174:15)
          at Array.map (<anonymous>)

  console.log
    Using incremental cache for 7Sol__Sk5g/S_Muz_rMCD_.py

      at AnalysisOptimizer.parseIncremental (src/performance/AnalysisOptimizer.ts:174:15)
          at Array.map (<anonymous>)

  console.log
    Using incremental cache for 7p___D/T_5Gg_l____yFl.py

      at AnalysisOptimizer.parseIncremental (src/performance/AnalysisOptimizer.ts:174:15)
          at Array.map (<anonymous>)

  console.log
    Using incremental cache for 9_OxeIxfBE6P__s.java

      at AnalysisOptimizer.parseIncremental (src/performance/AnalysisOptimizer.ts:174:15)
          at Array.map (<anonymous>)

  console.log
    Using incremental cache for DDzAg___7_E.ts

      at AnalysisOptimizer.parseIncremental (src/performance/AnalysisOptimizer.ts:174:15)
          at Array.map (<anonymous>)

  console.log
    Using incremental cache for FQU_q_/_____Q_YgE_o_v_.py

      at AnalysisOptimizer.parseIncremental (src/performance/AnalysisOptimizer.ts:174:15)
          at Array.map (<anonymous>)

  console.log
    Using incremental cache for Oij_28_zz6xMxq.js

      at AnalysisOptimizer.parseIncremental (src/performance/AnalysisOptimizer.ts:174:15)
          at Array.map (<anonymous>)

  console.log
    Using incremental cache for XZ9Gw_3R_cRz.go

      at AnalysisOptimizer.parseIncremental (src/performance/AnalysisOptimizer.ts:174:15)
          at Array.map (<anonymous>)

  console.log
    Using incremental cache for _28ov.py

      at AnalysisOptimizer.parseIncremental (src/performance/AnalysisOptimizer.ts:174:15)
          at Array.map (<anonymous>)

  console.log
    Using incremental cache for _E__a1__0c_KSU.go

      at AnalysisOptimizer.parseIncremental (src/performance/AnalysisOptimizer.ts:174:15)
          at Array.map (<anonymous>)

  console.log
    Using incremental cache for 1_L03_.java

      at AnalysisOptimizer.parseIncremental (src/performance/AnalysisOptimizer.ts:174:15)
          at Array.map (<anonymous>)

  console.log
    Using incremental cache for _2T.js

      at AnalysisOptimizer.parseIncremental (src/performance/AnalysisOptimizer.ts:174:15)
          at Array.map (<anonymous>)

  console.log
    Using incremental cache for _3k____As/VDci0Xe76mO__.js

      at AnalysisOptimizer.parseIncremental (src/performance/AnalysisOptimizer.ts:174:15)
          at Array.map (<anonymous>)

  console.log
    Using incremental cache for QMTUDS_/NzR_U__.py

      at AnalysisOptimizer.parseIncremental (src/performance/AnalysisOptimizer.ts:174:15)
          at Array.map (<anonymous>)

  console.log
    Using incremental cache for U2m/_9ZFQNIc1_2__.go

      at AnalysisOptimizer.parseIncremental (src/performance/AnalysisOptimizer.ts:174:15)
          at Array.map (<anonymous>)

  console.log
    Using incremental cache for __x0Iuo_/fr4b_FP___.java

      at AnalysisOptimizer.parseIncremental (src/performance/AnalysisOptimizer.ts:174:15)
          at Array.map (<anonymous>)

  console.log
    Using incremental cache for _iBx8ef_/Y_8_k0_.ts

      at AnalysisOptimizer.parseIncremental (src/performance/AnalysisOptimizer.ts:174:15)
          at Array.map (<anonymous>)

  console.log
    Using incremental cache for _uhd__9__/nrNX___J2___.js

      at AnalysisOptimizer.parseIncremental (src/performance/AnalysisOptimizer.ts:174:15)
          at Array.map (<anonymous>)

  console.log
    Using incremental cache for _wYrz.py

      at AnalysisOptimizer.parseIncremental (src/performance/AnalysisOptimizer.ts:174:15)
          at Array.map (<anonymous>)

  console.log
    Using incremental cache for _z_/_w_0_o_.go

      at AnalysisOptimizer.parseIncremental (src/performance/AnalysisOptimizer.ts:174:15)
          at Array.map (<anonymous>)

  console.log
    Using incremental cache for r_6_K2S__/tm5APOE.ts

      at AnalysisOptimizer.parseIncremental (src/performance/AnalysisOptimizer.ts:174:15)
          at Array.map (<anonymous>)

  console.log
    Using incremental cache for Cz_S_ie.js

      at AnalysisOptimizer.parseIncremental (src/performance/AnalysisOptimizer.ts:174:15)
          at Array.map (<anonymous>)

  console.log
    Using incremental cache for D_G3mRm/vXpKt_37u___.java

      at AnalysisOptimizer.parseIncremental (src/performance/AnalysisOptimizer.ts:174:15)
          at Array.map (<anonymous>)

  console.log
    Using incremental cache for _0ETj/Vq_.go

      at AnalysisOptimizer.parseIncremental (src/performance/AnalysisOptimizer.ts:174:15)
          at Array.map (<anonymous>)

  console.log
    Using incremental cache for __o3/Hs_J_7_.go

      at AnalysisOptimizer.parseIncremental (src/performance/AnalysisOptimizer.ts:174:15)
          at Array.map (<anonymous>)

  console.log
    Using incremental cache for _v_/_nU_V__eJ.go

      at AnalysisOptimizer.parseIncremental (src/performance/AnalysisOptimizer.ts:174:15)
          at Array.map (<anonymous>)

  console.log
    Using incremental cache for sXn_3h_.py

      at AnalysisOptimizer.parseIncremental (src/performance/AnalysisOptimizer.ts:174:15)
          at Array.map (<anonymous>)

  console.log
    Using incremental cache for 68_/___.java

      at AnalysisOptimizer.parseIncremental (src/performance/AnalysisOptimizer.ts:174:15)
          at Array.map (<anonymous>)

  console.log
    Using incremental cache for 7TE7He_xz.java

      at AnalysisOptimizer.parseIncremental (src/performance/AnalysisOptimizer.ts:174:15)
          at Array.map (<anonymous>)

  console.log
    Using incremental cache for HF_b/W__6_w____.ts

      at AnalysisOptimizer.parseIncremental (src/performance/AnalysisOptimizer.ts:174:15)
          at Array.map (<anonymous>)

  console.log
    Using incremental cache for L__R/xJSwS_Sx_Ql_sN_.py

      at AnalysisOptimizer.parseIncremental (src/performance/AnalysisOptimizer.ts:174:15)
          at Array.map (<anonymous>)

  console.log
    Using incremental cache for __KT_qxO/_IA_4K_z7__Lu_.ts

      at AnalysisOptimizer.parseIncremental (src/performance/AnalysisOptimizer.ts:174:15)
          at Array.map (<anonymous>)

  console.log
    Using incremental cache for _____/b_a__U3.go

      at AnalysisOptimizer.parseIncremental (src/performance/AnalysisOptimizer.ts:174:15)
          at Array.map (<anonymous>)

  console.log
    Using incremental cache for rb__na/Pp___kFu__MyyY.py

      at AnalysisOptimizer.parseIncremental (src/performance/AnalysisOptimizer.ts:174:15)
          at Array.map (<anonymous>)

  console.log
    Using incremental cache for 83_/Xf_0KC2U2__L.ts

      at AnalysisOptimizer.parseIncremental (src/performance/AnalysisOptimizer.ts:174:15)
          at Array.map (<anonymous>)

  console.log
    Using incremental cache for Bw_X6O_O_M5O.js

      at AnalysisOptimizer.parseIncremental (src/performance/AnalysisOptimizer.ts:174:15)
          at Array.map (<anonymous>)

  console.log
    Using incremental cache for ___/__ZHJ_.ts

      at AnalysisOptimizer.parseIncremental (src/performance/AnalysisOptimizer.ts:174:15)
          at Array.map (<anonymous>)

  console.log
    Using incremental cache for _i1/xC__E_l1px.py

      at AnalysisOptimizer.parseIncremental (src/performance/AnalysisOptimizer.ts:174:15)
          at Array.map (<anonymous>)

  console.log
    Using incremental cache for z_pv_df_iz_VC.go

      at AnalysisOptimizer.parseIncremental (src/performance/AnalysisOptimizer.ts:174:15)
          at Array.map (<anonymous>)

  console.log
    Using incremental cache for 5H_zzp/__R_p____EH.js

      at AnalysisOptimizer.parseIncremental (src/performance/AnalysisOptimizer.ts:174:15)
          at Array.map (<anonymous>)

  console.log
    Using incremental cache for _SW_zk5THu_Yd__.py

      at AnalysisOptimizer.parseIncremental (src/performance/AnalysisOptimizer.ts:174:15)
          at Array.map (<anonymous>)

  console.log
    Using incremental cache for _m__eW__.js

      at AnalysisOptimizer.parseIncremental (src/performance/AnalysisOptimizer.ts:174:15)
          at Array.map (<anonymous>)

  console.log
    Using incremental cache for ___eAa__KF.ts

      at AnalysisOptimizer.parseIncremental (src/performance/AnalysisOptimizer.ts:174:15)
          at Array.map (<anonymous>)

  console.log
    ArchView extension deactivated

      at ExtensionController.deactivate (src/ExtensionController.ts:173:13)

  console.log
    Worker threads are supported

      at AnalysisOptimizer.checkWorkerThreadSupport (src/performance/AnalysisOptimizer.ts:67:15)

  console.log
    Registered command: archview.generateDiagram

      at ExtensionController.registerCommands (src/ExtensionController.ts:198:15)

  console.log
    Registered command: archview.refreshDiagram

      at ExtensionController.registerCommands (src/ExtensionController.ts:198:15)

  console.log
    Registered command: archview.exportDiagram

      at ExtensionController.registerCommands (src/ExtensionController.ts:198:15)

  console.log
    Configuration listener registered

      at ExtensionController.registerConfigurationListener (src/ExtensionController.ts:214:13)

  console.log
    
    ╔════════════════════════════════════════════════════════════╗
    ║  Welcome to ArchView - AI Architecture Diagrams           ║
    ╠════════════════════════════════════════════════════════════╣
    ║                                                            ║
    ║  Get started:                                              ║
    ║  1. Open a project folder                                  ║
    ║  2. Run command: "ArchView: Generate Diagram"              ║
    ║  3. Explore your architecture visually!                    ║
    ║                                                            ║
    ║  Features:                                                 ║
    ║  • AI-powered architecture analysis                        ║
    ║  • Interactive diagram navigation                          ║
    ║  • Multi-language support                                  ║
    ║  • Export to PNG/SVG                                       ║
    ║                                                            ║
    ╚════════════════════════════════════════════════════════════╝

      at ExtensionController.showWelcomeMessage (src/ExtensionController.ts:709:13)

  console.log
    State saved

      at ExtensionController.saveState (src/ExtensionController.ts:759:15)

  console.log
    ArchView extension activated

      at ExtensionController.activate (src/ExtensionController.ts:145:13)

  console.log
    Clearing all file highlights

      at FileHighlighter.applyDecorations (src/ui/FileHighlighter.ts:121:17)

  console.log
    Highlighting files: [
      'src/JwpQllc".ts',
      'src/g&Z6YYM; Mz|Wu.ts',
      'src/*jlql.1.ts',
      'src/lbK~kSg@7^Ce@%w/MY.ts',
      'src/P(<`URiEVSPz*r&EH;.ts'
    ]

      at FileHighlighter.applyDecorations (src/ui/FileHighlighter.ts:119:17)

  console.log
    State saved

      at ExtensionController.saveState (src/ExtensionController.ts:759:15)

  console.log
    Clearing all file highlights

      at FileHighlighter.applyDecorations (src/ui/FileHighlighter.ts:121:17)

  console.log
    Using incremental cache for Bd_____/____Th_BiD.js

      at AnalysisOptimizer.parseIncremental (src/performance/AnalysisOptimizer.ts:174:15)
          at Array.map (<anonymous>)

  console.log
    Using incremental cache for O_F_l__sCe_.js

      at AnalysisOptimizer.parseIncremental (src/performance/AnalysisOptimizer.ts:174:15)
          at Array.map (<anonymous>)

  console.log
    Using incremental cache for VfH8_VbZ_.ts

      at AnalysisOptimizer.parseIncremental (src/performance/AnalysisOptimizer.ts:174:15)
          at Array.map (<anonymous>)

  console.log
    Using incremental cache for ___eY5.py

      at AnalysisOptimizer.parseIncremental (src/performance/AnalysisOptimizer.ts:174:15)
          at Array.map (<anonymous>)

  console.log
    Using incremental cache for _W_4B_KE1_JKv.py

      at AnalysisOptimizer.parseIncremental (src/performance/AnalysisOptimizer.ts:174:15)
          at Array.map (<anonymous>)

  console.log
    Max memory increase during analysis: 0.00MB

      at Object.<anonymous> (src/__tests__/performance.test.ts:317:17)

  console.log
    Memory before cleanup: 0.00MB

      at Object.<anonymous> (src/__tests__/performance.test.ts:344:15)

  console.log
    Using incremental cache for EU4Ob8yt_/K_kQ9__xbPjm.py

      at AnalysisOptimizer.parseIncremental (src/performance/AnalysisOptimizer.ts:174:15)
          at Array.map (<anonymous>)

  console.log
    Using incremental cache for G_pe__ebb6K_.java

      at AnalysisOptimizer.parseIncremental (src/performance/AnalysisOptimizer.ts:174:15)
          at Array.map (<anonymous>)

  console.log
    Using incremental cache for I_iMu_il_.go

      at AnalysisOptimizer.parseIncremental (src/performance/AnalysisOptimizer.ts:174:15)
          at Array.map (<anonymous>)

  console.log
    Using incremental cache for _6_H_E_/hJ3E__H.py

      at AnalysisOptimizer.parseIncremental (src/performance/AnalysisOptimizer.ts:174:15)
          at Array.map (<anonymous>)

  console.log
    Using incremental cache for 2__gnw___9_6.ts

      at AnalysisOptimizer.parseIncremental (src/performance/AnalysisOptimizer.ts:174:15)
          at Array.map (<anonymous>)

  console.log
    Using incremental cache for X_cQsg/_ECn__k.go

      at AnalysisOptimizer.parseIncremental (src/performance/AnalysisOptimizer.ts:174:15)
          at Array.map (<anonymous>)

  console.log
    Using incremental cache for _Z7__y__WTTR4.java

      at AnalysisOptimizer.parseIncremental (src/performance/AnalysisOptimizer.ts:174:15)
          at Array.map (<anonymous>)

  console.log
    Using incremental cache for t_xI.java

      at AnalysisOptimizer.parseIncremental (src/performance/AnalysisOptimizer.ts:174:15)
          at Array.map (<anonymous>)

  console.log
    Using incremental cache for x_6rz_D_T/l4kHs_63gyJfG_.java

      at AnalysisOptimizer.parseIncremental (src/performance/AnalysisOptimizer.ts:174:15)
          at Array.map (<anonymous>)

  console.log
    Using incremental cache for Z8hM_m3N___N_X6.js

      at AnalysisOptimizer.parseIncremental (src/performance/AnalysisOptimizer.ts:174:15)
          at Array.map (<anonymous>)

  console.log
    Using incremental cache for qL_/FG_7dn.py

      at AnalysisOptimizer.parseIncremental (src/performance/AnalysisOptimizer.ts:174:15)
          at Array.map (<anonymous>)

  console.log
    Using incremental cache for B7f_2n_rx_y_.ts

      at AnalysisOptimizer.parseIncremental (src/performance/AnalysisOptimizer.ts:174:15)
          at Array.map (<anonymous>)

  console.log
    Using incremental cache for hy_9__.js

      at AnalysisOptimizer.parseIncremental (src/performance/AnalysisOptimizer.ts:174:15)
          at Array.map (<anonymous>)

  console.log
    Using incremental cache for m_E_/8I4eaV9o_.js

      at AnalysisOptimizer.parseIncremental (src/performance/AnalysisOptimizer.ts:174:15)
          at Array.map (<anonymous>)

  console.log
    Using incremental cache for 2_xW____e/_8_b_8____K_.py

      at AnalysisOptimizer.parseIncremental (src/performance/AnalysisOptimizer.ts:174:15)
          at Array.map (<anonymous>)

  console.log
    Using incremental cache for 4_eHjrzM/_1__.go

      at AnalysisOptimizer.parseIncremental (src/performance/AnalysisOptimizer.ts:174:15)
          at Array.map (<anonymous>)

  console.log
    Using incremental cache for As__R/DGq_QK4__3b_c.go

      at AnalysisOptimizer.parseIncremental (src/performance/AnalysisOptimizer.ts:174:15)
          at Array.map (<anonymous>)

  console.log
    Using incremental cache for Gv_N_HXBgVA_.js

      at AnalysisOptimizer.parseIncremental (src/performance/AnalysisOptimizer.ts:174:15)
          at Array.map (<anonymous>)

  console.log
    Using incremental cache for S0__h_.java

      at AnalysisOptimizer.parseIncremental (src/performance/AnalysisOptimizer.ts:174:15)
          at Array.map (<anonymous>)

  console.log
    Using incremental cache for _Q9n_K_e_.ts

      at AnalysisOptimizer.parseIncremental (src/performance/AnalysisOptimizer.ts:174:15)
          at Array.map (<anonymous>)

  console.log
    Using incremental cache for __Vx20P.py

      at AnalysisOptimizer.parseIncremental (src/performance/AnalysisOptimizer.ts:174:15)
          at Array.map (<anonymous>)

  console.log
    Using incremental cache for x_pRQ.ts

      at AnalysisOptimizer.parseIncremental (src/performance/AnalysisOptimizer.ts:174:15)
          at Array.map (<anonymous>)

  console.log
    Using incremental cache for 4__HH0mc__w.js

      at AnalysisOptimizer.parseIncremental (src/performance/AnalysisOptimizer.ts:174:15)
          at Array.map (<anonymous>)

  console.log
    Using incremental cache for CRXRtEn__.java

      at AnalysisOptimizer.parseIncremental (src/performance/AnalysisOptimizer.ts:174:15)
          at Array.map (<anonymous>)

  console.log
    Using incremental cache for W_Oj/_mhpmsP_L_z.go

      at AnalysisOptimizer.parseIncremental (src/performance/AnalysisOptimizer.ts:174:15)
          at Array.map (<anonymous>)

  console.log
    Using incremental cache for _RJ_O_t/jEecot.java

      at AnalysisOptimizer.parseIncremental (src/performance/AnalysisOptimizer.ts:174:15)
          at Array.map (<anonymous>)

  console.log
    Using incremental cache for _aJQF7v/i____x___EI_.ts

      at AnalysisOptimizer.parseIncremental (src/performance/AnalysisOptimizer.ts:174:15)
          at Array.map (<anonymous>)

  console.log
    Using incremental cache for kSgxyCm/LZcu__.js

      at AnalysisOptimizer.parseIncremental (src/performance/AnalysisOptimizer.ts:174:15)
          at Array.map (<anonymous>)

  console.log
    Using incremental cache for oT_a6_D/__6c_vS.ts

      at AnalysisOptimizer.parseIncremental (src/performance/AnalysisOptimizer.ts:174:15)
          at Array.map (<anonymous>)

  console.log
    Using incremental cache for s_DA.js

      at AnalysisOptimizer.parseIncremental (src/performance/AnalysisOptimizer.ts:174:15)
          at Array.map (<anonymous>)

  console.log
    Using incremental cache for _Lkfc__aJT/2I_M9_G__rGcxZ.py

      at AnalysisOptimizer.parseIncremental (src/performance/AnalysisOptimizer.ts:174:15)
          at Array.map (<anonymous>)

  console.log
    Using incremental cache for __vpL_y0/_uN.js

      at AnalysisOptimizer.parseIncremental (src/performance/AnalysisOptimizer.ts:174:15)
          at Array.map (<anonymous>)

  console.log
    ArchView extension deactivated

      at ExtensionController.deactivate (src/ExtensionController.ts:173:13)

  console.log
    Worker threads are supported

      at AnalysisOptimizer.checkWorkerThreadSupport (src/performance/AnalysisOptimizer.ts:67:15)

  console.log
    Registered command: archview.generateDiagram

      at ExtensionController.registerCommands (src/ExtensionController.ts:198:15)

  console.log
    Registered command: archview.refreshDiagram

      at ExtensionController.registerCommands (src/ExtensionController.ts:198:15)

  console.log
    Registered command: archview.exportDiagram

      at ExtensionController.registerCommands (src/ExtensionController.ts:198:15)

  console.log
    Configuration listener registered

      at ExtensionController.registerConfigurationListener (src/ExtensionController.ts:214:13)

  console.log
    
    ╔════════════════════════════════════════════════════════════╗
    ║  Welcome to ArchView - AI Architecture Diagrams           ║
    ╠════════════════════════════════════════════════════════════╣
    ║                                                            ║
    ║  Get started:                                              ║
    ║  1. Open a project folder                                  ║
    ║  2. Run command: "ArchView: Generate Diagram"              ║
    ║  3. Explore your architecture visually!                    ║
    ║                                                            ║
    ║  Features:                                                 ║
    ║  • AI-powered architecture analysis                        ║
    ║  • Interactive diagram navigation                          ║
    ║  • Multi-language support                                  ║
    ║  • Export to PNG/SVG                                       ║
    ║                                                            ║
    ╚════════════════════════════════════════════════════════════╝

      at ExtensionController.showWelcomeMessage (src/ExtensionController.ts:709:13)

  console.log
    State saved

      at ExtensionController.saveState (src/ExtensionController.ts:759:15)

  console.log
    ArchView extension activated

      at ExtensionController.activate (src/ExtensionController.ts:145:13)

  console.log
    Clearing all file highlights

      at FileHighlighter.applyDecorations (src/ui/FileHighlighter.ts:121:17)

  console.log
    Highlighting files: [ 'src/*U<[ ^.ts', 'src/_qDhH/].ts' ]

      at FileHighlighter.applyDecorations (src/ui/FileHighlighter.ts:119:17)

  console.log
    State saved

      at ExtensionController.saveState (src/ExtensionController.ts:759:15)

  console.log
    Clearing all file highlights

      at FileHighlighter.applyDecorations (src/ui/FileHighlighter.ts:121:17)

  console.log
    Using incremental cache for FW_i_C/u__BUre2___.go

      at AnalysisOptimizer.parseIncremental (src/performance/AnalysisOptimizer.ts:174:15)
          at Array.map (<anonymous>)

  console.log
    Using incremental cache for _D__Y9E/____Z7K___s_c_.java

      at AnalysisOptimizer.parseIncremental (src/performance/AnalysisOptimizer.ts:174:15)
          at Array.map (<anonymous>)

  console.log
    Using incremental cache for _TQH1.js

      at AnalysisOptimizer.parseIncremental (src/performance/AnalysisOptimizer.ts:174:15)
          at Array.map (<anonymous>)

  console.log
    Using incremental cache for __g_s__/w_9dOIU__.ts

      at AnalysisOptimizer.parseIncremental (src/performance/AnalysisOptimizer.ts:174:15)
          at Array.map (<anonymous>)

  console.log
    Using incremental cache for hd___kx__Aa.py

      at AnalysisOptimizer.parseIncremental (src/performance/AnalysisOptimizer.ts:174:15)
          at Array.map (<anonymous>)

  console.log
    Using incremental cache for y0J_.ts

      at AnalysisOptimizer.parseIncremental (src/performance/AnalysisOptimizer.ts:174:15)
          at Array.map (<anonymous>)

  console.log
    Using incremental cache for CpW_y_l5C_Us.js

      at AnalysisOptimizer.parseIncremental (src/performance/AnalysisOptimizer.ts:174:15)
          at Array.map (<anonymous>)

  console.log
    Using incremental cache for Hw_pT_0Ye_.js

      at AnalysisOptimizer.parseIncremental (src/performance/AnalysisOptimizer.ts:174:15)
          at Array.map (<anonymous>)

  console.log
    Using incremental cache for Z_Ws3osc4J/7_N__IM_.go

      at AnalysisOptimizer.parseIncremental (src/performance/AnalysisOptimizer.ts:174:15)
          at Array.map (<anonymous>)

  console.log
    Using incremental cache for _DV_____2o_u_L.ts

      at AnalysisOptimizer.parseIncremental (src/performance/AnalysisOptimizer.ts:174:15)
          at Array.map (<anonymous>)

  console.log
    Using incremental cache for dfi_t_lJ3____.ts

      at AnalysisOptimizer.parseIncremental (src/performance/AnalysisOptimizer.ts:174:15)
          at Array.map (<anonymous>)

  console.log
    Using incremental cache for hDwv_z5.go

      at AnalysisOptimizer.parseIncremental (src/performance/AnalysisOptimizer.ts:174:15)
          at Array.map (<anonymous>)

  console.log
    Using incremental cache for mW_2_Jb.py

      at AnalysisOptimizer.parseIncremental (src/performance/AnalysisOptimizer.ts:174:15)
          at Array.map (<anonymous>)

  console.log
    Memory after cleanup: 0.26MB

      at Object.<anonymous> (src/__tests__/performance.test.ts:356:15)

  console.log
    Release time: 2003ms

      at Object.<anonymous> (src/__tests__/performance.test.ts:357:15)

  console.log
    Using incremental cache for 3_y__8POWeAi__.py

      at AnalysisOptimizer.parseIncremental (src/performance/AnalysisOptimizer.ts:174:15)
          at Array.map (<anonymous>)

  console.log
    Using incremental cache for _0___/__95_J1____DNE.js

      at AnalysisOptimizer.parseIncremental (src/performance/AnalysisOptimizer.ts:174:15)
          at Array.map (<anonymous>)

  console.log
    Using incremental cache for rgAvSR___.ts

      at AnalysisOptimizer.parseIncremental (src/performance/AnalysisOptimizer.ts:174:15)
          at Array.map (<anonymous>)

  console.log
    Using incremental cache for uj_lQF_cT_08_.js

      at AnalysisOptimizer.parseIncremental (src/performance/AnalysisOptimizer.ts:174:15)
          at Array.map (<anonymous>)

  console.log
    Using incremental cache for e_E_g_KxQ9_N.java

      at AnalysisOptimizer.parseIncremental (src/performance/AnalysisOptimizer.ts:174:15)
          at Array.map (<anonymous>)

  console.log
    Using incremental cache for 6aTTWz_/ULuB_V_.java

      at AnalysisOptimizer.parseIncremental (src/performance/AnalysisOptimizer.ts:174:15)
          at Array.map (<anonymous>)

  console.log
    Using incremental cache for 7dhuseK0cjS9__o.js

      at AnalysisOptimizer.parseIncremental (src/performance/AnalysisOptimizer.ts:174:15)
          at Array.map (<anonymous>)

  console.log
    Using incremental cache for MJXnc_cc___c.go

      at AnalysisOptimizer.parseIncremental (src/performance/AnalysisOptimizer.ts:174:15)
          at Array.map (<anonymous>)

  console.log
    Using incremental cache for _Vk___/B___Fjl_ORFA2__.go

      at AnalysisOptimizer.parseIncremental (src/performance/AnalysisOptimizer.ts:174:15)
          at Array.map (<anonymous>)

  console.log
    Using incremental cache for __l_E__gF.py

      at AnalysisOptimizer.parseIncremental (src/performance/AnalysisOptimizer.ts:174:15)
          at Array.map (<anonymous>)

  console.log
    Using incremental cache for _cki_I_96.py

      at AnalysisOptimizer.parseIncremental (src/performance/AnalysisOptimizer.ts:174:15)
          at Array.map (<anonymous>)

  console.log
    Using incremental cache for _kO6_a_ai__FH.py

      at AnalysisOptimizer.parseIncremental (src/performance/AnalysisOptimizer.ts:174:15)
          at Array.map (<anonymous>)

  console.log
    Using incremental cache for r5__1Gj_LN1.py

      at AnalysisOptimizer.parseIncremental (src/performance/AnalysisOptimizer.ts:174:15)
          at Array.map (<anonymous>)

  console.log
    Using incremental cache for _J_WKK/hB45mly_H.go

      at AnalysisOptimizer.parseIncremental (src/performance/AnalysisOptimizer.ts:174:15)
          at Array.map (<anonymous>)

  console.log
    Using incremental cache for x_E/6IV_d__cY_9.ts

      at AnalysisOptimizer.parseIncremental (src/performance/AnalysisOptimizer.ts:174:15)
          at Array.map (<anonymous>)

  console.log
    Using incremental cache for W_l__j7_O/__ny_2B_ysr_yyE.go

      at AnalysisOptimizer.parseIncremental (src/performance/AnalysisOptimizer.ts:174:15)
          at Array.map (<anonymous>)

  console.log
    Using incremental cache for z_____tu/____1u.java

      at AnalysisOptimizer.parseIncremental (src/performance/AnalysisOptimizer.ts:174:15)
          at Array.map (<anonymous>)

  console.log
    Using incremental cache for AlW0_A_73q__r.py

      at AnalysisOptimizer.parseIncremental (src/performance/AnalysisOptimizer.ts:174:15)
          at Array.map (<anonymous>)

  console.log
    Using incremental cache for HC_s__gd/ev3jI____mt_.py

      at AnalysisOptimizer.parseIncremental (src/performance/AnalysisOptimizer.ts:174:15)
          at Array.map (<anonymous>)

  console.log
    Using incremental cache for __gQ/K8B_Tp.ts

      at AnalysisOptimizer.parseIncremental (src/performance/AnalysisOptimizer.ts:174:15)
          at Array.map (<anonymous>)

  console.log
    Using incremental cache for _l_OI.js

      at AnalysisOptimizer.parseIncremental (src/performance/AnalysisOptimizer.ts:174:15)
          at Array.map (<anonymous>)

  console.log
    Using incremental cache for aAr_mw.go

      at AnalysisOptimizer.parseIncremental (src/performance/AnalysisOptimizer.ts:174:15)
          at Array.map (<anonymous>)

  console.log
    Using incremental cache for d_Uy____b/fzth_i_3__sG_.py

      at AnalysisOptimizer.parseIncremental (src/performance/AnalysisOptimizer.ts:174:15)
          at Array.map (<anonymous>)

  console.log
    Using incremental cache for f8_g9o/T__M_oe_4n3c_.py

      at AnalysisOptimizer.parseIncremental (src/performance/AnalysisOptimizer.ts:174:15)
          at Array.map (<anonymous>)

  console.log
    Using incremental cache for gpSV3Z/LCEJ.js

      at AnalysisOptimizer.parseIncremental (src/performance/AnalysisOptimizer.ts:174:15)
          at Array.map (<anonymous>)

  console.log
    Using incremental cache for CMFF_/Qy__9s8r.java

      at AnalysisOptimizer.parseIncremental (src/performance/AnalysisOptimizer.ts:174:15)
          at Array.map (<anonymous>)

  console.log
    Using incremental cache for ___g___vq/_NF____.ts

      at AnalysisOptimizer.parseIncremental (src/performance/AnalysisOptimizer.ts:174:15)
          at Array.map (<anonymous>)

  console.log
    Using incremental cache for _pTazO_/_t___hnN_UB_sJH.ts

      at AnalysisOptimizer.parseIncremental (src/performance/AnalysisOptimizer.ts:174:15)
          at Array.map (<anonymous>)

  console.log
    Using incremental cache for FXSz_K.js

      at AnalysisOptimizer.parseIncremental (src/performance/AnalysisOptimizer.ts:174:15)
          at Array.map (<anonymous>)

  console.log
    Using incremental cache for C__5.ts

      at AnalysisOptimizer.parseIncremental (src/performance/AnalysisOptimizer.ts:174:15)
          at Array.map (<anonymous>)

  console.log
    Using incremental cache for J___/_SfB7T_.java

      at AnalysisOptimizer.parseIncremental (src/performance/AnalysisOptimizer.ts:174:15)
          at Array.map (<anonymous>)

  console.log
    Using incremental cache for MXOD/____V5r__rV_.go

      at AnalysisOptimizer.parseIncremental (src/performance/AnalysisOptimizer.ts:174:15)
          at Array.map (<anonymous>)

  console.log
    Using incremental cache for n___m/SCrof__55w.java

      at AnalysisOptimizer.parseIncremental (src/performance/AnalysisOptimizer.ts:174:15)
          at Array.map (<anonymous>)

  console.log
    Using incremental cache for n_y_.go

      at AnalysisOptimizer.parseIncremental (src/performance/AnalysisOptimizer.ts:174:15)
          at Array.map (<anonymous>)

  console.log
    Using incremental cache for p0_TQUaO9/_H1g4_BQas_.py

      at AnalysisOptimizer.parseIncremental (src/performance/AnalysisOptimizer.ts:174:15)
          at Array.map (<anonymous>)

  console.log
    Using incremental cache for tkV__z/y_T.ts

      at AnalysisOptimizer.parseIncremental (src/performance/AnalysisOptimizer.ts:174:15)
          at Array.map (<anonymous>)

  console.log
    Using incremental cache for vP1eW_HpvmXq.java

      at AnalysisOptimizer.parseIncremental (src/performance/AnalysisOptimizer.ts:174:15)
          at Array.map (<anonymous>)

  console.log
    Using incremental cache for 5__dJJaz/Zy_b0L0__zNn_t.ts

      at AnalysisOptimizer.parseIncremental (src/performance/AnalysisOptimizer.ts:174:15)
          at Array.map (<anonymous>)

  console.log
    Using incremental cache for IpW___305.py

      at AnalysisOptimizer.parseIncremental (src/performance/AnalysisOptimizer.ts:174:15)
          at Array.map (<anonymous>)

  console.log
    Using incremental cache for W__.java

      at AnalysisOptimizer.parseIncremental (src/performance/AnalysisOptimizer.ts:174:15)
          at Array.map (<anonymous>)

  console.log
    Using incremental cache for _L_Z_X_.ts

      at AnalysisOptimizer.parseIncremental (src/performance/AnalysisOptimizer.ts:174:15)
          at Array.map (<anonymous>)

  console.log
    Using incremental cache for __X_Qe9T.ts

      at AnalysisOptimizer.parseIncremental (src/performance/AnalysisOptimizer.ts:174:15)
          at Array.map (<anonymous>)

  console.log
    Using incremental cache for _vZ/__PEQ8xrp__V.go

      at AnalysisOptimizer.parseIncremental (src/performance/AnalysisOptimizer.ts:174:15)
          at Array.map (<anonymous>)

  console.log
    Using incremental cache for _wa__/_V__P.java

      at AnalysisOptimizer.parseIncremental (src/performance/AnalysisOptimizer.ts:174:15)
          at Array.map (<anonymous>)

  console.log
    Using incremental cache for yN_N/_Nw_Uy_dupg_.go

      at AnalysisOptimizer.parseIncremental (src/performance/AnalysisOptimizer.ts:174:15)
          at Array.map (<anonymous>)

  console.log
    Using incremental cache for ye_ES0.go

      at AnalysisOptimizer.parseIncremental (src/performance/AnalysisOptimizer.ts:174:15)
          at Array.map (<anonymous>)

  console.log
    Using incremental cache for 8__.java

      at AnalysisOptimizer.parseIncremental (src/performance/AnalysisOptimizer.ts:174:15)
          at Array.map (<anonymous>)

  console.log
    Using incremental cache for ZgNq9nfu/_EG___l.go

      at AnalysisOptimizer.parseIncremental (src/performance/AnalysisOptimizer.ts:174:15)
          at Array.map (<anonymous>)

  console.log
    ArchView extension deactivated

      at ExtensionController.deactivate (src/ExtensionController.ts:173:13)

  console.log
    Worker threads are supported

      at AnalysisOptimizer.checkWorkerThreadSupport (src/performance/AnalysisOptimizer.ts:67:15)

  console.log
    Registered command: archview.generateDiagram

      at ExtensionController.registerCommands (src/ExtensionController.ts:198:15)

  console.log
    Registered command: archview.refreshDiagram

      at ExtensionController.registerCommands (src/ExtensionController.ts:198:15)

  console.log
    Registered command: archview.exportDiagram

      at ExtensionController.registerCommands (src/ExtensionController.ts:198:15)

  console.log
    Configuration listener registered

      at ExtensionController.registerConfigurationListener (src/ExtensionController.ts:214:13)

  console.log
    
    ╔════════════════════════════════════════════════════════════╗
    ║  Welcome to ArchView - AI Architecture Diagrams           ║
    ╠════════════════════════════════════════════════════════════╣
    ║                                                            ║
    ║  Get started:                                              ║
    ║  1. Open a project folder                                  ║
    ║  2. Run command: "ArchView: Generate Diagram"              ║
    ║  3. Explore your architecture visually!                    ║
    ║                                                            ║
    ║  Features:                                                 ║
    ║  • AI-powered architecture analysis                        ║
    ║  • Interactive diagram navigation                          ║
    ║  • Multi-language support                                  ║
    ║  • Export to PNG/SVG                                       ║
    ║                                                            ║
    ╚════════════════════════════════════════════════════════════╝

      at ExtensionController.showWelcomeMessage (src/ExtensionController.ts:709:13)

  console.log
    State saved

      at ExtensionController.saveState (src/ExtensionController.ts:759:15)

  console.log
    ArchView extension activated

      at ExtensionController.activate (src/ExtensionController.ts:145:13)

  console.log
    Clearing all file highlights

      at FileHighlighter.applyDecorations (src/ui/FileHighlighter.ts:121:17)

  console.log
    Highlighting files: [ 'src/!YH5VfR!y5%xRt.ts' ]

      at FileHighlighter.applyDecorations (src/ui/FileHighlighter.ts:119:17)

  console.log
    State saved

      at ExtensionController.saveState (src/ExtensionController.ts:759:15)

  console.log
    Clearing all file highlights

      at FileHighlighter.applyDecorations (src/ui/FileHighlighter.ts:121:17)

  console.log
    Using incremental cache for f_E_lD4_5_1gBiW.java

      at AnalysisOptimizer.parseIncremental (src/performance/AnalysisOptimizer.ts:174:15)
          at Array.map (<anonymous>)

  console.log
    Using incremental cache for 7_y__6_uLF/_J_.py

      at AnalysisOptimizer.parseIncremental (src/performance/AnalysisOptimizer.ts:174:15)
          at Array.map (<anonymous>)

  console.log
    Using incremental cache for Biclfx_m_.js

      at AnalysisOptimizer.parseIncremental (src/performance/AnalysisOptimizer.ts:174:15)
          at Array.map (<anonymous>)

  console.log
    Using incremental cache for X_pp.java

      at AnalysisOptimizer.parseIncremental (src/performance/AnalysisOptimizer.ts:174:15)
          at Array.map (<anonymous>)

  console.log
    Using incremental cache for _2R55GjB5NZ.java

      at AnalysisOptimizer.parseIncremental (src/performance/AnalysisOptimizer.ts:174:15)
          at Array.map (<anonymous>)

  console.log
    Using incremental cache for __Z4k_NH.ts

      at AnalysisOptimizer.parseIncremental (src/performance/AnalysisOptimizer.ts:174:15)
          at Array.map (<anonymous>)

  console.log
    Using incremental cache for _m5b2P_FI_.ts

      at AnalysisOptimizer.parseIncremental (src/performance/AnalysisOptimizer.ts:174:15)
          at Array.map (<anonymous>)

  console.log
    Using incremental cache for tmK4.py

      at AnalysisOptimizer.parseIncremental (src/performance/AnalysisOptimizer.ts:174:15)
          at Array.map (<anonymous>)

  console.log
    Using incremental cache for J746VG__O_Z.java

      at AnalysisOptimizer.parseIncremental (src/performance/AnalysisOptimizer.ts:174:15)
          at Array.map (<anonymous>)

  console.log
    Using incremental cache for _5_2_mc/_x_C.java

      at AnalysisOptimizer.parseIncremental (src/performance/AnalysisOptimizer.ts:174:15)
          at Array.map (<anonymous>)

  console.log
    Using incremental cache for _V4_s_sVbJ/_yY__f_P__a6O.py

      at AnalysisOptimizer.parseIncremental (src/performance/AnalysisOptimizer.ts:174:15)
          at Array.map (<anonymous>)

  console.log
    Using incremental cache for _l_Q/I_____E_tizX.ts

      at AnalysisOptimizer.parseIncremental (src/performance/AnalysisOptimizer.ts:174:15)
          at Array.map (<anonymous>)

  console.log
    Using incremental cache for _o0J_h1c___.java

      at AnalysisOptimizer.parseIncremental (src/performance/AnalysisOptimizer.ts:174:15)
          at Array.map (<anonymous>)

  console.log
    Using incremental cache for fiP_Y_P_1v.java

      at AnalysisOptimizer.parseIncremental (src/performance/AnalysisOptimizer.ts:174:15)
          at Array.map (<anonymous>)

  console.log
    Using incremental cache for k__/S__3L__.java

      at AnalysisOptimizer.parseIncremental (src/performance/AnalysisOptimizer.ts:174:15)
          at Array.map (<anonymous>)

  console.log
    Worker threads are supported

      at AnalysisOptimizer.checkWorkerThreadSupport (src/performance/AnalysisOptimizer.ts:67:15)

  console.log
    Using incremental cache for _4__.ts

      at AnalysisOptimizer.parseIncremental (src/performance/AnalysisOptimizer.ts:174:15)
          at Array.map (<anonymous>)

  console.log
    Using incremental cache for __ROS__3____V3D.js

      at AnalysisOptimizer.parseIncremental (src/performance/AnalysisOptimizer.ts:174:15)
          at Array.map (<anonymous>)

  console.log
    Using incremental cache for apply/__t___Qx__z_.py

      at AnalysisOptimizer.parseIncremental (src/performance/AnalysisOptimizer.ts:174:15)
          at Array.map (<anonymous>)

  console.log
    Using incremental cache for iyz.go

      at AnalysisOptimizer.parseIncremental (src/performance/AnalysisOptimizer.ts:174:15)
          at Array.map (<anonymous>)

  console.log
    Using incremental cache for ww__mxNab/__j_qAk8__o.py

      at AnalysisOptimizer.parseIncremental (src/performance/AnalysisOptimizer.ts:174:15)
          at Array.map (<anonymous>)

  console.log
    Using incremental cache for Lgp/_KSe_.ts

      at AnalysisOptimizer.parseIncremental (src/performance/AnalysisOptimizer.ts:174:15)
          at Array.map (<anonymous>)

  console.log
    Using incremental cache for _Vj_nFn_U.js

      at AnalysisOptimizer.parseIncremental (src/performance/AnalysisOptimizer.ts:174:15)
          at Array.map (<anonymous>)

  console.log
    Using incremental cache for c_3jiC_.js

      at AnalysisOptimizer.parseIncremental (src/performance/AnalysisOptimizer.ts:174:15)
          at Array.map (<anonymous>)

  console.log
    Using incremental cache for 4__vsU.py

      at AnalysisOptimizer.parseIncremental (src/performance/AnalysisOptimizer.ts:174:15)
          at Array.map (<anonymous>)

  console.log
    Using incremental cache for 9__j/_j2_L__WEbr__.py

      at AnalysisOptimizer.parseIncremental (src/performance/AnalysisOptimizer.ts:174:15)
          at Array.map (<anonymous>)

  console.log
    Using incremental cache for 0__/_9JiJdwPc_.py

      at AnalysisOptimizer.parseIncremental (src/performance/AnalysisOptimizer.ts:174:15)
          at Array.map (<anonymous>)

  console.log
    Using incremental cache for 4G_Os_65.go

      at AnalysisOptimizer.parseIncremental (src/performance/AnalysisOptimizer.ts:174:15)
          at Array.map (<anonymous>)

  console.log
    Using incremental cache for 9_l1Nr_/uD___M_v_wfm.java

      at AnalysisOptimizer.parseIncremental (src/performance/AnalysisOptimizer.ts:174:15)
          at Array.map (<anonymous>)

  console.log
    Using incremental cache for ZZi/Udv4__g.ts

      at AnalysisOptimizer.parseIncremental (src/performance/AnalysisOptimizer.ts:174:15)
          at Array.map (<anonymous>)

  console.log
    Using incremental cache for __FcL.java

      at AnalysisOptimizer.parseIncremental (src/performance/AnalysisOptimizer.ts:174:15)
          at Array.map (<anonymous>)

  console.log
    Using incremental cache for _v4__24J___y___.ts

      at AnalysisOptimizer.parseIncremental (src/performance/AnalysisOptimizer.ts:174:15)
          at Array.map (<anonymous>)

  console.log
    Using incremental cache for k_Gvre.js

      at AnalysisOptimizer.parseIncremental (src/performance/AnalysisOptimizer.ts:174:15)
          at Array.map (<anonymous>)

  console.log
    Using incremental cache for 4J_EO__6B2lS.py

      at AnalysisOptimizer.parseIncremental (src/performance/AnalysisOptimizer.ts:174:15)
          at Array.map (<anonymous>)

  console.log
    Using incremental cache for Bvdy_/2____iSmA.ts

      at AnalysisOptimizer.parseIncremental (src/performance/AnalysisOptimizer.ts:174:15)
          at Array.map (<anonymous>)

  console.log
    Using incremental cache for F_rvxfw/_J_P9.ts

      at AnalysisOptimizer.parseIncremental (src/performance/AnalysisOptimizer.ts:174:15)
          at Array.map (<anonymous>)

  console.log
    Using incremental cache for GGE/u__ZW.ts

      at AnalysisOptimizer.parseIncremental (src/performance/AnalysisOptimizer.ts:174:15)
          at Array.map (<anonymous>)

  console.log
    Using incremental cache for S_eMwB3.js

      at AnalysisOptimizer.parseIncremental (src/performance/AnalysisOptimizer.ts:174:15)
          at Array.map (<anonymous>)

  console.log
    Using incremental cache for TiXdii__/_M_vyMG_t_sYJG.java

      at AnalysisOptimizer.parseIncremental (src/performance/AnalysisOptimizer.ts:174:15)
          at Array.map (<anonymous>)

  console.log
    Using incremental cache for _HAK/_Qxx___7LXpd.js

      at AnalysisOptimizer.parseIncremental (src/performance/AnalysisOptimizer.ts:174:15)
          at Array.map (<anonymous>)

  console.log
    Using incremental cache for _L3mM/g5_z3gm_6J_7___.js

      at AnalysisOptimizer.parseIncremental (src/performance/AnalysisOptimizer.ts:174:15)
          at Array.map (<anonymous>)

  console.log
    Using incremental cache for jX_bnFU/y_i5_.js

      at AnalysisOptimizer.parseIncremental (src/performance/AnalysisOptimizer.ts:174:15)
          at Array.map (<anonymous>)

  console.log
    Using incremental cache for _namotot.js

      at AnalysisOptimizer.parseIncremental (src/performance/AnalysisOptimizer.ts:174:15)
          at Array.map (<anonymous>)

  console.log
    Using incremental cache for __O/v_______eY_eWe.ts

      at AnalysisOptimizer.parseIncremental (src/performance/AnalysisOptimizer.ts:174:15)
          at Array.map (<anonymous>)

  console.log
    Using incremental cache for __t7v_7d__/EQ__.py

      at AnalysisOptimizer.parseIncremental (src/performance/AnalysisOptimizer.ts:174:15)
          at Array.map (<anonymous>)

  console.log
    Using incremental cache for e2_BB2_q/_c_l_const.ts

      at AnalysisOptimizer.parseIncremental (src/performance/AnalysisOptimizer.ts:174:15)
          at Array.map (<anonymous>)

  console.log
    Using incremental cache for 1Y__6LU_N2cj0.ts

      at AnalysisOptimizer.parseIncremental (src/performance/AnalysisOptimizer.ts:174:15)
          at Array.map (<anonymous>)

  console.log
    Using incremental cache for 4_RU1b_t/J6k_7nELfbN__.py

      at AnalysisOptimizer.parseIncremental (src/performance/AnalysisOptimizer.ts:174:15)
          at Array.map (<anonymous>)

  console.log
    Using incremental cache for 5r_RT_3.ts

      at AnalysisOptimizer.parseIncremental (src/performance/AnalysisOptimizer.ts:174:15)
          at Array.map (<anonymous>)

  console.log
    Using incremental cache for 6_11U4y_.go

      at AnalysisOptimizer.parseIncremental (src/performance/AnalysisOptimizer.ts:174:15)
          at Array.map (<anonymous>)

  console.log
    Using incremental cache for WM9_/Grw_.js

      at AnalysisOptimizer.parseIncremental (src/performance/AnalysisOptimizer.ts:174:15)
          at Array.map (<anonymous>)

  console.log
    Using incremental cache for _1d_x/___b_ekKn20_GTL.go

      at AnalysisOptimizer.parseIncremental (src/performance/AnalysisOptimizer.ts:174:15)
          at Array.map (<anonymous>)

  console.log
    Using incremental cache for _Jlr_sYR__.java

      at AnalysisOptimizer.parseIncremental (src/performance/AnalysisOptimizer.ts:174:15)
          at Array.map (<anonymous>)

  console.log
    Using incremental cache for __h_/_zn_yS2_XUcnG.py

      at AnalysisOptimizer.parseIncremental (src/performance/AnalysisOptimizer.ts:174:15)
          at Array.map (<anonymous>)

  console.log
    Using incremental cache for _cn6.js

      at AnalysisOptimizer.parseIncremental (src/performance/AnalysisOptimizer.ts:174:15)
          at Array.map (<anonymous>)

  console.log
    Using incremental cache for sDFNu_/HpN_w_aK_5_YPy.js

      at AnalysisOptimizer.parseIncremental (src/performance/AnalysisOptimizer.ts:174:15)
          at Array.map (<anonymous>)

  console.log
    Using incremental cache for ___tZxk__.py

      at AnalysisOptimizer.parseIncremental (src/performance/AnalysisOptimizer.ts:174:15)
          at Array.map (<anonymous>)

  console.log
    Using incremental cache for __jJh_iF7V_2OJd.py

      at AnalysisOptimizer.parseIncremental (src/performance/AnalysisOptimizer.ts:174:15)
          at Array.map (<anonymous>)

  console.log
    Using incremental cache for sCQS.ts

      at AnalysisOptimizer.parseIncremental (src/performance/AnalysisOptimizer.ts:174:15)
          at Array.map (<anonymous>)

  console.log
    Using incremental cache for _dLd.py

      at AnalysisOptimizer.parseIncremental (src/performance/AnalysisOptimizer.ts:174:15)
          at Array.map (<anonymous>)

  console.log
    Using incremental cache for mXUe___.py

      at AnalysisOptimizer.parseIncremental (src/performance/AnalysisOptimizer.ts:174:15)
          at Array.map (<anonymous>)

  console.log
    Using incremental cache for J_f1.js

      at AnalysisOptimizer.parseIncremental (src/performance/AnalysisOptimizer.ts:174:15)
          at Array.map (<anonymous>)

  console.log
    Using incremental cache for V_22zd_W_/__9GZ_1_h.js

      at AnalysisOptimizer.parseIncremental (src/performance/AnalysisOptimizer.ts:174:15)
          at Array.map (<anonymous>)

  console.log
    Using incremental cache for _X_W_ZAV.ts

      at AnalysisOptimizer.parseIncremental (src/performance/AnalysisOptimizer.ts:174:15)
          at Array.map (<anonymous>)

  console.log
    Using incremental cache for __V/____U_mN_HH2_.go

      at AnalysisOptimizer.parseIncremental (src/performance/AnalysisOptimizer.ts:174:15)
          at Array.map (<anonymous>)

  console.log
    Using incremental cache for _hUu_gd_Y_1r.ts

      at AnalysisOptimizer.parseIncremental (src/performance/AnalysisOptimizer.ts:174:15)
          at Array.map (<anonymous>)

  console.log
    Using incremental cache for H_Ji_3N_.ts

      at AnalysisOptimizer.parseIncremental (src/performance/AnalysisOptimizer.ts:174:15)
          at Array.map (<anonymous>)

  console.log
    Using incremental cache for Oval/2o_N0B_s6_J.go

      at AnalysisOptimizer.parseIncremental (src/performance/AnalysisOptimizer.ts:174:15)
          at Array.map (<anonymous>)

  console.log
    Using incremental cache for S_QStj___a.py

      at AnalysisOptimizer.parseIncremental (src/performance/AnalysisOptimizer.ts:174:15)
          at Array.map (<anonymous>)

  console.log
    Using incremental cache for __MTP9_.js

      at AnalysisOptimizer.parseIncremental (src/performance/AnalysisOptimizer.ts:174:15)
          at Array.map (<anonymous>)

  console.log
    Using incremental cache for __r_c_ul2.js

      at AnalysisOptimizer.parseIncremental (src/performance/AnalysisOptimizer.ts:174:15)
          at Array.map (<anonymous>)

  console.log
    Using incremental cache for f__a__/_8_.ts

      at AnalysisOptimizer.parseIncremental (src/performance/AnalysisOptimizer.ts:174:15)
          at Array.map (<anonymous>)

  console.log
    Using incremental cache for k_L_/s_tRV2qc_w_xw3.ts

      at AnalysisOptimizer.parseIncremental (src/performance/AnalysisOptimizer.ts:174:15)
          at Array.map (<anonymous>)

  console.log
    Using incremental cache for lJc__LhQT.py

      at AnalysisOptimizer.parseIncremental (src/performance/AnalysisOptimizer.ts:174:15)
          at Array.map (<anonymous>)

  console.log
    Using incremental cache for rgx.ts

      at AnalysisOptimizer.parseIncremental (src/performance/AnalysisOptimizer.ts:174:15)
          at Array.map (<anonymous>)

  console.log
    Using incremental cache for xZ__.ts

      at AnalysisOptimizer.parseIncremental (src/performance/AnalysisOptimizer.ts:174:15)
          at Array.map (<anonymous>)

  console.log
    Using incremental cache for 1___rQ4_/__u_.py

      at AnalysisOptimizer.parseIncremental (src/performance/AnalysisOptimizer.ts:174:15)
          at Array.map (<anonymous>)

  console.log
    Using incremental cache for EtkX/EN_w.py

      at AnalysisOptimizer.parseIncremental (src/performance/AnalysisOptimizer.ts:174:15)
          at Array.map (<anonymous>)

  console.log
    Using incremental cache for IrjA_7__t.js

      at AnalysisOptimizer.parseIncremental (src/performance/AnalysisOptimizer.ts:174:15)
          at Array.map (<anonymous>)

  console.log
    Using incremental cache for Wx_/H_sQ.py

      at AnalysisOptimizer.parseIncremental (src/performance/AnalysisOptimizer.ts:174:15)
          at Array.map (<anonymous>)

  console.log
    Using incremental cache for X_argument/qA__c_QbkJ.js

      at AnalysisOptimizer.parseIncremental (src/performance/AnalysisOptimizer.ts:174:15)
          at Array.map (<anonymous>)

  console.log
    Using incremental cache for __E_a______.java

      at AnalysisOptimizer.parseIncremental (src/performance/AnalysisOptimizer.ts:174:15)
          at Array.map (<anonymous>)

  console.log
    Using incremental cache for ___x39_1_m.js

      at AnalysisOptimizer.parseIncremental (src/performance/AnalysisOptimizer.ts:174:15)
          at Array.map (<anonymous>)

  console.log
    Using incremental cache for __y_/DN_.go

      at AnalysisOptimizer.parseIncremental (src/performance/AnalysisOptimizer.ts:174:15)
          at Array.map (<anonymous>)

  console.log
    Using incremental cache for kYu_hd_G_oSQ.py

      at AnalysisOptimizer.parseIncremental (src/performance/AnalysisOptimizer.ts:174:15)
          at Array.map (<anonymous>)

  console.log
    Using incremental cache for m4NjUu_/M___8_r_8_.java

      at AnalysisOptimizer.parseIncremental (src/performance/AnalysisOptimizer.ts:174:15)
          at Array.map (<anonymous>)

  console.log
    Using incremental cache for XH_ol.go

      at AnalysisOptimizer.parseIncremental (src/performance/AnalysisOptimizer.ts:174:15)
          at Array.map (<anonymous>)

  console.log
    Using incremental cache for _X_WVBt_vha__A6.go

      at AnalysisOptimizer.parseIncremental (src/performance/AnalysisOptimizer.ts:174:15)
          at Array.map (<anonymous>)

  console.log
    Using incremental cache for _t_/__AKMjx___odAWm.go

      at AnalysisOptimizer.parseIncremental (src/performance/AnalysisOptimizer.ts:174:15)
          at Array.map (<anonymous>)

  console.log
    Using incremental cache for mj__.ts

      at AnalysisOptimizer.parseIncremental (src/performance/AnalysisOptimizer.ts:174:15)
          at Array.map (<anonymous>)

  console.log
    Using incremental cache for W__eBs5U.js

      at AnalysisOptimizer.parseIncremental (src/performance/AnalysisOptimizer.ts:174:15)
          at Array.map (<anonymous>)

  console.log
    Using incremental cache for zMb_lc6V.js

      at AnalysisOptimizer.parseIncremental (src/performance/AnalysisOptimizer.ts:174:15)
          at Array.map (<anonymous>)

  console.log
    Using incremental cache for ________7/typ.ts

      at AnalysisOptimizer.parseIncremental (src/performance/AnalysisOptimizer.ts:174:15)
          at Array.map (<anonymous>)

  console.log
    Using incremental cache for __t_9cE.ts

      at AnalysisOptimizer.parseIncremental (src/performance/AnalysisOptimizer.ts:174:15)
          at Array.map (<anonymous>)

  console.log
    Using incremental cache for P__Q_Y.java

      at AnalysisOptimizer.parseIncremental (src/performance/AnalysisOptimizer.ts:174:15)
          at Array.map (<anonymous>)

  console.log
    Using incremental cache for d_inc/A_2p_x7.go

      at AnalysisOptimizer.parseIncremental (src/performance/AnalysisOptimizer.ts:174:15)
          at Array.map (<anonymous>)

  console.log
    Using incremental cache for h3mn_6/bK_FT_.go

      at AnalysisOptimizer.parseIncremental (src/performance/AnalysisOptimizer.ts:174:15)
          at Array.map (<anonymous>)

  console.log
    Using incremental cache for h_QCYctuDu__V_S.py

      at AnalysisOptimizer.parseIncremental (src/performance/AnalysisOptimizer.ts:174:15)
          at Array.map (<anonymous>)

  console.log
    Using incremental cache for uV__xb.go

      at AnalysisOptimizer.parseIncremental (src/performance/AnalysisOptimizer.ts:174:15)
          at Array.map (<anonymous>)

  console.log
    Using incremental cache for Vh__CMih_pmL.go

      at AnalysisOptimizer.parseIncremental (src/performance/AnalysisOptimizer.ts:174:15)
          at Array.map (<anonymous>)

  console.log
    Using incremental cache for __X__/YDEHZDH_.py

      at AnalysisOptimizer.parseIncremental (src/performance/AnalysisOptimizer.ts:174:15)
          at Array.map (<anonymous>)

  console.log
    Using incremental cache for xD__/uh_i_N_0Xed0.go

      at AnalysisOptimizer.parseIncremental (src/performance/AnalysisOptimizer.ts:174:15)
          at Array.map (<anonymous>)

  console.log
    Using incremental cache for eV__WZV__85t.ts

      at AnalysisOptimizer.parseIncremental (src/performance/AnalysisOptimizer.ts:174:15)
          at Array.map (<anonymous>)

  console.log
    Using incremental cache for CuxXns_b_i.js

      at AnalysisOptimizer.parseIncremental (src/performance/AnalysisOptimizer.ts:174:15)
          at Array.map (<anonymous>)

  console.log
    Using incremental cache for QSlg_Lp.go

      at AnalysisOptimizer.parseIncremental (src/performance/AnalysisOptimizer.ts:174:15)
          at Array.map (<anonymous>)

  console.log
    Using incremental cache for f_m2Ix/_0WNE__q_.ts

      at AnalysisOptimizer.parseIncremental (src/performance/AnalysisOptimizer.ts:174:15)
          at Array.map (<anonymous>)

  console.log
    Using incremental cache for lR_m__X_U.py

      at AnalysisOptimizer.parseIncremental (src/performance/AnalysisOptimizer.ts:174:15)
          at Array.map (<anonymous>)

  console.log
    Using incremental cache for Cs_/PQUzX_.js

      at AnalysisOptimizer.parseIncremental (src/performance/AnalysisOptimizer.ts:174:15)
          at Array.map (<anonymous>)

  console.log
    Using incremental cache for _Q2_/U_t__Wa__.js

      at AnalysisOptimizer.parseIncremental (src/performance/AnalysisOptimizer.ts:174:15)
          at Array.map (<anonymous>)

  console.log
    Using incremental cache for s__.js

      at AnalysisOptimizer.parseIncremental (src/performance/AnalysisOptimizer.ts:174:15)
          at Array.map (<anonymous>)

  console.log
    Using incremental cache for SBnh_W9_Pr_g_.js

      at AnalysisOptimizer.parseIncremental (src/performance/AnalysisOptimizer.ts:174:15)
          at Array.map (<anonymous>)

  console.log
    Using incremental cache for 8Pm31XX_o_W5.py

      at AnalysisOptimizer.parseIncremental (src/performance/AnalysisOptimizer.ts:174:15)
          at Array.map (<anonymous>)

  console.log
    Using incremental cache for B_sdC_iZlF.java

      at AnalysisOptimizer.parseIncremental (src/performance/AnalysisOptimizer.ts:174:15)
          at Array.map (<anonymous>)

  console.log
    Using incremental cache for Izv__Dr__o_.go

      at AnalysisOptimizer.parseIncremental (src/performance/AnalysisOptimizer.ts:174:15)
          at Array.map (<anonymous>)

  console.log
    Using incremental cache for _9__X__J_FU____.py

      at AnalysisOptimizer.parseIncremental (src/performance/AnalysisOptimizer.ts:174:15)
          at Array.map (<anonymous>)

  console.log
    Using incremental cache for ___TxI_uup.py

      at AnalysisOptimizer.parseIncremental (src/performance/AnalysisOptimizer.ts:174:15)
          at Array.map (<anonymous>)

  console.log
    Using incremental cache for vTq____C_cj_kug.go

      at AnalysisOptimizer.parseIncremental (src/performance/AnalysisOptimizer.ts:174:15)
          at Array.map (<anonymous>)

  console.log
    Using incremental cache for xsDpW/_yII_.js

      at AnalysisOptimizer.parseIncremental (src/performance/AnalysisOptimizer.ts:174:15)
          at Array.map (<anonymous>)

  console.log
    Using incremental cache for 1fRjn___K0_T8.py

      at AnalysisOptimizer.parseIncremental (src/performance/AnalysisOptimizer.ts:174:15)
          at Array.map (<anonymous>)

  console.log
    Using incremental cache for 7YBZn___p7/uT_dx__LYopo.ts

      at AnalysisOptimizer.parseIncremental (src/performance/AnalysisOptimizer.ts:174:15)
          at Array.map (<anonymous>)

  console.log
    Using incremental cache for ___W6TV__/__6e_.ts

      at AnalysisOptimizer.parseIncremental (src/performance/AnalysisOptimizer.ts:174:15)
          at Array.map (<anonymous>)

  console.log
    Using incremental cache for 1wq9oBHu.go

      at AnalysisOptimizer.parseIncremental (src/performance/AnalysisOptimizer.ts:174:15)
          at Array.map (<anonymous>)

  console.log
    Using incremental cache for G_sTZ__in8_L_.java

      at AnalysisOptimizer.parseIncremental (src/performance/AnalysisOptimizer.ts:174:15)
          at Array.map (<anonymous>)

  console.log
    Using incremental cache for H_rf_j/mjzk__o_fS_mnf_.py

      at AnalysisOptimizer.parseIncremental (src/performance/AnalysisOptimizer.ts:174:15)
          at Array.map (<anonymous>)

  console.log
    Using incremental cache for _H__/_GkcO73_4wO7.py

      at AnalysisOptimizer.parseIncremental (src/performance/AnalysisOptimizer.ts:174:15)
          at Array.map (<anonymous>)

  console.log
    Using incremental cache for ____QT/RPeR.java

      at AnalysisOptimizer.parseIncremental (src/performance/AnalysisOptimizer.ts:174:15)
          at Array.map (<anonymous>)

  console.log
    Using incremental cache for 7__El_7/_R_q_j.go

      at AnalysisOptimizer.parseIncremental (src/performance/AnalysisOptimizer.ts:174:15)
          at Array.map (<anonymous>)

  console.log
    Using incremental cache for A1y_d__/D_s5__.go

      at AnalysisOptimizer.parseIncremental (src/performance/AnalysisOptimizer.ts:174:15)
          at Array.map (<anonymous>)

  console.log
    Using incremental cache for LUxRm_e/___ij5_fQzoQ6.js

      at AnalysisOptimizer.parseIncremental (src/performance/AnalysisOptimizer.ts:174:15)
          at Array.map (<anonymous>)

  console.log
    Using incremental cache for M__m_F__.java

      at AnalysisOptimizer.parseIncremental (src/performance/AnalysisOptimizer.ts:174:15)
          at Array.map (<anonymous>)

  console.log
    Using incremental cache for WM_.ts

      at AnalysisOptimizer.parseIncremental (src/performance/AnalysisOptimizer.ts:174:15)
          at Array.map (<anonymous>)

  console.log
    Using incremental cache for BBI_1J_/__nA_Is___MP_5.go

      at AnalysisOptimizer.parseIncremental (src/performance/AnalysisOptimizer.ts:174:15)
          at Array.map (<anonymous>)

  console.log
    Using incremental cache for M_p/2Sh_Y_.go

      at AnalysisOptimizer.parseIncremental (src/performance/AnalysisOptimizer.ts:174:15)
          at Array.map (<anonymous>)

  console.log
    Using incremental cache for RfQ_p_3/x_8DMKWi_U1o_Q_.java

      at AnalysisOptimizer.parseIncremental (src/performance/AnalysisOptimizer.ts:174:15)
          at Array.map (<anonymous>)

  console.log
    Using incremental cache for ___H_5___/wUdGIX_rUtQ_p.go

      at AnalysisOptimizer.parseIncremental (src/performance/AnalysisOptimizer.ts:174:15)
          at Array.map (<anonymous>)

  console.log
    Using incremental cache for ___z_/bindz.go

      at AnalysisOptimizer.parseIncremental (src/performance/AnalysisOptimizer.ts:174:15)
          at Array.map (<anonymous>)

  console.log
    Using incremental cache for bM5alcZ.go

      at AnalysisOptimizer.parseIncremental (src/performance/AnalysisOptimizer.ts:174:15)
          at Array.map (<anonymous>)

  console.log
    Using incremental cache for o_vG.go

      at AnalysisOptimizer.parseIncremental (src/performance/AnalysisOptimizer.ts:174:15)
          at Array.map (<anonymous>)

  console.log
    Using incremental cache for 0o9_T___/qI_Kw2c_T_I_.js

      at AnalysisOptimizer.parseIncremental (src/performance/AnalysisOptimizer.ts:174:15)
          at Array.map (<anonymous>)

  console.log
    Using incremental cache for 2G__FW/LukXQfew_5ABX__.ts

      at AnalysisOptimizer.parseIncremental (src/performance/AnalysisOptimizer.ts:174:15)
          at Array.map (<anonymous>)

  console.log
    Using incremental cache for KtSP_Dt_2oi5d_.py

      at AnalysisOptimizer.parseIncremental (src/performance/AnalysisOptimizer.ts:174:15)
          at Array.map (<anonymous>)

  console.log
    Using incremental cache for Lp_jy_sq_51_b.js

      at AnalysisOptimizer.parseIncremental (src/performance/AnalysisOptimizer.ts:174:15)
          at Array.map (<anonymous>)

  console.log
    Using incremental cache for X_GUcs.java

      at AnalysisOptimizer.parseIncremental (src/performance/AnalysisOptimizer.ts:174:15)
          at Array.map (<anonymous>)

  console.log
    Using incremental cache for j_J/r__h.ts

      at AnalysisOptimizer.parseIncremental (src/performance/AnalysisOptimizer.ts:174:15)
          at Array.map (<anonymous>)

  console.log
    Using incremental cache for kBH/_M___Zpqw_AC_cH.js

      at AnalysisOptimizer.parseIncremental (src/performance/AnalysisOptimizer.ts:174:15)
          at Array.map (<anonymous>)

  console.log
    Using incremental cache for k__/__De7.go

      at AnalysisOptimizer.parseIncremental (src/performance/AnalysisOptimizer.ts:174:15)
          at Array.map (<anonymous>)

  console.log
    Using incremental cache for pf_W_x_/TtA.go

      at AnalysisOptimizer.parseIncremental (src/performance/AnalysisOptimizer.ts:174:15)
          at Array.map (<anonymous>)

  console.log
    Using incremental cache for v_M/7___hX_y_a_4.js

      at AnalysisOptimizer.parseIncremental (src/performance/AnalysisOptimizer.ts:174:15)
          at Array.map (<anonymous>)

  console.log
    Using incremental cache for 3_oU5/7m6C.go

      at AnalysisOptimizer.parseIncremental (src/performance/AnalysisOptimizer.ts:174:15)
          at Array.map (<anonymous>)

  console.log
    Using incremental cache for U_uCr7G_r.java

      at AnalysisOptimizer.parseIncremental (src/performance/AnalysisOptimizer.ts:174:15)
          at Array.map (<anonymous>)

  console.log
    Using incremental cache for ZfzdgQ/ric_3zxqzy.java

      at AnalysisOptimizer.parseIncremental (src/performance/AnalysisOptimizer.ts:174:15)
          at Array.map (<anonymous>)

  console.log
    Using incremental cache for __a0i7__j2_____.go

      at AnalysisOptimizer.parseIncremental (src/performance/AnalysisOptimizer.ts:174:15)
          at Array.map (<anonymous>)

  console.log
    Using incremental cache for _c_g3L__/y6_hq4X_Z2.py

      at AnalysisOptimizer.parseIncremental (src/performance/AnalysisOptimizer.ts:174:15)
          at Array.map (<anonymous>)

  console.log
    Using incremental cache for _x_y___k_fxO.java

      at AnalysisOptimizer.parseIncremental (src/performance/AnalysisOptimizer.ts:174:15)
          at Array.map (<anonymous>)

  console.log
    Using incremental cache for ci_T/Y_k2_DXZ__Ju4L.go

      at AnalysisOptimizer.parseIncremental (src/performance/AnalysisOptimizer.ts:174:15)
          at Array.map (<anonymous>)

  console.log
    Using incremental cache for OQ_Ec__gv__.js

      at AnalysisOptimizer.parseIncremental (src/performance/AnalysisOptimizer.ts:174:15)
          at Array.map (<anonymous>)

  console.log
    Using incremental cache for Cbw_SU3Cc___1_K.py

      at AnalysisOptimizer.parseIncremental (src/performance/AnalysisOptimizer.ts:174:15)
          at Array.map (<anonymous>)

  console.log
    Using incremental cache for _2sB3n.java

      at AnalysisOptimizer.parseIncremental (src/performance/AnalysisOptimizer.ts:174:15)
          at Array.map (<anonymous>)

  console.log
    Using incremental cache for _g_Q0ODhq/iAL_LgNH2_t_6.js

      at AnalysisOptimizer.parseIncremental (src/performance/AnalysisOptimizer.ts:174:15)
          at Array.map (<anonymous>)

  console.log
    Using incremental cache for _jO__th__/_I__E.java

      at AnalysisOptimizer.parseIncremental (src/performance/AnalysisOptimizer.ts:174:15)
          at Array.map (<anonymous>)

  console.log
    Using incremental cache for aD_/bVx_POj_5_a_.java

      at AnalysisOptimizer.parseIncremental (src/performance/AnalysisOptimizer.ts:174:15)
          at Array.map (<anonymous>)

  console.log
    Using incremental cache for hO7__/9YJQLX_KZ_.java

      at AnalysisOptimizer.parseIncremental (src/performance/AnalysisOptimizer.ts:174:15)
          at Array.map (<anonymous>)

  console.log
    Using incremental cache for ikQvn_TZ.go

      at AnalysisOptimizer.parseIncremental (src/performance/AnalysisOptimizer.ts:174:15)
          at Array.map (<anonymous>)

  console.log
    Using incremental cache for kOZzK_Wadcd___.ts

      at AnalysisOptimizer.parseIncremental (src/performance/AnalysisOptimizer.ts:174:15)
          at Array.map (<anonymous>)

  console.log
    Using incremental cache for uq_4_.go

      at AnalysisOptimizer.parseIncremental (src/performance/AnalysisOptimizer.ts:174:15)
          at Array.map (<anonymous>)

  console.log
    Using incremental cache for E_K9.py

      at AnalysisOptimizer.parseIncremental (src/performance/AnalysisOptimizer.ts:174:15)
          at Array.map (<anonymous>)

  console.log
    Using incremental cache for Rb_/_D_M__g.py

      at AnalysisOptimizer.parseIncremental (src/performance/AnalysisOptimizer.ts:174:15)
          at Array.map (<anonymous>)

  console.log
    Using incremental cache for zX_le/__0y.java

      at AnalysisOptimizer.parseIncremental (src/performance/AnalysisOptimizer.ts:174:15)
          at Array.map (<anonymous>)

  console.log
    Using incremental cache for 7C_uv_D_G8_f.ts

      at AnalysisOptimizer.parseIncremental (src/performance/AnalysisOptimizer.ts:174:15)
          at Array.map (<anonymous>)

  console.log
    Using incremental cache for u__O_q___v___.ts

      at AnalysisOptimizer.parseIncremental (src/performance/AnalysisOptimizer.ts:174:15)
          at Array.map (<anonymous>)

  console.log
    Using incremental cache for Kyg_p_f2F_____h.js

      at AnalysisOptimizer.parseIncremental (src/performance/AnalysisOptimizer.ts:174:15)
          at Array.map (<anonymous>)

  console.log
    Using incremental cache for HBA_QV7_y__O.ts

      at AnalysisOptimizer.parseIncremental (src/performance/AnalysisOptimizer.ts:174:15)
          at Array.map (<anonymous>)

  console.log
    Using incremental cache for _c_.py

      at AnalysisOptimizer.parseIncremental (src/performance/AnalysisOptimizer.ts:174:15)
          at Array.map (<anonymous>)

  console.log
    Using incremental cache for _w5n.py

      at AnalysisOptimizer.parseIncremental (src/performance/AnalysisOptimizer.ts:174:15)
          at Array.map (<anonymous>)

  console.log
    Using incremental cache for F__X/N_hOPM.js

      at AnalysisOptimizer.parseIncremental (src/performance/AnalysisOptimizer.ts:174:15)
          at Array.map (<anonymous>)

  console.log
    Using incremental cache for Uhk/3N5q6IR9z0XZ.ts

      at AnalysisOptimizer.parseIncremental (src/performance/AnalysisOptimizer.ts:174:15)
          at Array.map (<anonymous>)

  console.log
    Using incremental cache for _09jpoKDne/A__warG.js

      at AnalysisOptimizer.parseIncremental (src/performance/AnalysisOptimizer.ts:174:15)
          at Array.map (<anonymous>)

  console.log
    Using incremental cache for _2QNF_/__p_0M_T_.go

      at AnalysisOptimizer.parseIncremental (src/performance/AnalysisOptimizer.ts:174:15)
          at Array.map (<anonymous>)

  console.log
    Using incremental cache for ___8__Zhb__.ts

      at AnalysisOptimizer.parseIncremental (src/performance/AnalysisOptimizer.ts:174:15)
          at Array.map (<anonymous>)

  console.log
    Using incremental cache for _m_v/BFCn_N_a.py

      at AnalysisOptimizer.parseIncremental (src/performance/AnalysisOptimizer.ts:174:15)
          at Array.map (<anonymous>)

  console.log
    Using incremental cache for _ws0fp.go

      at AnalysisOptimizer.parseIncremental (src/performance/AnalysisOptimizer.ts:174:15)
          at Array.map (<anonymous>)

  console.log
    Using incremental cache for j__xURQ_uL6T_9V.java

      at AnalysisOptimizer.parseIncremental (src/performance/AnalysisOptimizer.ts:174:15)
          at Array.map (<anonymous>)

  console.log
    Using incremental cache for k_Z5F2peF82de0J.ts

      at AnalysisOptimizer.parseIncremental (src/performance/AnalysisOptimizer.ts:174:15)
          at Array.map (<anonymous>)

  console.log
    Using incremental cache for sj_j_7_Rt/mi_h1vP4.py

      at AnalysisOptimizer.parseIncremental (src/performance/AnalysisOptimizer.ts:174:15)
          at Array.map (<anonymous>)

  console.log
    Using incremental cache for _PRmDz_S__J___1.go

      at AnalysisOptimizer.parseIncremental (src/performance/AnalysisOptimizer.ts:174:15)
          at Array.map (<anonymous>)

  console.log
    Using incremental cache for _wN7m42_j.ts

      at AnalysisOptimizer.parseIncremental (src/performance/AnalysisOptimizer.ts:174:15)
          at Array.map (<anonymous>)

  console.log
    Using incremental cache for DV8pA/_dP8_3___W7_y.py

      at AnalysisOptimizer.parseIncremental (src/performance/AnalysisOptimizer.ts:174:15)
          at Array.map (<anonymous>)

  console.log
    Using incremental cache for _zYD_Z/cQg_______YhmL.go

      at AnalysisOptimizer.parseIncremental (src/performance/AnalysisOptimizer.ts:174:15)
          at Array.map (<anonymous>)

  console.log
    Using incremental cache for ref.js

      at AnalysisOptimizer.parseIncremental (src/performance/AnalysisOptimizer.ts:174:15)
          at Array.map (<anonymous>)

  console.log
    Using incremental cache for 6NmVzc_aQO_.py

      at AnalysisOptimizer.parseIncremental (src/performance/AnalysisOptimizer.ts:174:15)
          at Array.map (<anonymous>)

  console.log
    Using incremental cache for P__.js

      at AnalysisOptimizer.parseIncremental (src/performance/AnalysisOptimizer.ts:174:15)
          at Array.map (<anonymous>)

  console.log
    Using incremental cache for Z_DxYj/_YG.js

      at AnalysisOptimizer.parseIncremental (src/performance/AnalysisOptimizer.ts:174:15)
          at Array.map (<anonymous>)

  console.log
    Using incremental cache for bV__S_lDI/_2hs_E.js

      at AnalysisOptimizer.parseIncremental (src/performance/AnalysisOptimizer.ts:174:15)
          at Array.map (<anonymous>)

  console.log
    Using incremental cache for sv9_cAC_w.js

      at AnalysisOptimizer.parseIncremental (src/performance/AnalysisOptimizer.ts:174:15)
          at Array.map (<anonymous>)

  console.log
    Using incremental cache for 0L____R/Le_6_l0.java

      at AnalysisOptimizer.parseIncremental (src/performance/AnalysisOptimizer.ts:174:15)
          at Array.map (<anonymous>)

  console.log
    Using incremental cache for 5Su_/7Oh___E.java

      at AnalysisOptimizer.parseIncremental (src/performance/AnalysisOptimizer.ts:174:15)
          at Array.map (<anonymous>)

  console.log
    Using incremental cache for CTb___Fv_Rb_h_.java

      at AnalysisOptimizer.parseIncremental (src/performance/AnalysisOptimizer.ts:174:15)
          at Array.map (<anonymous>)

  console.log
    Using incremental cache for __Q_.go

      at AnalysisOptimizer.parseIncremental (src/performance/AnalysisOptimizer.ts:174:15)
          at Array.map (<anonymous>)

  console.log
    Using incremental cache for v_O6m__A_d.js

      at AnalysisOptimizer.parseIncremental (src/performance/AnalysisOptimizer.ts:174:15)
          at Array.map (<anonymous>)

  console.log
    Using incremental cache for 5y_.ts

      at AnalysisOptimizer.parseIncremental (src/performance/AnalysisOptimizer.ts:174:15)
          at Array.map (<anonymous>)

  console.log
    Using incremental cache for Tz_/xKC1__eokV___Mt.ts

      at AnalysisOptimizer.parseIncremental (src/performance/AnalysisOptimizer.ts:174:15)
          at Array.map (<anonymous>)

  console.log
    Using incremental cache for 9O_W_NV____qU__.js

      at AnalysisOptimizer.parseIncremental (src/performance/AnalysisOptimizer.ts:174:15)
          at Array.map (<anonymous>)

  console.log
    Using incremental cache for D__Onsq__QM.ts

      at AnalysisOptimizer.parseIncremental (src/performance/AnalysisOptimizer.ts:174:15)
          at Array.map (<anonymous>)

  console.log
    Using incremental cache for HIR0X/__ub_.py

      at AnalysisOptimizer.parseIncremental (src/performance/AnalysisOptimizer.ts:174:15)
          at Array.map (<anonymous>)

  console.log
    Using incremental cache for MM3__j8F/L___Hx_F__Vq.py

      at AnalysisOptimizer.parseIncremental (src/performance/AnalysisOptimizer.ts:174:15)
          at Array.map (<anonymous>)

  console.log
    Using incremental cache for M_ae4__knkUI.java

      at AnalysisOptimizer.parseIncremental (src/performance/AnalysisOptimizer.ts:174:15)
          at Array.map (<anonymous>)

  console.log
    Using incremental cache for ____U_2.ts

      at AnalysisOptimizer.parseIncremental (src/performance/AnalysisOptimizer.ts:174:15)
          at Array.map (<anonymous>)

  console.log
    Using incremental cache for cl_Q_.go

      at AnalysisOptimizer.parseIncremental (src/performance/AnalysisOptimizer.ts:174:15)
          at Array.map (<anonymous>)

  console.log
    Using incremental cache for 4S__/_V6BMZQ_72U_.js

      at AnalysisOptimizer.parseIncremental (src/performance/AnalysisOptimizer.ts:174:15)
          at Array.map (<anonymous>)

  console.log
    Using incremental cache for 7___b/h_pI.ts

      at AnalysisOptimizer.parseIncremental (src/performance/AnalysisOptimizer.ts:174:15)
          at Array.map (<anonymous>)

  console.log
    Using incremental cache for H__G_/um_U.java

      at AnalysisOptimizer.parseIncremental (src/performance/AnalysisOptimizer.ts:174:15)
          at Array.map (<anonymous>)

  console.log
    Using incremental cache for Msw3_/_aEk_J.ts

      at AnalysisOptimizer.parseIncremental (src/performance/AnalysisOptimizer.ts:174:15)
          at Array.map (<anonymous>)

  console.log
    Using incremental cache for T_vM___E_pRu_.js

      at AnalysisOptimizer.parseIncremental (src/performance/AnalysisOptimizer.ts:174:15)
          at Array.map (<anonymous>)

  console.log
    Using incremental cache for _T_______a/_jtcal.go

      at AnalysisOptimizer.parseIncremental (src/performance/AnalysisOptimizer.ts:174:15)
          at Array.map (<anonymous>)

  console.log
    Using incremental cache for ajvmI5UUT_0_q_.js

      at AnalysisOptimizer.parseIncremental (src/performance/AnalysisOptimizer.ts:174:15)
          at Array.map (<anonymous>)

  console.log
    Using incremental cache for OF_q__KXP_z_K9.py

      at AnalysisOptimizer.parseIncremental (src/performance/AnalysisOptimizer.ts:174:15)
          at Array.map (<anonymous>)

  console.log
    Using incremental cache for ilMS_.ts

      at AnalysisOptimizer.parseIncremental (src/performance/AnalysisOptimizer.ts:174:15)
          at Array.map (<anonymous>)

  console.log
    Using incremental cache for X_UuUhdYp/R5K.py

      at AnalysisOptimizer.parseIncremental (src/performance/AnalysisOptimizer.ts:174:15)
          at Array.map (<anonymous>)

  console.log
    Using incremental cache for _LOe___/9nP_7pSU_m1Xk8j.js

      at AnalysisOptimizer.parseIncremental (src/performance/AnalysisOptimizer.ts:174:15)
          at Array.map (<anonymous>)

  console.log
    Using incremental cache for __Z/Ryic5eYM_H.go

      at AnalysisOptimizer.parseIncremental (src/performance/AnalysisOptimizer.ts:174:15)
          at Array.map (<anonymous>)

  console.log
    Using incremental cache for gH__1/_LfAX__G.ts

      at AnalysisOptimizer.parseIncremental (src/performance/AnalysisOptimizer.ts:174:15)
          at Array.map (<anonymous>)

  console.log
    Using incremental cache for hY13_vJOp/__FHe.java

      at AnalysisOptimizer.parseIncremental (src/performance/AnalysisOptimizer.ts:174:15)
          at Array.map (<anonymous>)

  console.log
    Using incremental cache for 86V_PM__a/qRJ_TNDunLk.ts

      at AnalysisOptimizer.parseIncremental (src/performance/AnalysisOptimizer.ts:174:15)
          at Array.map (<anonymous>)

  console.log
    Using incremental cache for J__US__ZP/2i1_le.java

      at AnalysisOptimizer.parseIncremental (src/performance/AnalysisOptimizer.ts:174:15)
          at Array.map (<anonymous>)

  console.log
    Using incremental cache for _Kq_____.ts

      at AnalysisOptimizer.parseIncremental (src/performance/AnalysisOptimizer.ts:174:15)
          at Array.map (<anonymous>)

  console.log
    Using incremental cache for ___6wu_o/8h_I.ts

      at AnalysisOptimizer.parseIncremental (src/performance/AnalysisOptimizer.ts:174:15)
          at Array.map (<anonymous>)

  console.log
    Using incremental cache for _s_wLC__.go

      at AnalysisOptimizer.parseIncremental (src/performance/AnalysisOptimizer.ts:174:15)
          at Array.map (<anonymous>)

  console.log
    Using incremental cache for valueOf/constructor.py

      at AnalysisOptimizer.parseIncremental (src/performance/AnalysisOptimizer.ts:174:15)
          at Array.map (<anonymous>)

  console.log
    Using incremental cache for Cj_L.py

      at AnalysisOptimizer.parseIncremental (src/performance/AnalysisOptimizer.ts:174:15)
          at Array.map (<anonymous>)

  console.log
    Using incremental cache for Mk_C.py

      at AnalysisOptimizer.parseIncremental (src/performance/AnalysisOptimizer.ts:174:15)
          at Array.map (<anonymous>)

  console.log
    Using incremental cache for XJI_DT/NsZ_0_Q.js

      at AnalysisOptimizer.parseIncremental (src/performance/AnalysisOptimizer.ts:174:15)
          at Array.map (<anonymous>)

  console.log
    Using incremental cache for _8Y/FdB.js

      at AnalysisOptimizer.parseIncremental (src/performance/AnalysisOptimizer.ts:174:15)
          at Array.map (<anonymous>)

  console.log
    Using incremental cache for _____atH_/8iu_ghTLX_.go

      at AnalysisOptimizer.parseIncremental (src/performance/AnalysisOptimizer.ts:174:15)
          at Array.map (<anonymous>)

  console.log
    Using incremental cache for dkLU_oDq_Ip_.java

      at AnalysisOptimizer.parseIncremental (src/performance/AnalysisOptimizer.ts:174:15)
          at Array.map (<anonymous>)

  console.log
    Using incremental cache for P5_o_PvAW/Umz0_.js

      at AnalysisOptimizer.parseIncremental (src/performance/AnalysisOptimizer.ts:174:15)
          at Array.map (<anonymous>)

  console.log
    Using incremental cache for __0k____/TsD1yN_J_Fw__.py

      at AnalysisOptimizer.parseIncremental (src/performance/AnalysisOptimizer.ts:174:15)
          at Array.map (<anonymous>)

  console.log
    Using incremental cache for ___Woy_F_.go

      at AnalysisOptimizer.parseIncremental (src/performance/AnalysisOptimizer.ts:174:15)
          at Array.map (<anonymous>)

  console.log
    Using incremental cache for _aN_c__.go

      at AnalysisOptimizer.parseIncremental (src/performance/AnalysisOptimizer.ts:174:15)
          at Array.map (<anonymous>)

  console.log
    Using incremental cache for _iX3_Fk/8k_VlMaf7w__.ts

      at AnalysisOptimizer.parseIncremental (src/performance/AnalysisOptimizer.ts:174:15)
          at Array.map (<anonymous>)

  console.log
    Using incremental cache for _e_XEH.ts

      at AnalysisOptimizer.parseIncremental (src/performance/AnalysisOptimizer.ts:174:15)
          at Array.map (<anonymous>)

  console.log
    Using incremental cache for 2____.ts

      at AnalysisOptimizer.parseIncremental (src/performance/AnalysisOptimizer.ts:174:15)
          at Array.map (<anonymous>)

  console.log
    Using incremental cache for sDU_____sByR.ts

      at AnalysisOptimizer.parseIncremental (src/performance/AnalysisOptimizer.ts:174:15)
          at Array.map (<anonymous>)

  console.log
    Using incremental cache for HQ9___.py

      at AnalysisOptimizer.parseIncremental (src/performance/AnalysisOptimizer.ts:174:15)
          at Array.map (<anonymous>)

  console.log
    Using incremental cache for _981g_wV_9/__o_Vkiv.py

      at AnalysisOptimizer.parseIncremental (src/performance/AnalysisOptimizer.ts:174:15)
          at Array.map (<anonymous>)

  console.log
    Using incremental cache for _Ou_cT4E/x_T_BN_B_CJ__q.js

      at AnalysisOptimizer.parseIncremental (src/performance/AnalysisOptimizer.ts:174:15)
          at Array.map (<anonymous>)

  console.log
    Using incremental cache for __FiP7/5WaCqZ__NZ_.go

      at AnalysisOptimizer.parseIncremental (src/performance/AnalysisOptimizer.ts:174:15)
          at Array.map (<anonymous>)

  console.log
    Using incremental cache for __Sw__.js

      at AnalysisOptimizer.parseIncremental (src/performance/AnalysisOptimizer.ts:174:15)
          at Array.map (<anonymous>)

  console.log
    Using incremental cache for __uW.js

      at AnalysisOptimizer.parseIncremental (src/performance/AnalysisOptimizer.ts:174:15)
          at Array.map (<anonymous>)

  console.log
    Using incremental cache for _v__DVb_1/3VF1C.py

      at AnalysisOptimizer.parseIncremental (src/performance/AnalysisOptimizer.ts:174:15)
          at Array.map (<anonymous>)

  console.log
    Using incremental cache for owu9_W_v/XZ2r.ts

      at AnalysisOptimizer.parseIncremental (src/performance/AnalysisOptimizer.ts:174:15)
          at Array.map (<anonymous>)

  console.log
    Using incremental cache for _5__A/qZ40u_UwG__fp.ts

      at AnalysisOptimizer.parseIncremental (src/performance/AnalysisOptimizer.ts:174:15)
          at Array.map (<anonymous>)

  console.log
    Using incremental cache for _O_/16H_BzX.js

      at AnalysisOptimizer.parseIncremental (src/performance/AnalysisOptimizer.ts:174:15)
          at Array.map (<anonymous>)

  console.log
    Using incremental cache for _m38Tz__.java

      at AnalysisOptimizer.parseIncremental (src/performance/AnalysisOptimizer.ts:174:15)
          at Array.map (<anonymous>)

  console.log
    Using incremental cache for bc__Ps/_z_hrf__.js

      at AnalysisOptimizer.parseIncremental (src/performance/AnalysisOptimizer.ts:174:15)
          at Array.map (<anonymous>)

  console.log
    Using incremental cache for uy_2.go

      at AnalysisOptimizer.parseIncremental (src/performance/AnalysisOptimizer.ts:174:15)
          at Array.map (<anonymous>)

  console.log
    Using incremental cache for H6K_6EH_uSkQ_f3.js

      at AnalysisOptimizer.parseIncremental (src/performance/AnalysisOptimizer.ts:174:15)
          at Array.map (<anonymous>)

  console.log
    Using incremental cache for I_856_rK__.js

      at AnalysisOptimizer.parseIncremental (src/performance/AnalysisOptimizer.ts:174:15)
          at Array.map (<anonymous>)

  console.log
    Using incremental cache for J5N_GdWQO__9___.ts

      at AnalysisOptimizer.parseIncremental (src/performance/AnalysisOptimizer.ts:174:15)
          at Array.map (<anonymous>)

  console.log
    Using incremental cache for J__czG/_b___.ts

      at AnalysisOptimizer.parseIncremental (src/performance/AnalysisOptimizer.ts:174:15)
          at Array.map (<anonymous>)

  console.log
    Using incremental cache for N0jj/n_l_kx_LLNf.js

      at AnalysisOptimizer.parseIncremental (src/performance/AnalysisOptimizer.ts:174:15)
          at Array.map (<anonymous>)

  console.log
    Using incremental cache for Z_Iq_sauv/PzV_Zq_.go

      at AnalysisOptimizer.parseIncremental (src/performance/AnalysisOptimizer.ts:174:15)
          at Array.map (<anonymous>)

  console.log
    Using incremental cache for ___EO_/fDAx_h_Mp_Pzh_b.ts

      at AnalysisOptimizer.parseIncremental (src/performance/AnalysisOptimizer.ts:174:15)
          at Array.map (<anonymous>)

  console.log
    Using incremental cache for o__.py

      at AnalysisOptimizer.parseIncremental (src/performance/AnalysisOptimizer.ts:174:15)
          at Array.map (<anonymous>)

  console.log
    Using incremental cache for AU__E8l_bULgWO_.ts

      at AnalysisOptimizer.parseIncremental (src/performance/AnalysisOptimizer.ts:174:15)
          at Array.map (<anonymous>)

  console.log
    Using incremental cache for X__CYO___3.java

      at AnalysisOptimizer.parseIncremental (src/performance/AnalysisOptimizer.ts:174:15)
          at Array.map (<anonymous>)

  console.log
    Using incremental cache for ZAw2E7_O.go

      at AnalysisOptimizer.parseIncremental (src/performance/AnalysisOptimizer.ts:174:15)
          at Array.map (<anonymous>)

  console.log
    Using incremental cache for _O_F3__PxBqk_.ts

      at AnalysisOptimizer.parseIncremental (src/performance/AnalysisOptimizer.ts:174:15)
          at Array.map (<anonymous>)

  console.log
    Using incremental cache for _PG.js

      at AnalysisOptimizer.parseIncremental (src/performance/AnalysisOptimizer.ts:174:15)
          at Array.map (<anonymous>)

  console.log
    Using incremental cache for _eN5RL3.go

      at AnalysisOptimizer.parseIncremental (src/performance/AnalysisOptimizer.ts:174:15)
          at Array.map (<anonymous>)

  console.log
    Using incremental cache for Ah_1_o/Cj6m_ei_____.ts

      at AnalysisOptimizer.parseIncremental (src/performance/AnalysisOptimizer.ts:174:15)
          at Array.map (<anonymous>)

  console.log
    Using incremental cache for LsJU/_xR.ts

      at AnalysisOptimizer.parseIncremental (src/performance/AnalysisOptimizer.ts:174:15)
          at Array.map (<anonymous>)

  console.log
    Using incremental cache for X6_3wT/E_h3_s_1___i.java

      at AnalysisOptimizer.parseIncremental (src/performance/AnalysisOptimizer.ts:174:15)
          at Array.map (<anonymous>)

  console.log
    Using incremental cache for _Y_bA.go

      at AnalysisOptimizer.parseIncremental (src/performance/AnalysisOptimizer.ts:174:15)
          at Array.map (<anonymous>)

  console.log
    Using incremental cache for __atepQGL6.ts

      at AnalysisOptimizer.parseIncremental (src/performance/AnalysisOptimizer.ts:174:15)
          at Array.map (<anonymous>)

  console.log
    Using incremental cache for _H__T4/D_T_V9g_Q.ts

      at AnalysisOptimizer.parseIncremental (src/performance/AnalysisOptimizer.ts:174:15)
          at Array.map (<anonymous>)

  console.log
    Using incremental cache for ___Nn__.ts

      at AnalysisOptimizer.parseIncremental (src/performance/AnalysisOptimizer.ts:174:15)
          at Array.map (<anonymous>)

  console.log
    Using incremental cache for 6lS_x3Rr/E_K__f84BDp.java

      at AnalysisOptimizer.parseIncremental (src/performance/AnalysisOptimizer.ts:174:15)
          at Array.map (<anonymous>)

  console.log
    Using incremental cache for ca7_5GZ_m/cTBMFAo_.go

      at AnalysisOptimizer.parseIncremental (src/performance/AnalysisOptimizer.ts:174:15)
          at Array.map (<anonymous>)

  console.log
    Using incremental cache for x_PQvGys/NI_Q0h.py

      at AnalysisOptimizer.parseIncremental (src/performance/AnalysisOptimizer.ts:174:15)
          at Array.map (<anonymous>)

  console.log
    Using incremental cache for KOrLG_yG9_a.java

      at AnalysisOptimizer.parseIncremental (src/performance/AnalysisOptimizer.ts:174:15)
          at Array.map (<anonymous>)

  console.log
    Using incremental cache for MQ__hB_/_WCoY.ts

      at AnalysisOptimizer.parseIncremental (src/performance/AnalysisOptimizer.ts:174:15)
          at Array.map (<anonymous>)

  console.log
    Using incremental cache for __hwbp__/CRc_yiTm_.js

      at AnalysisOptimizer.parseIncremental (src/performance/AnalysisOptimizer.ts:174:15)
          at Array.map (<anonymous>)

  console.log
    Using incremental cache for _Ku______6WC_kd.ts

      at AnalysisOptimizer.parseIncremental (src/performance/AnalysisOptimizer.ts:174:15)
          at Array.map (<anonymous>)

  console.log
    Using incremental cache for __pH_/ssM_sn_RS.ts

      at AnalysisOptimizer.parseIncremental (src/performance/AnalysisOptimizer.ts:174:15)
          at Array.map (<anonymous>)

  console.log
    Using incremental cache for 9_zI_.ts

      at AnalysisOptimizer.parseIncremental (src/performance/AnalysisOptimizer.ts:174:15)
          at Array.map (<anonymous>)

  console.log
    Using incremental cache for I16F__w.py

      at AnalysisOptimizer.parseIncremental (src/performance/AnalysisOptimizer.ts:174:15)
          at Array.map (<anonymous>)

  console.log
    Using incremental cache for P_S_tm_9qy_Y_.java

      at AnalysisOptimizer.parseIncremental (src/performance/AnalysisOptimizer.ts:174:15)
          at Array.map (<anonymous>)

  console.log
    Using incremental cache for __6.go

      at AnalysisOptimizer.parseIncremental (src/performance/AnalysisOptimizer.ts:174:15)
          at Array.map (<anonymous>)

  console.log
    Using incremental cache for _xtJ8rG___z_Z.java

      at AnalysisOptimizer.parseIncremental (src/performance/AnalysisOptimizer.ts:174:15)
          at Array.map (<anonymous>)

  console.log
    Using incremental cache for e_S/w__J4_Yr_q5_Xz_.go

      at AnalysisOptimizer.parseIncremental (src/performance/AnalysisOptimizer.ts:174:15)
          at Array.map (<anonymous>)

  console.log
    Using incremental cache for fq__I__.go

      at AnalysisOptimizer.parseIncremental (src/performance/AnalysisOptimizer.ts:174:15)
          at Array.map (<anonymous>)

  console.log
    Using incremental cache for lh__8_L_d/r___E_5__.java

      at AnalysisOptimizer.parseIncremental (src/performance/AnalysisOptimizer.ts:174:15)
          at Array.map (<anonymous>)

  console.log
    Using incremental cache for Of__is.py

      at AnalysisOptimizer.parseIncremental (src/performance/AnalysisOptimizer.ts:174:15)
          at Array.map (<anonymous>)

  console.log
    Using incremental cache for bs____2r__/n___Co.go

      at AnalysisOptimizer.parseIncremental (src/performance/AnalysisOptimizer.ts:174:15)
          at Array.map (<anonymous>)

  console.log
    Using incremental cache for 7Pyeu__0B_z_5p.py

      at AnalysisOptimizer.parseIncremental (src/performance/AnalysisOptimizer.ts:174:15)
          at Array.map (<anonymous>)

  console.log
    Using incremental cache for U_i__/1fAc_q.py

      at AnalysisOptimizer.parseIncremental (src/performance/AnalysisOptimizer.ts:174:15)
          at Array.map (<anonymous>)

  console.log
    Using incremental cache for f__R/r1_.py

      at AnalysisOptimizer.parseIncremental (src/performance/AnalysisOptimizer.ts:174:15)
          at Array.map (<anonymous>)

  console.log
    Using incremental cache for _1_/RnpJ.js

      at AnalysisOptimizer.parseIncremental (src/performance/AnalysisOptimizer.ts:174:15)
          at Array.map (<anonymous>)

  console.log
    Using incremental cache for _Ati_h_r6e.py

      at AnalysisOptimizer.parseIncremental (src/performance/AnalysisOptimizer.ts:174:15)
          at Array.map (<anonymous>)

  console.log
    Using incremental cache for _ZU_NG_.java

      at AnalysisOptimizer.parseIncremental (src/performance/AnalysisOptimizer.ts:174:15)
          at Array.map (<anonymous>)

  console.log
    Using incremental cache for ___E2Q__/_Tx_X______dp__.js

      at AnalysisOptimizer.parseIncremental (src/performance/AnalysisOptimizer.ts:174:15)
          at Array.map (<anonymous>)

  console.log
    Using incremental cache for aeP_.java

      at AnalysisOptimizer.parseIncremental (src/performance/AnalysisOptimizer.ts:174:15)
          at Array.map (<anonymous>)

  console.log
    Using incremental cache for ic_sFm_LqtpGOp.java

      at AnalysisOptimizer.parseIncremental (src/performance/AnalysisOptimizer.ts:174:15)
          at Array.map (<anonymous>)

  console.log
    Using incremental cache for 9_mf_1/_tpQ3__.js

      at AnalysisOptimizer.parseIncremental (src/performance/AnalysisOptimizer.ts:174:15)
          at Array.map (<anonymous>)

  console.log
    Using incremental cache for xK_K__SJeN_q_C.js

      at AnalysisOptimizer.parseIncremental (src/performance/AnalysisOptimizer.ts:174:15)
          at Array.map (<anonymous>)

  console.log
    ArchView extension deactivated

      at ExtensionController.deactivate (src/ExtensionController.ts:173:13)

  console.log
    Worker threads are supported

      at AnalysisOptimizer.checkWorkerThreadSupport (src/performance/AnalysisOptimizer.ts:67:15)

  console.log
    Registered command: archview.generateDiagram

      at ExtensionController.registerCommands (src/ExtensionController.ts:198:15)

  console.log
    Registered command: archview.refreshDiagram

      at ExtensionController.registerCommands (src/ExtensionController.ts:198:15)

  console.log
    Registered command: archview.exportDiagram

      at ExtensionController.registerCommands (src/ExtensionController.ts:198:15)

  console.log
    Configuration listener registered

      at ExtensionController.registerConfigurationListener (src/ExtensionController.ts:214:13)

  console.log
    
    ╔════════════════════════════════════════════════════════════╗
    ║  Welcome to ArchView - AI Architecture Diagrams           ║
    ╠════════════════════════════════════════════════════════════╣
    ║                                                            ║
    ║  Get started:                                              ║
    ║  1. Open a project folder                                  ║
    ║  2. Run command: "ArchView: Generate Diagram"              ║
    ║  3. Explore your architecture visually!                    ║
    ║                                                            ║
    ║  Features:                                                 ║
    ║  • AI-powered architecture analysis                        ║
    ║  • Interactive diagram navigation                          ║
    ║  • Multi-language support                                  ║
    ║  • Export to PNG/SVG                                       ║
    ║                                                            ║
    ╚════════════════════════════════════════════════════════════╝

      at ExtensionController.showWelcomeMessage (src/ExtensionController.ts:709:13)

  console.log
    State saved

      at ExtensionController.saveState (src/ExtensionController.ts:759:15)

  console.log
    ArchView extension activated

      at ExtensionController.activate (src/ExtensionController.ts:145:13)

  console.log
    Clearing all file highlights

      at FileHighlighter.applyDecorations (src/ui/FileHighlighter.ts:121:17)

  console.log
    Highlighting files: [
      'src/K"M"UCNFblo5P\\.ts',
      'src/^n!~ ^/?X.ts',
      'src/>QJ$P55_7X1c.ts',
      'src/ebu[[yGpj#?}oTnqy].ts',
      'src/w):dxu#(0.ts'
    ]

      at FileHighlighter.applyDecorations (src/ui/FileHighlighter.ts:119:17)

  console.log
    State saved

      at ExtensionController.saveState (src/ExtensionController.ts:759:15)

  console.log
    Clearing all file highlights

      at FileHighlighter.applyDecorations (src/ui/FileHighlighter.ts:121:17)

  console.log
    Using incremental cache for RQy_NoBn/a_d4_y___.java

      at AnalysisOptimizer.parseIncremental (src/performance/AnalysisOptimizer.ts:174:15)
          at Array.map (<anonymous>)

  console.log
    Using incremental cache for RWnhB_4___.java

      at AnalysisOptimizer.parseIncremental (src/performance/AnalysisOptimizer.ts:174:15)
          at Array.map (<anonymous>)

  console.log
    Using incremental cache for _2ezBeVX/_2__i.java

      at AnalysisOptimizer.parseIncremental (src/performance/AnalysisOptimizer.ts:174:15)
          at Array.map (<anonymous>)

  console.log
    Using incremental cache for _5__7vdX/_np_G.ts

      at AnalysisOptimizer.parseIncremental (src/performance/AnalysisOptimizer.ts:174:15)
          at Array.map (<anonymous>)

  console.log
    Using incremental cache for _RO1_LU5d__t.ts

      at AnalysisOptimizer.parseIncremental (src/performance/AnalysisOptimizer.ts:174:15)
          at Array.map (<anonymous>)

  console.log
    Using incremental cache for __N_gTc.py

      at AnalysisOptimizer.parseIncremental (src/performance/AnalysisOptimizer.ts:174:15)
          at Array.map (<anonymous>)

  console.log
    Using incremental cache for em_imh___DF.py

      at AnalysisOptimizer.parseIncremental (src/performance/AnalysisOptimizer.ts:174:15)
          at Array.map (<anonymous>)

  console.log
    Using incremental cache for zb_vqml/_qp_R_.go

      at AnalysisOptimizer.parseIncremental (src/performance/AnalysisOptimizer.ts:174:15)
          at Array.map (<anonymous>)

  console.log
    Using incremental cache for J_1qG__m_/8k_kX_ggG3_p__6.go

      at AnalysisOptimizer.parseIncremental (src/performance/AnalysisOptimizer.ts:174:15)
          at Array.map (<anonymous>)

  console.log
    Using incremental cache for Op_sJ__O___.java

      at AnalysisOptimizer.parseIncremental (src/performance/AnalysisOptimizer.ts:174:15)
          at Array.map (<anonymous>)

  console.log
    Using incremental cache for i0_Z_7WSl_sOBb.go

      at AnalysisOptimizer.parseIncremental (src/performance/AnalysisOptimizer.ts:174:15)
          at Array.map (<anonymous>)

  console.log
    Using incremental cache for _Sh9_R/DS__ZKAP_xt_zH.js

      at AnalysisOptimizer.parseIncremental (src/performance/AnalysisOptimizer.ts:174:15)
          at Array.map (<anonymous>)

  console.log
    Using incremental cache for SzID/_LVoL8c2G_r.js

      at AnalysisOptimizer.parseIncremental (src/performance/AnalysisOptimizer.ts:174:15)
          at Array.map (<anonymous>)

  console.log
    Using incremental cache for _sIVD/p_U_E_0.js

      at AnalysisOptimizer.parseIncremental (src/performance/AnalysisOptimizer.ts:174:15)
          at Array.map (<anonymous>)

  console.log
    Using incremental cache for 3Ti___exOn_2y.ts

      at AnalysisOptimizer.parseIncremental (src/performance/AnalysisOptimizer.ts:174:15)
          at Array.map (<anonymous>)

  console.log
    Using incremental cache for ___W0t_gj/4W1s_S__GLg_.ts

      at AnalysisOptimizer.parseIncremental (src/performance/AnalysisOptimizer.ts:174:15)
          at Array.map (<anonymous>)

  console.log
    Using incremental cache for _oa/_g__EU___.go

      at AnalysisOptimizer.parseIncremental (src/performance/AnalysisOptimizer.ts:174:15)
          at Array.map (<anonymous>)

  console.log
    Using incremental cache for y_YK25s1_r.go

      at AnalysisOptimizer.parseIncremental (src/performance/AnalysisOptimizer.ts:174:15)
          at Array.map (<anonymous>)

  console.log
    Using incremental cache for 2XnTx_.py

      at AnalysisOptimizer.parseIncremental (src/performance/AnalysisOptimizer.ts:174:15)
          at Array.map (<anonymous>)

  console.log
    Using incremental cache for Ihe_R_y.py

      at AnalysisOptimizer.parseIncremental (src/performance/AnalysisOptimizer.ts:174:15)
          at Array.map (<anonymous>)

  console.log
    Using incremental cache for _Wm_G__j_Y_9.ts

      at AnalysisOptimizer.parseIncremental (src/performance/AnalysisOptimizer.ts:174:15)
          at Array.map (<anonymous>)

  console.log
    Using incremental cache for Or1_s_a8vWk.ts

      at AnalysisOptimizer.parseIncremental (src/performance/AnalysisOptimizer.ts:174:15)
          at Array.map (<anonymous>)

  console.log
    Using incremental cache for PS_k_/j_gs__.ts

      at AnalysisOptimizer.parseIncremental (src/performance/AnalysisOptimizer.ts:174:15)
          at Array.map (<anonymous>)

  console.log
    Using incremental cache for __V7UbT_E__C.ts

      at AnalysisOptimizer.parseIncremental (src/performance/AnalysisOptimizer.ts:174:15)
          at Array.map (<anonymous>)

  console.log
    Using incremental cache for _y__o/__s2Th_.ts

      at AnalysisOptimizer.parseIncremental (src/performance/AnalysisOptimizer.ts:174:15)
          at Array.map (<anonymous>)

  console.log
    Using incremental cache for 7_U_9C9C/PyaS_Q__7_.js

      at AnalysisOptimizer.parseIncremental (src/performance/AnalysisOptimizer.ts:174:15)
          at Array.map (<anonymous>)

  console.log
    Using incremental cache for VF_OqW9/T_T_ZsW5.go

      at AnalysisOptimizer.parseIncremental (src/performance/AnalysisOptimizer.ts:174:15)
          at Array.map (<anonymous>)

  console.log
    Using incremental cache for Xrefx.go

      at AnalysisOptimizer.parseIncremental (src/performance/AnalysisOptimizer.ts:174:15)
          at Array.map (<anonymous>)

  console.log
    Using incremental cache for _G_S7eyc/_1_u7_.py

      at AnalysisOptimizer.parseIncremental (src/performance/AnalysisOptimizer.ts:174:15)
          at Array.map (<anonymous>)

  console.log
    Using incremental cache for __Q_.java

      at AnalysisOptimizer.parseIncremental (src/performance/AnalysisOptimizer.ts:174:15)
          at Array.map (<anonymous>)

  console.log
    Using incremental cache for f_GraDJ/_z_g7_6k8b__.ts

      at AnalysisOptimizer.parseIncremental (src/performance/AnalysisOptimizer.ts:174:15)
          at Array.map (<anonymous>)

  console.log
    Worker threads are supported

      at AnalysisOptimizer.checkWorkerThreadSupport (src/performance/AnalysisOptimizer.ts:67:15)

  console.log
    Using incremental cache for _Y_x_u/hasOwnProperty.py

      at AnalysisOptimizer.parseIncremental (src/performance/AnalysisOptimizer.ts:174:15)
          at Array.map (<anonymous>)

  console.log
    Using incremental cache for key/H7m_rP.js

      at AnalysisOptimizer.parseIncremental (src/performance/AnalysisOptimizer.ts:174:15)
          at Array.map (<anonymous>)

  console.log
    Using incremental cache for arguments.py

      at AnalysisOptimizer.parseIncremental (src/performance/AnalysisOptimizer.ts:174:15)
          at Array.map (<anonymous>)

  console.log
    Using incremental cache for G_fq_1_6U_.go

      at AnalysisOptimizer.parseIncremental (src/performance/AnalysisOptimizer.ts:174:15)
          at Array.map (<anonymous>)

  console.log
    Using incremental cache for jB_/S3a__N_.py

      at AnalysisOptimizer.parseIncremental (src/performance/AnalysisOptimizer.ts:174:15)
          at Array.map (<anonymous>)

  console.log
    Using incremental cache for o_7.go

      at AnalysisOptimizer.parseIncremental (src/performance/AnalysisOptimizer.ts:174:15)
          at Array.map (<anonymous>)

  console.log
    Using incremental cache for Ma9NGFM/h__d_wA.js

      at AnalysisOptimizer.parseIncremental (src/performance/AnalysisOptimizer.ts:174:15)
          at Array.map (<anonymous>)

  console.log
    Using incremental cache for _K_/u_3aRw___c_ZK_F.py

      at AnalysisOptimizer.parseIncremental (src/performance/AnalysisOptimizer.ts:174:15)
          at Array.map (<anonymous>)

  console.log
    Using incremental cache for hu6h_v.java

      at AnalysisOptimizer.parseIncremental (src/performance/AnalysisOptimizer.ts:174:15)
          at Array.map (<anonymous>)

  console.log
    Using incremental cache for vAto_Hhn_5/b_eXYc.py

      at AnalysisOptimizer.parseIncremental (src/performance/AnalysisOptimizer.ts:174:15)
          at Array.map (<anonymous>)

  console.log
    Using incremental cache for ___U_____.js

      at AnalysisOptimizer.parseIncremental (src/performance/AnalysisOptimizer.ts:174:15)
          at Array.map (<anonymous>)

  console.log
    Using incremental cache for ___V_____xr_r_.java

      at AnalysisOptimizer.parseIncremental (src/performance/AnalysisOptimizer.ts:174:15)
          at Array.map (<anonymous>)

  console.log
    Using incremental cache for ___protype/zg_b.java

      at AnalysisOptimizer.parseIncremental (src/performance/AnalysisOptimizer.ts:174:15)
          at Array.map (<anonymous>)

  console.log
    Using incremental cache for __kK_E/Oq_H_C_x___.ts

      at AnalysisOptimizer.parseIncremental (src/performance/AnalysisOptimizer.ts:174:15)
          at Array.map (<anonymous>)

  console.log
    Using incremental cache for z7z_Q.go

      at AnalysisOptimizer.parseIncremental (src/performance/AnalysisOptimizer.ts:174:15)
          at Array.map (<anonymous>)

  console.log
    Using incremental cache for G6s6N___/6_p_u_r_aoaq_.java

      at AnalysisOptimizer.parseIncremental (src/performance/AnalysisOptimizer.ts:174:15)
          at Array.map (<anonymous>)

  console.log
    Using incremental cache for J2__J4Z.ts

      at AnalysisOptimizer.parseIncremental (src/performance/AnalysisOptimizer.ts:174:15)
          at Array.map (<anonymous>)

  console.log
    Using incremental cache for jrR/U__q40Ib_wi.go

      at AnalysisOptimizer.parseIncremental (src/performance/AnalysisOptimizer.ts:174:15)
          at Array.map (<anonymous>)

  console.log
    Using incremental cache for _sSPNHv/3pWlVt__l_F.ts

      at AnalysisOptimizer.parseIncremental (src/performance/AnalysisOptimizer.ts:174:15)
          at Array.map (<anonymous>)

  console.log
    Using incremental cache for 4e2u3e_.ts

      at AnalysisOptimizer.parseIncremental (src/performance/AnalysisOptimizer.ts:174:15)
          at Array.map (<anonymous>)

  console.log
    Using incremental cache for HC_TFR8/__z_.py

      at AnalysisOptimizer.parseIncremental (src/performance/AnalysisOptimizer.ts:174:15)
          at Array.map (<anonymous>)

  console.log
    Using incremental cache for y6Nb___TG_.ts

      at AnalysisOptimizer.parseIncremental (src/performance/AnalysisOptimizer.ts:174:15)
          at Array.map (<anonymous>)

  console.log
    Using incremental cache for V_Ni5i__.java

      at AnalysisOptimizer.parseIncremental (src/performance/AnalysisOptimizer.ts:174:15)
          at Array.map (<anonymous>)

  console.log
    Using incremental cache for __v__O_W_.go

      at AnalysisOptimizer.parseIncremental (src/performance/AnalysisOptimizer.ts:174:15)
          at Array.map (<anonymous>)

  console.log
    Using incremental cache for jT0P/qjN_E1c3.ts

      at AnalysisOptimizer.parseIncremental (src/performance/AnalysisOptimizer.ts:174:15)
          at Array.map (<anonymous>)

  console.log
    Using incremental cache for tMn__hCP.java

      at AnalysisOptimizer.parseIncremental (src/performance/AnalysisOptimizer.ts:174:15)
          at Array.map (<anonymous>)

  console.log
    Using incremental cache for t__/k_1lyL.js

      at AnalysisOptimizer.parseIncremental (src/performance/AnalysisOptimizer.ts:174:15)
          at Array.map (<anonymous>)

  console.log
    Using incremental cache for _Cw____/W_w_3MG.py

      at AnalysisOptimizer.parseIncremental (src/performance/AnalysisOptimizer.ts:174:15)
          at Array.map (<anonymous>)

  console.log
    Using incremental cache for __It_My7ql_.py

      at AnalysisOptimizer.parseIncremental (src/performance/AnalysisOptimizer.ts:174:15)
          at Array.map (<anonymous>)

  console.log
    Using incremental cache for __L/_4_P__IOe.java

      at AnalysisOptimizer.parseIncremental (src/performance/AnalysisOptimizer.ts:174:15)
          at Array.map (<anonymous>)

  console.log
    Using incremental cache for j_z_/___V_Ap_.py

      at AnalysisOptimizer.parseIncremental (src/performance/AnalysisOptimizer.ts:174:15)
          at Array.map (<anonymous>)

  console.log
    Using incremental cache for length.go

      at AnalysisOptimizer.parseIncremental (src/performance/AnalysisOptimizer.ts:174:15)
          at Array.map (<anonymous>)

  console.log
    Using incremental cache for _AGRHW/_CgW__F8ZW_eg.ts

      at AnalysisOptimizer.parseIncremental (src/performance/AnalysisOptimizer.ts:174:15)
          at Array.map (<anonymous>)

  console.log
    Using incremental cache for z___m_4h/_9BC5utY_v3w.js

      at AnalysisOptimizer.parseIncremental (src/performance/AnalysisOptimizer.ts:174:15)
          at Array.map (<anonymous>)

  console.log
    Using incremental cache for _4Z__M1_/F__x07_gb_V.java

      at AnalysisOptimizer.parseIncremental (src/performance/AnalysisOptimizer.ts:174:15)
          at Array.map (<anonymous>)

  console.log
    Using incremental cache for _q_al.js

      at AnalysisOptimizer.parseIncremental (src/performance/AnalysisOptimizer.ts:174:15)
          at Array.map (<anonymous>)

  console.log
    Using incremental cache for i__l5_N_MC/_p__J2.java

      at AnalysisOptimizer.parseIncremental (src/performance/AnalysisOptimizer.ts:174:15)
          at Array.map (<anonymous>)

  console.log
    Using incremental cache for C_Dy_.java

      at AnalysisOptimizer.parseIncremental (src/performance/AnalysisOptimizer.ts:174:15)
          at Array.map (<anonymous>)

  console.log
    Using incremental cache for _95/_fs.go

      at AnalysisOptimizer.parseIncremental (src/performance/AnalysisOptimizer.ts:174:15)
          at Array.map (<anonymous>)

  console.log
    Using incremental cache for _l_cH_.java

      at AnalysisOptimizer.parseIncremental (src/performance/AnalysisOptimizer.ts:174:15)
          at Array.map (<anonymous>)

  console.log
    Using incremental cache for l_d_8V.py

      at AnalysisOptimizer.parseIncremental (src/performance/AnalysisOptimizer.ts:174:15)
          at Array.map (<anonymous>)

  console.log
    Using incremental cache for x15_82__/_9_.go

      at AnalysisOptimizer.parseIncremental (src/performance/AnalysisOptimizer.ts:174:15)
          at Array.map (<anonymous>)

  console.log
    ArchView extension deactivated

      at ExtensionController.deactivate (src/ExtensionController.ts:173:13)

  console.log
    Worker threads are supported

      at AnalysisOptimizer.checkWorkerThreadSupport (src/performance/AnalysisOptimizer.ts:67:15)

  console.log
    Registered command: archview.generateDiagram

      at ExtensionController.registerCommands (src/ExtensionController.ts:198:15)

  console.log
    Registered command: archview.refreshDiagram

      at ExtensionController.registerCommands (src/ExtensionController.ts:198:15)

  console.log
    Registered command: archview.exportDiagram

      at ExtensionController.registerCommands (src/ExtensionController.ts:198:15)

  console.log
    Configuration listener registered

      at ExtensionController.registerConfigurationListener (src/ExtensionController.ts:214:13)

  console.log
    
    ╔════════════════════════════════════════════════════════════╗
    ║  Welcome to ArchView - AI Architecture Diagrams           ║
    ╠════════════════════════════════════════════════════════════╣
    ║                                                            ║
    ║  Get started:                                              ║
    ║  1. Open a project folder                                  ║
    ║  2. Run command: "ArchView: Generate Diagram"              ║
    ║  3. Explore your architecture visually!                    ║
    ║                                                            ║
    ║  Features:                                                 ║
    ║  • AI-powered architecture analysis                        ║
    ║  • Interactive diagram navigation                          ║
    ║  • Multi-language support                                  ║
    ║  • Export to PNG/SVG                                       ║
    ║                                                            ║
    ╚════════════════════════════════════════════════════════════╝

      at ExtensionController.showWelcomeMessage (src/ExtensionController.ts:709:13)

  console.log
    State saved

      at ExtensionController.saveState (src/ExtensionController.ts:759:15)

  console.log
    ArchView extension activated

      at ExtensionController.activate (src/ExtensionController.ts:145:13)

  console.log
    Clearing all file highlights

      at FileHighlighter.applyDecorations (src/ui/FileHighlighter.ts:121:17)

  console.log
    Highlighting files: [ "src/=va|'8y.ts" ]

      at FileHighlighter.applyDecorations (src/ui/FileHighlighter.ts:119:17)

  console.log
    State saved

      at ExtensionController.saveState (src/ExtensionController.ts:759:15)

  console.log
    Clearing all file highlights

      at FileHighlighter.applyDecorations (src/ui/FileHighlighter.ts:121:17)

  console.log
    Using incremental cache for E__3__Y___/Jre.ts

      at AnalysisOptimizer.parseIncremental (src/performance/AnalysisOptimizer.ts:174:15)
          at Array.map (<anonymous>)

  console.log
    Using incremental cache for I_bindc.ts

      at AnalysisOptimizer.parseIncremental (src/performance/AnalysisOptimizer.ts:174:15)
          at Array.map (<anonymous>)

  console.log
    Using incremental cache for K_rTW_/o_ZV_N__U.js

      at AnalysisOptimizer.parseIncremental (src/performance/AnalysisOptimizer.ts:174:15)
          at Array.map (<anonymous>)

  console.log
    Using incremental cache for _cz7anE__K.go

      at AnalysisOptimizer.parseIncremental (src/performance/AnalysisOptimizer.ts:174:15)
          at Array.map (<anonymous>)

  console.log
    Using incremental cache for _y__n.py

      at AnalysisOptimizer.parseIncremental (src/performance/AnalysisOptimizer.ts:174:15)
          at Array.map (<anonymous>)

  console.log
    Using incremental cache for kN_kE_0.ts

      at AnalysisOptimizer.parseIncremental (src/performance/AnalysisOptimizer.ts:174:15)
          at Array.map (<anonymous>)

  console.log
    Using incremental cache for o__r_M__a/_I____bN0__.ts

      at AnalysisOptimizer.parseIncremental (src/performance/AnalysisOptimizer.ts:174:15)
          at Array.map (<anonymous>)

  console.log
    Using incremental cache for pkeyis.ts

      at AnalysisOptimizer.parseIncremental (src/performance/AnalysisOptimizer.ts:174:15)
          at Array.map (<anonymous>)

  console.log
    Using incremental cache for prototype.ts

      at AnalysisOptimizer.parseIncremental (src/performance/AnalysisOptimizer.ts:174:15)
          at Array.map (<anonymous>)

  console.log
    Using incremental cache for Prope.py

      at AnalysisOptimizer.parseIncremental (src/performance/AnalysisOptimizer.ts:174:15)
          at Array.map (<anonymous>)

  console.log
    Using incremental cache for __2_by.py

      at AnalysisOptimizer.parseIncremental (src/performance/AnalysisOptimizer.ts:174:15)
          at Array.map (<anonymous>)

  console.log
    Using incremental cache for la_5u_/zzD_B_.ts

      at AnalysisOptimizer.parseIncremental (src/performance/AnalysisOptimizer.ts:174:15)
          at Array.map (<anonymous>)

  console.log
    Using incremental cache for TBBk_GQ/_On_I_m_A_N_rP_.java

      at AnalysisOptimizer.parseIncremental (src/performance/AnalysisOptimizer.ts:174:15)
          at Array.map (<anonymous>)

  console.log
    Using incremental cache for ___AmlacrQ_x_.java

      at AnalysisOptimizer.parseIncremental (src/performance/AnalysisOptimizer.ts:174:15)
          at Array.map (<anonymous>)

  console.log
    Using incremental cache for __d/P5h_d_Z____B2.js

      at AnalysisOptimizer.parseIncremental (src/performance/AnalysisOptimizer.ts:174:15)
          at Array.map (<anonymous>)

  console.log
    Using incremental cache for __p/q0x__JS.java

      at AnalysisOptimizer.parseIncremental (src/performance/AnalysisOptimizer.ts:174:15)
          at Array.map (<anonymous>)

  console.log
    Using incremental cache for oC54J/n__Mjulr34TZ.py

      at AnalysisOptimizer.parseIncremental (src/performance/AnalysisOptimizer.ts:174:15)
          at Array.map (<anonymous>)

  console.log
    Using incremental cache for s1_b0E/AKX_M_yeBa_n_r.py

      at AnalysisOptimizer.parseIncremental (src/performance/AnalysisOptimizer.ts:174:15)
          at Array.map (<anonymous>)

  console.log
    Using incremental cache for XT9gQWygnY/ChjDg_p0.js

      at AnalysisOptimizer.parseIncremental (src/performance/AnalysisOptimizer.ts:174:15)
          at Array.map (<anonymous>)

  console.log
    Using incremental cache for _O____8___jo.java

      at AnalysisOptimizer.parseIncremental (src/performance/AnalysisOptimizer.ts:174:15)
          at Array.map (<anonymous>)

  console.log
    Using incremental cache for _b__z_1b/jERY4nMaQq.go

      at AnalysisOptimizer.parseIncremental (src/performance/AnalysisOptimizer.ts:174:15)
          at Array.map (<anonymous>)

  console.log
    Using incremental cache for _qn2s9Uu_H___.go

      at AnalysisOptimizer.parseIncremental (src/performance/AnalysisOptimizer.ts:174:15)
          at Array.map (<anonymous>)

  console.log
    Using incremental cache for ngeJ/_ZQ_Md__wK__Y_.go

      at AnalysisOptimizer.parseIncremental (src/performance/AnalysisOptimizer.ts:174:15)
          at Array.map (<anonymous>)

  console.log
    Using incremental cache for tv___yjK2/q_1K.java

      at AnalysisOptimizer.parseIncremental (src/performance/AnalysisOptimizer.ts:174:15)
          at Array.map (<anonymous>)

  console.log
    Using incremental cache for _FQ__DO_sutnO4.py

      at AnalysisOptimizer.parseIncremental (src/performance/AnalysisOptimizer.ts:174:15)
          at Array.map (<anonymous>)

  console.log
    Using incremental cache for D___F_NO8_As6o.java

      at AnalysisOptimizer.parseIncremental (src/performance/AnalysisOptimizer.ts:174:15)
          at Array.map (<anonymous>)

  console.log
    Using incremental cache for H__Rfj_.ts

      at AnalysisOptimizer.parseIncremental (src/performance/AnalysisOptimizer.ts:174:15)
          at Array.map (<anonymous>)

  console.log
    Using incremental cache for Z_Pp0.go

      at AnalysisOptimizer.parseIncremental (src/performance/AnalysisOptimizer.ts:174:15)
          at Array.map (<anonymous>)

  console.log
    Using incremental cache for _AcT/n5xnQMHzU_.go

      at AnalysisOptimizer.parseIncremental (src/performance/AnalysisOptimizer.ts:174:15)
          at Array.map (<anonymous>)

  console.log
    Using incremental cache for _IgZ_a/7r_xxGc__ax__1.ts

      at AnalysisOptimizer.parseIncremental (src/performance/AnalysisOptimizer.ts:174:15)
          at Array.map (<anonymous>)

  console.log
    Using incremental cache for __X/rjjG_xVBo_5_jW3.js

      at AnalysisOptimizer.parseIncremental (src/performance/AnalysisOptimizer.ts:174:15)
          at Array.map (<anonymous>)

  console.log
    Using incremental cache for _x___h/aGFy_l_w___.java

      at AnalysisOptimizer.parseIncremental (src/performance/AnalysisOptimizer.ts:174:15)
          at Array.map (<anonymous>)

  console.log
    Using incremental cache for u__3d8py_Si.py

      at AnalysisOptimizer.parseIncremental (src/performance/AnalysisOptimizer.ts:174:15)
          at Array.map (<anonymous>)

  console.log
    Using incremental cache for _CFa___.go

      at AnalysisOptimizer.parseIncremental (src/performance/AnalysisOptimizer.ts:174:15)
          at Array.map (<anonymous>)

  console.log
    Using incremental cache for iW_o_9___L/6____.js

      at AnalysisOptimizer.parseIncremental (src/performance/AnalysisOptimizer.ts:174:15)
          at Array.map (<anonymous>)

  console.log
    Using incremental cache for p_ZUGz___m_h_qk.py

      at AnalysisOptimizer.parseIncremental (src/performance/AnalysisOptimizer.ts:174:15)
          at Array.map (<anonymous>)

  console.log
    Using incremental cache for sH7_A9_BBygB6.py

      at AnalysisOptimizer.parseIncremental (src/performance/AnalysisOptimizer.ts:174:15)
          at Array.map (<anonymous>)

  console.log
    Using incremental cache for B_ch/LdZG5j_uab_u.js

      at AnalysisOptimizer.parseIncremental (src/performance/AnalysisOptimizer.ts:174:15)
          at Array.map (<anonymous>)

  console.log
    Using incremental cache for Gg_gK_R_q__.js

      at AnalysisOptimizer.parseIncremental (src/performance/AnalysisOptimizer.ts:174:15)
          at Array.map (<anonymous>)

  console.log
    Using incremental cache for OUWW/_I__lW8.go

      at AnalysisOptimizer.parseIncremental (src/performance/AnalysisOptimizer.ts:174:15)
          at Array.map (<anonymous>)

  console.log
    Using incremental cache for _4Yp__.js

      at AnalysisOptimizer.parseIncremental (src/performance/AnalysisOptimizer.ts:174:15)
          at Array.map (<anonymous>)

  console.log
    Using incremental cache for _W0_2BK.java

      at AnalysisOptimizer.parseIncremental (src/performance/AnalysisOptimizer.ts:174:15)
          at Array.map (<anonymous>)

  console.log
    Using incremental cache for af_YK0__k.ts

      at AnalysisOptimizer.parseIncremental (src/performance/AnalysisOptimizer.ts:174:15)
          at Array.map (<anonymous>)

  console.log
    Using incremental cache for jL____s_V/4lsQdL_Vv__.java

      at AnalysisOptimizer.parseIncremental (src/performance/AnalysisOptimizer.ts:174:15)
          at Array.map (<anonymous>)

  console.log
    Using incremental cache for _____z/B_B_LDJ.js

      at AnalysisOptimizer.parseIncremental (src/performance/AnalysisOptimizer.ts:174:15)
          at Array.map (<anonymous>)

  console.log
    Using incremental cache for ___m/EBJilvz__2Pnf_2.go

      at AnalysisOptimizer.parseIncremental (src/performance/AnalysisOptimizer.ts:174:15)
          at Array.map (<anonymous>)

  console.log
    Using incremental cache for key/__EL.py

      at AnalysisOptimizer.parseIncremental (src/performance/AnalysisOptimizer.ts:174:15)
          at Array.map (<anonymous>)

  console.log
    Using incremental cache for t__Z_6Og56/_d1VUCY.py

      at AnalysisOptimizer.parseIncremental (src/performance/AnalysisOptimizer.ts:174:15)
          at Array.map (<anonymous>)

  console.log
    Using incremental cache for _W_3lqe__/84x__5gdZF__.ts

      at AnalysisOptimizer.parseIncremental (src/performance/AnalysisOptimizer.ts:174:15)
          at Array.map (<anonymous>)

  console.log
    Using incremental cache for cVyR_hLj_y_uZ__.py

      at AnalysisOptimizer.parseIncremental (src/performance/AnalysisOptimizer.ts:174:15)
          at Array.map (<anonymous>)

  console.log
    Using incremental cache for f_l085vdT.py

      at AnalysisOptimizer.parseIncremental (src/performance/AnalysisOptimizer.ts:174:15)
          at Array.map (<anonymous>)

  console.log
    Using incremental cache for N____s__.ts

      at AnalysisOptimizer.parseIncremental (src/performance/AnalysisOptimizer.ts:174:15)
          at Array.map (<anonymous>)

  console.log
    Using incremental cache for Uv3_/o_p_e_Q_bJ_.java

      at AnalysisOptimizer.parseIncremental (src/performance/AnalysisOptimizer.ts:174:15)
          at Array.map (<anonymous>)

  console.log
    Using incremental cache for _3__P/c_qes_yadt.go

      at AnalysisOptimizer.parseIncremental (src/performance/AnalysisOptimizer.ts:174:15)
          at Array.map (<anonymous>)

  console.log
    Using incremental cache for _AZ.py

      at AnalysisOptimizer.parseIncremental (src/performance/AnalysisOptimizer.ts:174:15)
          at Array.map (<anonymous>)

  console.log
    Using incremental cache for IRLvBN/pQYe_B_HU_u.go

      at AnalysisOptimizer.parseIncremental (src/performance/AnalysisOptimizer.ts:174:15)
          at Array.map (<anonymous>)

  console.log
    Using incremental cache for SB_Gh.go

      at AnalysisOptimizer.parseIncremental (src/performance/AnalysisOptimizer.ts:174:15)
          at Array.map (<anonymous>)

  console.log
    Using incremental cache for Wa____Jg.py

      at AnalysisOptimizer.parseIncremental (src/performance/AnalysisOptimizer.ts:174:15)
          at Array.map (<anonymous>)

  console.log
    Using incremental cache for _U_.java

      at AnalysisOptimizer.parseIncremental (src/performance/AnalysisOptimizer.ts:174:15)
          at Array.map (<anonymous>)

  console.log
    Using incremental cache for ___s_.js

      at AnalysisOptimizer.parseIncremental (src/performance/AnalysisOptimizer.ts:174:15)
          at Array.map (<anonymous>)

  console.log
    Using incremental cache for cUR_/EnInEZx.go

      at AnalysisOptimizer.parseIncremental (src/performance/AnalysisOptimizer.ts:174:15)
          at Array.map (<anonymous>)

  console.log
    Using incremental cache for i_H/_y4_J.js

      at AnalysisOptimizer.parseIncremental (src/performance/AnalysisOptimizer.ts:174:15)
          at Array.map (<anonymous>)

  console.log
    Using incremental cache for qu_Y__t7__3_1f4.js

      at AnalysisOptimizer.parseIncremental (src/performance/AnalysisOptimizer.ts:174:15)
          at Array.map (<anonymous>)

  console.log
    Using incremental cache for Co_F_QJ_j_e_rz_.py

      at AnalysisOptimizer.parseIncremental (src/performance/AnalysisOptimizer.ts:174:15)
          at Array.map (<anonymous>)

  console.log
    Using incremental cache for W7ot_3wwTh_0.ts

      at AnalysisOptimizer.parseIncremental (src/performance/AnalysisOptimizer.ts:174:15)
          at Array.map (<anonymous>)

  console.log
    Using incremental cache for ___/_qWI_m.go

      at AnalysisOptimizer.parseIncremental (src/performance/AnalysisOptimizer.ts:174:15)
          at Array.map (<anonymous>)

  console.log
    Using incremental cache for __m6R_.py

      at AnalysisOptimizer.parseIncremental (src/performance/AnalysisOptimizer.ts:174:15)
          at Array.map (<anonymous>)

  console.log
    Using incremental cache for __nX.java

      at AnalysisOptimizer.parseIncremental (src/performance/AnalysisOptimizer.ts:174:15)
          at Array.map (<anonymous>)

  console.log
    Using incremental cache for dBgtY_G.py

      at AnalysisOptimizer.parseIncremental (src/performance/AnalysisOptimizer.ts:174:15)
          at Array.map (<anonymous>)

  console.log
    Using incremental cache for n_TC4oBjT/D_lg.ts

      at AnalysisOptimizer.parseIncremental (src/performance/AnalysisOptimizer.ts:174:15)
          at Array.map (<anonymous>)

  console.log
    Using incremental cache for vvs_Wz__/__G_w_L_.ts

      at AnalysisOptimizer.parseIncremental (src/performance/AnalysisOptimizer.ts:174:15)
          at Array.map (<anonymous>)

  console.log
    Using incremental cache for Ek_y1___A_K.ts

      at AnalysisOptimizer.parseIncremental (src/performance/AnalysisOptimizer.ts:174:15)
          at Array.map (<anonymous>)

  console.log
    Using incremental cache for B_nRW_z_/Prq_2zF__t.py

      at AnalysisOptimizer.parseIncremental (src/performance/AnalysisOptimizer.ts:174:15)
          at Array.map (<anonymous>)

  console.log
    Using incremental cache for Hn_qX__saYf_Nl.java

      at AnalysisOptimizer.parseIncremental (src/performance/AnalysisOptimizer.ts:174:15)
          at Array.map (<anonymous>)

  console.log
    Using incremental cache for O_____hx_HE.js

      at AnalysisOptimizer.parseIncremental (src/performance/AnalysisOptimizer.ts:174:15)
          at Array.map (<anonymous>)

  console.log
    Using incremental cache for XV_R___MZ8__g__.js

      at AnalysisOptimizer.parseIncremental (src/performance/AnalysisOptimizer.ts:174:15)
          at Array.map (<anonymous>)

  console.log
    Using incremental cache for _L_B.js

      at AnalysisOptimizer.parseIncremental (src/performance/AnalysisOptimizer.ts:174:15)
          at Array.map (<anonymous>)

  console.log
    Using incremental cache for _QJ_8__BjI__d_s.js

      at AnalysisOptimizer.parseIncremental (src/performance/AnalysisOptimizer.ts:174:15)
          at Array.map (<anonymous>)

  console.log
    Using incremental cache for __L__bXWu/npOx0pjY__.ts

      at AnalysisOptimizer.parseIncremental (src/performance/AnalysisOptimizer.ts:174:15)
          at Array.map (<anonymous>)

  console.log
    Using incremental cache for pb_T_I/_U_1Uc_4.py

      at AnalysisOptimizer.parseIncremental (src/performance/AnalysisOptimizer.ts:174:15)
          at Array.map (<anonymous>)

  console.log
    ArchView extension deactivated

      at ExtensionController.deactivate (src/ExtensionController.ts:173:13)

  console.log
    Worker threads are supported

      at AnalysisOptimizer.checkWorkerThreadSupport (src/performance/AnalysisOptimizer.ts:67:15)

  console.log
    Registered command: archview.generateDiagram

      at ExtensionController.registerCommands (src/ExtensionController.ts:198:15)

  console.log
    Registered command: archview.refreshDiagram

      at ExtensionController.registerCommands (src/ExtensionController.ts:198:15)

  console.log
    Registered command: archview.exportDiagram

      at ExtensionController.registerCommands (src/ExtensionController.ts:198:15)

  console.log
    Configuration listener registered

      at ExtensionController.registerConfigurationListener (src/ExtensionController.ts:214:13)

  console.log
    
    ╔════════════════════════════════════════════════════════════╗
    ║  Welcome to ArchView - AI Architecture Diagrams           ║
    ╠════════════════════════════════════════════════════════════╣
    ║                                                            ║
    ║  Get started:                                              ║
    ║  1. Open a project folder                                  ║
    ║  2. Run command: "ArchView: Generate Diagram"              ║
    ║  3. Explore your architecture visually!                    ║
    ║                                                            ║
    ║  Features:                                                 ║
    ║  • AI-powered architecture analysis                        ║
    ║  • Interactive diagram navigation                          ║
    ║  • Multi-language support                                  ║
    ║  • Export to PNG/SVG                                       ║
    ║                                                            ║
    ╚════════════════════════════════════════════════════════════╝

      at ExtensionController.showWelcomeMessage (src/ExtensionController.ts:709:13)

  console.log
    State saved

      at ExtensionController.saveState (src/ExtensionController.ts:759:15)

  console.log
    ArchView extension activated

      at ExtensionController.activate (src/ExtensionController.ts:145:13)

  console.log
    Clearing all file highlights

      at FileHighlighter.applyDecorations (src/ui/FileHighlighter.ts:121:17)

  console.log
    Highlighting files: [
      'src/%Q__deleng.ts',
      'src/^:DZ#_gMP%u?S.ts',
      'src/BukPR52w6=.?vi|pb.ts'
    ]

      at FileHighlighter.applyDecorations (src/ui/FileHighlighter.ts:119:17)

  console.log
    State saved

      at ExtensionController.saveState (src/ExtensionController.ts:759:15)

  console.log
    Clearing all file highlights

      at FileHighlighter.applyDecorations (src/ui/FileHighlighter.ts:121:17)

  console.log
    Using incremental cache for L8A_/2H4QEs0F__ZU_.js

      at AnalysisOptimizer.parseIncremental (src/performance/AnalysisOptimizer.ts:174:15)
          at Array.map (<anonymous>)

  console.log
    Using incremental cache for g__sPuf/r_rh_EA.go

      at AnalysisOptimizer.parseIncremental (src/performance/AnalysisOptimizer.ts:174:15)
          at Array.map (<anonymous>)

  console.log
    Using incremental cache for A_r.go

      at AnalysisOptimizer.parseIncremental (src/performance/AnalysisOptimizer.ts:174:15)
          at Array.map (<anonymous>)

  console.log
    Using incremental cache for Vl_aTxDs_/bgrm9Xh3_J.java

      at AnalysisOptimizer.parseIncremental (src/performance/AnalysisOptimizer.ts:174:15)
          at Array.map (<anonymous>)

  console.log
    Using incremental cache for ___.go

      at AnalysisOptimizer.parseIncremental (src/performance/AnalysisOptimizer.ts:174:15)
          at Array.map (<anonymous>)

  console.log
    Using incremental cache for c_y__x.js

      at AnalysisOptimizer.parseIncremental (src/performance/AnalysisOptimizer.ts:174:15)
          at Array.map (<anonymous>)

  console.log
    Using incremental cache for l___/Q_JA3U_.java

      at AnalysisOptimizer.parseIncremental (src/performance/AnalysisOptimizer.ts:174:15)
          at Array.map (<anonymous>)

  console.log
    Using incremental cache for u__SwW_d_1/___.ts

      at AnalysisOptimizer.parseIncremental (src/performance/AnalysisOptimizer.ts:174:15)
          at Array.map (<anonymous>)

  console.log
    Using incremental cache for xhasOwn.go

      at AnalysisOptimizer.parseIncremental (src/performance/AnalysisOptimizer.ts:174:15)
          at Array.map (<anonymous>)

  console.log
    Using incremental cache for 74K_t_P/_bX_SR7_L_.py

      at AnalysisOptimizer.parseIncremental (src/performance/AnalysisOptimizer.ts:174:15)
          at Array.map (<anonymous>)

  console.log
    Using incremental cache for RDw.js

      at AnalysisOptimizer.parseIncremental (src/performance/AnalysisOptimizer.ts:174:15)
          at Array.map (<anonymous>)

  console.log
    Using incremental cache for __Tb_c.py

      at AnalysisOptimizer.parseIncremental (src/performance/AnalysisOptimizer.ts:174:15)
          at Array.map (<anonymous>)

  console.log
    Using incremental cache for __oH_Cx_8__BS_y.js

      at AnalysisOptimizer.parseIncremental (src/performance/AnalysisOptimizer.ts:174:15)
          at Array.map (<anonymous>)

  console.log
    Using incremental cache for ba4_g_lT_p.js

      at AnalysisOptimizer.parseIncremental (src/performance/AnalysisOptimizer.ts:174:15)
          at Array.map (<anonymous>)

  console.log
    Using incremental cache for w_b___7_k.ts

      at AnalysisOptimizer.parseIncremental (src/performance/AnalysisOptimizer.ts:174:15)
          at Array.map (<anonymous>)

  console.log
    Using incremental cache for xTZ/Q____1I_Jcy.ts

      at AnalysisOptimizer.parseIncremental (src/performance/AnalysisOptimizer.ts:174:15)
          at Array.map (<anonymous>)

  console.log
    Using incremental cache for Y_XE_VP_eH_x_e.java

      at AnalysisOptimizer.parseIncremental (src/performance/AnalysisOptimizer.ts:174:15)
          at Array.map (<anonymous>)

  console.log
    Using incremental cache for _ALV_3huAcF1.java

      at AnalysisOptimizer.parseIncremental (src/performance/AnalysisOptimizer.ts:174:15)
          at Array.map (<anonymous>)

  console.log
    Using incremental cache for _SZIl.js

      at AnalysisOptimizer.parseIncremental (src/performance/AnalysisOptimizer.ts:174:15)
          at Array.map (<anonymous>)

  console.log
    Using incremental cache for _Sy.java

      at AnalysisOptimizer.parseIncremental (src/performance/AnalysisOptimizer.ts:174:15)
          at Array.map (<anonymous>)

  console.log
    Using incremental cache for _htY.py

      at AnalysisOptimizer.parseIncremental (src/performance/AnalysisOptimizer.ts:174:15)
          at Array.map (<anonymous>)

  console.log
    Using incremental cache for _p2__Hsk/xb_B_J.go

      at AnalysisOptimizer.parseIncremental (src/performance/AnalysisOptimizer.ts:174:15)
          at Array.map (<anonymous>)

  console.log
    Using incremental cache for aA4J44/hoy_m___.js

      at AnalysisOptimizer.parseIncremental (src/performance/AnalysisOptimizer.ts:174:15)
          at Array.map (<anonymous>)

  console.log
    Using incremental cache for vkp9o.py

      at AnalysisOptimizer.parseIncremental (src/performance/AnalysisOptimizer.ts:174:15)
          at Array.map (<anonymous>)

  console.log
    Using incremental cache for W_s_G.java

      at AnalysisOptimizer.parseIncremental (src/performance/AnalysisOptimizer.ts:174:15)
          at Array.map (<anonymous>)

  console.log
    Using incremental cache for _N_hlG_.js

      at AnalysisOptimizer.parseIncremental (src/performance/AnalysisOptimizer.ts:174:15)
          at Array.map (<anonymous>)

  console.log
    Using incremental cache for d__t_f/qH8Gj4jmy_g.py

      at AnalysisOptimizer.parseIncremental (src/performance/AnalysisOptimizer.ts:174:15)
          at Array.map (<anonymous>)

  console.log
    Using incremental cache for uu9BMs/_lVb8Z4ePf_nA__.js

      at AnalysisOptimizer.parseIncremental (src/performance/AnalysisOptimizer.ts:174:15)
          at Array.map (<anonymous>)

  console.log
    Using incremental cache for fZz_e/__Fn.go

      at AnalysisOptimizer.parseIncremental (src/performance/AnalysisOptimizer.ts:174:15)
          at Array.map (<anonymous>)

  console.log
    Using incremental cache for l4__E5_K_2do.go

      at AnalysisOptimizer.parseIncremental (src/performance/AnalysisOptimizer.ts:174:15)
          at Array.map (<anonymous>)

  console.log
    Using incremental cache for tWL_/7___HMy.js

      at AnalysisOptimizer.parseIncremental (src/performance/AnalysisOptimizer.ts:174:15)
          at Array.map (<anonymous>)

  console.log
    Using incremental cache for zDF_a.js

      at AnalysisOptimizer.parseIncremental (src/performance/AnalysisOptimizer.ts:174:15)
          at Array.map (<anonymous>)

  console.log
    Using incremental cache for H__N8kZ/Qk_F__8_U___.go

      at AnalysisOptimizer.parseIncremental (src/performance/AnalysisOptimizer.ts:174:15)
          at Array.map (<anonymous>)

  console.log
    Using incremental cache for SnbR.go

      at AnalysisOptimizer.parseIncremental (src/performance/AnalysisOptimizer.ts:174:15)
          at Array.map (<anonymous>)

  console.log
    Using incremental cache for _Pdhpk.ts

      at AnalysisOptimizer.parseIncremental (src/performance/AnalysisOptimizer.ts:174:15)
          at Array.map (<anonymous>)

  console.log
    Using incremental cache for _j___/b_Z_0_hkBe4wpQD.java

      at AnalysisOptimizer.parseIncremental (src/performance/AnalysisOptimizer.ts:174:15)
          at Array.map (<anonymous>)

  console.log
    Using incremental cache for _o____L_7.py

      at AnalysisOptimizer.parseIncremental (src/performance/AnalysisOptimizer.ts:174:15)
          at Array.map (<anonymous>)

  console.log
    Using incremental cache for q___/__rXrQ_G__z_.ts

      at AnalysisOptimizer.parseIncremental (src/performance/AnalysisOptimizer.ts:174:15)
          at Array.map (<anonymous>)

  console.log
    Using incremental cache for yMM3p.ts

      at AnalysisOptimizer.parseIncremental (src/performance/AnalysisOptimizer.ts:174:15)
          at Array.map (<anonymous>)

  console.log
    Using incremental cache for L_xy.js

      at AnalysisOptimizer.parseIncremental (src/performance/AnalysisOptimizer.ts:174:15)
          at Array.map (<anonymous>)

  console.log
    Using incremental cache for ZT__Z___Fu/___iC_e2.java

      at AnalysisOptimizer.parseIncremental (src/performance/AnalysisOptimizer.ts:174:15)
          at Array.map (<anonymous>)

  console.log
    Using incremental cache for og_ug2_g/s__gMo2M_.py

      at AnalysisOptimizer.parseIncremental (src/performance/AnalysisOptimizer.ts:174:15)
          at Array.map (<anonymous>)

  console.log
    Using incremental cache for Si_n_P1__/_3fDgjb_H___8.py

      at AnalysisOptimizer.parseIncremental (src/performance/AnalysisOptimizer.ts:174:15)
          at Array.map (<anonymous>)

  console.log
    Using incremental cache for _1x_s__p/_tCr_Jy9B___P_.ts

      at AnalysisOptimizer.parseIncremental (src/performance/AnalysisOptimizer.ts:174:15)
          at Array.map (<anonymous>)

  console.log
    Using incremental cache for _oA__1GBzUArj_.py

      at AnalysisOptimizer.parseIncremental (src/performance/AnalysisOptimizer.ts:174:15)
          at Array.map (<anonymous>)

  console.log
    Using incremental cache for __n.ts

      at AnalysisOptimizer.parseIncremental (src/performance/AnalysisOptimizer.ts:174:15)
          at Array.map (<anonymous>)

  console.log
    Using incremental cache for _i__O34x/8p__ZH.ts

      at AnalysisOptimizer.parseIncremental (src/performance/AnalysisOptimizer.ts:174:15)
          at Array.map (<anonymous>)

  console.log
    Using incremental cache for s_N4z/__3_PfAn.ts

      at AnalysisOptimizer.parseIncremental (src/performance/AnalysisOptimizer.ts:174:15)
          at Array.map (<anonymous>)

  console.log
    Using incremental cache for a_ldoBO_yph_Y.js

      at AnalysisOptimizer.parseIncremental (src/performance/AnalysisOptimizer.ts:174:15)
          at Array.map (<anonymous>)

  console.log
    Using incremental cache for m_CH_T_8/dnr_hP.js

      at AnalysisOptimizer.parseIncremental (src/performance/AnalysisOptimizer.ts:174:15)
          at Array.map (<anonymous>)

  console.log
    Using incremental cache for t__C_5_wL___.js

      at AnalysisOptimizer.parseIncremental (src/performance/AnalysisOptimizer.ts:174:15)
          at Array.map (<anonymous>)

  console.log
    Using incremental cache for y_B__7Q/1t__u_xc_.ts

      at AnalysisOptimizer.parseIncremental (src/performance/AnalysisOptimizer.ts:174:15)
          at Array.map (<anonymous>)

  console.log
    Using incremental cache for YmH5_/EBT_b8M_Fk_.ts

      at AnalysisOptimizer.parseIncremental (src/performance/AnalysisOptimizer.ts:174:15)
          at Array.map (<anonymous>)

  console.log
    Using incremental cache for ___M5Mc_C/DlT_3P__Z__FaYS.go

      at AnalysisOptimizer.parseIncremental (src/performance/AnalysisOptimizer.ts:174:15)
          at Array.map (<anonymous>)

  console.log
    Using incremental cache for zk_/_MtO.py

      at AnalysisOptimizer.parseIncremental (src/performance/AnalysisOptimizer.ts:174:15)
          at Array.map (<anonymous>)

  console.log
    Using incremental cache for iJ_.java

      at AnalysisOptimizer.parseIncremental (src/performance/AnalysisOptimizer.ts:174:15)
          at Array.map (<anonymous>)

  console.log
    Using incremental cache for B_XH__E/Rw_t___I_e__M0H.js

      at AnalysisOptimizer.parseIncremental (src/performance/AnalysisOptimizer.ts:174:15)
          at Array.map (<anonymous>)

  console.log
    Using incremental cache for O__.ts

      at AnalysisOptimizer.parseIncremental (src/performance/AnalysisOptimizer.ts:174:15)
          at Array.map (<anonymous>)

  console.log
    Using incremental cache for __e__q_/bZcz5SjZ_TOlSd.go

      at AnalysisOptimizer.parseIncremental (src/performance/AnalysisOptimizer.ts:174:15)
          at Array.map (<anonymous>)

  console.log
    Using incremental cache for _p_8L____Q_H.ts

      at AnalysisOptimizer.parseIncremental (src/performance/AnalysisOptimizer.ts:174:15)
          at Array.map (<anonymous>)

  console.log
    Using incremental cache for NRnG_kyh_/__x.go

      at AnalysisOptimizer.parseIncremental (src/performance/AnalysisOptimizer.ts:174:15)
          at Array.map (<anonymous>)

  console.log
    Using incremental cache for _____/_d__ex_qgC6___.ts

      at AnalysisOptimizer.parseIncremental (src/performance/AnalysisOptimizer.ts:174:15)
          at Array.map (<anonymous>)

  console.log
    Using incremental cache for cAw__.java

      at AnalysisOptimizer.parseIncremental (src/performance/AnalysisOptimizer.ts:174:15)
          at Array.map (<anonymous>)

  console.log
    Using incremental cache for T0_/_F3_jCG_ir_cP.go

      at AnalysisOptimizer.parseIncremental (src/performance/AnalysisOptimizer.ts:174:15)
          at Array.map (<anonymous>)

  console.log
    Using incremental cache for _8_Kdt_Wx_e2f.ts

      at AnalysisOptimizer.parseIncremental (src/performance/AnalysisOptimizer.ts:174:15)
          at Array.map (<anonymous>)

  console.log
    Using incremental cache for adT_T/4__.py

      at AnalysisOptimizer.parseIncremental (src/performance/AnalysisOptimizer.ts:174:15)
          at Array.map (<anonymous>)

  console.log
    Using incremental cache for k8K/2__NwZnh_ou.js

      at AnalysisOptimizer.parseIncremental (src/performance/AnalysisOptimizer.ts:174:15)
          at Array.map (<anonymous>)

  console.log
    Using incremental cache for q__.ts

      at AnalysisOptimizer.parseIncremental (src/performance/AnalysisOptimizer.ts:174:15)
          at Array.map (<anonymous>)

  console.log
    Using incremental cache for _____o___/const.ts

      at AnalysisOptimizer.parseIncremental (src/performance/AnalysisOptimizer.ts:174:15)
          at Array.map (<anonymous>)

  console.log
    Using incremental cache for app/xHs__.js

      at AnalysisOptimizer.parseIncremental (src/performance/AnalysisOptimizer.ts:174:15)
          at Array.map (<anonymous>)

  console.log
    Using incremental cache for hPD_aSi1_4__k_.py

      at AnalysisOptimizer.parseIncremental (src/performance/AnalysisOptimizer.ts:174:15)
          at Array.map (<anonymous>)

  console.log
    Using incremental cache for _5y__PR__H/zYkkw_M5D_dE_B.go

      at AnalysisOptimizer.parseIncremental (src/performance/AnalysisOptimizer.ts:174:15)
          at Array.map (<anonymous>)

  console.log
    Using incremental cache for dMA__/x____j.go

      at AnalysisOptimizer.parseIncremental (src/performance/AnalysisOptimizer.ts:174:15)
          at Array.map (<anonymous>)

  console.log
    ArchView extension deactivated

      at ExtensionController.deactivate (src/ExtensionController.ts:173:13)

  console.log
    Worker threads are supported

      at AnalysisOptimizer.checkWorkerThreadSupport (src/performance/AnalysisOptimizer.ts:67:15)

  console.log
    Registered command: archview.generateDiagram

      at ExtensionController.registerCommands (src/ExtensionController.ts:198:15)

  console.log
    Registered command: archview.refreshDiagram

      at ExtensionController.registerCommands (src/ExtensionController.ts:198:15)

  console.log
    Registered command: archview.exportDiagram

      at ExtensionController.registerCommands (src/ExtensionController.ts:198:15)

  console.log
    Configuration listener registered

      at ExtensionController.registerConfigurationListener (src/ExtensionController.ts:214:13)

  console.log
    
    ╔════════════════════════════════════════════════════════════╗
    ║  Welcome to ArchView - AI Architecture Diagrams           ║
    ╠════════════════════════════════════════════════════════════╣
    ║                                                            ║
    ║  Get started:                                              ║
    ║  1. Open a project folder                                  ║
    ║  2. Run command: "ArchView: Generate Diagram"              ║
    ║  3. Explore your architecture visually!                    ║
    ║                                                            ║
    ║  Features:                                                 ║
    ║  • AI-powered architecture analysis                        ║
    ║  • Interactive diagram navigation                          ║
    ║  • Multi-language support                                  ║
    ║  • Export to PNG/SVG                                       ║
    ║                                                            ║
    ╚════════════════════════════════════════════════════════════╝

      at ExtensionController.showWelcomeMessage (src/ExtensionController.ts:709:13)

  console.log
    State saved

      at ExtensionController.saveState (src/ExtensionController.ts:759:15)

  console.log
    ArchView extension activated

      at ExtensionController.activate (src/ExtensionController.ts:145:13)

  console.log
    Clearing all file highlights

      at FileHighlighter.applyDecorations (src/ui/FileHighlighter.ts:121:17)

  console.log
    Highlighting files: [ 'src/C01 ,3.ts', 'src/!|%TUl`.ts', 'src/toLocaleString.ts' ]

      at FileHighlighter.applyDecorations (src/ui/FileHighlighter.ts:119:17)

  console.log
    State saved

      at ExtensionController.saveState (src/ExtensionController.ts:759:15)

  console.log
    Clearing all file highlights

      at FileHighlighter.applyDecorations (src/ui/FileHighlighter.ts:121:17)

  console.log
    Using incremental cache for _1vH_gnZ.py

      at AnalysisOptimizer.parseIncremental (src/performance/AnalysisOptimizer.ts:174:15)
          at Array.map (<anonymous>)

  console.log
    Using incremental cache for __c_6.go

      at AnalysisOptimizer.parseIncremental (src/performance/AnalysisOptimizer.ts:174:15)
          at Array.map (<anonymous>)

  console.log
    Using incremental cache for v___4H9sM_/utOX__.js

      at AnalysisOptimizer.parseIncremental (src/performance/AnalysisOptimizer.ts:174:15)
          at Array.map (<anonymous>)

  console.log
    Using incremental cache for __LvG_Uo__41.js

      at AnalysisOptimizer.parseIncremental (src/performance/AnalysisOptimizer.ts:174:15)
          at Array.map (<anonymous>)

  console.log
    Using incremental cache for 6GO_.py

      at AnalysisOptimizer.parseIncremental (src/performance/AnalysisOptimizer.ts:174:15)
          at Array.map (<anonymous>)

  console.log
    Using incremental cache for A_0_.ts

      at AnalysisOptimizer.parseIncremental (src/performance/AnalysisOptimizer.ts:174:15)
          at Array.map (<anonymous>)

  console.log
    Using incremental cache for BkV_g4_A.ts

      at AnalysisOptimizer.parseIncremental (src/performance/AnalysisOptimizer.ts:174:15)
          at Array.map (<anonymous>)

  console.log
    Using incremental cache for Cgc_N_.java

      at AnalysisOptimizer.parseIncremental (src/performance/AnalysisOptimizer.ts:174:15)
          at Array.map (<anonymous>)

  console.log
    Using incremental cache for K5c4d___7o/_tRf_.js

      at AnalysisOptimizer.parseIncremental (src/performance/AnalysisOptimizer.ts:174:15)
          at Array.map (<anonymous>)

  console.log
    Using incremental cache for ____W__/rqeB4o__9C_.ts

      at AnalysisOptimizer.parseIncremental (src/performance/AnalysisOptimizer.ts:174:15)
          at Array.map (<anonymous>)

  console.log
    Using incremental cache for _ps__/_jG.js

      at AnalysisOptimizer.parseIncremental (src/performance/AnalysisOptimizer.ts:174:15)
          at Array.map (<anonymous>)

  console.log
    Using incremental cache for ffC.py

      at AnalysisOptimizer.parseIncremental (src/performance/AnalysisOptimizer.ts:174:15)
          at Array.map (<anonymous>)

  console.log
    Using incremental cache for hII_aL_O_w/X__jX.ts

      at AnalysisOptimizer.parseIncremental (src/performance/AnalysisOptimizer.ts:174:15)
          at Array.map (<anonymous>)

  console.log
    Using incremental cache for __Ke.ts

      at AnalysisOptimizer.parseIncremental (src/performance/AnalysisOptimizer.ts:174:15)
          at Array.map (<anonymous>)

  console.log
    Using incremental cache for _bi/W__dIx.ts

      at AnalysisOptimizer.parseIncremental (src/performance/AnalysisOptimizer.ts:174:15)
          at Array.map (<anonymous>)

  console.log
    Using incremental cache for n_bm.ts

      at AnalysisOptimizer.parseIncremental (src/performance/AnalysisOptimizer.ts:174:15)
          at Array.map (<anonymous>)

  console.log
    Using incremental cache for __4R_Bt__3FwF_G.java

      at AnalysisOptimizer.parseIncremental (src/performance/AnalysisOptimizer.ts:174:15)
          at Array.map (<anonymous>)

  console.log
    Using incremental cache for p4RAt_H_1o/_2_.java

      at AnalysisOptimizer.parseIncremental (src/performance/AnalysisOptimizer.ts:174:15)
          at Array.map (<anonymous>)

  console.log
    Using incremental cache for __2__Mp1Pv___k.ts

      at AnalysisOptimizer.parseIncremental (src/performance/AnalysisOptimizer.ts:174:15)
          at Array.map (<anonymous>)

  console.log
    Using incremental cache for 2_pN_N_/_tp40a__vpr_A_.ts

      at AnalysisOptimizer.parseIncremental (src/performance/AnalysisOptimizer.ts:174:15)
          at Array.map (<anonymous>)

  console.log
    Using incremental cache for AU_cq8O_/W_w7.java

      at AnalysisOptimizer.parseIncremental (src/performance/AnalysisOptimizer.ts:174:15)
          at Array.map (<anonymous>)

  console.log
    Using incremental cache for N__q_4Wdz/___.py

      at AnalysisOptimizer.parseIncremental (src/performance/AnalysisOptimizer.ts:174:15)
          at Array.map (<anonymous>)

  console.log
    Using incremental cache for _Fa___/__Tl.java

      at AnalysisOptimizer.parseIncremental (src/performance/AnalysisOptimizer.ts:174:15)
          at Array.map (<anonymous>)

  console.log
    Using incremental cache for __Il_UN_KNA1.py

      at AnalysisOptimizer.parseIncremental (src/performance/AnalysisOptimizer.ts:174:15)
          at Array.map (<anonymous>)

  console.log
    Using incremental cache for _m2w6gQ0e_U_e_3.go

      at AnalysisOptimizer.parseIncremental (src/performance/AnalysisOptimizer.ts:174:15)
          at Array.map (<anonymous>)

  console.log
    Using incremental cache for f_o3/_Q_nd___mX_U5G.go

      at AnalysisOptimizer.parseIncremental (src/performance/AnalysisOptimizer.ts:174:15)
          at Array.map (<anonymous>)

  console.log
    Using incremental cache for l8_/mrU_7.py

      at AnalysisOptimizer.parseIncremental (src/performance/AnalysisOptimizer.ts:174:15)
          at Array.map (<anonymous>)

  console.log
    Using incremental cache for xQo___.go

      at AnalysisOptimizer.parseIncremental (src/performance/AnalysisOptimizer.ts:174:15)
          at Array.map (<anonymous>)

  console.log
    Using incremental cache for __Kq______P.java

      at AnalysisOptimizer.parseIncremental (src/performance/AnalysisOptimizer.ts:174:15)
          at Array.map (<anonymous>)

  console.log
    Using incremental cache for ___B_/___G__3_Nn_0O_D.py

      at AnalysisOptimizer.parseIncremental (src/performance/AnalysisOptimizer.ts:174:15)
          at Array.map (<anonymous>)

  console.log
    Using incremental cache for _gu.go

      at AnalysisOptimizer.parseIncremental (src/performance/AnalysisOptimizer.ts:174:15)
          at Array.map (<anonymous>)

  console.log
    Using incremental cache for _z__D_.py

      at AnalysisOptimizer.parseIncremental (src/performance/AnalysisOptimizer.ts:174:15)
          at Array.map (<anonymous>)

  console.log
    Using incremental cache for kjw/GTWH__Q2.js

      at AnalysisOptimizer.parseIncremental (src/performance/AnalysisOptimizer.ts:174:15)
          at Array.map (<anonymous>)

  console.log
    Using incremental cache for w6x.go

      at AnalysisOptimizer.parseIncremental (src/performance/AnalysisOptimizer.ts:174:15)
          at Array.map (<anonymous>)

  console.log
    Using incremental cache for _u_z/__B_.ts

      at AnalysisOptimizer.parseIncremental (src/performance/AnalysisOptimizer.ts:174:15)
          at Array.map (<anonymous>)

  console.log
    Using incremental cache for sNEg_vi__Tsg__p.ts

      at AnalysisOptimizer.parseIncremental (src/performance/AnalysisOptimizer.ts:174:15)
          at Array.map (<anonymous>)

  console.log
    Using incremental cache for _WH_6l/E_rz__N.java

      at AnalysisOptimizer.parseIncremental (src/performance/AnalysisOptimizer.ts:174:15)
          at Array.map (<anonymous>)

  console.log
    Using incremental cache for l_Nxv2Fs/ZapHb2__lxHhcp_.py

      at AnalysisOptimizer.parseIncremental (src/performance/AnalysisOptimizer.ts:174:15)
          at Array.map (<anonymous>)

  console.log
    Using incremental cache for NV_.go

      at AnalysisOptimizer.parseIncremental (src/performance/AnalysisOptimizer.ts:174:15)
          at Array.map (<anonymous>)

  console.log
    Using incremental cache for _51_M9II.py

      at AnalysisOptimizer.parseIncremental (src/performance/AnalysisOptimizer.ts:174:15)
          at Array.map (<anonymous>)

  console.log
    Using incremental cache for __W/fn_egEW1w_M_M.ts

      at AnalysisOptimizer.parseIncremental (src/performance/AnalysisOptimizer.ts:174:15)
          at Array.map (<anonymous>)

  console.log
    Using incremental cache for ____xO/95___pY__AYKrxn.java

      at AnalysisOptimizer.parseIncremental (src/performance/AnalysisOptimizer.ts:174:15)
          at Array.map (<anonymous>)

  console.log
    Using incremental cache for ly___nK.ts

      at AnalysisOptimizer.parseIncremental (src/performance/AnalysisOptimizer.ts:174:15)
          at Array.map (<anonymous>)

  console.log
    Using incremental cache for p_tJFC__/_____h1KR_.ts

      at AnalysisOptimizer.parseIncremental (src/performance/AnalysisOptimizer.ts:174:15)
          at Array.map (<anonymous>)

  console.log
    Using incremental cache for Dwi____T____.py

      at AnalysisOptimizer.parseIncremental (src/performance/AnalysisOptimizer.ts:174:15)
          at Array.map (<anonymous>)

  console.log
    Using incremental cache for EnM__H___.java

      at AnalysisOptimizer.parseIncremental (src/performance/AnalysisOptimizer.ts:174:15)
          at Array.map (<anonymous>)

  console.log
    Using incremental cache for H_k__h__n_VWK.java

      at AnalysisOptimizer.parseIncremental (src/performance/AnalysisOptimizer.ts:174:15)
          at Array.map (<anonymous>)

  console.log
    Using incremental cache for _Rn_D36F_h/wtK7_c5_M.java

      at AnalysisOptimizer.parseIncremental (src/performance/AnalysisOptimizer.ts:174:15)
          at Array.map (<anonymous>)

  console.log
    Using incremental cache for __x_z_.java

      at AnalysisOptimizer.parseIncremental (src/performance/AnalysisOptimizer.ts:174:15)
          at Array.map (<anonymous>)

  console.log
    Using incremental cache for _i______/S_O.go

      at AnalysisOptimizer.parseIncremental (src/performance/AnalysisOptimizer.ts:174:15)
          at Array.map (<anonymous>)

  console.log
    Using incremental cache for c8X/S_8__3N.go

      at AnalysisOptimizer.parseIncremental (src/performance/AnalysisOptimizer.ts:174:15)
          at Array.map (<anonymous>)

  console.log
    Using incremental cache for n_LUtMukRPd.go

      at AnalysisOptimizer.parseIncremental (src/performance/AnalysisOptimizer.ts:174:15)
          at Array.map (<anonymous>)

  console.log
    Using incremental cache for sfOb_m_eb5_.go

      at AnalysisOptimizer.parseIncremental (src/performance/AnalysisOptimizer.ts:174:15)
          at Array.map (<anonymous>)

  console.log
    Using incremental cache for a__e0pk/__TMZ_e_JqT_t.ts

      at AnalysisOptimizer.parseIncremental (src/performance/AnalysisOptimizer.ts:174:15)
          at Array.map (<anonymous>)

  console.log
    Using incremental cache for rWP_e.py

      at AnalysisOptimizer.parseIncremental (src/performance/AnalysisOptimizer.ts:174:15)
          at Array.map (<anonymous>)

  console.log
    Using incremental cache for r___.py

      at AnalysisOptimizer.parseIncremental (src/performance/AnalysisOptimizer.ts:174:15)
          at Array.map (<anonymous>)

  console.log
    Using incremental cache for uN_3R_/constructor.ts

      at AnalysisOptimizer.parseIncremental (src/performance/AnalysisOptimizer.ts:174:15)
          at Array.map (<anonymous>)

  console.log
    Using incremental cache for egm_KclY2M2_.ts

      at AnalysisOptimizer.parseIncremental (src/performance/AnalysisOptimizer.ts:174:15)
          at Array.map (<anonymous>)

  console.log
    Using incremental cache for f_aE4_6_yD_EB.ts

      at AnalysisOptimizer.parseIncremental (src/performance/AnalysisOptimizer.ts:174:15)
          at Array.map (<anonymous>)

  console.log
    Using incremental cache for _T0nuCuD_p/__a_r_.ts

      at AnalysisOptimizer.parseIncremental (src/performance/AnalysisOptimizer.ts:174:15)
          at Array.map (<anonymous>)

  console.log
    Using incremental cache for ___Ds___e.py

      at AnalysisOptimizer.parseIncremental (src/performance/AnalysisOptimizer.ts:174:15)
          at Array.map (<anonymous>)

  console.log
    Using incremental cache for dmxzMX_xZm_.py

      at AnalysisOptimizer.parseIncremental (src/performance/AnalysisOptimizer.ts:174:15)
          at Array.map (<anonymous>)

  console.log
    Using incremental cache for name.py

      at AnalysisOptimizer.parseIncremental (src/performance/AnalysisOptimizer.ts:174:15)
          at Array.map (<anonymous>)

  console.log
    Using incremental cache for zy__z___n.ts

      at AnalysisOptimizer.parseIncremental (src/performance/AnalysisOptimizer.ts:174:15)
          at Array.map (<anonymous>)

  console.log
    ArchView extension deactivated

      at ExtensionController.deactivate (src/ExtensionController.ts:173:13)

  console.log
    Using incremental cache for E_k35F__8c/9nfdN2b0_z_.java

      at AnalysisOptimizer.parseIncremental (src/performance/AnalysisOptimizer.ts:174:15)
          at Array.map (<anonymous>)

  console.log
    Using incremental cache for UO_Q/_p4___i4SH.go

      at AnalysisOptimizer.parseIncremental (src/performance/AnalysisOptimizer.ts:174:15)
          at Array.map (<anonymous>)

  console.log
    Using incremental cache for __x_Izts_O_h6D.py

      at AnalysisOptimizer.parseIncremental (src/performance/AnalysisOptimizer.ts:174:15)
          at Array.map (<anonymous>)

  console.log
    Using incremental cache for apply/_mq_y__Ws___.py

      at AnalysisOptimizer.parseIncremental (src/performance/AnalysisOptimizer.ts:174:15)
          at Array.map (<anonymous>)

  console.log
    Worker threads are supported

      at AnalysisOptimizer.checkWorkerThreadSupport (src/performance/AnalysisOptimizer.ts:67:15)

  console.log
    Using incremental cache for ngtl.go

      at AnalysisOptimizer.parseIncremental (src/performance/AnalysisOptimizer.ts:174:15)
          at Array.map (<anonymous>)

  console.log
    Registered command: archview.generateDiagram

      at ExtensionController.registerCommands (src/ExtensionController.ts:198:15)

  console.log
    Registered command: archview.refreshDiagram

      at ExtensionController.registerCommands (src/ExtensionController.ts:198:15)

  console.log
    Registered command: archview.exportDiagram

      at ExtensionController.registerCommands (src/ExtensionController.ts:198:15)

  console.log
    Using incremental cache for vFL_Dmk_g_/con.go

      at AnalysisOptimizer.parseIncremental (src/performance/AnalysisOptimizer.ts:174:15)
          at Array.map (<anonymous>)

  console.log
    Configuration listener registered

      at ExtensionController.registerConfigurationListener (src/ExtensionController.ts:214:13)

  console.log
    
    ╔════════════════════════════════════════════════════════════╗
    ║  Welcome to ArchView - AI Architecture Diagrams           ║
    ╠════════════════════════════════════════════════════════════╣
    ║                                                            ║
    ║  Get started:                                              ║
    ║  1. Open a project folder                                  ║
    ║  2. Run command: "ArchView: Generate Diagram"              ║
    ║  3. Explore your architecture visually!                    ║
    ║                                                            ║
    ║  Features:                                                 ║
    ║  • AI-powered architecture analysis                        ║
    ║  • Interactive diagram navigation                          ║
    ║  • Multi-language support                                  ║
    ║  • Export to PNG/SVG                                       ║
    ║                                                            ║
    ╚════════════════════════════════════════════════════════════╝

      at ExtensionController.showWelcomeMessage (src/ExtensionController.ts:709:13)

  console.log
    State saved

      at ExtensionController.saveState (src/ExtensionController.ts:759:15)

  console.log
    ArchView extension activated

      at ExtensionController.activate (src/ExtensionController.ts:145:13)

  console.log
    Clearing all file highlights

      at FileHighlighter.applyDecorations (src/ui/FileHighlighter.ts:121:17)

  console.log
    Highlighting files: [
      "src/'icbZ_+d,2(bJLqRv.ts",
      "src/N2'h*+RvJqJMelgK.ts",
      'src/_x$h6N1x}Fci)]A,cjB.ts'
    ]

      at FileHighlighter.applyDecorations (src/ui/FileHighlighter.ts:119:17)

  console.log
    State saved

      at ExtensionController.saveState (src/ExtensionController.ts:759:15)

  console.log
    Clearing all file highlights

      at FileHighlighter.applyDecorations (src/ui/FileHighlighter.ts:121:17)

  console.log
    Using incremental cache for DTd_/Dx_vW_b59_x_bH.java

      at AnalysisOptimizer.parseIncremental (src/performance/AnalysisOptimizer.ts:174:15)
          at Array.map (<anonymous>)

  console.log
    Using incremental cache for M8_.go

      at AnalysisOptimizer.parseIncremental (src/performance/AnalysisOptimizer.ts:174:15)
          at Array.map (<anonymous>)

  console.log
    Using incremental cache for __9___L/__lFVu3_MZ__.ts

      at AnalysisOptimizer.parseIncremental (src/performance/AnalysisOptimizer.ts:174:15)
          at Array.map (<anonymous>)

  console.log
    Using incremental cache for __GKjwOHb2_R_.java

      at AnalysisOptimizer.parseIncremental (src/performance/AnalysisOptimizer.ts:174:15)
          at Array.map (<anonymous>)

  console.log
    Using incremental cache for i_YSc1_.java

      at AnalysisOptimizer.parseIncremental (src/performance/AnalysisOptimizer.ts:174:15)
          at Array.map (<anonymous>)

  console.log
    Using incremental cache for jI___H.go

      at AnalysisOptimizer.parseIncremental (src/performance/AnalysisOptimizer.ts:174:15)
          at Array.map (<anonymous>)

  console.log
    Using incremental cache for d_b___/Bz__z.py

      at AnalysisOptimizer.parseIncremental (src/performance/AnalysisOptimizer.ts:174:15)
          at Array.map (<anonymous>)

  console.log
    Using incremental cache for XK86__J0bcWmO.js

      at AnalysisOptimizer.parseIncremental (src/performance/AnalysisOptimizer.ts:174:15)
          at Array.map (<anonymous>)

  console.log
    Using incremental cache for V_v.js

      at AnalysisOptimizer.parseIncremental (src/performance/AnalysisOptimizer.ts:174:15)
          at Array.map (<anonymous>)

  console.log
    Using incremental cache for _8__.java

      at AnalysisOptimizer.parseIncremental (src/performance/AnalysisOptimizer.ts:174:15)
          at Array.map (<anonymous>)

  console.log
    Using incremental cache for _T__o__/__B.js

      at AnalysisOptimizer.parseIncremental (src/performance/AnalysisOptimizer.ts:174:15)
          at Array.map (<anonymous>)

  console.log
    Using incremental cache for _c__2/U_pb_q_Itx___Y.js

      at AnalysisOptimizer.parseIncremental (src/performance/AnalysisOptimizer.ts:174:15)
          at Array.map (<anonymous>)

  console.log
    Using incremental cache for u_BS.js

      at AnalysisOptimizer.parseIncremental (src/performance/AnalysisOptimizer.ts:174:15)
          at Array.map (<anonymous>)

  console.log
    Using incremental cache for gPw_dkxpl.py

      at AnalysisOptimizer.parseIncremental (src/performance/AnalysisOptimizer.ts:174:15)
          at Array.map (<anonymous>)

  console.log
    Using incremental cache for im_____/_BNf__.java

      at AnalysisOptimizer.parseIncremental (src/performance/AnalysisOptimizer.ts:174:15)
          at Array.map (<anonymous>)

  console.log
    Using incremental cache for y_tYX1__5m/MI_V_I__O_IHwd.go

      at AnalysisOptimizer.parseIncremental (src/performance/AnalysisOptimizer.ts:174:15)
          at Array.map (<anonymous>)

  console.log
    Using incremental cache for dM_bL.py

      at AnalysisOptimizer.parseIncremental (src/performance/AnalysisOptimizer.ts:174:15)
          at Array.map (<anonymous>)

  console.log
    Using incremental cache for i_w__c/FxqD7rE_V4C_Q.py

      at AnalysisOptimizer.parseIncremental (src/performance/AnalysisOptimizer.ts:174:15)
          at Array.map (<anonymous>)

  console.log
    Using incremental cache for uBuaLaj/__t.ts

      at AnalysisOptimizer.parseIncremental (src/performance/AnalysisOptimizer.ts:174:15)
          at Array.map (<anonymous>)

  console.log
    Using incremental cache for ME___Q/_6mOP__8d_.ts

      at AnalysisOptimizer.parseIncremental (src/performance/AnalysisOptimizer.ts:174:15)
          at Array.map (<anonymous>)

  console.log
    Using incremental cache for _8_u__5_M/hHG9_z6vl___7.go

      at AnalysisOptimizer.parseIncremental (src/performance/AnalysisOptimizer.ts:174:15)
          at Array.map (<anonymous>)

  console.log
    Using incremental cache for aQ1/f_3_m_TC.java

      at AnalysisOptimizer.parseIncremental (src/performance/AnalysisOptimizer.ts:174:15)
          at Array.map (<anonymous>)

  console.log
    Using incremental cache for brY_4O_y_.ts

      at AnalysisOptimizer.parseIncremental (src/performance/AnalysisOptimizer.ts:174:15)
          at Array.map (<anonymous>)

  console.log
    Using incremental cache for f_IY_d_/_gn__.js

      at AnalysisOptimizer.parseIncremental (src/performance/AnalysisOptimizer.ts:174:15)
          at Array.map (<anonymous>)

  console.log
    Using incremental cache for n__xTge_.py

      at AnalysisOptimizer.parseIncremental (src/performance/AnalysisOptimizer.ts:174:15)
          at Array.map (<anonymous>)

  console.log
    Using incremental cache for qcXs_.js

      at AnalysisOptimizer.parseIncremental (src/performance/AnalysisOptimizer.ts:174:15)
          at Array.map (<anonymous>)

  console.log
    Using incremental cache for qsbxL1__2.go

      at AnalysisOptimizer.parseIncremental (src/performance/AnalysisOptimizer.ts:174:15)
          at Array.map (<anonymous>)

  console.log
    ArchView extension deactivated

      at ExtensionController.deactivate (src/ExtensionController.ts:173:13)

  console.log
    Worker threads are supported

      at AnalysisOptimizer.checkWorkerThreadSupport (src/performance/AnalysisOptimizer.ts:67:15)

  console.log
    Registered command: archview.generateDiagram

      at ExtensionController.registerCommands (src/ExtensionController.ts:198:15)

  console.log
    Registered command: archview.refreshDiagram

      at ExtensionController.registerCommands (src/ExtensionController.ts:198:15)

  console.log
    Registered command: archview.exportDiagram

      at ExtensionController.registerCommands (src/ExtensionController.ts:198:15)

  console.log
    Configuration listener registered

      at ExtensionController.registerConfigurationListener (src/ExtensionController.ts:214:13)

  console.log
    
    ╔════════════════════════════════════════════════════════════╗
    ║  Welcome to ArchView - AI Architecture Diagrams           ║
    ╠════════════════════════════════════════════════════════════╣
    ║                                                            ║
    ║  Get started:                                              ║
    ║  1. Open a project folder                                  ║
    ║  2. Run command: "ArchView: Generate Diagram"              ║
    ║  3. Explore your architecture visually!                    ║
    ║                                                            ║
    ║  Features:                                                 ║
    ║  • AI-powered architecture analysis                        ║
    ║  • Interactive diagram navigation                          ║
    ║  • Multi-language support                                  ║
    ║  • Export to PNG/SVG                                       ║
    ║                                                            ║
    ╚════════════════════════════════════════════════════════════╝

      at ExtensionController.showWelcomeMessage (src/ExtensionController.ts:709:13)

  console.log
    State saved

      at ExtensionController.saveState (src/ExtensionController.ts:759:15)

  console.log
    ArchView extension activated

      at ExtensionController.activate (src/ExtensionController.ts:145:13)

  console.log
    Clearing all file highlights

      at FileHighlighter.applyDecorations (src/ui/FileHighlighter.ts:121:17)

  console.log
    Highlighting files: [ 'src/-2LX,5"$Z@(f;O}?|I,.ts' ]

      at FileHighlighter.applyDecorations (src/ui/FileHighlighter.ts:119:17)

  console.log
    State saved

      at ExtensionController.saveState (src/ExtensionController.ts:759:15)

  console.log
    Clearing all file highlights

      at FileHighlighter.applyDecorations (src/ui/FileHighlighter.ts:121:17)

  console.log
    ArchView extension deactivated

      at ExtensionController.deactivate (src/ExtensionController.ts:173:13)

  console.log
    Worker threads are supported

      at AnalysisOptimizer.checkWorkerThreadSupport (src/performance/AnalysisOptimizer.ts:67:15)

  console.log
    Registered command: archview.generateDiagram

      at ExtensionController.registerCommands (src/ExtensionController.ts:198:15)

  console.log
    Registered command: archview.refreshDiagram

      at ExtensionController.registerCommands (src/ExtensionController.ts:198:15)

  console.log
    Registered command: archview.exportDiagram

      at ExtensionController.registerCommands (src/ExtensionController.ts:198:15)

  console.log
    Configuration listener registered

      at ExtensionController.registerConfigurationListener (src/ExtensionController.ts:214:13)

  console.log
    
    ╔════════════════════════════════════════════════════════════╗
    ║  Welcome to ArchView - AI Architecture Diagrams           ║
    ╠════════════════════════════════════════════════════════════╣
    ║                                                            ║
    ║  Get started:                                              ║
    ║  1. Open a project folder                                  ║
    ║  2. Run command: "ArchView: Generate Diagram"              ║
    ║  3. Explore your architecture visually!                    ║
    ║                                                            ║
    ║  Features:                                                 ║
    ║  • AI-powered architecture analysis                        ║
    ║  • Interactive diagram navigation                          ║
    ║  • Multi-language support                                  ║
    ║  • Export to PNG/SVG                                       ║
    ║                                                            ║
    ╚════════════════════════════════════════════════════════════╝

      at ExtensionController.showWelcomeMessage (src/ExtensionController.ts:709:13)

  console.log
    State saved

      at ExtensionController.saveState (src/ExtensionController.ts:759:15)

  console.log
    ArchView extension activated

      at ExtensionController.activate (src/ExtensionController.ts:145:13)

  console.log
    Clearing all file highlights

      at FileHighlighter.applyDecorations (src/ui/FileHighlighter.ts:121:17)

  console.log
    Highlighting files: [ 'src/arguments.ts' ]

      at FileHighlighter.applyDecorations (src/ui/FileHighlighter.ts:119:17)

  console.log
    State saved

      at ExtensionController.saveState (src/ExtensionController.ts:759:15)

  console.log
    Clearing all file highlights

      at FileHighlighter.applyDecorations (src/ui/FileHighlighter.ts:121:17)

  console.log
    ArchView extension deactivated

      at ExtensionController.deactivate (src/ExtensionController.ts:173:13)

  console.log
    Worker threads are supported

      at AnalysisOptimizer.checkWorkerThreadSupport (src/performance/AnalysisOptimizer.ts:67:15)

  console.log
    Registered command: archview.generateDiagram

      at ExtensionController.registerCommands (src/ExtensionController.ts:198:15)

  console.log
    Registered command: archview.refreshDiagram

      at ExtensionController.registerCommands (src/ExtensionController.ts:198:15)

  console.log
    Registered command: archview.exportDiagram

      at ExtensionController.registerCommands (src/ExtensionController.ts:198:15)

  console.log
    Configuration listener registered

      at ExtensionController.registerConfigurationListener (src/ExtensionController.ts:214:13)

  console.log
    
    ╔════════════════════════════════════════════════════════════╗
    ║  Welcome to ArchView - AI Architecture Diagrams           ║
    ╠════════════════════════════════════════════════════════════╣
    ║                                                            ║
    ║  Get started:                                              ║
    ║  1. Open a project folder                                  ║
    ║  2. Run command: "ArchView: Generate Diagram"              ║
    ║  3. Explore your architecture visually!                    ║
    ║                                                            ║
    ║  Features:                                                 ║
    ║  • AI-powered architecture analysis                        ║
    ║  • Interactive diagram navigation                          ║
    ║  • Multi-language support                                  ║
    ║  • Export to PNG/SVG                                       ║
    ║                                                            ║
    ╚════════════════════════════════════════════════════════════╝

      at ExtensionController.showWelcomeMessage (src/ExtensionController.ts:709:13)

  console.log
    State saved

      at ExtensionController.saveState (src/ExtensionController.ts:759:15)

  console.log
    ArchView extension activated

      at ExtensionController.activate (src/ExtensionController.ts:145:13)

  console.log
    Clearing all file highlights

      at FileHighlighter.applyDecorations (src/ui/FileHighlighter.ts:121:17)

  console.log
    Highlighting files: [ 'src/NbB"\\Uw&m)Pq@A;;.ts' ]

      at FileHighlighter.applyDecorations (src/ui/FileHighlighter.ts:119:17)

  console.log
    State saved

      at ExtensionController.saveState (src/ExtensionController.ts:759:15)

  console.log
    Clearing all file highlights

      at FileHighlighter.applyDecorations (src/ui/FileHighlighter.ts:121:17)

  console.log
    ArchView extension deactivated

      at ExtensionController.deactivate (src/ExtensionController.ts:173:13)

  console.log
    Worker threads are supported

      at AnalysisOptimizer.checkWorkerThreadSupport (src/performance/AnalysisOptimizer.ts:67:15)

  console.log
    Registered command: archview.generateDiagram

      at ExtensionController.registerCommands (src/ExtensionController.ts:198:15)

  console.log
    Registered command: archview.refreshDiagram

      at ExtensionController.registerCommands (src/ExtensionController.ts:198:15)

  console.log
    Registered command: archview.exportDiagram

      at ExtensionController.registerCommands (src/ExtensionController.ts:198:15)

  console.log
    Configuration listener registered

      at ExtensionController.registerConfigurationListener (src/ExtensionController.ts:214:13)

  console.log
    
    ╔════════════════════════════════════════════════════════════╗
    ║  Welcome to ArchView - AI Architecture Diagrams           ║
    ╠════════════════════════════════════════════════════════════╣
    ║                                                            ║
    ║  Get started:                                              ║
    ║  1. Open a project folder                                  ║
    ║  2. Run command: "ArchView: Generate Diagram"              ║
    ║  3. Explore your architecture visually!                    ║
    ║                                                            ║
    ║  Features:                                                 ║
    ║  • AI-powered architecture analysis                        ║
    ║  • Interactive diagram navigation                          ║
    ║  • Multi-language support                                  ║
    ║  • Export to PNG/SVG                                       ║
    ║                                                            ║
    ╚════════════════════════════════════════════════════════════╝

      at ExtensionController.showWelcomeMessage (src/ExtensionController.ts:709:13)

  console.log
    State saved

      at ExtensionController.saveState (src/ExtensionController.ts:759:15)

  console.log
    ArchView extension activated

      at ExtensionController.activate (src/ExtensionController.ts:145:13)

  console.log
    Clearing all file highlights

      at FileHighlighter.applyDecorations (src/ui/FileHighlighter.ts:121:17)

  console.log
    Highlighting files: [ 'src/`4G)A.ts', 'src/LS|||SCAQ-}%+\\-J.ts' ]

      at FileHighlighter.applyDecorations (src/ui/FileHighlighter.ts:119:17)

  console.log
    State saved

      at ExtensionController.saveState (src/ExtensionController.ts:759:15)

  console.log
    Clearing all file highlights

      at FileHighlighter.applyDecorations (src/ui/FileHighlighter.ts:121:17)

  console.log
    ArchView extension deactivated

      at ExtensionController.deactivate (src/ExtensionController.ts:173:13)

  console.log
    Worker threads are supported

      at AnalysisOptimizer.checkWorkerThreadSupport (src/performance/AnalysisOptimizer.ts:67:15)

  console.log
    Registered command: archview.generateDiagram

      at ExtensionController.registerCommands (src/ExtensionController.ts:198:15)

  console.log
    Registered command: archview.refreshDiagram

      at ExtensionController.registerCommands (src/ExtensionController.ts:198:15)

  console.log
    Registered command: archview.exportDiagram

      at ExtensionController.registerCommands (src/ExtensionController.ts:198:15)

  console.log
    Configuration listener registered

      at ExtensionController.registerConfigurationListener (src/ExtensionController.ts:214:13)

  console.log
    
    ╔════════════════════════════════════════════════════════════╗
    ║  Welcome to ArchView - AI Architecture Diagrams           ║
    ╠════════════════════════════════════════════════════════════╣
    ║                                                            ║
    ║  Get started:                                              ║
    ║  1. Open a project folder                                  ║
    ║  2. Run command: "ArchView: Generate Diagram"              ║
    ║  3. Explore your architecture visually!                    ║
    ║                                                            ║
    ║  Features:                                                 ║
    ║  • AI-powered architecture analysis                        ║
    ║  • Interactive diagram navigation                          ║
    ║  • Multi-language support                                  ║
    ║  • Export to PNG/SVG                                       ║
    ║                                                            ║
    ╚════════════════════════════════════════════════════════════╝

      at ExtensionController.showWelcomeMessage (src/ExtensionController.ts:709:13)

  console.log
    State saved

      at ExtensionController.saveState (src/ExtensionController.ts:759:15)

  console.log
    ArchView extension activated

      at ExtensionController.activate (src/ExtensionController.ts:145:13)

  console.log
    Clearing all file highlights

      at FileHighlighter.applyDecorations (src/ui/FileHighlighter.ts:121:17)

  console.log
    Highlighting files: [ 'src/fP1+rt9&yR[[]Y)m.ts' ]

      at FileHighlighter.applyDecorations (src/ui/FileHighlighter.ts:119:17)

  console.log
    State saved

      at ExtensionController.saveState (src/ExtensionController.ts:759:15)

  console.log
    Clearing all file highlights

      at FileHighlighter.applyDecorations (src/ui/FileHighlighter.ts:121:17)

  console.log
    ArchView extension deactivated

      at ExtensionController.deactivate (src/ExtensionController.ts:173:13)

  console.log
    Worker threads are supported

      at AnalysisOptimizer.checkWorkerThreadSupport (src/performance/AnalysisOptimizer.ts:67:15)

  console.log
    Registered command: archview.generateDiagram

      at ExtensionController.registerCommands (src/ExtensionController.ts:198:15)

  console.log
    Registered command: archview.refreshDiagram

      at ExtensionController.registerCommands (src/ExtensionController.ts:198:15)

  console.log
    Registered command: archview.exportDiagram

      at ExtensionController.registerCommands (src/ExtensionController.ts:198:15)

  console.log
    Configuration listener registered

      at ExtensionController.registerConfigurationListener (src/ExtensionController.ts:214:13)

  console.log
    
    ╔════════════════════════════════════════════════════════════╗
    ║  Welcome to ArchView - AI Architecture Diagrams           ║
    ╠════════════════════════════════════════════════════════════╣
    ║                                                            ║
    ║  Get started:                                              ║
    ║  1. Open a project folder                                  ║
    ║  2. Run command: "ArchView: Generate Diagram"              ║
    ║  3. Explore your architecture visually!                    ║
    ║                                                            ║
    ║  Features:                                                 ║
    ║  • AI-powered architecture analysis                        ║
    ║  • Interactive diagram navigation                          ║
    ║  • Multi-language support                                  ║
    ║  • Export to PNG/SVG                                       ║
    ║                                                            ║
    ╚════════════════════════════════════════════════════════════╝

      at ExtensionController.showWelcomeMessage (src/ExtensionController.ts:709:13)

  console.log
    State saved

      at ExtensionController.saveState (src/ExtensionController.ts:759:15)

  console.log
    ArchView extension activated

      at ExtensionController.activate (src/ExtensionController.ts:145:13)

  console.log
    Clearing all file highlights

      at FileHighlighter.applyDecorations (src/ui/FileHighlighter.ts:121:17)

  console.log
    Highlighting files: [
      'src/x"GoFL7S1q-<_,CPVb*4.ts',
      'src/esUaTZW05E\\xZ.ts',
      'src/o~t-tU7@FWx}IwtxKG/.ts',
      'src/G]z/k}0*qc;}C~)W6D4.ts',
      'src/V3M)Ww4R.ts'
    ]

      at FileHighlighter.applyDecorations (src/ui/FileHighlighter.ts:119:17)

  console.log
    State saved

      at ExtensionController.saveState (src/ExtensionController.ts:759:15)

  console.log
    Clearing all file highlights

      at FileHighlighter.applyDecorations (src/ui/FileHighlighter.ts:121:17)

  console.log
    ArchView extension deactivated

      at ExtensionController.deactivate (src/ExtensionController.ts:173:13)

  console.log
    Worker threads are supported

      at AnalysisOptimizer.checkWorkerThreadSupport (src/performance/AnalysisOptimizer.ts:67:15)

  console.log
    Registered command: archview.generateDiagram

      at ExtensionController.registerCommands (src/ExtensionController.ts:198:15)

  console.log
    Registered command: archview.refreshDiagram

      at ExtensionController.registerCommands (src/ExtensionController.ts:198:15)

  console.log
    Registered command: archview.exportDiagram

      at ExtensionController.registerCommands (src/ExtensionController.ts:198:15)

  console.log
    Configuration listener registered

      at ExtensionController.registerConfigurationListener (src/ExtensionController.ts:214:13)

  console.log
    
    ╔════════════════════════════════════════════════════════════╗
    ║  Welcome to ArchView - AI Architecture Diagrams           ║
    ╠════════════════════════════════════════════════════════════╣
    ║                                                            ║
    ║  Get started:                                              ║
    ║  1. Open a project folder                                  ║
    ║  2. Run command: "ArchView: Generate Diagram"              ║
    ║  3. Explore your architecture visually!                    ║
    ║                                                            ║
    ║  Features:                                                 ║
    ║  • AI-powered architecture analysis                        ║
    ║  • Interactive diagram navigation                          ║
    ║  • Multi-language support                                  ║
    ║  • Export to PNG/SVG                                       ║
    ║                                                            ║
    ╚════════════════════════════════════════════════════════════╝

      at ExtensionController.showWelcomeMessage (src/ExtensionController.ts:709:13)

  console.log
    State saved

      at ExtensionController.saveState (src/ExtensionController.ts:759:15)

  console.log
    ArchView extension activated

      at ExtensionController.activate (src/ExtensionController.ts:145:13)

  console.log
    Clearing all file highlights

      at FileHighlighter.applyDecorations (src/ui/FileHighlighter.ts:121:17)

  console.log
    Highlighting files: [
      'src/Fsy2puhE2+&ATZ*dxm<;.ts',
      'src/;CCzjZ.ts',
      'src//cB1[Tp.ts',
      'src/i@J2(]69(/tXDT1[.ts',
      'src/G:H2,E_=.ts'
    ]

      at FileHighlighter.applyDecorations (src/ui/FileHighlighter.ts:119:17)

  console.log
    State saved

      at ExtensionController.saveState (src/ExtensionController.ts:759:15)

  console.log
    Clearing all file highlights

      at FileHighlighter.applyDecorations (src/ui/FileHighlighter.ts:121:17)

  console.log
    ArchView extension deactivated

      at ExtensionController.deactivate (src/ExtensionController.ts:173:13)

  console.log
    Worker threads are supported

      at AnalysisOptimizer.checkWorkerThreadSupport (src/performance/AnalysisOptimizer.ts:67:15)

  console.log
    Registered command: archview.generateDiagram

      at ExtensionController.registerCommands (src/ExtensionController.ts:198:15)

  console.log
    Registered command: archview.refreshDiagram

      at ExtensionController.registerCommands (src/ExtensionController.ts:198:15)

  console.log
    Registered command: archview.exportDiagram

      at ExtensionController.registerCommands (src/ExtensionController.ts:198:15)

  console.log
    Configuration listener registered

      at ExtensionController.registerConfigurationListener (src/ExtensionController.ts:214:13)

  console.log
    
    ╔════════════════════════════════════════════════════════════╗
    ║  Welcome to ArchView - AI Architecture Diagrams           ║
    ╠════════════════════════════════════════════════════════════╣
    ║                                                            ║
    ║  Get started:                                              ║
    ║  1. Open a project folder                                  ║
    ║  2. Run command: "ArchView: Generate Diagram"              ║
    ║  3. Explore your architecture visually!                    ║
    ║                                                            ║
    ║  Features:                                                 ║
    ║  • AI-powered architecture analysis                        ║
    ║  • Interactive diagram navigation                          ║
    ║  • Multi-language support                                  ║
    ║  • Export to PNG/SVG                                       ║
    ║                                                            ║
    ╚════════════════════════════════════════════════════════════╝

      at ExtensionController.showWelcomeMessage (src/ExtensionController.ts:709:13)

  console.log
    State saved

      at ExtensionController.saveState (src/ExtensionController.ts:759:15)

  console.log
    ArchView extension activated

      at ExtensionController.activate (src/ExtensionController.ts:145:13)

  console.log
    Clearing all file highlights

      at FileHighlighter.applyDecorations (src/ui/FileHighlighter.ts:121:17)

  console.log
    Highlighting files: [ 'src/wCNgil]F^FO.ts' ]

      at FileHighlighter.applyDecorations (src/ui/FileHighlighter.ts:119:17)

  console.log
    State saved

      at ExtensionController.saveState (src/ExtensionController.ts:759:15)

  console.log
    Clearing all file highlights

      at FileHighlighter.applyDecorations (src/ui/FileHighlighter.ts:121:17)

  console.log
    ArchView extension deactivated

      at ExtensionController.deactivate (src/ExtensionController.ts:173:13)

  console.log
    Worker threads are supported

      at AnalysisOptimizer.checkWorkerThreadSupport (src/performance/AnalysisOptimizer.ts:67:15)

  console.log
    Registered command: archview.generateDiagram

      at ExtensionController.registerCommands (src/ExtensionController.ts:198:15)

  console.log
    Registered command: archview.refreshDiagram

      at ExtensionController.registerCommands (src/ExtensionController.ts:198:15)

  console.log
    Registered command: archview.exportDiagram

      at ExtensionController.registerCommands (src/ExtensionController.ts:198:15)

  console.log
    Configuration listener registered

      at ExtensionController.registerConfigurationListener (src/ExtensionController.ts:214:13)

  console.log
    
    ╔════════════════════════════════════════════════════════════╗
    ║  Welcome to ArchView - AI Architecture Diagrams           ║
    ╠════════════════════════════════════════════════════════════╣
    ║                                                            ║
    ║  Get started:                                              ║
    ║  1. Open a project folder                                  ║
    ║  2. Run command: "ArchView: Generate Diagram"              ║
    ║  3. Explore your architecture visually!                    ║
    ║                                                            ║
    ║  Features:                                                 ║
    ║  • AI-powered architecture analysis                        ║
    ║  • Interactive diagram navigation                          ║
    ║  • Multi-language support                                  ║
    ║  • Export to PNG/SVG                                       ║
    ║                                                            ║
    ╚════════════════════════════════════════════════════════════╝

      at ExtensionController.showWelcomeMessage (src/ExtensionController.ts:709:13)

  console.log
    State saved

      at ExtensionController.saveState (src/ExtensionController.ts:759:15)

  console.log
    ArchView extension activated

      at ExtensionController.activate (src/ExtensionController.ts:145:13)

  console.log
    Clearing all file highlights

      at FileHighlighter.applyDecorations (src/ui/FileHighlighter.ts:121:17)

  console.log
    Highlighting files: [ 'src/VKia83\\uth).ts', 'src/y_$!q.ts', 'src/apply.ts' ]

      at FileHighlighter.applyDecorations (src/ui/FileHighlighter.ts:119:17)

  console.log
    State saved

      at ExtensionController.saveState (src/ExtensionController.ts:759:15)

  console.log
    Clearing all file highlights

      at FileHighlighter.applyDecorations (src/ui/FileHighlighter.ts:121:17)

  console.log
    ArchView extension deactivated

      at ExtensionController.deactivate (src/ExtensionController.ts:173:13)

  console.log
    Worker threads are supported

      at AnalysisOptimizer.checkWorkerThreadSupport (src/performance/AnalysisOptimizer.ts:67:15)

  console.log
    Registered command: archview.generateDiagram

      at ExtensionController.registerCommands (src/ExtensionController.ts:198:15)

  console.log
    Registered command: archview.refreshDiagram

      at ExtensionController.registerCommands (src/ExtensionController.ts:198:15)

  console.log
    Registered command: archview.exportDiagram

      at ExtensionController.registerCommands (src/ExtensionController.ts:198:15)

  console.log
    Configuration listener registered

      at ExtensionController.registerConfigurationListener (src/ExtensionController.ts:214:13)

  console.log
    
    ╔════════════════════════════════════════════════════════════╗
    ║  Welcome to ArchView - AI Architecture Diagrams           ║
    ╠════════════════════════════════════════════════════════════╣
    ║                                                            ║
    ║  Get started:                                              ║
    ║  1. Open a project folder                                  ║
    ║  2. Run command: "ArchView: Generate Diagram"              ║
    ║  3. Explore your architecture visually!                    ║
    ║                                                            ║
    ║  Features:                                                 ║
    ║  • AI-powered architecture analysis                        ║
    ║  • Interactive diagram navigation                          ║
    ║  • Multi-language support                                  ║
    ║  • Export to PNG/SVG                                       ║
    ║                                                            ║
    ╚════════════════════════════════════════════════════════════╝

      at ExtensionController.showWelcomeMessage (src/ExtensionController.ts:709:13)

  console.log
    State saved

      at ExtensionController.saveState (src/ExtensionController.ts:759:15)

  console.log
    ArchView extension activated

      at ExtensionController.activate (src/ExtensionController.ts:145:13)

  console.log
    Clearing all file highlights

      at FileHighlighter.applyDecorations (src/ui/FileHighlighter.ts:121:17)

  console.log
    Highlighting files: [
      "src/I?'.whO\\AIuk.ts",
      'src/le`\\3q0`.ts',
      'src/&rk)dY>i=hktG.ts',
      'src/GNu`+.ts',
      'src/ qO7,\\3>%Qif0iVI((].ts'
    ]

      at FileHighlighter.applyDecorations (src/ui/FileHighlighter.ts:119:17)

  console.log
    Clearing all file highlights

      at FileHighlighter.applyDecorations (src/ui/FileHighlighter.ts:121:17)

  console.log
    State saved

      at ExtensionController.saveState (src/ExtensionController.ts:759:15)

  console.log
    Clearing all file highlights

      at FileHighlighter.applyDecorations (src/ui/FileHighlighter.ts:121:17)

  console.log
    ArchView extension deactivated

      at ExtensionController.deactivate (src/ExtensionController.ts:173:13)

  console.log
    Worker threads are supported

      at AnalysisOptimizer.checkWorkerThreadSupport (src/performance/AnalysisOptimizer.ts:67:15)

  console.log
    Registered command: archview.generateDiagram

      at ExtensionController.registerCommands (src/ExtensionController.ts:198:15)

  console.log
    Registered command: archview.refreshDiagram

      at ExtensionController.registerCommands (src/ExtensionController.ts:198:15)

  console.log
    Registered command: archview.exportDiagram

      at ExtensionController.registerCommands (src/ExtensionController.ts:198:15)

  console.log
    Configuration listener registered

      at ExtensionController.registerConfigurationListener (src/ExtensionController.ts:214:13)

  console.log
    
    ╔════════════════════════════════════════════════════════════╗
    ║  Welcome to ArchView - AI Architecture Diagrams           ║
    ╠════════════════════════════════════════════════════════════╣
    ║                                                            ║
    ║  Get started:                                              ║
    ║  1. Open a project folder                                  ║
    ║  2. Run command: "ArchView: Generate Diagram"              ║
    ║  3. Explore your architecture visually!                    ║
    ║                                                            ║
    ║  Features:                                                 ║
    ║  • AI-powered architecture analysis                        ║
    ║  • Interactive diagram navigation                          ║
    ║  • Multi-language support                                  ║
    ║  • Export to PNG/SVG                                       ║
    ║                                                            ║
    ╚════════════════════════════════════════════════════════════╝

      at ExtensionController.showWelcomeMessage (src/ExtensionController.ts:709:13)

  console.log
    State saved

      at ExtensionController.saveState (src/ExtensionController.ts:759:15)

  console.log
    ArchView extension activated

      at ExtensionController.activate (src/ExtensionController.ts:145:13)

  console.log
    Clearing all file highlights

      at FileHighlighter.applyDecorations (src/ui/FileHighlighter.ts:121:17)

  console.log
    Highlighting files: [
      "src/eP'Dr5hy@aWbH.ts",
      'src/oaqQ>4dQ{i>F#{SJ.ts',
      'src/P[9EbMEuD9jyBb,b_.ts'
    ]

      at FileHighlighter.applyDecorations (src/ui/FileHighlighter.ts:119:17)

  console.log
    Clearing all file highlights

      at FileHighlighter.applyDecorations (src/ui/FileHighlighter.ts:121:17)

  console.log
    State saved

      at ExtensionController.saveState (src/ExtensionController.ts:759:15)

  console.log
    Clearing all file highlights

      at FileHighlighter.applyDecorations (src/ui/FileHighlighter.ts:121:17)

  console.log
    ArchView extension deactivated

      at ExtensionController.deactivate (src/ExtensionController.ts:173:13)

  console.log
    Worker threads are supported

      at AnalysisOptimizer.checkWorkerThreadSupport (src/performance/AnalysisOptimizer.ts:67:15)

  console.log
    Registered command: archview.generateDiagram

      at ExtensionController.registerCommands (src/ExtensionController.ts:198:15)

  console.log
    Registered command: archview.refreshDiagram

      at ExtensionController.registerCommands (src/ExtensionController.ts:198:15)

  console.log
    Registered command: archview.exportDiagram

      at ExtensionController.registerCommands (src/ExtensionController.ts:198:15)

  console.log
    Configuration listener registered

      at ExtensionController.registerConfigurationListener (src/ExtensionController.ts:214:13)

  console.log
    
    ╔════════════════════════════════════════════════════════════╗
    ║  Welcome to ArchView - AI Architecture Diagrams           ║
    ╠════════════════════════════════════════════════════════════╣
    ║                                                            ║
    ║  Get started:                                              ║
    ║  1. Open a project folder                                  ║
    ║  2. Run command: "ArchView: Generate Diagram"              ║
    ║  3. Explore your architecture visually!                    ║
    ║                                                            ║
    ║  Features:                                                 ║
    ║  • AI-powered architecture analysis                        ║
    ║  • Interactive diagram navigation                          ║
    ║  • Multi-language support                                  ║
    ║  • Export to PNG/SVG                                       ║
    ║                                                            ║
    ╚════════════════════════════════════════════════════════════╝

      at ExtensionController.showWelcomeMessage (src/ExtensionController.ts:709:13)

  console.log
    State saved

      at ExtensionController.saveState (src/ExtensionController.ts:759:15)

  console.log
    ArchView extension activated

      at ExtensionController.activate (src/ExtensionController.ts:145:13)

  console.log
    Clearing all file highlights

      at FileHighlighter.applyDecorations (src/ui/FileHighlighter.ts:121:17)

  console.log
    Highlighting files: [ 'src/7!3(SFie=D.2w .ts' ]

      at FileHighlighter.applyDecorations (src/ui/FileHighlighter.ts:119:17)

  console.log
    Clearing all file highlights

      at FileHighlighter.applyDecorations (src/ui/FileHighlighter.ts:121:17)

  console.log
    State saved

      at ExtensionController.saveState (src/ExtensionController.ts:759:15)

  console.log
    Clearing all file highlights

      at FileHighlighter.applyDecorations (src/ui/FileHighlighter.ts:121:17)

  console.log
    ArchView extension deactivated

      at ExtensionController.deactivate (src/ExtensionController.ts:173:13)

  console.log
    Worker threads are supported

      at AnalysisOptimizer.checkWorkerThreadSupport (src/performance/AnalysisOptimizer.ts:67:15)

  console.log
    Registered command: archview.generateDiagram

      at ExtensionController.registerCommands (src/ExtensionController.ts:198:15)

  console.log
    Registered command: archview.refreshDiagram

      at ExtensionController.registerCommands (src/ExtensionController.ts:198:15)

  console.log
    Registered command: archview.exportDiagram

      at ExtensionController.registerCommands (src/ExtensionController.ts:198:15)

  console.log
    Configuration listener registered

      at ExtensionController.registerConfigurationListener (src/ExtensionController.ts:214:13)

  console.log
    
    ╔════════════════════════════════════════════════════════════╗
    ║  Welcome to ArchView - AI Architecture Diagrams           ║
    ╠════════════════════════════════════════════════════════════╣
    ║                                                            ║
    ║  Get started:                                              ║
    ║  1. Open a project folder                                  ║
    ║  2. Run command: "ArchView: Generate Diagram"              ║
    ║  3. Explore your architecture visually!                    ║
    ║                                                            ║
    ║  Features:                                                 ║
    ║  • AI-powered architecture analysis                        ║
    ║  • Interactive diagram navigation                          ║
    ║  • Multi-language support                                  ║
    ║  • Export to PNG/SVG                                       ║
    ║                                                            ║
    ╚════════════════════════════════════════════════════════════╝

      at ExtensionController.showWelcomeMessage (src/ExtensionController.ts:709:13)

  console.log
    State saved

      at ExtensionController.saveState (src/ExtensionController.ts:759:15)

  console.log
    ArchView extension activated

      at ExtensionController.activate (src/ExtensionController.ts:145:13)

  console.log
    Clearing all file highlights

      at FileHighlighter.applyDecorations (src/ui/FileHighlighter.ts:121:17)

  console.log
    Highlighting files: [ 'src/J(#3`HQzA&+.ts', 'src/vM)/`K8z=ZG.ts', "src/'!,`1NwG4Ak.ts" ]

      at FileHighlighter.applyDecorations (src/ui/FileHighlighter.ts:119:17)

  console.log
    Clearing all file highlights

      at FileHighlighter.applyDecorations (src/ui/FileHighlighter.ts:121:17)

  console.log
    State saved

      at ExtensionController.saveState (src/ExtensionController.ts:759:15)

  console.log
    Clearing all file highlights

      at FileHighlighter.applyDecorations (src/ui/FileHighlighter.ts:121:17)

  console.log
    ArchView extension deactivated

      at ExtensionController.deactivate (src/ExtensionController.ts:173:13)

  console.log
    Worker threads are supported

      at AnalysisOptimizer.checkWorkerThreadSupport (src/performance/AnalysisOptimizer.ts:67:15)

  console.log
    Registered command: archview.generateDiagram

      at ExtensionController.registerCommands (src/ExtensionController.ts:198:15)

  console.log
    Registered command: archview.refreshDiagram

      at ExtensionController.registerCommands (src/ExtensionController.ts:198:15)

  console.log
    Registered command: archview.exportDiagram

      at ExtensionController.registerCommands (src/ExtensionController.ts:198:15)

  console.log
    Configuration listener registered

      at ExtensionController.registerConfigurationListener (src/ExtensionController.ts:214:13)

  console.log
    
    ╔════════════════════════════════════════════════════════════╗
    ║  Welcome to ArchView - AI Architecture Diagrams           ║
    ╠════════════════════════════════════════════════════════════╣
    ║                                                            ║
    ║  Get started:                                              ║
    ║  1. Open a project folder                                  ║
    ║  2. Run command: "ArchView: Generate Diagram"              ║
    ║  3. Explore your architecture visually!                    ║
    ║                                                            ║
    ║  Features:                                                 ║
    ║  • AI-powered architecture analysis                        ║
    ║  • Interactive diagram navigation                          ║
    ║  • Multi-language support                                  ║
    ║  • Export to PNG/SVG                                       ║
    ║                                                            ║
    ╚════════════════════════════════════════════════════════════╝

      at ExtensionController.showWelcomeMessage (src/ExtensionController.ts:709:13)

  console.log
    State saved

      at ExtensionController.saveState (src/ExtensionController.ts:759:15)

  console.log
    ArchView extension activated

      at ExtensionController.activate (src/ExtensionController.ts:145:13)

  console.log
    Clearing all file highlights

      at FileHighlighter.applyDecorations (src/ui/FileHighlighter.ts:121:17)

  console.log
    Highlighting files: [
      'src/eJlnSez|Kzwm.ts',
      'src/[o71j$&PY"l,=,uY|3.ts',
      'src/Bn[s7X0$E>DQ.ts',
      'src/l~)E%Kyqq$c[P `k.ts',
      'src/`3"W/~d*6H%.ts'
    ]

      at FileHighlighter.applyDecorations (src/ui/FileHighlighter.ts:119:17)

  console.log
    Clearing all file highlights

      at FileHighlighter.applyDecorations (src/ui/FileHighlighter.ts:121:17)

  console.log
    State saved

      at ExtensionController.saveState (src/ExtensionController.ts:759:15)

  console.log
    Clearing all file highlights

      at FileHighlighter.applyDecorations (src/ui/FileHighlighter.ts:121:17)

  console.log
    ArchView extension deactivated

      at ExtensionController.deactivate (src/ExtensionController.ts:173:13)

